ARM GAS  C:\Users\ALEXAN~1\AppData\Local\Temp\ccAim54o.s 			page 1


   1              		.cpu cortex-m0
   2              		.fpu softvfp
   3              		.eabi_attribute 20, 1
   4              		.eabi_attribute 21, 1
   5              		.eabi_attribute 23, 3
   6              		.eabi_attribute 24, 1
   7              		.eabi_attribute 25, 1
   8              		.eabi_attribute 26, 1
   9              		.eabi_attribute 30, 6
  10              		.eabi_attribute 34, 0
  11              		.eabi_attribute 18, 4
  12              		.code	16
  13              		.file	"I2C_1_I2C.c"
  14              		.text
  15              	.Ltext0:
  16              		.cfi_sections	.debug_frame
  17              		.comm	I2C_1_state,1,1
  18              		.section	.text.I2C_1_I2CInit,"ax",%progbits
  19              		.align	2
  20              		.global	I2C_1_I2CInit
  21              		.code	16
  22              		.thumb_func
  23              		.type	I2C_1_I2CInit, %function
  24              	I2C_1_I2CInit:
  25              	.LFB0:
  26              		.file 1 ".\\Generated_Source\\PSoC4\\I2C_1_I2C.c"
   1:.\Generated_Source\PSoC4/I2C_1_I2C.c **** /*******************************************************************************
   2:.\Generated_Source\PSoC4/I2C_1_I2C.c **** * File Name: I2C_1_I2C.c
   3:.\Generated_Source\PSoC4/I2C_1_I2C.c **** * Version 1.20
   4:.\Generated_Source\PSoC4/I2C_1_I2C.c **** *
   5:.\Generated_Source\PSoC4/I2C_1_I2C.c **** * Description:
   6:.\Generated_Source\PSoC4/I2C_1_I2C.c **** *  This file provides the source code to the API for the SCB Component in
   7:.\Generated_Source\PSoC4/I2C_1_I2C.c **** *  I2C mode.
   8:.\Generated_Source\PSoC4/I2C_1_I2C.c **** *
   9:.\Generated_Source\PSoC4/I2C_1_I2C.c **** * Note:
  10:.\Generated_Source\PSoC4/I2C_1_I2C.c **** *
  11:.\Generated_Source\PSoC4/I2C_1_I2C.c **** *******************************************************************************
  12:.\Generated_Source\PSoC4/I2C_1_I2C.c **** * Copyright 2013-2014, Cypress Semiconductor Corporation.  All rights reserved.
  13:.\Generated_Source\PSoC4/I2C_1_I2C.c **** * You may use this file only in accordance with the license, terms, conditions,
  14:.\Generated_Source\PSoC4/I2C_1_I2C.c **** * disclaimers, and limitations in the end user license agreement accompanying
  15:.\Generated_Source\PSoC4/I2C_1_I2C.c **** * the software package with which this file was provided.
  16:.\Generated_Source\PSoC4/I2C_1_I2C.c **** *******************************************************************************/
  17:.\Generated_Source\PSoC4/I2C_1_I2C.c **** 
  18:.\Generated_Source\PSoC4/I2C_1_I2C.c **** #include "I2C_1_PVT.h"
  19:.\Generated_Source\PSoC4/I2C_1_I2C.c **** #include "I2C_1_I2C_PVT.h"
  20:.\Generated_Source\PSoC4/I2C_1_I2C.c **** 
  21:.\Generated_Source\PSoC4/I2C_1_I2C.c **** 
  22:.\Generated_Source\PSoC4/I2C_1_I2C.c **** /***************************************
  23:.\Generated_Source\PSoC4/I2C_1_I2C.c **** *      I2C Private Vars
  24:.\Generated_Source\PSoC4/I2C_1_I2C.c **** ***************************************/
  25:.\Generated_Source\PSoC4/I2C_1_I2C.c **** 
  26:.\Generated_Source\PSoC4/I2C_1_I2C.c **** volatile uint8 I2C_1_state;  /* Current state of I2C FSM */
  27:.\Generated_Source\PSoC4/I2C_1_I2C.c **** 
  28:.\Generated_Source\PSoC4/I2C_1_I2C.c **** 
  29:.\Generated_Source\PSoC4/I2C_1_I2C.c **** #if(I2C_1_SCB_MODE_UNCONFIG_CONST_CFG)
  30:.\Generated_Source\PSoC4/I2C_1_I2C.c **** 
  31:.\Generated_Source\PSoC4/I2C_1_I2C.c ****     /***************************************
ARM GAS  C:\Users\ALEXAN~1\AppData\Local\Temp\ccAim54o.s 			page 2


  32:.\Generated_Source\PSoC4/I2C_1_I2C.c ****     *  Config Structure Initialization
  33:.\Generated_Source\PSoC4/I2C_1_I2C.c ****     ***************************************/
  34:.\Generated_Source\PSoC4/I2C_1_I2C.c **** 
  35:.\Generated_Source\PSoC4/I2C_1_I2C.c ****     /* Constant configuration of I2C */
  36:.\Generated_Source\PSoC4/I2C_1_I2C.c ****     const I2C_1_I2C_INIT_STRUCT I2C_1_configI2C =
  37:.\Generated_Source\PSoC4/I2C_1_I2C.c ****     {
  38:.\Generated_Source\PSoC4/I2C_1_I2C.c ****         I2C_1_I2C_MODE,
  39:.\Generated_Source\PSoC4/I2C_1_I2C.c ****         I2C_1_I2C_OVS_FACTOR_LOW,
  40:.\Generated_Source\PSoC4/I2C_1_I2C.c ****         I2C_1_I2C_OVS_FACTOR_HIGH,
  41:.\Generated_Source\PSoC4/I2C_1_I2C.c ****         I2C_1_I2C_MEDIAN_FILTER_ENABLE,
  42:.\Generated_Source\PSoC4/I2C_1_I2C.c ****         I2C_1_I2C_SLAVE_ADDRESS,
  43:.\Generated_Source\PSoC4/I2C_1_I2C.c ****         I2C_1_I2C_SLAVE_ADDRESS_MASK,
  44:.\Generated_Source\PSoC4/I2C_1_I2C.c ****         I2C_1_I2C_ACCEPT_ADDRESS,
  45:.\Generated_Source\PSoC4/I2C_1_I2C.c ****         I2C_1_I2C_WAKE_ENABLE
  46:.\Generated_Source\PSoC4/I2C_1_I2C.c ****     };
  47:.\Generated_Source\PSoC4/I2C_1_I2C.c **** 
  48:.\Generated_Source\PSoC4/I2C_1_I2C.c ****     /*******************************************************************************
  49:.\Generated_Source\PSoC4/I2C_1_I2C.c ****     * Function Name: I2C_1_I2CInit
  50:.\Generated_Source\PSoC4/I2C_1_I2C.c ****     ********************************************************************************
  51:.\Generated_Source\PSoC4/I2C_1_I2C.c ****     *
  52:.\Generated_Source\PSoC4/I2C_1_I2C.c ****     * Summary:
  53:.\Generated_Source\PSoC4/I2C_1_I2C.c ****     *  Configures the SCB for I2C operation.
  54:.\Generated_Source\PSoC4/I2C_1_I2C.c ****     *
  55:.\Generated_Source\PSoC4/I2C_1_I2C.c ****     * Parameters:
  56:.\Generated_Source\PSoC4/I2C_1_I2C.c ****     *  config:  Pointer to a structure that contains the following ordered list of
  57:.\Generated_Source\PSoC4/I2C_1_I2C.c ****     *           fields. These fields match the selections available in the
  58:.\Generated_Source\PSoC4/I2C_1_I2C.c ****     *           customizer.
  59:.\Generated_Source\PSoC4/I2C_1_I2C.c ****     *
  60:.\Generated_Source\PSoC4/I2C_1_I2C.c ****     * Return:
  61:.\Generated_Source\PSoC4/I2C_1_I2C.c ****     *  None
  62:.\Generated_Source\PSoC4/I2C_1_I2C.c ****     *
  63:.\Generated_Source\PSoC4/I2C_1_I2C.c ****     *******************************************************************************/
  64:.\Generated_Source\PSoC4/I2C_1_I2C.c ****     void I2C_1_I2CInit(const I2C_1_I2C_INIT_STRUCT *config)
  65:.\Generated_Source\PSoC4/I2C_1_I2C.c ****     {
  66:.\Generated_Source\PSoC4/I2C_1_I2C.c ****         if(NULL == config)
  67:.\Generated_Source\PSoC4/I2C_1_I2C.c ****         {
  68:.\Generated_Source\PSoC4/I2C_1_I2C.c ****             CYASSERT(0u != 0u); /* Halt execution due bad function parameter */
  69:.\Generated_Source\PSoC4/I2C_1_I2C.c ****         }
  70:.\Generated_Source\PSoC4/I2C_1_I2C.c ****         else
  71:.\Generated_Source\PSoC4/I2C_1_I2C.c ****         {
  72:.\Generated_Source\PSoC4/I2C_1_I2C.c ****             /* Configure pins */
  73:.\Generated_Source\PSoC4/I2C_1_I2C.c ****             I2C_1_SetPins(I2C_1_SCB_MODE_I2C, I2C_1_DUMMY_PARAM,
  74:.\Generated_Source\PSoC4/I2C_1_I2C.c ****                                                                     I2C_1_DUMMY_PARAM);
  75:.\Generated_Source\PSoC4/I2C_1_I2C.c **** 
  76:.\Generated_Source\PSoC4/I2C_1_I2C.c ****             /* Store internal configuration */
  77:.\Generated_Source\PSoC4/I2C_1_I2C.c ****             I2C_1_scbMode       = (uint8) I2C_1_SCB_MODE_I2C;
  78:.\Generated_Source\PSoC4/I2C_1_I2C.c ****             I2C_1_scbEnableWake = (uint8) config->enableWake;
  79:.\Generated_Source\PSoC4/I2C_1_I2C.c ****             I2C_1_scbEnableIntr = (uint8) I2C_1_SCB_IRQ_INTERNAL;
  80:.\Generated_Source\PSoC4/I2C_1_I2C.c **** 
  81:.\Generated_Source\PSoC4/I2C_1_I2C.c ****             I2C_1_mode          = (uint8) config->mode;
  82:.\Generated_Source\PSoC4/I2C_1_I2C.c ****             I2C_1_acceptAddr    = (uint8) config->acceptAddr;
  83:.\Generated_Source\PSoC4/I2C_1_I2C.c **** 
  84:.\Generated_Source\PSoC4/I2C_1_I2C.c ****             /* Configure I2C interface */
  85:.\Generated_Source\PSoC4/I2C_1_I2C.c ****             I2C_1_CTRL_REG     = I2C_1_GET_CTRL_ADDR_ACCEPT(config->acceptAddr) |
  86:.\Generated_Source\PSoC4/I2C_1_I2C.c ****                                             I2C_1_GET_CTRL_EC_AM_MODE (config->enableWake);
  87:.\Generated_Source\PSoC4/I2C_1_I2C.c **** 
  88:.\Generated_Source\PSoC4/I2C_1_I2C.c ****             I2C_1_I2C_CTRL_REG = I2C_1_GET_I2C_CTRL_HIGH_PHASE_OVS(config->oversampleHigh) |
ARM GAS  C:\Users\ALEXAN~1\AppData\Local\Temp\ccAim54o.s 			page 3


  89:.\Generated_Source\PSoC4/I2C_1_I2C.c ****                                             I2C_1_GET_I2C_CTRL_LOW_PHASE_OVS (config->oversampleLow
  90:.\Generated_Source\PSoC4/I2C_1_I2C.c ****                                             I2C_1_GET_I2C_CTRL_SL_MSTR_MODE  (config->mode)        
  91:.\Generated_Source\PSoC4/I2C_1_I2C.c ****                                             I2C_1_I2C_CTRL;
  92:.\Generated_Source\PSoC4/I2C_1_I2C.c **** 
  93:.\Generated_Source\PSoC4/I2C_1_I2C.c ****         #if(I2C_1_CY_SCBIP_V0)
  94:.\Generated_Source\PSoC4/I2C_1_I2C.c ****             /* Adjust SDA filter settings. Ticket ID#150521 */
  95:.\Generated_Source\PSoC4/I2C_1_I2C.c ****             I2C_1_SET_I2C_CFG_SDA_FILT_TRIM(I2C_1_EC_AM_I2C_CFG_SDA_FILT_TRIM);
  96:.\Generated_Source\PSoC4/I2C_1_I2C.c ****         #endif /* (I2C_1_CY_SCBIP_V0) */
  97:.\Generated_Source\PSoC4/I2C_1_I2C.c **** 
  98:.\Generated_Source\PSoC4/I2C_1_I2C.c ****             /* Configure RX direction */
  99:.\Generated_Source\PSoC4/I2C_1_I2C.c ****             I2C_1_RX_CTRL_REG      = I2C_1_GET_RX_CTRL_MEDIAN(config->enableMedianFilter) |
 100:.\Generated_Source\PSoC4/I2C_1_I2C.c ****                                                 I2C_1_I2C_RX_CTRL;
 101:.\Generated_Source\PSoC4/I2C_1_I2C.c ****             I2C_1_RX_FIFO_CTRL_REG = I2C_1_CLEAR_REG;
 102:.\Generated_Source\PSoC4/I2C_1_I2C.c **** 
 103:.\Generated_Source\PSoC4/I2C_1_I2C.c ****             /* Set default address and mask */
 104:.\Generated_Source\PSoC4/I2C_1_I2C.c ****             I2C_1_RX_MATCH_REG    = ((I2C_1_I2C_SLAVE) ?
 105:.\Generated_Source\PSoC4/I2C_1_I2C.c ****                                                 (I2C_1_GET_I2C_8BIT_ADDRESS(config->slaveAddr) |
 106:.\Generated_Source\PSoC4/I2C_1_I2C.c ****                                                  I2C_1_GET_RX_MATCH_MASK(config->slaveAddrMask)) :
 107:.\Generated_Source\PSoC4/I2C_1_I2C.c ****                                                 (I2C_1_CLEAR_REG));
 108:.\Generated_Source\PSoC4/I2C_1_I2C.c **** 
 109:.\Generated_Source\PSoC4/I2C_1_I2C.c **** 
 110:.\Generated_Source\PSoC4/I2C_1_I2C.c ****             /* Configure TX direction */
 111:.\Generated_Source\PSoC4/I2C_1_I2C.c ****             I2C_1_TX_CTRL_REG      = I2C_1_I2C_TX_CTRL;
 112:.\Generated_Source\PSoC4/I2C_1_I2C.c ****             I2C_1_TX_FIFO_CTRL_REG = I2C_1_CLEAR_REG;
 113:.\Generated_Source\PSoC4/I2C_1_I2C.c **** 
 114:.\Generated_Source\PSoC4/I2C_1_I2C.c ****             /* Configure interrupt with I2C handler but do not enable it */
 115:.\Generated_Source\PSoC4/I2C_1_I2C.c ****             CyIntDisable    (I2C_1_ISR_NUMBER);
 116:.\Generated_Source\PSoC4/I2C_1_I2C.c ****             CyIntSetPriority(I2C_1_ISR_NUMBER, I2C_1_ISR_PRIORITY);
 117:.\Generated_Source\PSoC4/I2C_1_I2C.c ****             (void) CyIntSetVector(I2C_1_ISR_NUMBER, &I2C_1_I2C_ISR);
 118:.\Generated_Source\PSoC4/I2C_1_I2C.c **** 
 119:.\Generated_Source\PSoC4/I2C_1_I2C.c ****             /* Configure interrupt sources */
 120:.\Generated_Source\PSoC4/I2C_1_I2C.c ****         #if(!I2C_1_CY_SCBIP_V1_I2C_ONLY)
 121:.\Generated_Source\PSoC4/I2C_1_I2C.c ****             I2C_1_INTR_SPI_EC_MASK_REG = I2C_1_NO_INTR_SOURCES;
 122:.\Generated_Source\PSoC4/I2C_1_I2C.c ****         #endif /* (!I2C_1_CY_SCBIP_V1_I2C_ONLY) */
 123:.\Generated_Source\PSoC4/I2C_1_I2C.c **** 
 124:.\Generated_Source\PSoC4/I2C_1_I2C.c ****             I2C_1_INTR_I2C_EC_MASK_REG = I2C_1_NO_INTR_SOURCES;
 125:.\Generated_Source\PSoC4/I2C_1_I2C.c ****             I2C_1_INTR_RX_MASK_REG     = I2C_1_NO_INTR_SOURCES;
 126:.\Generated_Source\PSoC4/I2C_1_I2C.c ****             I2C_1_INTR_TX_MASK_REG     = I2C_1_NO_INTR_SOURCES;
 127:.\Generated_Source\PSoC4/I2C_1_I2C.c **** 
 128:.\Generated_Source\PSoC4/I2C_1_I2C.c ****             I2C_1_INTR_SLAVE_MASK_REG  = ((I2C_1_I2C_SLAVE) ?
 129:.\Generated_Source\PSoC4/I2C_1_I2C.c ****                                                      (I2C_1_I2C_INTR_SLAVE_MASK) :
 130:.\Generated_Source\PSoC4/I2C_1_I2C.c ****                                                      (I2C_1_CLEAR_REG));
 131:.\Generated_Source\PSoC4/I2C_1_I2C.c **** 
 132:.\Generated_Source\PSoC4/I2C_1_I2C.c ****             I2C_1_INTR_MASTER_MASK_REG = ((I2C_1_I2C_MASTER) ?
 133:.\Generated_Source\PSoC4/I2C_1_I2C.c ****                                                      (I2C_1_I2C_INTR_MASTER_MASK) :
 134:.\Generated_Source\PSoC4/I2C_1_I2C.c ****                                                      (I2C_1_CLEAR_REG));
 135:.\Generated_Source\PSoC4/I2C_1_I2C.c **** 
 136:.\Generated_Source\PSoC4/I2C_1_I2C.c ****             /* Configure global variables */
 137:.\Generated_Source\PSoC4/I2C_1_I2C.c ****             I2C_1_state = I2C_1_I2C_FSM_IDLE;
 138:.\Generated_Source\PSoC4/I2C_1_I2C.c **** 
 139:.\Generated_Source\PSoC4/I2C_1_I2C.c ****             /* Internal slave variables */
 140:.\Generated_Source\PSoC4/I2C_1_I2C.c ****             I2C_1_slStatus        = 0u;
 141:.\Generated_Source\PSoC4/I2C_1_I2C.c ****             I2C_1_slRdBufIndex    = 0u;
 142:.\Generated_Source\PSoC4/I2C_1_I2C.c ****             I2C_1_slWrBufIndex    = 0u;
 143:.\Generated_Source\PSoC4/I2C_1_I2C.c ****             I2C_1_slOverFlowCount = 0u;
 144:.\Generated_Source\PSoC4/I2C_1_I2C.c **** 
 145:.\Generated_Source\PSoC4/I2C_1_I2C.c ****             /* Internal master variables */
ARM GAS  C:\Users\ALEXAN~1\AppData\Local\Temp\ccAim54o.s 			page 4


 146:.\Generated_Source\PSoC4/I2C_1_I2C.c ****             I2C_1_mstrStatus     = 0u;
 147:.\Generated_Source\PSoC4/I2C_1_I2C.c ****             I2C_1_mstrRdBufIndex = 0u;
 148:.\Generated_Source\PSoC4/I2C_1_I2C.c ****             I2C_1_mstrWrBufIndex = 0u;
 149:.\Generated_Source\PSoC4/I2C_1_I2C.c ****         }
 150:.\Generated_Source\PSoC4/I2C_1_I2C.c ****     }
 151:.\Generated_Source\PSoC4/I2C_1_I2C.c **** 
 152:.\Generated_Source\PSoC4/I2C_1_I2C.c **** #else
 153:.\Generated_Source\PSoC4/I2C_1_I2C.c **** 
 154:.\Generated_Source\PSoC4/I2C_1_I2C.c ****     /*******************************************************************************
 155:.\Generated_Source\PSoC4/I2C_1_I2C.c ****     * Function Name: I2C_1_I2CInit
 156:.\Generated_Source\PSoC4/I2C_1_I2C.c ****     ********************************************************************************
 157:.\Generated_Source\PSoC4/I2C_1_I2C.c ****     *
 158:.\Generated_Source\PSoC4/I2C_1_I2C.c ****     * Summary:
 159:.\Generated_Source\PSoC4/I2C_1_I2C.c ****     *  Configures the SCB for the I2C operation.
 160:.\Generated_Source\PSoC4/I2C_1_I2C.c ****     *
 161:.\Generated_Source\PSoC4/I2C_1_I2C.c ****     * Parameters:
 162:.\Generated_Source\PSoC4/I2C_1_I2C.c ****     *  None
 163:.\Generated_Source\PSoC4/I2C_1_I2C.c ****     *
 164:.\Generated_Source\PSoC4/I2C_1_I2C.c ****     * Return:
 165:.\Generated_Source\PSoC4/I2C_1_I2C.c ****     *  None
 166:.\Generated_Source\PSoC4/I2C_1_I2C.c ****     *
 167:.\Generated_Source\PSoC4/I2C_1_I2C.c ****     *******************************************************************************/
 168:.\Generated_Source\PSoC4/I2C_1_I2C.c ****     void I2C_1_I2CInit(void)
 169:.\Generated_Source\PSoC4/I2C_1_I2C.c ****     {
  27              		.loc 1 169 0
  28              		.cfi_startproc
  29 0000 80B5     		push	{r7, lr}
  30              	.LCFI0:
  31              		.cfi_def_cfa_offset 8
  32              		.cfi_offset 7, -8
  33              		.cfi_offset 14, -4
  34 0002 00AF     		add	r7, sp, #0
  35              	.LCFI1:
  36              		.cfi_def_cfa_register 7
 170:.\Generated_Source\PSoC4/I2C_1_I2C.c ****         /* Configure I2C interface */
 171:.\Generated_Source\PSoC4/I2C_1_I2C.c ****         I2C_1_CTRL_REG     = I2C_1_I2C_DEFAULT_CTRL;
  37              		.loc 1 171 0
  38 0004 234B     		ldr	r3, .L2
  39 0006 0022     		mov	r2, #0
  40 0008 1A60     		str	r2, [r3]
 172:.\Generated_Source\PSoC4/I2C_1_I2C.c ****         I2C_1_I2C_CTRL_REG = I2C_1_I2C_DEFAULT_I2C_CTRL;
  41              		.loc 1 172 0
  42 000a 234B     		ldr	r3, .L2+4
  43 000c 234A     		ldr	r2, .L2+8
  44 000e 1A60     		str	r2, [r3]
 173:.\Generated_Source\PSoC4/I2C_1_I2C.c **** 
 174:.\Generated_Source\PSoC4/I2C_1_I2C.c ****     #if(I2C_1_CY_SCBIP_V0)
 175:.\Generated_Source\PSoC4/I2C_1_I2C.c ****         /* Adjust SDA filter settings. Ticket ID#150521 */
 176:.\Generated_Source\PSoC4/I2C_1_I2C.c ****         I2C_1_SET_I2C_CFG_SDA_FILT_TRIM(I2C_1_EC_AM_I2C_CFG_SDA_FILT_TRIM);
  45              		.loc 1 176 0
  46 0010 234B     		ldr	r3, .L2+12
  47 0012 234A     		ldr	r2, .L2+12
  48 0014 1268     		ldr	r2, [r2]
  49 0016 0C21     		mov	r1, #12
  50 0018 0A43     		orr	r2, r1
  51 001a 1A60     		str	r2, [r3]
 177:.\Generated_Source\PSoC4/I2C_1_I2C.c ****     #endif /* (I2C_1_CY_SCBIP_V0) */
ARM GAS  C:\Users\ALEXAN~1\AppData\Local\Temp\ccAim54o.s 			page 5


 178:.\Generated_Source\PSoC4/I2C_1_I2C.c **** 
 179:.\Generated_Source\PSoC4/I2C_1_I2C.c ****         /* Configure RX direction */
 180:.\Generated_Source\PSoC4/I2C_1_I2C.c ****         I2C_1_RX_CTRL_REG      = I2C_1_I2C_DEFAULT_RX_CTRL;
  52              		.loc 1 180 0
  53 001c 214B     		ldr	r3, .L2+16
  54 001e 224A     		ldr	r2, .L2+20
  55 0020 1A60     		str	r2, [r3]
 181:.\Generated_Source\PSoC4/I2C_1_I2C.c ****         I2C_1_RX_FIFO_CTRL_REG = I2C_1_I2C_DEFAULT_RX_FIFO_CTRL;
  56              		.loc 1 181 0
  57 0022 224B     		ldr	r3, .L2+24
  58 0024 0022     		mov	r2, #0
  59 0026 1A60     		str	r2, [r3]
 182:.\Generated_Source\PSoC4/I2C_1_I2C.c **** 
 183:.\Generated_Source\PSoC4/I2C_1_I2C.c ****         /* Set default address and mask */
 184:.\Generated_Source\PSoC4/I2C_1_I2C.c ****         I2C_1_RX_MATCH_REG     = I2C_1_I2C_DEFAULT_RX_MATCH;
  60              		.loc 1 184 0
  61 0028 214B     		ldr	r3, .L2+28
  62 002a 0022     		mov	r2, #0
  63 002c 1A60     		str	r2, [r3]
 185:.\Generated_Source\PSoC4/I2C_1_I2C.c **** 
 186:.\Generated_Source\PSoC4/I2C_1_I2C.c ****         /* Configure TX direction */
 187:.\Generated_Source\PSoC4/I2C_1_I2C.c ****         I2C_1_TX_CTRL_REG      = I2C_1_I2C_DEFAULT_TX_CTRL;
  64              		.loc 1 187 0
  65 002e 214B     		ldr	r3, .L2+32
  66 0030 1D4A     		ldr	r2, .L2+20
  67 0032 1A60     		str	r2, [r3]
 188:.\Generated_Source\PSoC4/I2C_1_I2C.c ****         I2C_1_TX_FIFO_CTRL_REG = I2C_1_I2C_DEFAULT_TX_FIFO_CTRL;
  68              		.loc 1 188 0
  69 0034 204B     		ldr	r3, .L2+36
  70 0036 0022     		mov	r2, #0
  71 0038 1A60     		str	r2, [r3]
 189:.\Generated_Source\PSoC4/I2C_1_I2C.c **** 
 190:.\Generated_Source\PSoC4/I2C_1_I2C.c ****         /* Configure interrupt with I2C handler but do not enable it */
 191:.\Generated_Source\PSoC4/I2C_1_I2C.c ****         CyIntDisable    (I2C_1_ISR_NUMBER);
  72              		.loc 1 191 0
  73 003a 0A20     		mov	r0, #10
  74 003c FFF7FEFF 		bl	CyIntDisable
 192:.\Generated_Source\PSoC4/I2C_1_I2C.c ****         CyIntSetPriority(I2C_1_ISR_NUMBER, I2C_1_ISR_PRIORITY);
  75              		.loc 1 192 0
  76 0040 0A20     		mov	r0, #10
  77 0042 0321     		mov	r1, #3
  78 0044 FFF7FEFF 		bl	CyIntSetPriority
 193:.\Generated_Source\PSoC4/I2C_1_I2C.c ****     #if(!I2C_1_I2C_EXTERN_INTR_HANDLER)
 194:.\Generated_Source\PSoC4/I2C_1_I2C.c ****         (void) CyIntSetVector(I2C_1_ISR_NUMBER, &I2C_1_I2C_ISR);
  79              		.loc 1 194 0
  80 0048 1C4B     		ldr	r3, .L2+40
  81 004a 0A20     		mov	r0, #10
  82 004c 191C     		mov	r1, r3
  83 004e FFF7FEFF 		bl	CyIntSetVector
 195:.\Generated_Source\PSoC4/I2C_1_I2C.c ****     #endif /* (I2C_1_I2C_EXTERN_INTR_HANDLER) */
 196:.\Generated_Source\PSoC4/I2C_1_I2C.c **** 
 197:.\Generated_Source\PSoC4/I2C_1_I2C.c ****         /* Configure interrupt sources */
 198:.\Generated_Source\PSoC4/I2C_1_I2C.c ****     #if(!I2C_1_CY_SCBIP_V1_I2C_ONLY)
 199:.\Generated_Source\PSoC4/I2C_1_I2C.c ****         I2C_1_INTR_SPI_EC_MASK_REG = I2C_1_I2C_DEFAULT_INTR_SPI_EC_MASK;
  84              		.loc 1 199 0
  85 0052 1B4B     		ldr	r3, .L2+44
  86 0054 0022     		mov	r2, #0
ARM GAS  C:\Users\ALEXAN~1\AppData\Local\Temp\ccAim54o.s 			page 6


  87 0056 1A60     		str	r2, [r3]
 200:.\Generated_Source\PSoC4/I2C_1_I2C.c ****     #endif /* (!I2C_1_CY_SCBIP_V1_I2C_ONLY) */
 201:.\Generated_Source\PSoC4/I2C_1_I2C.c **** 
 202:.\Generated_Source\PSoC4/I2C_1_I2C.c ****         I2C_1_INTR_I2C_EC_MASK_REG = I2C_1_I2C_DEFAULT_INTR_I2C_EC_MASK;
  88              		.loc 1 202 0
  89 0058 1A4B     		ldr	r3, .L2+48
  90 005a 0022     		mov	r2, #0
  91 005c 1A60     		str	r2, [r3]
 203:.\Generated_Source\PSoC4/I2C_1_I2C.c ****         I2C_1_INTR_SLAVE_MASK_REG  = I2C_1_I2C_DEFAULT_INTR_SLAVE_MASK;
  92              		.loc 1 203 0
  93 005e 1A4B     		ldr	r3, .L2+52
  94 0060 0022     		mov	r2, #0
  95 0062 1A60     		str	r2, [r3]
 204:.\Generated_Source\PSoC4/I2C_1_I2C.c ****         I2C_1_INTR_MASTER_MASK_REG = I2C_1_I2C_DEFAULT_INTR_MASTER_MASK;
  96              		.loc 1 204 0
  97 0064 194B     		ldr	r3, .L2+56
  98 0066 1A4A     		ldr	r2, .L2+60
  99 0068 1A60     		str	r2, [r3]
 205:.\Generated_Source\PSoC4/I2C_1_I2C.c ****         I2C_1_INTR_RX_MASK_REG     = I2C_1_I2C_DEFAULT_INTR_RX_MASK;
 100              		.loc 1 205 0
 101 006a 1A4B     		ldr	r3, .L2+64
 102 006c 0022     		mov	r2, #0
 103 006e 1A60     		str	r2, [r3]
 206:.\Generated_Source\PSoC4/I2C_1_I2C.c ****         I2C_1_INTR_TX_MASK_REG     = I2C_1_I2C_DEFAULT_INTR_TX_MASK;
 104              		.loc 1 206 0
 105 0070 194B     		ldr	r3, .L2+68
 106 0072 0022     		mov	r2, #0
 107 0074 1A60     		str	r2, [r3]
 207:.\Generated_Source\PSoC4/I2C_1_I2C.c **** 
 208:.\Generated_Source\PSoC4/I2C_1_I2C.c ****         /* Configure global variables */
 209:.\Generated_Source\PSoC4/I2C_1_I2C.c ****         I2C_1_state = I2C_1_I2C_FSM_IDLE;
 108              		.loc 1 209 0
 109 0076 194B     		ldr	r3, .L2+72
 110 0078 1022     		mov	r2, #16
 111 007a 1A70     		strb	r2, [r3]
 210:.\Generated_Source\PSoC4/I2C_1_I2C.c **** 
 211:.\Generated_Source\PSoC4/I2C_1_I2C.c ****     #if(I2C_1_I2C_SLAVE)
 212:.\Generated_Source\PSoC4/I2C_1_I2C.c ****         /* Internal slave variable */
 213:.\Generated_Source\PSoC4/I2C_1_I2C.c ****         I2C_1_slStatus        = 0u;
 214:.\Generated_Source\PSoC4/I2C_1_I2C.c ****         I2C_1_slRdBufIndex    = 0u;
 215:.\Generated_Source\PSoC4/I2C_1_I2C.c ****         I2C_1_slWrBufIndex    = 0u;
 216:.\Generated_Source\PSoC4/I2C_1_I2C.c ****         I2C_1_slOverFlowCount = 0u;
 217:.\Generated_Source\PSoC4/I2C_1_I2C.c ****     #endif /* (I2C_1_I2C_SLAVE) */
 218:.\Generated_Source\PSoC4/I2C_1_I2C.c **** 
 219:.\Generated_Source\PSoC4/I2C_1_I2C.c ****     #if(I2C_1_I2C_MASTER)
 220:.\Generated_Source\PSoC4/I2C_1_I2C.c ****     /* Internal master variable */
 221:.\Generated_Source\PSoC4/I2C_1_I2C.c ****         I2C_1_mstrStatus     = 0u;
 112              		.loc 1 221 0
 113 007c 184B     		ldr	r3, .L2+76
 114 007e 0022     		mov	r2, #0
 115 0080 1A80     		strh	r2, [r3]
 222:.\Generated_Source\PSoC4/I2C_1_I2C.c ****         I2C_1_mstrRdBufIndex = 0u;
 116              		.loc 1 222 0
 117 0082 184B     		ldr	r3, .L2+80
 118 0084 0022     		mov	r2, #0
 119 0086 1A60     		str	r2, [r3]
 223:.\Generated_Source\PSoC4/I2C_1_I2C.c ****         I2C_1_mstrWrBufIndex = 0u;
ARM GAS  C:\Users\ALEXAN~1\AppData\Local\Temp\ccAim54o.s 			page 7


 120              		.loc 1 223 0
 121 0088 174B     		ldr	r3, .L2+84
 122 008a 0022     		mov	r2, #0
 123 008c 1A60     		str	r2, [r3]
 224:.\Generated_Source\PSoC4/I2C_1_I2C.c ****     #endif /* (I2C_1_I2C_MASTER) */
 225:.\Generated_Source\PSoC4/I2C_1_I2C.c ****     }
 124              		.loc 1 225 0
 125 008e BD46     		mov	sp, r7
 126              		@ sp needed for prologue
 127 0090 80BD     		pop	{r7, pc}
 128              	.L3:
 129 0092 C046     		.align	2
 130              	.L2:
 131 0094 00000640 		.word	1074135040
 132 0098 60000640 		.word	1074135136
 133 009c 77080080 		.word	-2147481481
 134 00a0 70000640 		.word	1074135152
 135 00a4 00030640 		.word	1074135808
 136 00a8 07010080 		.word	-2147483385
 137 00ac 04030640 		.word	1074135812
 138 00b0 10030640 		.word	1074135824
 139 00b4 00020640 		.word	1074135552
 140 00b8 04020640 		.word	1074135556
 141 00bc 00000000 		.word	I2C_1_I2C_ISR
 142 00c0 C80E0640 		.word	1074138824
 143 00c4 880E0640 		.word	1074138760
 144 00c8 480F0640 		.word	1074138952
 145 00cc 080F0640 		.word	1074138888
 146 00d0 13010000 		.word	275
 147 00d4 C80F0640 		.word	1074139080
 148 00d8 880F0640 		.word	1074139016
 149 00dc 00000000 		.word	I2C_1_state
 150 00e0 00000000 		.word	I2C_1_mstrStatus
 151 00e4 00000000 		.word	I2C_1_mstrRdBufIndex
 152 00e8 00000000 		.word	I2C_1_mstrWrBufIndex
 153              		.cfi_endproc
 154              	.LFE0:
 155              		.size	I2C_1_I2CInit, .-I2C_1_I2CInit
 156              		.section	.text.I2C_1_I2CStop,"ax",%progbits
 157              		.align	2
 158              		.global	I2C_1_I2CStop
 159              		.code	16
 160              		.thumb_func
 161              		.type	I2C_1_I2CStop, %function
 162              	I2C_1_I2CStop:
 163              	.LFB1:
 226:.\Generated_Source\PSoC4/I2C_1_I2C.c **** #endif /* (I2C_1_SCB_MODE_UNCONFIG_CONST_CFG) */
 227:.\Generated_Source\PSoC4/I2C_1_I2C.c **** 
 228:.\Generated_Source\PSoC4/I2C_1_I2C.c **** 
 229:.\Generated_Source\PSoC4/I2C_1_I2C.c **** /*******************************************************************************
 230:.\Generated_Source\PSoC4/I2C_1_I2C.c **** * Function Name: I2C_1_I2CStop
 231:.\Generated_Source\PSoC4/I2C_1_I2C.c **** ********************************************************************************
 232:.\Generated_Source\PSoC4/I2C_1_I2C.c **** *
 233:.\Generated_Source\PSoC4/I2C_1_I2C.c **** * Summary:
 234:.\Generated_Source\PSoC4/I2C_1_I2C.c **** *  Resets the I2C FSM into the default state and disables TX interrupt sources.
 235:.\Generated_Source\PSoC4/I2C_1_I2C.c **** *
 236:.\Generated_Source\PSoC4/I2C_1_I2C.c **** * Parameters:
ARM GAS  C:\Users\ALEXAN~1\AppData\Local\Temp\ccAim54o.s 			page 8


 237:.\Generated_Source\PSoC4/I2C_1_I2C.c **** *  None
 238:.\Generated_Source\PSoC4/I2C_1_I2C.c **** *
 239:.\Generated_Source\PSoC4/I2C_1_I2C.c **** * Return:
 240:.\Generated_Source\PSoC4/I2C_1_I2C.c **** *  None
 241:.\Generated_Source\PSoC4/I2C_1_I2C.c **** *
 242:.\Generated_Source\PSoC4/I2C_1_I2C.c **** * Global variables:
 243:.\Generated_Source\PSoC4/I2C_1_I2C.c **** *
 244:.\Generated_Source\PSoC4/I2C_1_I2C.c **** *
 245:.\Generated_Source\PSoC4/I2C_1_I2C.c **** *******************************************************************************/
 246:.\Generated_Source\PSoC4/I2C_1_I2C.c **** void I2C_1_I2CStop(void)
 247:.\Generated_Source\PSoC4/I2C_1_I2C.c **** {
 164              		.loc 1 247 0
 165              		.cfi_startproc
 166 0000 80B5     		push	{r7, lr}
 167              	.LCFI2:
 168              		.cfi_def_cfa_offset 8
 169              		.cfi_offset 7, -8
 170              		.cfi_offset 14, -4
 171 0002 00AF     		add	r7, sp, #0
 172              	.LCFI3:
 173              		.cfi_def_cfa_register 7
 248:.\Generated_Source\PSoC4/I2C_1_I2C.c ****     /* Disable TX interrupt sources in order not to cause a false trigger.
 249:.\Generated_Source\PSoC4/I2C_1_I2C.c ****     * The incoming transaction will enable an appropriate TX interrupt.
 250:.\Generated_Source\PSoC4/I2C_1_I2C.c ****     */
 251:.\Generated_Source\PSoC4/I2C_1_I2C.c ****     I2C_1_SetTxInterruptMode(I2C_1_NO_INTR_SOURCES);
 174              		.loc 1 251 0
 175 0004 054B     		ldr	r3, .L5
 176 0006 0022     		mov	r2, #0
 177 0008 1A60     		str	r2, [r3]
 252:.\Generated_Source\PSoC4/I2C_1_I2C.c **** 
 253:.\Generated_Source\PSoC4/I2C_1_I2C.c **** #if(I2C_1_CY_SCBIP_V0)
 254:.\Generated_Source\PSoC4/I2C_1_I2C.c ****     /* Clear pending interrupt as TX FIFO becomes empty and block does not gate interrupt trigger w
 255:.\Generated_Source\PSoC4/I2C_1_I2C.c ****     I2C_1_ClearPendingInt();
 178              		.loc 1 255 0
 179 000a 0A20     		mov	r0, #10
 180 000c FFF7FEFF 		bl	CyIntClearPending
 256:.\Generated_Source\PSoC4/I2C_1_I2C.c **** #endif /* (I2C_1_CY_SCBIP_V0) */
 257:.\Generated_Source\PSoC4/I2C_1_I2C.c **** 
 258:.\Generated_Source\PSoC4/I2C_1_I2C.c ****     I2C_1_state = I2C_1_I2C_FSM_IDLE;
 181              		.loc 1 258 0
 182 0010 034B     		ldr	r3, .L5+4
 183 0012 1022     		mov	r2, #16
 184 0014 1A70     		strb	r2, [r3]
 259:.\Generated_Source\PSoC4/I2C_1_I2C.c **** }
 185              		.loc 1 259 0
 186 0016 BD46     		mov	sp, r7
 187              		@ sp needed for prologue
 188 0018 80BD     		pop	{r7, pc}
 189              	.L6:
 190 001a C046     		.align	2
 191              	.L5:
 192 001c 880F0640 		.word	1074139016
 193 0020 00000000 		.word	I2C_1_state
 194              		.cfi_endproc
 195              	.LFE1:
 196              		.size	I2C_1_I2CStop, .-I2C_1_I2CStop
 197              		.text
ARM GAS  C:\Users\ALEXAN~1\AppData\Local\Temp\ccAim54o.s 			page 9


 198              	.Letext0:
 199              		.file 2 "./Generated_Source/PSoC4/cytypes.h"
 200              		.file 3 ".\\Generated_Source\\PSoC4\\I2C_1_I2C_PVT.h"
 201              		.section	.debug_info,"",%progbits
 202              	.Ldebug_info0:
 203 0000 28010000 		.4byte	0x128
 204 0004 0200     		.2byte	0x2
 205 0006 00000000 		.4byte	.Ldebug_abbrev0
 206 000a 04       		.byte	0x4
 207 000b 01       		.uleb128 0x1
 208 000c 45000000 		.4byte	.LASF23
 209 0010 01       		.byte	0x1
 210 0011 0D010000 		.4byte	.LASF24
 211 0015 D2000000 		.4byte	.LASF25
 212 0019 00000000 		.4byte	.Ldebug_ranges0+0
 213 001d 00000000 		.4byte	0
 214 0021 00000000 		.4byte	0
 215 0025 00000000 		.4byte	.Ldebug_line0
 216 0029 02       		.uleb128 0x2
 217 002a 01       		.byte	0x1
 218 002b 06       		.byte	0x6
 219 002c 60010000 		.4byte	.LASF0
 220 0030 02       		.uleb128 0x2
 221 0031 01       		.byte	0x1
 222 0032 08       		.byte	0x8
 223 0033 F1000000 		.4byte	.LASF1
 224 0037 02       		.uleb128 0x2
 225 0038 02       		.byte	0x2
 226 0039 05       		.byte	0x5
 227 003a 8F010000 		.4byte	.LASF2
 228 003e 02       		.uleb128 0x2
 229 003f 02       		.byte	0x2
 230 0040 07       		.byte	0x7
 231 0041 4D010000 		.4byte	.LASF3
 232 0045 02       		.uleb128 0x2
 233 0046 04       		.byte	0x4
 234 0047 05       		.byte	0x5
 235 0048 04010000 		.4byte	.LASF4
 236 004c 02       		.uleb128 0x2
 237 004d 04       		.byte	0x4
 238 004e 07       		.byte	0x7
 239 004f 94000000 		.4byte	.LASF5
 240 0053 02       		.uleb128 0x2
 241 0054 08       		.byte	0x8
 242 0055 05       		.byte	0x5
 243 0056 00000000 		.4byte	.LASF6
 244 005a 02       		.uleb128 0x2
 245 005b 08       		.byte	0x8
 246 005c 07       		.byte	0x7
 247 005d A6000000 		.4byte	.LASF7
 248 0061 03       		.uleb128 0x3
 249 0062 04       		.byte	0x4
 250 0063 05       		.byte	0x5
 251 0064 696E7400 		.ascii	"int\000"
 252 0068 02       		.uleb128 0x2
 253 0069 04       		.byte	0x4
 254 006a 07       		.byte	0x7
ARM GAS  C:\Users\ALEXAN~1\AppData\Local\Temp\ccAim54o.s 			page 10


 255 006b 15000000 		.4byte	.LASF8
 256 006f 04       		.uleb128 0x4
 257 0070 8E000000 		.4byte	.LASF9
 258 0074 02       		.byte	0x2
 259 0075 5B       		.byte	0x5b
 260 0076 30000000 		.4byte	0x30
 261 007a 04       		.uleb128 0x4
 262 007b 99010000 		.4byte	.LASF10
 263 007f 02       		.byte	0x2
 264 0080 5C       		.byte	0x5c
 265 0081 3E000000 		.4byte	0x3e
 266 0085 04       		.uleb128 0x4
 267 0086 0E000000 		.4byte	.LASF11
 268 008a 02       		.byte	0x2
 269 008b 5D       		.byte	0x5d
 270 008c 4C000000 		.4byte	0x4c
 271 0090 02       		.uleb128 0x2
 272 0091 04       		.byte	0x4
 273 0092 04       		.byte	0x4
 274 0093 6C010000 		.4byte	.LASF12
 275 0097 02       		.uleb128 0x2
 276 0098 08       		.byte	0x8
 277 0099 04       		.byte	0x4
 278 009a 32010000 		.4byte	.LASF13
 279 009e 02       		.uleb128 0x2
 280 009f 01       		.byte	0x1
 281 00a0 08       		.byte	0x8
 282 00a1 FF000000 		.4byte	.LASF14
 283 00a5 05       		.uleb128 0x5
 284 00a6 6F000000 		.4byte	0x6f
 285 00aa 05       		.uleb128 0x5
 286 00ab 7A000000 		.4byte	0x7a
 287 00af 04       		.uleb128 0x4
 288 00b0 39010000 		.4byte	.LASF15
 289 00b4 02       		.byte	0x2
 290 00b5 F2       		.byte	0xf2
 291 00b6 BA000000 		.4byte	0xba
 292 00ba 05       		.uleb128 0x5
 293 00bb 85000000 		.4byte	0x85
 294 00bf 02       		.uleb128 0x2
 295 00c0 04       		.byte	0x4
 296 00c1 07       		.byte	0x7
 297 00c2 A0010000 		.4byte	.LASF16
 298 00c6 06       		.uleb128 0x6
 299 00c7 01       		.byte	0x1
 300 00c8 3F010000 		.4byte	.LASF17
 301 00cc 01       		.byte	0x1
 302 00cd A8       		.byte	0xa8
 303 00ce 01       		.byte	0x1
 304 00cf 00000000 		.4byte	.LFB0
 305 00d3 EC000000 		.4byte	.LFE0
 306 00d7 00000000 		.4byte	.LLST0
 307 00db 01       		.byte	0x1
 308 00dc 06       		.uleb128 0x6
 309 00dd 01       		.byte	0x1
 310 00de 37000000 		.4byte	.LASF18
 311 00e2 01       		.byte	0x1
ARM GAS  C:\Users\ALEXAN~1\AppData\Local\Temp\ccAim54o.s 			page 11


 312 00e3 F6       		.byte	0xf6
 313 00e4 01       		.byte	0x1
 314 00e5 00000000 		.4byte	.LFB1
 315 00e9 24000000 		.4byte	.LFE1
 316 00ed 2C000000 		.4byte	.LLST1
 317 00f1 01       		.byte	0x1
 318 00f2 07       		.uleb128 0x7
 319 00f3 72010000 		.4byte	.LASF19
 320 00f7 01       		.byte	0x1
 321 00f8 1A       		.byte	0x1a
 322 00f9 A5000000 		.4byte	0xa5
 323 00fd 01       		.byte	0x1
 324 00fe 05       		.byte	0x5
 325 00ff 03       		.byte	0x3
 326 0100 00000000 		.4byte	I2C_1_state
 327 0104 08       		.uleb128 0x8
 328 0105 7E010000 		.4byte	.LASF20
 329 0109 03       		.byte	0x3
 330 010a 30       		.byte	0x30
 331 010b AA000000 		.4byte	0xaa
 332 010f 01       		.byte	0x1
 333 0110 01       		.byte	0x1
 334 0111 08       		.uleb128 0x8
 335 0112 BD000000 		.4byte	.LASF21
 336 0116 03       		.byte	0x3
 337 0117 36       		.byte	0x36
 338 0118 BA000000 		.4byte	0xba
 339 011c 01       		.byte	0x1
 340 011d 01       		.byte	0x1
 341 011e 08       		.uleb128 0x8
 342 011f 22000000 		.4byte	.LASF22
 343 0123 03       		.byte	0x3
 344 0124 3B       		.byte	0x3b
 345 0125 BA000000 		.4byte	0xba
 346 0129 01       		.byte	0x1
 347 012a 01       		.byte	0x1
 348 012b 00       		.byte	0
 349              		.section	.debug_abbrev,"",%progbits
 350              	.Ldebug_abbrev0:
 351 0000 01       		.uleb128 0x1
 352 0001 11       		.uleb128 0x11
 353 0002 01       		.byte	0x1
 354 0003 25       		.uleb128 0x25
 355 0004 0E       		.uleb128 0xe
 356 0005 13       		.uleb128 0x13
 357 0006 0B       		.uleb128 0xb
 358 0007 03       		.uleb128 0x3
 359 0008 0E       		.uleb128 0xe
 360 0009 1B       		.uleb128 0x1b
 361 000a 0E       		.uleb128 0xe
 362 000b 55       		.uleb128 0x55
 363 000c 06       		.uleb128 0x6
 364 000d 11       		.uleb128 0x11
 365 000e 01       		.uleb128 0x1
 366 000f 52       		.uleb128 0x52
 367 0010 01       		.uleb128 0x1
 368 0011 10       		.uleb128 0x10
ARM GAS  C:\Users\ALEXAN~1\AppData\Local\Temp\ccAim54o.s 			page 12


 369 0012 06       		.uleb128 0x6
 370 0013 00       		.byte	0
 371 0014 00       		.byte	0
 372 0015 02       		.uleb128 0x2
 373 0016 24       		.uleb128 0x24
 374 0017 00       		.byte	0
 375 0018 0B       		.uleb128 0xb
 376 0019 0B       		.uleb128 0xb
 377 001a 3E       		.uleb128 0x3e
 378 001b 0B       		.uleb128 0xb
 379 001c 03       		.uleb128 0x3
 380 001d 0E       		.uleb128 0xe
 381 001e 00       		.byte	0
 382 001f 00       		.byte	0
 383 0020 03       		.uleb128 0x3
 384 0021 24       		.uleb128 0x24
 385 0022 00       		.byte	0
 386 0023 0B       		.uleb128 0xb
 387 0024 0B       		.uleb128 0xb
 388 0025 3E       		.uleb128 0x3e
 389 0026 0B       		.uleb128 0xb
 390 0027 03       		.uleb128 0x3
 391 0028 08       		.uleb128 0x8
 392 0029 00       		.byte	0
 393 002a 00       		.byte	0
 394 002b 04       		.uleb128 0x4
 395 002c 16       		.uleb128 0x16
 396 002d 00       		.byte	0
 397 002e 03       		.uleb128 0x3
 398 002f 0E       		.uleb128 0xe
 399 0030 3A       		.uleb128 0x3a
 400 0031 0B       		.uleb128 0xb
 401 0032 3B       		.uleb128 0x3b
 402 0033 0B       		.uleb128 0xb
 403 0034 49       		.uleb128 0x49
 404 0035 13       		.uleb128 0x13
 405 0036 00       		.byte	0
 406 0037 00       		.byte	0
 407 0038 05       		.uleb128 0x5
 408 0039 35       		.uleb128 0x35
 409 003a 00       		.byte	0
 410 003b 49       		.uleb128 0x49
 411 003c 13       		.uleb128 0x13
 412 003d 00       		.byte	0
 413 003e 00       		.byte	0
 414 003f 06       		.uleb128 0x6
 415 0040 2E       		.uleb128 0x2e
 416 0041 00       		.byte	0
 417 0042 3F       		.uleb128 0x3f
 418 0043 0C       		.uleb128 0xc
 419 0044 03       		.uleb128 0x3
 420 0045 0E       		.uleb128 0xe
 421 0046 3A       		.uleb128 0x3a
 422 0047 0B       		.uleb128 0xb
 423 0048 3B       		.uleb128 0x3b
 424 0049 0B       		.uleb128 0xb
 425 004a 27       		.uleb128 0x27
ARM GAS  C:\Users\ALEXAN~1\AppData\Local\Temp\ccAim54o.s 			page 13


 426 004b 0C       		.uleb128 0xc
 427 004c 11       		.uleb128 0x11
 428 004d 01       		.uleb128 0x1
 429 004e 12       		.uleb128 0x12
 430 004f 01       		.uleb128 0x1
 431 0050 40       		.uleb128 0x40
 432 0051 06       		.uleb128 0x6
 433 0052 9642     		.uleb128 0x2116
 434 0054 0C       		.uleb128 0xc
 435 0055 00       		.byte	0
 436 0056 00       		.byte	0
 437 0057 07       		.uleb128 0x7
 438 0058 34       		.uleb128 0x34
 439 0059 00       		.byte	0
 440 005a 03       		.uleb128 0x3
 441 005b 0E       		.uleb128 0xe
 442 005c 3A       		.uleb128 0x3a
 443 005d 0B       		.uleb128 0xb
 444 005e 3B       		.uleb128 0x3b
 445 005f 0B       		.uleb128 0xb
 446 0060 49       		.uleb128 0x49
 447 0061 13       		.uleb128 0x13
 448 0062 3F       		.uleb128 0x3f
 449 0063 0C       		.uleb128 0xc
 450 0064 02       		.uleb128 0x2
 451 0065 0A       		.uleb128 0xa
 452 0066 00       		.byte	0
 453 0067 00       		.byte	0
 454 0068 08       		.uleb128 0x8
 455 0069 34       		.uleb128 0x34
 456 006a 00       		.byte	0
 457 006b 03       		.uleb128 0x3
 458 006c 0E       		.uleb128 0xe
 459 006d 3A       		.uleb128 0x3a
 460 006e 0B       		.uleb128 0xb
 461 006f 3B       		.uleb128 0x3b
 462 0070 0B       		.uleb128 0xb
 463 0071 49       		.uleb128 0x49
 464 0072 13       		.uleb128 0x13
 465 0073 3F       		.uleb128 0x3f
 466 0074 0C       		.uleb128 0xc
 467 0075 3C       		.uleb128 0x3c
 468 0076 0C       		.uleb128 0xc
 469 0077 00       		.byte	0
 470 0078 00       		.byte	0
 471 0079 00       		.byte	0
 472              		.section	.debug_loc,"",%progbits
 473              	.Ldebug_loc0:
 474              	.LLST0:
 475 0000 00000000 		.4byte	.LFB0
 476 0004 02000000 		.4byte	.LCFI0
 477 0008 0200     		.2byte	0x2
 478 000a 7D       		.byte	0x7d
 479 000b 00       		.sleb128 0
 480 000c 02000000 		.4byte	.LCFI0
 481 0010 04000000 		.4byte	.LCFI1
 482 0014 0200     		.2byte	0x2
ARM GAS  C:\Users\ALEXAN~1\AppData\Local\Temp\ccAim54o.s 			page 14


 483 0016 7D       		.byte	0x7d
 484 0017 08       		.sleb128 8
 485 0018 04000000 		.4byte	.LCFI1
 486 001c EC000000 		.4byte	.LFE0
 487 0020 0200     		.2byte	0x2
 488 0022 77       		.byte	0x77
 489 0023 08       		.sleb128 8
 490 0024 00000000 		.4byte	0
 491 0028 00000000 		.4byte	0
 492              	.LLST1:
 493 002c 00000000 		.4byte	.LFB1
 494 0030 02000000 		.4byte	.LCFI2
 495 0034 0200     		.2byte	0x2
 496 0036 7D       		.byte	0x7d
 497 0037 00       		.sleb128 0
 498 0038 02000000 		.4byte	.LCFI2
 499 003c 04000000 		.4byte	.LCFI3
 500 0040 0200     		.2byte	0x2
 501 0042 7D       		.byte	0x7d
 502 0043 08       		.sleb128 8
 503 0044 04000000 		.4byte	.LCFI3
 504 0048 24000000 		.4byte	.LFE1
 505 004c 0200     		.2byte	0x2
 506 004e 77       		.byte	0x77
 507 004f 08       		.sleb128 8
 508 0050 00000000 		.4byte	0
 509 0054 00000000 		.4byte	0
 510              		.section	.debug_aranges,"",%progbits
 511 0000 24000000 		.4byte	0x24
 512 0004 0200     		.2byte	0x2
 513 0006 00000000 		.4byte	.Ldebug_info0
 514 000a 04       		.byte	0x4
 515 000b 00       		.byte	0
 516 000c 0000     		.2byte	0
 517 000e 0000     		.2byte	0
 518 0010 00000000 		.4byte	.LFB0
 519 0014 EC000000 		.4byte	.LFE0-.LFB0
 520 0018 00000000 		.4byte	.LFB1
 521 001c 24000000 		.4byte	.LFE1-.LFB1
 522 0020 00000000 		.4byte	0
 523 0024 00000000 		.4byte	0
 524              		.section	.debug_ranges,"",%progbits
 525              	.Ldebug_ranges0:
 526 0000 00000000 		.4byte	.LFB0
 527 0004 EC000000 		.4byte	.LFE0
 528 0008 00000000 		.4byte	.LFB1
 529 000c 24000000 		.4byte	.LFE1
 530 0010 00000000 		.4byte	0
 531 0014 00000000 		.4byte	0
 532              		.section	.debug_line,"",%progbits
 533              	.Ldebug_line0:
 534 0000 9D000000 		.section	.debug_str,"MS",%progbits,1
 534      02005B00 
 534      00000201 
 534      FB0E0D00 
 534      01010101 
 535              	.LASF6:
ARM GAS  C:\Users\ALEXAN~1\AppData\Local\Temp\ccAim54o.s 			page 15


 536 0000 6C6F6E67 		.ascii	"long long int\000"
 536      206C6F6E 
 536      6720696E 
 536      7400
 537              	.LASF11:
 538 000e 75696E74 		.ascii	"uint32\000"
 538      333200
 539              	.LASF8:
 540 0015 756E7369 		.ascii	"unsigned int\000"
 540      676E6564 
 540      20696E74 
 540      00
 541              	.LASF22:
 542 0022 4932435F 		.ascii	"I2C_1_mstrWrBufIndex\000"
 542      315F6D73 
 542      74725772 
 542      42756649 
 542      6E646578 
 543              	.LASF18:
 544 0037 4932435F 		.ascii	"I2C_1_I2CStop\000"
 544      315F4932 
 544      4353746F 
 544      7000
 545              	.LASF23:
 546 0045 474E5520 		.ascii	"GNU C 4.7.3 20130312 (release) [ARM/embedded-4_7-br"
 546      4320342E 
 546      372E3320 
 546      32303133 
 546      30333132 
 547 0078 616E6368 		.ascii	"anch revision 196615]\000"
 547      20726576 
 547      6973696F 
 547      6E203139 
 547      36363135 
 548              	.LASF9:
 549 008e 75696E74 		.ascii	"uint8\000"
 549      3800
 550              	.LASF5:
 551 0094 6C6F6E67 		.ascii	"long unsigned int\000"
 551      20756E73 
 551      69676E65 
 551      6420696E 
 551      7400
 552              	.LASF7:
 553 00a6 6C6F6E67 		.ascii	"long long unsigned int\000"
 553      206C6F6E 
 553      6720756E 
 553      7369676E 
 553      65642069 
 554              	.LASF21:
 555 00bd 4932435F 		.ascii	"I2C_1_mstrRdBufIndex\000"
 555      315F6D73 
 555      74725264 
 555      42756649 
 555      6E646578 
 556              	.LASF25:
 557 00d2 433A5C70 		.ascii	"C:\\psoc\\i2c_test\\i2ctest.cydsn\000"
ARM GAS  C:\Users\ALEXAN~1\AppData\Local\Temp\ccAim54o.s 			page 16


 557      736F635C 
 557      6932635F 
 557      74657374 
 557      5C693263 
 558              	.LASF1:
 559 00f1 756E7369 		.ascii	"unsigned char\000"
 559      676E6564 
 559      20636861 
 559      7200
 560              	.LASF14:
 561 00ff 63686172 		.ascii	"char\000"
 561      00
 562              	.LASF4:
 563 0104 6C6F6E67 		.ascii	"long int\000"
 563      20696E74 
 563      00
 564              	.LASF24:
 565 010d 2E5C4765 		.ascii	".\\Generated_Source\\PSoC4\\I2C_1_I2C.c\000"
 565      6E657261 
 565      7465645F 
 565      536F7572 
 565      63655C50 
 566              	.LASF13:
 567 0132 646F7562 		.ascii	"double\000"
 567      6C6500
 568              	.LASF15:
 569 0139 72656733 		.ascii	"reg32\000"
 569      3200
 570              	.LASF17:
 571 013f 4932435F 		.ascii	"I2C_1_I2CInit\000"
 571      315F4932 
 571      43496E69 
 571      7400
 572              	.LASF3:
 573 014d 73686F72 		.ascii	"short unsigned int\000"
 573      7420756E 
 573      7369676E 
 573      65642069 
 573      6E7400
 574              	.LASF0:
 575 0160 7369676E 		.ascii	"signed char\000"
 575      65642063 
 575      68617200 
 576              	.LASF12:
 577 016c 666C6F61 		.ascii	"float\000"
 577      7400
 578              	.LASF19:
 579 0172 4932435F 		.ascii	"I2C_1_state\000"
 579      315F7374 
 579      61746500 
 580              	.LASF20:
 581 017e 4932435F 		.ascii	"I2C_1_mstrStatus\000"
 581      315F6D73 
 581      74725374 
 581      61747573 
 581      00
 582              	.LASF2:
ARM GAS  C:\Users\ALEXAN~1\AppData\Local\Temp\ccAim54o.s 			page 17


 583 018f 73686F72 		.ascii	"short int\000"
 583      7420696E 
 583      7400
 584              	.LASF10:
 585 0199 75696E74 		.ascii	"uint16\000"
 585      313600
 586              	.LASF16:
 587 01a0 73697A65 		.ascii	"sizetype\000"
 587      74797065 
 587      00
 588              		.ident	"GCC: (GNU Tools for ARM Embedded Processors) 4.7.3 20130312 (release) [ARM/embedded-4_7-br
