Archive member included because of file (symbol)

.\CortexM0\ARM_GCC_473\Debug\i2ctest.a(cyfitter_cfg.o)
                              .\CortexM0\ARM_GCC_473\Debug\Cm0Start.o (cyfitter_cfg)
.\CortexM0\ARM_GCC_473\Debug\i2ctest.a(I2C_1.o)
                              .\CortexM0\ARM_GCC_473\Debug\main.o (I2C_1_Start)
.\CortexM0\ARM_GCC_473\Debug\i2ctest.a(I2C_1_I2C.o)
                              .\CortexM0\ARM_GCC_473\Debug\i2ctest.a(I2C_1.o) (I2C_1_I2CInit)
.\CortexM0\ARM_GCC_473\Debug\i2ctest.a(I2C_1_I2C_MASTER.o)
                              .\CortexM0\ARM_GCC_473\Debug\i2ctest.a(I2C_1_I2C.o) (I2C_1_mstrStatus)
.\CortexM0\ARM_GCC_473\Debug\i2ctest.a(I2C_1_sda.o)
                              .\CortexM0\ARM_GCC_473\Debug\i2ctest.a(I2C_1_I2C_MASTER.o) (I2C_1_sda_Read)
.\CortexM0\ARM_GCC_473\Debug\i2ctest.a(I2C_1_scl.o)
                              .\CortexM0\ARM_GCC_473\Debug\i2ctest.a(I2C_1_I2C_MASTER.o) (I2C_1_scl_Write)
.\CortexM0\ARM_GCC_473\Debug\i2ctest.a(CyBootAsmGnu.o)
                              .\CortexM0\ARM_GCC_473\Debug\i2ctest.a(cyfitter_cfg.o) (CyDelayCycles)
.\CortexM0\ARM_GCC_473\Debug\i2ctest.a(CyLib.o)
                              .\CortexM0\ARM_GCC_473\Debug\i2ctest.a(cyfitter_cfg.o) (CyDelayUs)
.\CortexM0\ARM_GCC_473\Debug\i2ctest.a(UART_PC.o)
                              .\CortexM0\ARM_GCC_473\Debug\main.o (UART_PC_Start)
.\CortexM0\ARM_GCC_473\Debug\i2ctest.a(UART_PC_SPI_UART.o)
                              .\CortexM0\ARM_GCC_473\Debug\main.o (UART_PC_SpiUartWriteTxData)
.\CortexM0\ARM_GCC_473\Debug\i2ctest.a(UART_PC_UART.o)
                              .\CortexM0\ARM_GCC_473\Debug\i2ctest.a(UART_PC.o) (UART_PC_UartInit)
.\CortexM0\ARM_GCC_473\Debug\i2ctest.a(UART_GPS.o)
                              .\CortexM0\ARM_GCC_473\Debug\main.o (UART_GPS_Start)
.\CortexM0\ARM_GCC_473\Debug\i2ctest.a(UART_GPS_IntClock.o)
                              .\CortexM0\ARM_GCC_473\Debug\i2ctest.a(UART_GPS.o) (UART_GPS_IntClock_Start)
.\CortexM0\ARM_GCC_473\Debug\i2ctest.a(I2C_1_I2C_INT.o)
                              .\CortexM0\ARM_GCC_473\Debug\i2ctest.a(I2C_1_I2C.o) (I2C_1_I2C_ISR)
c:/program files (x86)/cypress/psoc creator/3.0/psoc creator/import/gnu_cs/arm/4.7.3/bin/../lib/gcc/arm-none-eabi/4.7.3/armv6-m\libgcc.a(_udivsi3.o)
                              .\CortexM0\ARM_GCC_473\Debug\i2ctest.a(CyLib.o) (__aeabi_uidiv)
c:/program files (x86)/cypress/psoc creator/3.0/psoc creator/import/gnu_cs/arm/4.7.3/bin/../lib/gcc/arm-none-eabi/4.7.3/armv6-m\libgcc.a(_divsi3.o)
                              .\CortexM0\ARM_GCC_473\Debug\Cm0Start.o (__aeabi_idiv)
c:/program files (x86)/cypress/psoc creator/3.0/psoc creator/import/gnu_cs/arm/4.7.3/bin/../lib/gcc/arm-none-eabi/4.7.3/armv6-m\libgcc.a(_dvmd_tls.o)
                              c:/program files (x86)/cypress/psoc creator/3.0/psoc creator/import/gnu_cs/arm/4.7.3/bin/../lib/gcc/arm-none-eabi/4.7.3/armv6-m\libgcc.a(_udivsi3.o) (__aeabi_idiv0)
c:/program files (x86)/cypress/psoc creator/3.0/psoc creator/import/gnu_cs/arm/4.7.3/bin/../lib/gcc/arm-none-eabi/4.7.3/../../../../arm-none-eabi/lib/armv6-m\libc_s.a(lib_a-__atexit2.o)
                              c:/program files (x86)/cypress/psoc creator/3.0/psoc creator/import/gnu_cs/arm/4.7.3/bin/../lib/gcc/arm-none-eabi/4.7.3/../../../../arm-none-eabi/lib/armv6-m/crt0.o (__register_exitproc)
c:/program files (x86)/cypress/psoc creator/3.0/psoc creator/import/gnu_cs/arm/4.7.3/bin/../lib/gcc/arm-none-eabi/4.7.3/../../../../arm-none-eabi/lib/armv6-m\libc_s.a(lib_a-exit.o)
                              c:/program files (x86)/cypress/psoc creator/3.0/psoc creator/import/gnu_cs/arm/4.7.3/bin/../lib/gcc/arm-none-eabi/4.7.3/../../../../arm-none-eabi/lib/armv6-m/crt0.o (exit)
c:/program files (x86)/cypress/psoc creator/3.0/psoc creator/import/gnu_cs/arm/4.7.3/bin/../lib/gcc/arm-none-eabi/4.7.3/../../../../arm-none-eabi/lib/armv6-m\libc_s.a(lib_a-fini.o)
                              c:/program files (x86)/cypress/psoc creator/3.0/psoc creator/import/gnu_cs/arm/4.7.3/bin/../lib/gcc/arm-none-eabi/4.7.3/../../../../arm-none-eabi/lib/armv6-m/crt0.o (__libc_fini_array)
c:/program files (x86)/cypress/psoc creator/3.0/psoc creator/import/gnu_cs/arm/4.7.3/bin/../lib/gcc/arm-none-eabi/4.7.3/../../../../arm-none-eabi/lib/armv6-m\libc_s.a(lib_a-impure.o)
                              c:/program files (x86)/cypress/psoc creator/3.0/psoc creator/import/gnu_cs/arm/4.7.3/bin/../lib/gcc/arm-none-eabi/4.7.3/../../../../arm-none-eabi/lib/armv6-m\libc_s.a(lib_a-exit.o) (_global_impure_ptr)
c:/program files (x86)/cypress/psoc creator/3.0/psoc creator/import/gnu_cs/arm/4.7.3/bin/../lib/gcc/arm-none-eabi/4.7.3/../../../../arm-none-eabi/lib/armv6-m\libc_s.a(lib_a-init.o)
                              c:/program files (x86)/cypress/psoc creator/3.0/psoc creator/import/gnu_cs/arm/4.7.3/bin/../lib/gcc/arm-none-eabi/4.7.3/../../../../arm-none-eabi/lib/armv6-m/crt0.o (__libc_init_array)
c:/program files (x86)/cypress/psoc creator/3.0/psoc creator/import/gnu_cs/arm/4.7.3/bin/../lib/gcc/arm-none-eabi/4.7.3/../../../../arm-none-eabi/lib/armv6-m\libc_s.a(lib_a-memcpy.o)
                              .\CortexM0\ARM_GCC_473\Debug\i2ctest.a(cyfitter_cfg.o) (memcpy)
c:/program files (x86)/cypress/psoc creator/3.0/psoc creator/import/gnu_cs/arm/4.7.3/bin/../lib/gcc/arm-none-eabi/4.7.3/../../../../arm-none-eabi/lib/armv6-m\libc_s.a(lib_a-memset.o)
                              c:/program files (x86)/cypress/psoc creator/3.0/psoc creator/import/gnu_cs/arm/4.7.3/bin/../lib/gcc/arm-none-eabi/4.7.3/../../../../arm-none-eabi/lib/armv6-m/crt0.o (memset)

Allocating common symbols
Common symbol       size              file

I2C_1_mstrWrBufIndexTmp
                    0x4               .\CortexM0\ARM_GCC_473\Debug\i2ctest.a(I2C_1_I2C_MASTER.o)
I2C_1_mstrWrBufIndex
                    0x4               .\CortexM0\ARM_GCC_473\Debug\i2ctest.a(I2C_1_I2C_MASTER.o)
I2C_1_mstrControl   0x1               .\CortexM0\ARM_GCC_473\Debug\i2ctest.a(I2C_1_I2C_MASTER.o)
I2C_1_mstrStatus    0x2               .\CortexM0\ARM_GCC_473\Debug\i2ctest.a(I2C_1_I2C_MASTER.o)
I2C_1_mstrWrBufSize
                    0x4               .\CortexM0\ARM_GCC_473\Debug\i2ctest.a(I2C_1_I2C_MASTER.o)
I2C_1_mstrRdBufIndex
                    0x4               .\CortexM0\ARM_GCC_473\Debug\i2ctest.a(I2C_1_I2C_MASTER.o)
I2C_1_state         0x1               .\CortexM0\ARM_GCC_473\Debug\i2ctest.a(I2C_1_I2C.o)
I2C_1_mstrWrBufPtr  0x4               .\CortexM0\ARM_GCC_473\Debug\i2ctest.a(I2C_1_I2C_MASTER.o)
I2C_1_mstrRdBufPtr  0x4               .\CortexM0\ARM_GCC_473\Debug\i2ctest.a(I2C_1_I2C_MASTER.o)
readBuf             0x6               .\CortexM0\ARM_GCC_473\Debug\main.o
I2C_1_mstrRdBufSize
                    0x4               .\CortexM0\ARM_GCC_473\Debug\i2ctest.a(I2C_1_I2C_MASTER.o)

Discarded input sections

 .text          0x00000000        0x0 c:/program files (x86)/cypress/psoc creator/3.0/psoc creator/import/gnu_cs/arm/4.7.3/bin/../lib/gcc/arm-none-eabi/4.7.3/armv6-m/crti.o
 .data          0x00000000        0x0 c:/program files (x86)/cypress/psoc creator/3.0/psoc creator/import/gnu_cs/arm/4.7.3/bin/../lib/gcc/arm-none-eabi/4.7.3/armv6-m/crti.o
 .bss           0x00000000        0x0 c:/program files (x86)/cypress/psoc creator/3.0/psoc creator/import/gnu_cs/arm/4.7.3/bin/../lib/gcc/arm-none-eabi/4.7.3/armv6-m/crti.o
 .data          0x00000000        0x4 c:/program files (x86)/cypress/psoc creator/3.0/psoc creator/import/gnu_cs/arm/4.7.3/bin/../lib/gcc/arm-none-eabi/4.7.3/armv6-m/crtbegin.o
 .text          0x00000000       0x74 c:/program files (x86)/cypress/psoc creator/3.0/psoc creator/import/gnu_cs/arm/4.7.3/bin/../lib/gcc/arm-none-eabi/4.7.3/../../../../arm-none-eabi/lib/armv6-m/crt0.o
 .data          0x00000000        0x0 c:/program files (x86)/cypress/psoc creator/3.0/psoc creator/import/gnu_cs/arm/4.7.3/bin/../lib/gcc/arm-none-eabi/4.7.3/../../../../arm-none-eabi/lib/armv6-m/crt0.o
 .bss           0x00000000        0x0 c:/program files (x86)/cypress/psoc creator/3.0/psoc creator/import/gnu_cs/arm/4.7.3/bin/../lib/gcc/arm-none-eabi/4.7.3/../../../../arm-none-eabi/lib/armv6-m/crt0.o
 .ARM.extab     0x00000000        0x0 c:/program files (x86)/cypress/psoc creator/3.0/psoc creator/import/gnu_cs/arm/4.7.3/bin/../lib/gcc/arm-none-eabi/4.7.3/../../../../arm-none-eabi/lib/armv6-m/crt0.o
 .ARM.exidx     0x00000000        0x8 c:/program files (x86)/cypress/psoc creator/3.0/psoc creator/import/gnu_cs/arm/4.7.3/bin/../lib/gcc/arm-none-eabi/4.7.3/../../../../arm-none-eabi/lib/armv6-m/crt0.o
 .text          0x00000000        0x0 .\CortexM0\ARM_GCC_473\Debug\main.o
 .text          0x00000000        0x0 .\CortexM0\ARM_GCC_473\Debug\cymetadata.o
 .data          0x00000000        0x0 .\CortexM0\ARM_GCC_473\Debug\cymetadata.o
 .bss           0x00000000        0x0 .\CortexM0\ARM_GCC_473\Debug\cymetadata.o
 .text          0x00000000        0x0 .\CortexM0\ARM_GCC_473\Debug\Cm0Start.o
 .data          0x00000000        0x0 .\CortexM0\ARM_GCC_473\Debug\Cm0Start.o
 .bss           0x00000000        0x0 .\CortexM0\ARM_GCC_473\Debug\Cm0Start.o
 .text._exit    0x00000000       0x28 .\CortexM0\ARM_GCC_473\Debug\Cm0Start.o
 .text          0x00000000        0x0 .\CortexM0\ARM_GCC_473\Debug\i2ctest.a(cyfitter_cfg.o)
 .bss           0x00000000        0x0 .\CortexM0\ARM_GCC_473\Debug\i2ctest.a(cyfitter_cfg.o)
 .text.CYCONFIGCPY
                0x00000000       0x24 .\CortexM0\ARM_GCC_473\Debug\i2ctest.a(cyfitter_cfg.o)
 .text          0x00000000        0x0 .\CortexM0\ARM_GCC_473\Debug\i2ctest.a(I2C_1.o)
 .data          0x00000000        0x0 .\CortexM0\ARM_GCC_473\Debug\i2ctest.a(I2C_1.o)
 .text.I2C_1_Stop
                0x00000000       0x28 .\CortexM0\ARM_GCC_473\Debug\i2ctest.a(I2C_1.o)
 .text.I2C_1_SetCustomInterruptHandler
                0x00000000       0x18 .\CortexM0\ARM_GCC_473\Debug\i2ctest.a(I2C_1.o)
 .text.I2C_1_ScbModeStop
                0x00000000        0xc .\CortexM0\ARM_GCC_473\Debug\i2ctest.a(I2C_1.o)
 .text          0x00000000        0x0 .\CortexM0\ARM_GCC_473\Debug\i2ctest.a(I2C_1_I2C.o)
 .data          0x00000000        0x0 .\CortexM0\ARM_GCC_473\Debug\i2ctest.a(I2C_1_I2C.o)
 .bss           0x00000000        0x0 .\CortexM0\ARM_GCC_473\Debug\i2ctest.a(I2C_1_I2C.o)
 .text.I2C_1_I2CStop
                0x00000000       0x24 .\CortexM0\ARM_GCC_473\Debug\i2ctest.a(I2C_1_I2C.o)
 .text          0x00000000        0x0 .\CortexM0\ARM_GCC_473\Debug\i2ctest.a(I2C_1_I2C_MASTER.o)
 .data          0x00000000        0x0 .\CortexM0\ARM_GCC_473\Debug\i2ctest.a(I2C_1_I2C_MASTER.o)
 .bss           0x00000000        0x0 .\CortexM0\ARM_GCC_473\Debug\i2ctest.a(I2C_1_I2C_MASTER.o)
 .text.I2C_1_I2CMasterWriteBuf
                0x00000000      0x11c .\CortexM0\ARM_GCC_473\Debug\i2ctest.a(I2C_1_I2C_MASTER.o)
 .text.I2C_1_I2CMasterReadBuf
                0x00000000      0x12c .\CortexM0\ARM_GCC_473\Debug\i2ctest.a(I2C_1_I2C_MASTER.o)
 .text.I2C_1_I2CMasterSendRestart
                0x00000000      0x108 .\CortexM0\ARM_GCC_473\Debug\i2ctest.a(I2C_1_I2C_MASTER.o)
 .text.I2C_1_I2CMasterGetReadBufSize
                0x00000000       0x14 .\CortexM0\ARM_GCC_473\Debug\i2ctest.a(I2C_1_I2C_MASTER.o)
 .text.I2C_1_I2CMasterGetWriteBufSize
                0x00000000       0x14 .\CortexM0\ARM_GCC_473\Debug\i2ctest.a(I2C_1_I2C_MASTER.o)
 .text.I2C_1_I2CMasterClearReadBuf
                0x00000000       0x28 .\CortexM0\ARM_GCC_473\Debug\i2ctest.a(I2C_1_I2C_MASTER.o)
 .text.I2C_1_I2CMasterClearWriteBuf
                0x00000000       0x28 .\CortexM0\ARM_GCC_473\Debug\i2ctest.a(I2C_1_I2C_MASTER.o)
 .text.I2C_1_I2CMasterStatus
                0x00000000       0x38 .\CortexM0\ARM_GCC_473\Debug\i2ctest.a(I2C_1_I2C_MASTER.o)
 .text.I2C_1_I2CMasterClearStatus
                0x00000000       0x24 .\CortexM0\ARM_GCC_473\Debug\i2ctest.a(I2C_1_I2C_MASTER.o)
 .text.I2C_1_I2CReStartGeneration
                0x00000000       0xb0 .\CortexM0\ARM_GCC_473\Debug\i2ctest.a(I2C_1_I2C_MASTER.o)
 .text          0x00000000        0x0 .\CortexM0\ARM_GCC_473\Debug\i2ctest.a(I2C_1_sda.o)
 .data          0x00000000        0x0 .\CortexM0\ARM_GCC_473\Debug\i2ctest.a(I2C_1_sda.o)
 .bss           0x00000000        0x0 .\CortexM0\ARM_GCC_473\Debug\i2ctest.a(I2C_1_sda.o)
 .text.I2C_1_sda_Write
                0x00000000       0x4c .\CortexM0\ARM_GCC_473\Debug\i2ctest.a(I2C_1_sda.o)
 .text.I2C_1_sda_SetDriveMode
                0x00000000       0x30 .\CortexM0\ARM_GCC_473\Debug\i2ctest.a(I2C_1_sda.o)
 .text.I2C_1_sda_Read
                0x00000000       0x1c .\CortexM0\ARM_GCC_473\Debug\i2ctest.a(I2C_1_sda.o)
 .text.I2C_1_sda_ReadDataReg
                0x00000000       0x1c .\CortexM0\ARM_GCC_473\Debug\i2ctest.a(I2C_1_sda.o)
 .text.I2C_1_sda_ClearInterrupt
                0x00000000       0x30 .\CortexM0\ARM_GCC_473\Debug\i2ctest.a(I2C_1_sda.o)
 .text          0x00000000        0x0 .\CortexM0\ARM_GCC_473\Debug\i2ctest.a(I2C_1_scl.o)
 .data          0x00000000        0x0 .\CortexM0\ARM_GCC_473\Debug\i2ctest.a(I2C_1_scl.o)
 .bss           0x00000000        0x0 .\CortexM0\ARM_GCC_473\Debug\i2ctest.a(I2C_1_scl.o)
 .text.I2C_1_scl_Write
                0x00000000       0x48 .\CortexM0\ARM_GCC_473\Debug\i2ctest.a(I2C_1_scl.o)
 .text.I2C_1_scl_SetDriveMode
                0x00000000       0x2c .\CortexM0\ARM_GCC_473\Debug\i2ctest.a(I2C_1_scl.o)
 .text.I2C_1_scl_Read
                0x00000000       0x1c .\CortexM0\ARM_GCC_473\Debug\i2ctest.a(I2C_1_scl.o)
 .text.I2C_1_scl_ReadDataReg
                0x00000000       0x1c .\CortexM0\ARM_GCC_473\Debug\i2ctest.a(I2C_1_scl.o)
 .text.I2C_1_scl_ClearInterrupt
                0x00000000       0x2c .\CortexM0\ARM_GCC_473\Debug\i2ctest.a(I2C_1_scl.o)
 .data          0x00000000        0x0 .\CortexM0\ARM_GCC_473\Debug\i2ctest.a(CyBootAsmGnu.o)
 .bss           0x00000000        0x0 .\CortexM0\ARM_GCC_473\Debug\i2ctest.a(CyBootAsmGnu.o)
 .text          0x00000000        0x0 .\CortexM0\ARM_GCC_473\Debug\i2ctest.a(CyLib.o)
 .bss           0x00000000        0x0 .\CortexM0\ARM_GCC_473\Debug\i2ctest.a(CyLib.o)
 .text.CySysClkImoStart
                0x00000000       0x1c .\CortexM0\ARM_GCC_473\Debug\i2ctest.a(CyLib.o)
 .text.CySysClkImoStop
                0x00000000       0x18 .\CortexM0\ARM_GCC_473\Debug\i2ctest.a(CyLib.o)
 .text.CySysClkIloStart
                0x00000000       0x1c .\CortexM0\ARM_GCC_473\Debug\i2ctest.a(CyLib.o)
 .text.CySysClkIloStop
                0x00000000       0x18 .\CortexM0\ARM_GCC_473\Debug\i2ctest.a(CyLib.o)
 .text.CySysClkWriteHfclkDirect
                0x00000000       0x44 .\CortexM0\ARM_GCC_473\Debug\i2ctest.a(CyLib.o)
 .text.CySysClkWriteSysclkDiv
                0x00000000       0x44 .\CortexM0\ARM_GCC_473\Debug\i2ctest.a(CyLib.o)
 .text.CySysClkWriteImoFreq
                0x00000000      0x200 .\CortexM0\ARM_GCC_473\Debug\i2ctest.a(CyLib.o)
 .text.CySysWdtLock
                0x00000000       0x44 .\CortexM0\ARM_GCC_473\Debug\i2ctest.a(CyLib.o)
 .text.CySysWdtUnlock
                0x00000000       0x5c .\CortexM0\ARM_GCC_473\Debug\i2ctest.a(CyLib.o)
 .text.CySysWdtReadEnabledStatus
                0x00000000       0x30 .\CortexM0\ARM_GCC_473\Debug\i2ctest.a(CyLib.o)
 .text.CySysWdtWriteMode
                0x00000000       0x70 .\CortexM0\ARM_GCC_473\Debug\i2ctest.a(CyLib.o)
 .text.CySysWdtReadMode
                0x00000000       0x24 .\CortexM0\ARM_GCC_473\Debug\i2ctest.a(CyLib.o)
 .text.CySysWdtWriteClearOnMatch
                0x00000000       0x68 .\CortexM0\ARM_GCC_473\Debug\i2ctest.a(CyLib.o)
 .text.CySysWdtReadClearOnMatch
                0x00000000       0x40 .\CortexM0\ARM_GCC_473\Debug\i2ctest.a(CyLib.o)
 .text.CySysWdtEnable
                0x00000000       0x30 .\CortexM0\ARM_GCC_473\Debug\i2ctest.a(CyLib.o)
 .text.CySysWdtDisable
                0x00000000       0x30 .\CortexM0\ARM_GCC_473\Debug\i2ctest.a(CyLib.o)
 .text.CySysWdtWriteCascade
                0x00000000       0x68 .\CortexM0\ARM_GCC_473\Debug\i2ctest.a(CyLib.o)
 .text.CySysWdtReadCascade
                0x00000000       0x1c .\CortexM0\ARM_GCC_473\Debug\i2ctest.a(CyLib.o)
 .text.CySysWdtWriteMatch
                0x00000000       0x74 .\CortexM0\ARM_GCC_473\Debug\i2ctest.a(CyLib.o)
 .text.CySysWdtWriteToggleBit
                0x00000000       0x54 .\CortexM0\ARM_GCC_473\Debug\i2ctest.a(CyLib.o)
 .text.CySysWdtReadToggleBit
                0x00000000       0x18 .\CortexM0\ARM_GCC_473\Debug\i2ctest.a(CyLib.o)
 .text.CySysWdtReadMatch
                0x00000000       0x44 .\CortexM0\ARM_GCC_473\Debug\i2ctest.a(CyLib.o)
 .text.CySysWdtReadCount
                0x00000000       0x54 .\CortexM0\ARM_GCC_473\Debug\i2ctest.a(CyLib.o)
 .text.CySysWdtGetInterruptSource
                0x00000000       0x1c .\CortexM0\ARM_GCC_473\Debug\i2ctest.a(CyLib.o)
 .text.CySysWdtClearInterrupt
                0x00000000       0xb8 .\CortexM0\ARM_GCC_473\Debug\i2ctest.a(CyLib.o)
 .text.CySysWdtResetCounters
                0x00000000       0x38 .\CortexM0\ARM_GCC_473\Debug\i2ctest.a(CyLib.o)
 .text.CySysLvdEnable
                0x00000000       0x48 .\CortexM0\ARM_GCC_473\Debug\i2ctest.a(CyLib.o)
 .text.CySysLvdDisable
                0x00000000       0x28 .\CortexM0\ARM_GCC_473\Debug\i2ctest.a(CyLib.o)
 .text.CySysLvdGetInterruptSource
                0x00000000       0x18 .\CortexM0\ARM_GCC_473\Debug\i2ctest.a(CyLib.o)
 .text.CySysLvdClearInterrupt
                0x00000000       0x14 .\CortexM0\ARM_GCC_473\Debug\i2ctest.a(CyLib.o)
 .text.CySysGetResetReason
                0x00000000       0x30 .\CortexM0\ARM_GCC_473\Debug\i2ctest.a(CyLib.o)
 .text.CyDisableInts
                0x00000000       0x24 .\CortexM0\ARM_GCC_473\Debug\i2ctest.a(CyLib.o)
 .text.CyEnableInts
                0x00000000       0x18 .\CortexM0\ARM_GCC_473\Debug\i2ctest.a(CyLib.o)
 .text.CyIntSetSysVector
                0x00000000       0x48 .\CortexM0\ARM_GCC_473\Debug\i2ctest.a(CyLib.o)
 .text.CyIntGetSysVector
                0x00000000       0x34 .\CortexM0\ARM_GCC_473\Debug\i2ctest.a(CyLib.o)
 .text.CyIntGetVector
                0x00000000       0x38 .\CortexM0\ARM_GCC_473\Debug\i2ctest.a(CyLib.o)
 .text.CyIntGetPriority
                0x00000000       0x58 .\CortexM0\ARM_GCC_473\Debug\i2ctest.a(CyLib.o)
 .text.CyIntGetState
                0x00000000       0x34 .\CortexM0\ARM_GCC_473\Debug\i2ctest.a(CyLib.o)
 .text.CyIntSetPending
                0x00000000       0x2c .\CortexM0\ARM_GCC_473\Debug\i2ctest.a(CyLib.o)
 .text.CyIntClearPending
                0x00000000       0x2c .\CortexM0\ARM_GCC_473\Debug\i2ctest.a(CyLib.o)
 .text.CySoftwareReset
                0x00000000       0x20 .\CortexM0\ARM_GCC_473\Debug\i2ctest.a(CyLib.o)
 .text.CyDelayFreq
                0x00000000       0x80 .\CortexM0\ARM_GCC_473\Debug\i2ctest.a(CyLib.o)
 .rodata        0x00000000       0x30 .\CortexM0\ARM_GCC_473\Debug\i2ctest.a(CyLib.o)
 .text          0x00000000        0x0 .\CortexM0\ARM_GCC_473\Debug\i2ctest.a(UART_PC.o)
 .data          0x00000000        0x0 .\CortexM0\ARM_GCC_473\Debug\i2ctest.a(UART_PC.o)
 .text.UART_PC_Stop
                0x00000000       0x1c .\CortexM0\ARM_GCC_473\Debug\i2ctest.a(UART_PC.o)
 .text.UART_PC_SetCustomInterruptHandler
                0x00000000       0x18 .\CortexM0\ARM_GCC_473\Debug\i2ctest.a(UART_PC.o)
 .text.UART_PC_ScbModeStop
                0x00000000        0x8 .\CortexM0\ARM_GCC_473\Debug\i2ctest.a(UART_PC.o)
 .text          0x00000000        0x0 .\CortexM0\ARM_GCC_473\Debug\i2ctest.a(UART_PC_SPI_UART.o)
 .data          0x00000000        0x0 .\CortexM0\ARM_GCC_473\Debug\i2ctest.a(UART_PC_SPI_UART.o)
 .bss           0x00000000        0x0 .\CortexM0\ARM_GCC_473\Debug\i2ctest.a(UART_PC_SPI_UART.o)
 .text.UART_PC_SpiUartReadRxData
                0x00000000       0x20 .\CortexM0\ARM_GCC_473\Debug\i2ctest.a(UART_PC_SPI_UART.o)
 .text.UART_PC_SpiUartGetRxBufferSize
                0x00000000       0x20 .\CortexM0\ARM_GCC_473\Debug\i2ctest.a(UART_PC_SPI_UART.o)
 .text.UART_PC_SpiUartClearRxBuffer
                0x00000000       0x2c .\CortexM0\ARM_GCC_473\Debug\i2ctest.a(UART_PC_SPI_UART.o)
 .text.UART_PC_SpiUartPutArray
                0x00000000       0x34 .\CortexM0\ARM_GCC_473\Debug\i2ctest.a(UART_PC_SPI_UART.o)
 .text.UART_PC_SpiUartGetTxBufferSize
                0x00000000       0x20 .\CortexM0\ARM_GCC_473\Debug\i2ctest.a(UART_PC_SPI_UART.o)
 .text.UART_PC_SpiUartClearTxBuffer
                0x00000000       0x2c .\CortexM0\ARM_GCC_473\Debug\i2ctest.a(UART_PC_SPI_UART.o)
 .text.UART_PC_SpiUartDisableIntRx
                0x00000000       0x20 .\CortexM0\ARM_GCC_473\Debug\i2ctest.a(UART_PC_SPI_UART.o)
 .text.UART_PC_SpiUartDisableIntTx
                0x00000000       0x20 .\CortexM0\ARM_GCC_473\Debug\i2ctest.a(UART_PC_SPI_UART.o)
 .text          0x00000000        0x0 .\CortexM0\ARM_GCC_473\Debug\i2ctest.a(UART_PC_UART.o)
 .data          0x00000000        0x0 .\CortexM0\ARM_GCC_473\Debug\i2ctest.a(UART_PC_UART.o)
 .bss           0x00000000        0x0 .\CortexM0\ARM_GCC_473\Debug\i2ctest.a(UART_PC_UART.o)
 .text.UART_PC_UartSetRxAddress
                0x00000000       0x34 .\CortexM0\ARM_GCC_473\Debug\i2ctest.a(UART_PC_UART.o)
 .text.UART_PC_UartSetRxAddressMask
                0x00000000       0x34 .\CortexM0\ARM_GCC_473\Debug\i2ctest.a(UART_PC_UART.o)
 .text.UART_PC_UartGetChar
                0x00000000       0x44 .\CortexM0\ARM_GCC_473\Debug\i2ctest.a(UART_PC_UART.o)
 .text.UART_PC_UartGetByte
                0x00000000       0x68 .\CortexM0\ARM_GCC_473\Debug\i2ctest.a(UART_PC_UART.o)
 .text.UART_PC_UartPutCRLF
                0x00000000       0x24 .\CortexM0\ARM_GCC_473\Debug\i2ctest.a(UART_PC_UART.o)
 .text          0x00000000        0x0 .\CortexM0\ARM_GCC_473\Debug\i2ctest.a(UART_GPS.o)
 .data          0x00000000        0x0 .\CortexM0\ARM_GCC_473\Debug\i2ctest.a(UART_GPS.o)
 .text.UART_GPS_Stop
                0x00000000       0x60 .\CortexM0\ARM_GCC_473\Debug\i2ctest.a(UART_GPS.o)
 .text.UART_GPS_ReadControlRegister
                0x00000000        0xc .\CortexM0\ARM_GCC_473\Debug\i2ctest.a(UART_GPS.o)
 .text.UART_GPS_WriteControlRegister
                0x00000000       0x14 .\CortexM0\ARM_GCC_473\Debug\i2ctest.a(UART_GPS.o)
 .text.UART_GPS_SetRxInterruptMode
                0x00000000       0x20 .\CortexM0\ARM_GCC_473\Debug\i2ctest.a(UART_GPS.o)
 .text.UART_GPS_ReadRxStatus
                0x00000000       0x24 .\CortexM0\ARM_GCC_473\Debug\i2ctest.a(UART_GPS.o)
 .text.UART_GPS_GetChar
                0x00000000       0x4c .\CortexM0\ARM_GCC_473\Debug\i2ctest.a(UART_GPS.o)
 .text.UART_GPS_GetByte
                0x00000000       0x24 .\CortexM0\ARM_GCC_473\Debug\i2ctest.a(UART_GPS.o)
 .text.UART_GPS_ClearRxBuffer
                0x00000000       0x44 .\CortexM0\ARM_GCC_473\Debug\i2ctest.a(UART_GPS.o)
 .text.UART_GPS_SetRxAddressMode
                0x00000000       0x14 .\CortexM0\ARM_GCC_473\Debug\i2ctest.a(UART_GPS.o)
 .text.UART_GPS_SetRxAddress1
                0x00000000       0x20 .\CortexM0\ARM_GCC_473\Debug\i2ctest.a(UART_GPS.o)
 .text.UART_GPS_SetRxAddress2
                0x00000000       0x20 .\CortexM0\ARM_GCC_473\Debug\i2ctest.a(UART_GPS.o)
 .text.UART_GPS_SetTxInterruptMode
                0x00000000       0x20 .\CortexM0\ARM_GCC_473\Debug\i2ctest.a(UART_GPS.o)
 .text.UART_GPS_WriteTxData
                0x00000000       0x2c .\CortexM0\ARM_GCC_473\Debug\i2ctest.a(UART_GPS.o)
 .text.UART_GPS_ReadTxStatus
                0x00000000       0x14 .\CortexM0\ARM_GCC_473\Debug\i2ctest.a(UART_GPS.o)
 .text.UART_GPS_PutArray
                0x00000000       0x58 .\CortexM0\ARM_GCC_473\Debug\i2ctest.a(UART_GPS.o)
 .text.UART_GPS_PutCRLF
                0x00000000       0x34 .\CortexM0\ARM_GCC_473\Debug\i2ctest.a(UART_GPS.o)
 .text.UART_GPS_GetTxBufferSize
                0x00000000       0x48 .\CortexM0\ARM_GCC_473\Debug\i2ctest.a(UART_GPS.o)
 .text.UART_GPS_ClearTxBuffer
                0x00000000       0x44 .\CortexM0\ARM_GCC_473\Debug\i2ctest.a(UART_GPS.o)
 .text.UART_GPS_SendBreak
                0x00000000       0xb8 .\CortexM0\ARM_GCC_473\Debug\i2ctest.a(UART_GPS.o)
 .text.UART_GPS_SetTxAddressMode
                0x00000000       0x14 .\CortexM0\ARM_GCC_473\Debug\i2ctest.a(UART_GPS.o)
 .text          0x00000000        0x0 .\CortexM0\ARM_GCC_473\Debug\i2ctest.a(UART_GPS_IntClock.o)
 .data          0x00000000        0x0 .\CortexM0\ARM_GCC_473\Debug\i2ctest.a(UART_GPS_IntClock.o)
 .bss           0x00000000        0x0 .\CortexM0\ARM_GCC_473\Debug\i2ctest.a(UART_GPS_IntClock.o)
 .text.UART_GPS_IntClock_Stop
                0x00000000       0x18 .\CortexM0\ARM_GCC_473\Debug\i2ctest.a(UART_GPS_IntClock.o)
 .text.UART_GPS_IntClock_SetFractionalDividerRegister
                0x00000000       0x38 .\CortexM0\ARM_GCC_473\Debug\i2ctest.a(UART_GPS_IntClock.o)
 .text.UART_GPS_IntClock_GetDividerRegister
                0x00000000       0x14 .\CortexM0\ARM_GCC_473\Debug\i2ctest.a(UART_GPS_IntClock.o)
 .text.UART_GPS_IntClock_GetFractionalDividerRegister
                0x00000000        0xc .\CortexM0\ARM_GCC_473\Debug\i2ctest.a(UART_GPS_IntClock.o)
 .text          0x00000000        0x0 .\CortexM0\ARM_GCC_473\Debug\i2ctest.a(I2C_1_I2C_INT.o)
 .data          0x00000000        0x0 .\CortexM0\ARM_GCC_473\Debug\i2ctest.a(I2C_1_I2C_INT.o)
 .bss           0x00000000        0x0 .\CortexM0\ARM_GCC_473\Debug\i2ctest.a(I2C_1_I2C_INT.o)
 .text          0x00000000       0x9c c:/program files (x86)/cypress/psoc creator/3.0/psoc creator/import/gnu_cs/arm/4.7.3/bin/../lib/gcc/arm-none-eabi/4.7.3/armv6-m\libgcc.a(_udivsi3.o)
 .data          0x00000000        0x0 c:/program files (x86)/cypress/psoc creator/3.0/psoc creator/import/gnu_cs/arm/4.7.3/bin/../lib/gcc/arm-none-eabi/4.7.3/armv6-m\libgcc.a(_udivsi3.o)
 .bss           0x00000000        0x0 c:/program files (x86)/cypress/psoc creator/3.0/psoc creator/import/gnu_cs/arm/4.7.3/bin/../lib/gcc/arm-none-eabi/4.7.3/armv6-m\libgcc.a(_udivsi3.o)
 .data          0x00000000        0x0 c:/program files (x86)/cypress/psoc creator/3.0/psoc creator/import/gnu_cs/arm/4.7.3/bin/../lib/gcc/arm-none-eabi/4.7.3/armv6-m\libgcc.a(_divsi3.o)
 .bss           0x00000000        0x0 c:/program files (x86)/cypress/psoc creator/3.0/psoc creator/import/gnu_cs/arm/4.7.3/bin/../lib/gcc/arm-none-eabi/4.7.3/armv6-m\libgcc.a(_divsi3.o)
 .data          0x00000000        0x0 c:/program files (x86)/cypress/psoc creator/3.0/psoc creator/import/gnu_cs/arm/4.7.3/bin/../lib/gcc/arm-none-eabi/4.7.3/armv6-m\libgcc.a(_dvmd_tls.o)
 .bss           0x00000000        0x0 c:/program files (x86)/cypress/psoc creator/3.0/psoc creator/import/gnu_cs/arm/4.7.3/bin/../lib/gcc/arm-none-eabi/4.7.3/armv6-m\libgcc.a(_dvmd_tls.o)
 .text          0x00000000        0x0 c:/program files (x86)/cypress/psoc creator/3.0/psoc creator/import/gnu_cs/arm/4.7.3/bin/../lib/gcc/arm-none-eabi/4.7.3/../../../../arm-none-eabi/lib/armv6-m\libc_s.a(lib_a-__atexit2.o)
 .data          0x00000000        0x0 c:/program files (x86)/cypress/psoc creator/3.0/psoc creator/import/gnu_cs/arm/4.7.3/bin/../lib/gcc/arm-none-eabi/4.7.3/../../../../arm-none-eabi/lib/armv6-m\libc_s.a(lib_a-__atexit2.o)
 .bss           0x00000000        0x0 c:/program files (x86)/cypress/psoc creator/3.0/psoc creator/import/gnu_cs/arm/4.7.3/bin/../lib/gcc/arm-none-eabi/4.7.3/../../../../arm-none-eabi/lib/armv6-m\libc_s.a(lib_a-__atexit2.o)
 .text.__register_exitproc
                0x00000000       0x18 c:/program files (x86)/cypress/psoc creator/3.0/psoc creator/import/gnu_cs/arm/4.7.3/bin/../lib/gcc/arm-none-eabi/4.7.3/../../../../arm-none-eabi/lib/armv6-m\libc_s.a(lib_a-__atexit2.o)
 .text          0x00000000        0x0 c:/program files (x86)/cypress/psoc creator/3.0/psoc creator/import/gnu_cs/arm/4.7.3/bin/../lib/gcc/arm-none-eabi/4.7.3/../../../../arm-none-eabi/lib/armv6-m\libc_s.a(lib_a-exit.o)
 .data          0x00000000        0x0 c:/program files (x86)/cypress/psoc creator/3.0/psoc creator/import/gnu_cs/arm/4.7.3/bin/../lib/gcc/arm-none-eabi/4.7.3/../../../../arm-none-eabi/lib/armv6-m\libc_s.a(lib_a-exit.o)
 .bss           0x00000000        0x0 c:/program files (x86)/cypress/psoc creator/3.0/psoc creator/import/gnu_cs/arm/4.7.3/bin/../lib/gcc/arm-none-eabi/4.7.3/../../../../arm-none-eabi/lib/armv6-m\libc_s.a(lib_a-exit.o)
 .text.exit     0x00000000       0x30 c:/program files (x86)/cypress/psoc creator/3.0/psoc creator/import/gnu_cs/arm/4.7.3/bin/../lib/gcc/arm-none-eabi/4.7.3/../../../../arm-none-eabi/lib/armv6-m\libc_s.a(lib_a-exit.o)
 .text          0x00000000        0x0 c:/program files (x86)/cypress/psoc creator/3.0/psoc creator/import/gnu_cs/arm/4.7.3/bin/../lib/gcc/arm-none-eabi/4.7.3/../../../../arm-none-eabi/lib/armv6-m\libc_s.a(lib_a-fini.o)
 .data          0x00000000        0x0 c:/program files (x86)/cypress/psoc creator/3.0/psoc creator/import/gnu_cs/arm/4.7.3/bin/../lib/gcc/arm-none-eabi/4.7.3/../../../../arm-none-eabi/lib/armv6-m\libc_s.a(lib_a-fini.o)
 .bss           0x00000000        0x0 c:/program files (x86)/cypress/psoc creator/3.0/psoc creator/import/gnu_cs/arm/4.7.3/bin/../lib/gcc/arm-none-eabi/4.7.3/../../../../arm-none-eabi/lib/armv6-m\libc_s.a(lib_a-fini.o)
 .text.__libc_fini_array
                0x00000000       0x2c c:/program files (x86)/cypress/psoc creator/3.0/psoc creator/import/gnu_cs/arm/4.7.3/bin/../lib/gcc/arm-none-eabi/4.7.3/../../../../arm-none-eabi/lib/armv6-m\libc_s.a(lib_a-fini.o)
 .text          0x00000000        0x0 c:/program files (x86)/cypress/psoc creator/3.0/psoc creator/import/gnu_cs/arm/4.7.3/bin/../lib/gcc/arm-none-eabi/4.7.3/../../../../arm-none-eabi/lib/armv6-m\libc_s.a(lib_a-impure.o)
 .data          0x00000000        0x0 c:/program files (x86)/cypress/psoc creator/3.0/psoc creator/import/gnu_cs/arm/4.7.3/bin/../lib/gcc/arm-none-eabi/4.7.3/../../../../arm-none-eabi/lib/armv6-m\libc_s.a(lib_a-impure.o)
 .bss           0x00000000        0x0 c:/program files (x86)/cypress/psoc creator/3.0/psoc creator/import/gnu_cs/arm/4.7.3/bin/../lib/gcc/arm-none-eabi/4.7.3/../../../../arm-none-eabi/lib/armv6-m\libc_s.a(lib_a-impure.o)
 .data.impure_data
                0x00000000       0x64 c:/program files (x86)/cypress/psoc creator/3.0/psoc creator/import/gnu_cs/arm/4.7.3/bin/../lib/gcc/arm-none-eabi/4.7.3/../../../../arm-none-eabi/lib/armv6-m\libc_s.a(lib_a-impure.o)
 .data._impure_ptr
                0x00000000        0x4 c:/program files (x86)/cypress/psoc creator/3.0/psoc creator/import/gnu_cs/arm/4.7.3/bin/../lib/gcc/arm-none-eabi/4.7.3/../../../../arm-none-eabi/lib/armv6-m\libc_s.a(lib_a-impure.o)
 .rodata.str1.1
                0x00000000        0x2 c:/program files (x86)/cypress/psoc creator/3.0/psoc creator/import/gnu_cs/arm/4.7.3/bin/../lib/gcc/arm-none-eabi/4.7.3/../../../../arm-none-eabi/lib/armv6-m\libc_s.a(lib_a-impure.o)
 .rodata._global_impure_ptr
                0x00000000        0x4 c:/program files (x86)/cypress/psoc creator/3.0/psoc creator/import/gnu_cs/arm/4.7.3/bin/../lib/gcc/arm-none-eabi/4.7.3/../../../../arm-none-eabi/lib/armv6-m\libc_s.a(lib_a-impure.o)
 .text          0x00000000        0x0 c:/program files (x86)/cypress/psoc creator/3.0/psoc creator/import/gnu_cs/arm/4.7.3/bin/../lib/gcc/arm-none-eabi/4.7.3/../../../../arm-none-eabi/lib/armv6-m\libc_s.a(lib_a-init.o)
 .data          0x00000000        0x0 c:/program files (x86)/cypress/psoc creator/3.0/psoc creator/import/gnu_cs/arm/4.7.3/bin/../lib/gcc/arm-none-eabi/4.7.3/../../../../arm-none-eabi/lib/armv6-m\libc_s.a(lib_a-init.o)
 .bss           0x00000000        0x0 c:/program files (x86)/cypress/psoc creator/3.0/psoc creator/import/gnu_cs/arm/4.7.3/bin/../lib/gcc/arm-none-eabi/4.7.3/../../../../arm-none-eabi/lib/armv6-m\libc_s.a(lib_a-init.o)
 .text          0x00000000        0x0 c:/program files (x86)/cypress/psoc creator/3.0/psoc creator/import/gnu_cs/arm/4.7.3/bin/../lib/gcc/arm-none-eabi/4.7.3/../../../../arm-none-eabi/lib/armv6-m\libc_s.a(lib_a-memcpy.o)
 .data          0x00000000        0x0 c:/program files (x86)/cypress/psoc creator/3.0/psoc creator/import/gnu_cs/arm/4.7.3/bin/../lib/gcc/arm-none-eabi/4.7.3/../../../../arm-none-eabi/lib/armv6-m\libc_s.a(lib_a-memcpy.o)
 .bss           0x00000000        0x0 c:/program files (x86)/cypress/psoc creator/3.0/psoc creator/import/gnu_cs/arm/4.7.3/bin/../lib/gcc/arm-none-eabi/4.7.3/../../../../arm-none-eabi/lib/armv6-m\libc_s.a(lib_a-memcpy.o)
 .text          0x00000000        0x0 c:/program files (x86)/cypress/psoc creator/3.0/psoc creator/import/gnu_cs/arm/4.7.3/bin/../lib/gcc/arm-none-eabi/4.7.3/../../../../arm-none-eabi/lib/armv6-m\libc_s.a(lib_a-memset.o)
 .data          0x00000000        0x0 c:/program files (x86)/cypress/psoc creator/3.0/psoc creator/import/gnu_cs/arm/4.7.3/bin/../lib/gcc/arm-none-eabi/4.7.3/../../../../arm-none-eabi/lib/armv6-m\libc_s.a(lib_a-memset.o)
 .bss           0x00000000        0x0 c:/program files (x86)/cypress/psoc creator/3.0/psoc creator/import/gnu_cs/arm/4.7.3/bin/../lib/gcc/arm-none-eabi/4.7.3/../../../../arm-none-eabi/lib/armv6-m\libc_s.a(lib_a-memset.o)
 .text          0x00000000        0x0 c:/program files (x86)/cypress/psoc creator/3.0/psoc creator/import/gnu_cs/arm/4.7.3/bin/../lib/gcc/arm-none-eabi/4.7.3/armv6-m/crtend.o
 .data          0x00000000        0x0 c:/program files (x86)/cypress/psoc creator/3.0/psoc creator/import/gnu_cs/arm/4.7.3/bin/../lib/gcc/arm-none-eabi/4.7.3/armv6-m/crtend.o
 .bss           0x00000000        0x0 c:/program files (x86)/cypress/psoc creator/3.0/psoc creator/import/gnu_cs/arm/4.7.3/bin/../lib/gcc/arm-none-eabi/4.7.3/armv6-m/crtend.o
 .text          0x00000000        0x0 c:/program files (x86)/cypress/psoc creator/3.0/psoc creator/import/gnu_cs/arm/4.7.3/bin/../lib/gcc/arm-none-eabi/4.7.3/armv6-m/crtn.o
 .data          0x00000000        0x0 c:/program files (x86)/cypress/psoc creator/3.0/psoc creator/import/gnu_cs/arm/4.7.3/bin/../lib/gcc/arm-none-eabi/4.7.3/armv6-m/crtn.o
 .bss           0x00000000        0x0 c:/program files (x86)/cypress/psoc creator/3.0/psoc creator/import/gnu_cs/arm/4.7.3/bin/../lib/gcc/arm-none-eabi/4.7.3/armv6-m/crtn.o

Memory Configuration

Name             Origin             Length             Attributes
rom              0x00000000         0x00008000         xr
ram              0x20000000         0x00001000         xrw
*default*        0x00000000         0xffffffff

Linker script and memory map

LOAD c:/program files (x86)/cypress/psoc creator/3.0/psoc creator/import/gnu_cs/arm/4.7.3/bin/../lib/gcc/arm-none-eabi/4.7.3/armv6-m/crti.o
LOAD c:/program files (x86)/cypress/psoc creator/3.0/psoc creator/import/gnu_cs/arm/4.7.3/bin/../lib/gcc/arm-none-eabi/4.7.3/armv6-m/crtbegin.o
LOAD c:/program files (x86)/cypress/psoc creator/3.0/psoc creator/import/gnu_cs/arm/4.7.3/bin/../lib/gcc/arm-none-eabi/4.7.3/../../../../arm-none-eabi/lib/armv6-m/crt0.o
START GROUP
LOAD .\CortexM0\ARM_GCC_473\Debug\main.o
LOAD .\CortexM0\ARM_GCC_473\Debug\cymetadata.o
LOAD .\CortexM0\ARM_GCC_473\Debug\Cm0Start.o
LOAD .\CortexM0\ARM_GCC_473\Debug\i2ctest.a
LOAD C:\Program Files (x86)\Cypress\PSoC Creator\3.0\PSoC Creator\psoc\content\cycomponentlibrary\CyComponentLibrary.cylib\CortexM0\ARM_GCC_473\Debug\CyComponentLibrary.a
LOAD c:/program files (x86)/cypress/psoc creator/3.0/psoc creator/import/gnu_cs/arm/4.7.3/bin/../lib/gcc/arm-none-eabi/4.7.3/../../../../arm-none-eabi/lib/armv6-m\libm.a
END GROUP
START GROUP
LOAD c:/program files (x86)/cypress/psoc creator/3.0/psoc creator/import/gnu_cs/arm/4.7.3/bin/../lib/gcc/arm-none-eabi/4.7.3/armv6-m\libgcc.a
LOAD c:/program files (x86)/cypress/psoc creator/3.0/psoc creator/import/gnu_cs/arm/4.7.3/bin/../lib/gcc/arm-none-eabi/4.7.3/../../../../arm-none-eabi/lib/armv6-m\libc_s.a
END GROUP
LOAD c:/program files (x86)/cypress/psoc creator/3.0/psoc creator/import/gnu_cs/arm/4.7.3/bin/../lib/gcc/arm-none-eabi/4.7.3/armv6-m/crtend.o
LOAD c:/program files (x86)/cypress/psoc creator/3.0/psoc creator/import/gnu_cs/arm/4.7.3/bin/../lib/gcc/arm-none-eabi/4.7.3/armv6-m/crtn.o
START GROUP
LOAD c:/program files (x86)/cypress/psoc creator/3.0/psoc creator/import/gnu_cs/arm/4.7.3/bin/../lib/gcc/arm-none-eabi/4.7.3/armv6-m\libgcc.a
LOAD c:/program files (x86)/cypress/psoc creator/3.0/psoc creator/import/gnu_cs/arm/4.7.3/bin/../lib/gcc/arm-none-eabi/4.7.3/../../../../arm-none-eabi/lib/armv6-m\libc.a
LOAD c:/program files (x86)/cypress/psoc creator/3.0/psoc creator/import/gnu_cs/arm/4.7.3/bin/../lib/gcc/arm-none-eabi/4.7.3/../../../../arm-none-eabi/lib/armv6-m\libnosys.a
END GROUP
                0x00000000                CY_APPL_ORIGIN = 0x0
                0x00000080                CY_FLASH_ROW_SIZE = 0x80
                0x00000001                CY_APPL_NUM = 0x1
                0x00000040                CY_METADATA_SIZE = 0x40
                0x20000278                PROVIDE (__cy_heap_start, _end)
                0x00000001                PROVIDE (__cy_region_num, ((__cy_regions_end - __cy_regions) / 0x10))
                0x20001000                PROVIDE (__cy_stack, (ORIGIN (ram) + 0x1000))
                0x20000c00                PROVIDE (__cy_heap_end, (__cy_stack - 0x400))

.cybootloader   0x00000000        0x0
 *(.cybootloader)
                0x00000000                appl1_start = CY_APPL_ORIGIN?CY_APPL_ORIGIN:ALIGN (CY_FLASH_ROW_SIZE)
                0x00003f80                appl2_start = (appl1_start + ALIGN ((((0x8000 - appl1_start) - (0x2 * CY_FLASH_ROW_SIZE)) / 0x2), CY_FLASH_ROW_SIZE))
                0x00000000                appl_start = (CY_APPL_NUM == 0x1)?appl1_start:appl2_start

.text           0x00000000     0x1940
 CREATE_OBJECT_SYMBOLS
                0x00000000                PROVIDE (__cy_interrupt_vector, RomVectors)
 *(.romvectors)
 .romvectors    0x00000000       0x10 .\CortexM0\ARM_GCC_473\Debug\Cm0Start.o
                0x00000000                RomVectors
                0x00000001                ASSERT ((. != __cy_interrupt_vector), No interrupt vector)
                0x00000001                ASSERT (CY_APPL_ORIGIN?(SIZEOF (.cybootloader) <= CY_APPL_ORIGIN):0x1, Wrong image location)
                0x00000010                PROVIDE (__cy_reset, Reset)
 *(.text.Reset)
 .text.Reset    0x00000010        0x8 .\CortexM0\ARM_GCC_473\Debug\Cm0Start.o
                0x00000010                Reset
                0x00000001                ASSERT ((. != __cy_reset), No reset code)
 *(.psocinit)
 .psocinit      0x00000018      0x380 .\CortexM0\ARM_GCC_473\Debug\i2ctest.a(cyfitter_cfg.o)
                0x00000180                cyfitter_cfg
                0x00000398                . = MAX (., 0x100)
 *(.text .text.* .gnu.linkonce.t.*)
 .text          0x00000398       0x60 c:/program files (x86)/cypress/psoc creator/3.0/psoc creator/import/gnu_cs/arm/4.7.3/bin/../lib/gcc/arm-none-eabi/4.7.3/armv6-m/crtbegin.o
 .text.main     0x000003f8       0x74 .\CortexM0\ARM_GCC_473\Debug\main.o
                0x000003f8                main
 .text.readGPSData
                0x0000046c       0xc4 .\CortexM0\ARM_GCC_473\Debug\main.o
                0x0000046c                readGPSData
 .text.handleGPSData
                0x00000530       0xac .\CortexM0\ARM_GCC_473\Debug\main.o
                0x00000530                handleGPSData
 .text.compareGPSCMD
                0x000005dc       0x54 .\CortexM0\ARM_GCC_473\Debug\main.o
                0x000005dc                compareGPSCMD
 .text.resetGPSBuffer
                0x00000630       0x34 .\CortexM0\ARM_GCC_473\Debug\main.o
                0x00000630                resetGPSBuffer
 .text.DecodeByte
                0x00000664       0x24 .\CortexM0\ARM_GCC_473\Debug\main.o
                0x00000664                DecodeByte
 .text.GetDataFromNunChuck
                0x00000688       0xd8 .\CortexM0\ARM_GCC_473\Debug\main.o
                0x00000688                GetDataFromNunChuck
 .text.SendZero
                0x00000760       0x1c .\CortexM0\ARM_GCC_473\Debug\main.o
                0x00000760                SendZero
 .text.SendHandshake
                0x0000077c       0x38 .\CortexM0\ARM_GCC_473\Debug\main.o
                0x0000077c                SendHandshake
 .text.IntDefaultHandler
                0x000007b4        0x8 .\CortexM0\ARM_GCC_473\Debug\Cm0Start.o
                0x000007b4                IntDefaultHandler
 .text.Start_c  0x000007bc       0xa4 .\CortexM0\ARM_GCC_473\Debug\Cm0Start.o
                0x000007bc                Start_c
 .text.initialize_psoc
                0x00000860       0x64 .\CortexM0\ARM_GCC_473\Debug\Cm0Start.o
                0x00000860                initialize_psoc
 .text.CYMEMZERO
                0x000008c4       0x20 .\CortexM0\ARM_GCC_473\Debug\i2ctest.a(cyfitter_cfg.o)
 .text.CYCONFIGCPYCODE
                0x000008e4       0x24 .\CortexM0\ARM_GCC_473\Debug\i2ctest.a(cyfitter_cfg.o)
 .text.cfg_write_bytes32
                0x00000908       0x80 .\CortexM0\ARM_GCC_473\Debug\i2ctest.a(cyfitter_cfg.o)
 .text.AnalogSetDefault
                0x00000988        0x8 .\CortexM0\ARM_GCC_473\Debug\i2ctest.a(cyfitter_cfg.o)
 .text.I2C_1_Init
                0x00000990        0xc .\CortexM0\ARM_GCC_473\Debug\i2ctest.a(I2C_1.o)
                0x00000990                I2C_1_Init
 .text.I2C_1_Enable
                0x0000099c       0x20 .\CortexM0\ARM_GCC_473\Debug\i2ctest.a(I2C_1.o)
                0x0000099c                I2C_1_Enable
 .text.I2C_1_Start
                0x000009bc       0x24 .\CortexM0\ARM_GCC_473\Debug\i2ctest.a(I2C_1.o)
                0x000009bc                I2C_1_Start
 .text.I2C_1_ScbEnableIntr
                0x000009e0       0x10 .\CortexM0\ARM_GCC_473\Debug\i2ctest.a(I2C_1.o)
 .text.I2C_1_I2CInit
                0x000009f0       0xec .\CortexM0\ARM_GCC_473\Debug\i2ctest.a(I2C_1_I2C.o)
                0x000009f0                I2C_1_I2CInit
 .text.I2C_1_I2CMasterSendStart
                0x00000adc      0x110 .\CortexM0\ARM_GCC_473\Debug\i2ctest.a(I2C_1_I2C_MASTER.o)
                0x00000adc                I2C_1_I2CMasterSendStart
 .text.I2C_1_I2CMasterSendStop
                0x00000bec       0xbc .\CortexM0\ARM_GCC_473\Debug\i2ctest.a(I2C_1_I2C_MASTER.o)
                0x00000bec                I2C_1_I2CMasterSendStop
 .text.I2C_1_I2CMasterWriteByte
                0x00000ca8       0xcc .\CortexM0\ARM_GCC_473\Debug\i2ctest.a(I2C_1_I2C_MASTER.o)
                0x00000ca8                I2C_1_I2CMasterWriteByte
 .text.I2C_1_I2CMasterReadByte
                0x00000d74       0xac .\CortexM0\ARM_GCC_473\Debug\i2ctest.a(I2C_1_I2C_MASTER.o)
                0x00000d74                I2C_1_I2CMasterReadByte
 .text          0x00000e20       0x20 .\CortexM0\ARM_GCC_473\Debug\i2ctest.a(CyBootAsmGnu.o)
                0x00000e20                CyDelayCycles
                0x00000e32                CyEnterCriticalSection
                0x00000e3a                CyExitCriticalSection
 .text.CyIntSetVector
                0x00000e40       0x4c .\CortexM0\ARM_GCC_473\Debug\i2ctest.a(CyLib.o)
                0x00000e40                CyIntSetVector
 .text.CyIntSetPriority
                0x00000e8c       0xa8 .\CortexM0\ARM_GCC_473\Debug\i2ctest.a(CyLib.o)
                0x00000e8c                CyIntSetPriority
 .text.CyIntEnable
                0x00000f34       0x2c .\CortexM0\ARM_GCC_473\Debug\i2ctest.a(CyLib.o)
                0x00000f34                CyIntEnable
 .text.CyIntDisable
                0x00000f60       0x2c .\CortexM0\ARM_GCC_473\Debug\i2ctest.a(CyLib.o)
                0x00000f60                CyIntDisable
 .text.CyHalt   0x00000f8c       0x14 .\CortexM0\ARM_GCC_473\Debug\i2ctest.a(CyLib.o)
                0x00000f8c                CyHalt
 .text.CyDelay  0x00000fa0       0x48 .\CortexM0\ARM_GCC_473\Debug\i2ctest.a(CyLib.o)
                0x00000fa0                CyDelay
 .text.CyDelayUs
                0x00000fe8       0x28 .\CortexM0\ARM_GCC_473\Debug\i2ctest.a(CyLib.o)
                0x00000fe8                CyDelayUs
 .text.UART_PC_Init
                0x00001010        0xc .\CortexM0\ARM_GCC_473\Debug\i2ctest.a(UART_PC.o)
                0x00001010                UART_PC_Init
 .text.UART_PC_Enable
                0x0000101c       0x20 .\CortexM0\ARM_GCC_473\Debug\i2ctest.a(UART_PC.o)
                0x0000101c                UART_PC_Enable
 .text.UART_PC_Start
                0x0000103c       0x24 .\CortexM0\ARM_GCC_473\Debug\i2ctest.a(UART_PC.o)
                0x0000103c                UART_PC_Start
 .text.UART_PC_ScbEnableIntr
                0x00001060        0x8 .\CortexM0\ARM_GCC_473\Debug\i2ctest.a(UART_PC.o)
 .text.UART_PC_SpiUartWriteTxData
                0x00001068       0x2c .\CortexM0\ARM_GCC_473\Debug\i2ctest.a(UART_PC_SPI_UART.o)
                0x00001068                UART_PC_SpiUartWriteTxData
 .text.UART_PC_UartInit
                0x00001094       0xa8 .\CortexM0\ARM_GCC_473\Debug\i2ctest.a(UART_PC_UART.o)
                0x00001094                UART_PC_UartInit
 .text.UART_PC_UartPutString
                0x0000113c       0x34 .\CortexM0\ARM_GCC_473\Debug\i2ctest.a(UART_PC_UART.o)
                0x0000113c                UART_PC_UartPutString
 .text.UART_GPS_Start
                0x00001170       0x24 .\CortexM0\ARM_GCC_473\Debug\i2ctest.a(UART_GPS.o)
                0x00001170                UART_GPS_Start
 .text.UART_GPS_Init
                0x00001194       0x3c .\CortexM0\ARM_GCC_473\Debug\i2ctest.a(UART_GPS.o)
                0x00001194                UART_GPS_Init
 .text.UART_GPS_Enable
                0x000011d0       0x60 .\CortexM0\ARM_GCC_473\Debug\i2ctest.a(UART_GPS.o)
                0x000011d0                UART_GPS_Enable
 .text.UART_GPS_ReadRxData
                0x00001230       0x20 .\CortexM0\ARM_GCC_473\Debug\i2ctest.a(UART_GPS.o)
                0x00001230                UART_GPS_ReadRxData
 .text.UART_GPS_GetRxBufferSize
                0x00001250       0x30 .\CortexM0\ARM_GCC_473\Debug\i2ctest.a(UART_GPS.o)
                0x00001250                UART_GPS_GetRxBufferSize
 .text.UART_GPS_PutChar
                0x00001280       0x34 .\CortexM0\ARM_GCC_473\Debug\i2ctest.a(UART_GPS.o)
                0x00001280                UART_GPS_PutChar
 .text.UART_GPS_PutString
                0x000012b4       0x54 .\CortexM0\ARM_GCC_473\Debug\i2ctest.a(UART_GPS.o)
                0x000012b4                UART_GPS_PutString
 .text.UART_GPS_IntClock_Start
                0x00001308       0x1c .\CortexM0\ARM_GCC_473\Debug\i2ctest.a(UART_GPS_IntClock.o)
                0x00001308                UART_GPS_IntClock_Start
 .text.I2C_1_I2C_ISR
                0x00001324      0x4e8 .\CortexM0\ARM_GCC_473\Debug\i2ctest.a(I2C_1_I2C_INT.o)
                0x00001324                I2C_1_I2C_ISR
 .text          0x0000180c       0xc0 c:/program files (x86)/cypress/psoc creator/3.0/psoc creator/import/gnu_cs/arm/4.7.3/bin/../lib/gcc/arm-none-eabi/4.7.3/armv6-m\libgcc.a(_divsi3.o)
                0x0000180c                __divsi3
                0x0000180c                __aeabi_idiv
                0x000018b8                __aeabi_idivmod
 .text          0x000018cc        0x4 c:/program files (x86)/cypress/psoc creator/3.0/psoc creator/import/gnu_cs/arm/4.7.3/bin/../lib/gcc/arm-none-eabi/4.7.3/armv6-m\libgcc.a(_dvmd_tls.o)
                0x000018cc                __aeabi_idiv0
                0x000018cc                __aeabi_ldiv0
 .text.__libc_init_array
                0x000018d0       0x4c c:/program files (x86)/cypress/psoc creator/3.0/psoc creator/import/gnu_cs/arm/4.7.3/bin/../lib/gcc/arm-none-eabi/4.7.3/../../../../arm-none-eabi/lib/armv6-m\libc_s.a(lib_a-init.o)
                0x000018d0                __libc_init_array
 .text.memcpy   0x0000191c       0x12 c:/program files (x86)/cypress/psoc creator/3.0/psoc creator/import/gnu_cs/arm/4.7.3/bin/../lib/gcc/arm-none-eabi/4.7.3/../../../../arm-none-eabi/lib/armv6-m\libc_s.a(lib_a-memcpy.o)
                0x0000191c                memcpy
 .text.memset   0x0000192e       0x12 c:/program files (x86)/cypress/psoc creator/3.0/psoc creator/import/gnu_cs/arm/4.7.3/bin/../lib/gcc/arm-none-eabi/4.7.3/../../../../arm-none-eabi/lib/armv6-m\libc_s.a(lib_a-memset.o)
                0x0000192e                memset
 *(.plt)
 *(.gnu.warning)
 *(.glue_7t)
 .glue_7t       0x00000000        0x0 linker stubs
 *(.glue_7)
 .glue_7        0x00000000        0x0 linker stubs
 *(.vfp11_veneer)
 .vfp11_veneer  0x00000000        0x0 linker stubs
 *(.bootloader)
 *(.ARM.extab* .gnu.linkonce.armextab.*)
 *(.gcc_except_table)

.v4_bx          0x00001940        0x0
 .v4_bx         0x00000000        0x0 linker stubs

.iplt           0x00001940        0x0
 .iplt          0x00000000        0x0 c:/program files (x86)/cypress/psoc creator/3.0/psoc creator/import/gnu_cs/arm/4.7.3/bin/../lib/gcc/arm-none-eabi/4.7.3/armv6-m/crtbegin.o

.eh_frame_hdr
 *(.eh_frame_hdr)

.eh_frame       0x00001940        0x4
 *(.eh_frame)
 .eh_frame      0x00001940        0x0 c:/program files (x86)/cypress/psoc creator/3.0/psoc creator/import/gnu_cs/arm/4.7.3/bin/../lib/gcc/arm-none-eabi/4.7.3/armv6-m/crtbegin.o
 .eh_frame      0x00001940        0x4 c:/program files (x86)/cypress/psoc creator/3.0/psoc creator/import/gnu_cs/arm/4.7.3/bin/../lib/gcc/arm-none-eabi/4.7.3/armv6-m/crtend.o
                0x00001944                PROVIDE (__exidx_start, .)

.ARM.exidx
 *(.ARM.exidx* .gnu.linkonce.armexidx.*)
                0x00001944                __exidx_end = .

.rodata         0x00001944      0x34c
 *(.rodata .rodata.* .gnu.linkonce.r.*)
 .rodata        0x00001944       0x64 .\CortexM0\ARM_GCC_473\Debug\main.o
 .rodata        0x000019a8      0x2b0 .\CortexM0\ARM_GCC_473\Debug\i2ctest.a(cyfitter_cfg.o)
                0x00001c58                . = ALIGN (0x4)
 *(.init)
 .init          0x00001c58        0x4 c:/program files (x86)/cypress/psoc creator/3.0/psoc creator/import/gnu_cs/arm/4.7.3/bin/../lib/gcc/arm-none-eabi/4.7.3/armv6-m/crti.o
                0x00001c58                _init
 .init          0x00001c5c        0x8 c:/program files (x86)/cypress/psoc creator/3.0/psoc creator/import/gnu_cs/arm/4.7.3/bin/../lib/gcc/arm-none-eabi/4.7.3/armv6-m/crtn.o
                0x00001c64                . = ALIGN (0x4)
                0x00001c64                __preinit_array_start = .
 *(.preinit_array)
                0x00001c64                __preinit_array_end = .
                0x00001c64                . = ALIGN (0x4)
                0x00001c64                __init_array_start = .
 *(SORT(.init_array.*))
 *(.init_array)
 .init_array    0x00001c64        0x4 c:/program files (x86)/cypress/psoc creator/3.0/psoc creator/import/gnu_cs/arm/4.7.3/bin/../lib/gcc/arm-none-eabi/4.7.3/armv6-m/crtbegin.o
 .init_array    0x00001c68        0x4 .\CortexM0\ARM_GCC_473\Debug\Cm0Start.o
                0x00001c6c                __init_array_end = .
                0x00001c6c                . = ALIGN (0x4)
 *(.fini)
 .fini          0x00001c6c        0x4 c:/program files (x86)/cypress/psoc creator/3.0/psoc creator/import/gnu_cs/arm/4.7.3/bin/../lib/gcc/arm-none-eabi/4.7.3/armv6-m/crti.o
                0x00001c6c                _fini
 .fini          0x00001c70        0x8 c:/program files (x86)/cypress/psoc creator/3.0/psoc creator/import/gnu_cs/arm/4.7.3/bin/../lib/gcc/arm-none-eabi/4.7.3/armv6-m/crtn.o
                0x00001c78                . = ALIGN (0x4)
                0x00001c78                __fini_array_start = .
 *(.fini_array)
 .fini_array    0x00001c78        0x4 c:/program files (x86)/cypress/psoc creator/3.0/psoc creator/import/gnu_cs/arm/4.7.3/bin/../lib/gcc/arm-none-eabi/4.7.3/armv6-m/crtbegin.o
 *(SORT(.fini_array.*))
                0x00001c7c                __fini_array_end = .
                0x00001c7c                . = ALIGN (0x4)
 *crtbegin.o(.ctors)
 *(EXCLUDE_FILE(*crtend.o) .ctors)
 *(SORT(.ctors.*))
 *crtend.o(.ctors)
                0x00001c7c                . = ALIGN (0x4)
 *crtbegin.o(.dtors)
 *(EXCLUDE_FILE(*crtend.o) .dtors)
 *(SORT(.dtors.*))
 *crtend.o(.dtors)
                0x00001c7c                . = ALIGN (0x4)
                0x00001c7c                __cy_regions = .
                0x00001c7c        0x4 LONG 0x1c90 __cy_region_init_ram
                0x00001c80        0x4 LONG 0x200000c8 __cy_region_start_data
                0x00001c84        0x4 LONG 0x20 __cy_region_init_size_ram
                0x00001c88        0x4 LONG 0x190 __cy_region_zero_size_ram
                0x00001c8c                __cy_regions_end = .
                0x00001c90                . = ALIGN (0x8)
 *fill*         0x00001c8c        0x4 00
                0x00001c90                _etext = .

.ramvectors     0x20000000       0xc0
                0x20000000                __cy_region_start_ram = .
 *(.ramvectors)
 .ramvectors    0x20000000       0xc0 .\CortexM0\ARM_GCC_473\Debug\Cm0Start.o
                0x20000000                CyRamVectors

.noinit         0x200000c0        0x4
 *(.noinit)
 .noinit        0x200000c0        0x4 .\CortexM0\ARM_GCC_473\Debug\Cm0Start.o

.data           0x200000c8       0x20 load address 0x00001c90
                0x200000c8                __cy_region_start_data = .
 *(.jcr)
 .jcr           0x200000c8        0x0 c:/program files (x86)/cypress/psoc creator/3.0/psoc creator/import/gnu_cs/arm/4.7.3/bin/../lib/gcc/arm-none-eabi/4.7.3/armv6-m/crtbegin.o
 .jcr           0x200000c8        0x4 c:/program files (x86)/cypress/psoc creator/3.0/psoc creator/import/gnu_cs/arm/4.7.3/bin/../lib/gcc/arm-none-eabi/4.7.3/armv6-m/crtend.o
 *(.got.plt)
 *(.got)
 *(.shdata)
 *(.data .data.* .gnu.linkonce.d.*)
 .data          0x200000cc        0x8 .\CortexM0\ARM_GCC_473\Debug\main.o
                0x200000cc                gpvtg
                0x200000d0                gpgga
 .data          0x200000d4        0x4 .\CortexM0\ARM_GCC_473\Debug\i2ctest.a(cyfitter_cfg.o)
 .data          0x200000d8       0x10 .\CortexM0\ARM_GCC_473\Debug\i2ctest.a(CyLib.o)
                0x200000d8                cydelayFreqHz
                0x200000dc                cydelayFreqKhz
                0x200000e0                cydelayFreqMhz
                0x200000e4                cydelay32kMs
                0x200000e8                . = ALIGN (0x8)
 *(.ram)
                0x200000e8                _edata = .

.igot.plt       0x200000e8        0x0 load address 0x00001cb0
 .igot.plt      0x00000000        0x0 c:/program files (x86)/cypress/psoc creator/3.0/psoc creator/import/gnu_cs/arm/4.7.3/bin/../lib/gcc/arm-none-eabi/4.7.3/armv6-m/crtbegin.o

.bss            0x200000e8      0x190 load address 0x00001cb0
                0x200000e8                PROVIDE (__bss_start__, .)
 *(.shbss)
 *(.bss .bss.* .gnu.linkonce.b.*)
 .bss           0x200000e8       0x1c c:/program files (x86)/cypress/psoc creator/3.0/psoc creator/import/gnu_cs/arm/4.7.3/bin/../lib/gcc/arm-none-eabi/4.7.3/armv6-m/crtbegin.o
 .bss           0x20000104      0x134 .\CortexM0\ARM_GCC_473\Debug\main.o
                0x20000104                gpsBuffer
                0x20000230                gpsBufferPointer
                0x20000234                last_joystick_x
 .bss           0x20000238        0x8 .\CortexM0\ARM_GCC_473\Debug\i2ctest.a(I2C_1.o)
                0x20000238                I2C_1_initVar
                0x2000023c                I2C_1_customIntrHandler
 .bss           0x20000240        0x8 .\CortexM0\ARM_GCC_473\Debug\i2ctest.a(UART_PC.o)
                0x20000240                UART_PC_initVar
                0x20000244                UART_PC_customIntrHandler
 .bss           0x20000248        0x2 .\CortexM0\ARM_GCC_473\Debug\i2ctest.a(UART_GPS.o)
                0x20000248                UART_GPS_initVar
 *(COMMON)
 *fill*         0x2000024a        0x2 00
 COMMON         0x2000024c        0x6 .\CortexM0\ARM_GCC_473\Debug\main.o
                0x2000024c                readBuf
 COMMON         0x20000252        0x1 .\CortexM0\ARM_GCC_473\Debug\i2ctest.a(I2C_1_I2C.o)
                0x20000252                I2C_1_state
 *fill*         0x20000253        0x1 00
 COMMON         0x20000254       0x20 .\CortexM0\ARM_GCC_473\Debug\i2ctest.a(I2C_1_I2C_MASTER.o)
                0x20000254                I2C_1_mstrWrBufIndexTmp
                0x20000258                I2C_1_mstrWrBufIndex
                0x2000025c                I2C_1_mstrControl
                0x2000025e                I2C_1_mstrStatus
                0x20000260                I2C_1_mstrWrBufSize
                0x20000264                I2C_1_mstrRdBufIndex
                0x20000268                I2C_1_mstrWrBufPtr
                0x2000026c                I2C_1_mstrRdBufPtr
                0x20000270                I2C_1_mstrRdBufSize
                0x20000278                . = ALIGN (0x8)
 *fill*         0x20000274        0x4 00
 *(.ram.b)
                0x20000278                _end = .
                0x20000278                __end = .
                0x20000278                PROVIDE (end, .)
                0x20000278                PROVIDE (__bss_end__, .)
                0x00001c90                __cy_region_init_ram = LOADADDR (.data)
                0x00000020                __cy_region_init_size_ram = (_edata - ADDR (.data))
                0x00000190                __cy_region_zero_size_ram = (_end - _edata)

.heap           0x20000278      0x100 load address 0x00001cb0
                0x20000278                . = _end
                0x20000378                . = (. + 0x100)
 *fill*         0x20000278      0x100 00
                0x20000378                __cy_heap_limit = .

.stack          0x20000c00      0x400
                0x20000c00                __cy_stack_limit = .
                0x20001000                . = (. + 0x400)
 *fill*         0x20000c00      0x400 00
                0x00000001                ASSERT ((__cy_stack_limit >= __cy_heap_limit), region RAM overflowed with stack)

.cyloadermeta
 *(.cyloadermeta)

.cyloadablemeta
 *(.cyloadablemeta)

.cyflashprotect
                0x90400000       0x20
 *(.cyflashprotect)
 .cyflashprotect
                0x90400000       0x20 .\CortexM0\ARM_GCC_473\Debug\cymetadata.o
                0x90400000                cy_meta_flashprotect

.cymeta         0x90500000        0xc
 *(.cymeta)
 .cymeta        0x90500000        0xc .\CortexM0\ARM_GCC_473\Debug\cymetadata.o
                0x90500000                cy_metadata

.cychipprotect  0x90600000        0x4
 *(.cychipprotect)
 .cychipprotect
                0x90600000        0x4 .\CortexM0\ARM_GCC_473\Debug\cymetadata.o
                0x90600000                cy_meta_chipprotect

.rel.dyn        0x00001cb0        0x0 load address 0x90600004
 .rel.iplt      0x00000000        0x0 c:/program files (x86)/cypress/psoc creator/3.0/psoc creator/import/gnu_cs/arm/4.7.3/bin/../lib/gcc/arm-none-eabi/4.7.3/armv6-m/crtbegin.o

.stab
 *(.stab)

.stabstr
 *(.stabstr)

.debug
 *(.debug)

.line
 *(.line)

.debug_srcinfo
 *(.debug_srcinfo)

.debug_sfnames
 *(.debug_sfnames)

.debug_aranges  0x00000000      0x6a0
 *(.debug_aranges)
 .debug_aranges
                0x00000000       0x60 .\CortexM0\ARM_GCC_473\Debug\main.o
 .debug_aranges
                0x00000060       0x18 .\CortexM0\ARM_GCC_473\Debug\cymetadata.o
 .debug_aranges
                0x00000078       0x40 .\CortexM0\ARM_GCC_473\Debug\Cm0Start.o
 .debug_aranges
                0x000000b8       0x58 .\CortexM0\ARM_GCC_473\Debug\i2ctest.a(cyfitter_cfg.o)
 .debug_aranges
                0x00000110       0x50 .\CortexM0\ARM_GCC_473\Debug\i2ctest.a(I2C_1.o)
 .debug_aranges
                0x00000160       0x28 .\CortexM0\ARM_GCC_473\Debug\i2ctest.a(I2C_1_I2C.o)
 .debug_aranges
                0x00000188       0x88 .\CortexM0\ARM_GCC_473\Debug\i2ctest.a(I2C_1_I2C_MASTER.o)
 .debug_aranges
                0x00000210       0x40 .\CortexM0\ARM_GCC_473\Debug\i2ctest.a(I2C_1_sda.o)
 .debug_aranges
                0x00000250       0x40 .\CortexM0\ARM_GCC_473\Debug\i2ctest.a(I2C_1_scl.o)
 .debug_aranges
                0x00000290       0x20 .\CortexM0\ARM_GCC_473\Debug\i2ctest.a(CyBootAsmGnu.o)
 .debug_aranges
                0x000002b0      0x1a0 .\CortexM0\ARM_GCC_473\Debug\i2ctest.a(CyLib.o)
 .debug_aranges
                0x00000450       0x50 .\CortexM0\ARM_GCC_473\Debug\i2ctest.a(UART_PC.o)
 .debug_aranges
                0x000004a0       0x60 .\CortexM0\ARM_GCC_473\Debug\i2ctest.a(UART_PC_SPI_UART.o)
 .debug_aranges
                0x00000500       0x50 .\CortexM0\ARM_GCC_473\Debug\i2ctest.a(UART_PC_UART.o)
 .debug_aranges
                0x00000550       0xf0 .\CortexM0\ARM_GCC_473\Debug\i2ctest.a(UART_GPS.o)
 .debug_aranges
                0x00000640       0x40 .\CortexM0\ARM_GCC_473\Debug\i2ctest.a(UART_GPS_IntClock.o)
 .debug_aranges
                0x00000680       0x20 .\CortexM0\ARM_GCC_473\Debug\i2ctest.a(I2C_1_I2C_INT.o)

.debug_pubnames
 *(.debug_pubnames)

.debug_info     0x00000000     0x3085
 *(.debug_info .gnu.linkonce.wi.*)
 .debug_info    0x00000000      0x347 .\CortexM0\ARM_GCC_473\Debug\main.o
 .debug_info    0x00000347      0x100 .\CortexM0\ARM_GCC_473\Debug\cymetadata.o
 .debug_info    0x00000447      0x2c0 .\CortexM0\ARM_GCC_473\Debug\Cm0Start.o
 .debug_info    0x00000707      0x56a .\CortexM0\ARM_GCC_473\Debug\i2ctest.a(cyfitter_cfg.o)
 .debug_info    0x00000c71      0x197 .\CortexM0\ARM_GCC_473\Debug\i2ctest.a(I2C_1.o)
 .debug_info    0x00000e08      0x12c .\CortexM0\ARM_GCC_473\Debug\i2ctest.a(I2C_1_I2C.o)
 .debug_info    0x00000f34      0x4ba .\CortexM0\ARM_GCC_473\Debug\i2ctest.a(I2C_1_I2C_MASTER.o)
 .debug_info    0x000013ee      0x168 .\CortexM0\ARM_GCC_473\Debug\i2ctest.a(I2C_1_sda.o)
 .debug_info    0x00001556      0x168 .\CortexM0\ARM_GCC_473\Debug\i2ctest.a(I2C_1_scl.o)
 .debug_info    0x000016be       0x6f .\CortexM0\ARM_GCC_473\Debug\i2ctest.a(CyBootAsmGnu.o)
 .debug_info    0x0000172d      0xac5 .\CortexM0\ARM_GCC_473\Debug\i2ctest.a(CyLib.o)
 .debug_info    0x000021f2      0x197 .\CortexM0\ARM_GCC_473\Debug\i2ctest.a(UART_PC.o)
 .debug_info    0x00002389      0x23d .\CortexM0\ARM_GCC_473\Debug\i2ctest.a(UART_PC_SPI_UART.o)
 .debug_info    0x000025c6      0x224 .\CortexM0\ARM_GCC_473\Debug\i2ctest.a(UART_PC_UART.o)
 .debug_info    0x000027ea      0x58b .\CortexM0\ARM_GCC_473\Debug\i2ctest.a(UART_GPS.o)
 .debug_info    0x00002d75      0x169 .\CortexM0\ARM_GCC_473\Debug\i2ctest.a(UART_GPS_IntClock.o)
 .debug_info    0x00002ede      0x1a7 .\CortexM0\ARM_GCC_473\Debug\i2ctest.a(I2C_1_I2C_INT.o)

.debug_abbrev   0x00000000     0x1006
 *(.debug_abbrev)
 .debug_abbrev  0x00000000      0x152 .\CortexM0\ARM_GCC_473\Debug\main.o
 .debug_abbrev  0x00000152       0x5d .\CortexM0\ARM_GCC_473\Debug\cymetadata.o
 .debug_abbrev  0x000001af      0x164 .\CortexM0\ARM_GCC_473\Debug\Cm0Start.o
 .debug_abbrev  0x00000313      0x1a6 .\CortexM0\ARM_GCC_473\Debug\i2ctest.a(cyfitter_cfg.o)
 .debug_abbrev  0x000004b9       0xc5 .\CortexM0\ARM_GCC_473\Debug\i2ctest.a(I2C_1.o)
 .debug_abbrev  0x0000057e       0x7a .\CortexM0\ARM_GCC_473\Debug\i2ctest.a(I2C_1_I2C.o)
 .debug_abbrev  0x000005f8      0x156 .\CortexM0\ARM_GCC_473\Debug\i2ctest.a(I2C_1_I2C_MASTER.o)
 .debug_abbrev  0x0000074e       0xac .\CortexM0\ARM_GCC_473\Debug\i2ctest.a(I2C_1_sda.o)
 .debug_abbrev  0x000007fa       0xac .\CortexM0\ARM_GCC_473\Debug\i2ctest.a(I2C_1_scl.o)
 .debug_abbrev  0x000008a6       0x14 .\CortexM0\ARM_GCC_473\Debug\i2ctest.a(CyBootAsmGnu.o)
 .debug_abbrev  0x000008ba      0x1a2 .\CortexM0\ARM_GCC_473\Debug\i2ctest.a(CyLib.o)
 .debug_abbrev  0x00000a5c       0xc5 .\CortexM0\ARM_GCC_473\Debug\i2ctest.a(UART_PC.o)
 .debug_abbrev  0x00000b21      0x151 .\CortexM0\ARM_GCC_473\Debug\i2ctest.a(UART_PC_SPI_UART.o)
 .debug_abbrev  0x00000c72       0xee .\CortexM0\ARM_GCC_473\Debug\i2ctest.a(UART_PC_UART.o)
 .debug_abbrev  0x00000d60      0x165 .\CortexM0\ARM_GCC_473\Debug\i2ctest.a(UART_GPS.o)
 .debug_abbrev  0x00000ec5       0xaa .\CortexM0\ARM_GCC_473\Debug\i2ctest.a(UART_GPS_IntClock.o)
 .debug_abbrev  0x00000f6f       0x97 .\CortexM0\ARM_GCC_473\Debug\i2ctest.a(I2C_1_I2C_INT.o)

.debug_line     0x00000000     0x18c7
 *(.debug_line)
 .debug_line    0x00000000      0x17d .\CortexM0\ARM_GCC_473\Debug\main.o
 .debug_line    0x0000017d       0x53 .\CortexM0\ARM_GCC_473\Debug\cymetadata.o
 .debug_line    0x000001d0      0x19b .\CortexM0\ARM_GCC_473\Debug\Cm0Start.o
 .debug_line    0x0000036b      0x1e8 .\CortexM0\ARM_GCC_473\Debug\i2ctest.a(cyfitter_cfg.o)
 .debug_line    0x00000553       0xdd .\CortexM0\ARM_GCC_473\Debug\i2ctest.a(I2C_1.o)
 .debug_line    0x00000630       0xa1 .\CortexM0\ARM_GCC_473\Debug\i2ctest.a(I2C_1_I2C.o)
 .debug_line    0x000006d1      0x29c .\CortexM0\ARM_GCC_473\Debug\i2ctest.a(I2C_1_I2C_MASTER.o)
 .debug_line    0x0000096d       0xaf .\CortexM0\ARM_GCC_473\Debug\i2ctest.a(I2C_1_sda.o)
 .debug_line    0x00000a1c       0xaf .\CortexM0\ARM_GCC_473\Debug\i2ctest.a(I2C_1_scl.o)
 .debug_line    0x00000acb       0x68 .\CortexM0\ARM_GCC_473\Debug\i2ctest.a(CyBootAsmGnu.o)
 .debug_line    0x00000b33      0x541 .\CortexM0\ARM_GCC_473\Debug\i2ctest.a(CyLib.o)
 .debug_line    0x00001074       0xd9 .\CortexM0\ARM_GCC_473\Debug\i2ctest.a(UART_PC.o)
 .debug_line    0x0000114d      0x128 .\CortexM0\ARM_GCC_473\Debug\i2ctest.a(UART_PC_SPI_UART.o)
 .debug_line    0x00001275      0x104 .\CortexM0\ARM_GCC_473\Debug\i2ctest.a(UART_PC_UART.o)
 .debug_line    0x00001379      0x2f3 .\CortexM0\ARM_GCC_473\Debug\i2ctest.a(UART_GPS.o)
 .debug_line    0x0000166c       0xba .\CortexM0\ARM_GCC_473\Debug\i2ctest.a(UART_GPS_IntClock.o)
 .debug_line    0x00001726      0x1a1 .\CortexM0\ARM_GCC_473\Debug\i2ctest.a(I2C_1_I2C_INT.o)

.debug_frame    0x00000000     0x15ac
 *(.debug_frame)
 .debug_frame   0x00000000      0x13c .\CortexM0\ARM_GCC_473\Debug\main.o
 .debug_frame   0x0000013c       0xa8 .\CortexM0\ARM_GCC_473\Debug\Cm0Start.o
 .debug_frame   0x000001e4      0x108 .\CortexM0\ARM_GCC_473\Debug\i2ctest.a(cyfitter_cfg.o)
 .debug_frame   0x000002ec       0xd8 .\CortexM0\ARM_GCC_473\Debug\i2ctest.a(I2C_1.o)
 .debug_frame   0x000003c4       0x48 .\CortexM0\ARM_GCC_473\Debug\i2ctest.a(I2C_1_I2C.o)
 .debug_frame   0x0000040c      0x1c0 .\CortexM0\ARM_GCC_473\Debug\i2ctest.a(I2C_1_I2C_MASTER.o)
 .debug_frame   0x000005cc       0xa8 .\CortexM0\ARM_GCC_473\Debug\i2ctest.a(I2C_1_sda.o)
 .debug_frame   0x00000674       0xa8 .\CortexM0\ARM_GCC_473\Debug\i2ctest.a(I2C_1_scl.o)
 .debug_frame   0x0000071c      0x628 .\CortexM0\ARM_GCC_473\Debug\i2ctest.a(CyLib.o)
 .debug_frame   0x00000d44       0xd8 .\CortexM0\ARM_GCC_473\Debug\i2ctest.a(UART_PC.o)
 .debug_frame   0x00000e1c      0x128 .\CortexM0\ARM_GCC_473\Debug\i2ctest.a(UART_PC_SPI_UART.o)
 .debug_frame   0x00000f44       0xec .\CortexM0\ARM_GCC_473\Debug\i2ctest.a(UART_PC_UART.o)
 .debug_frame   0x00001030      0x374 .\CortexM0\ARM_GCC_473\Debug\i2ctest.a(UART_GPS.o)
 .debug_frame   0x000013a4       0xa0 .\CortexM0\ARM_GCC_473\Debug\i2ctest.a(UART_GPS_IntClock.o)
 .debug_frame   0x00001444       0x30 .\CortexM0\ARM_GCC_473\Debug\i2ctest.a(I2C_1_I2C_INT.o)
 .debug_frame   0x00001474       0x20 c:/program files (x86)/cypress/psoc creator/3.0/psoc creator/import/gnu_cs/arm/4.7.3/bin/../lib/gcc/arm-none-eabi/4.7.3/armv6-m\libgcc.a(_udivsi3.o)
 .debug_frame   0x00001494       0x20 c:/program files (x86)/cypress/psoc creator/3.0/psoc creator/import/gnu_cs/arm/4.7.3/bin/../lib/gcc/arm-none-eabi/4.7.3/armv6-m\libgcc.a(_divsi3.o)
 .debug_frame   0x000014b4       0x28 c:/program files (x86)/cypress/psoc creator/3.0/psoc creator/import/gnu_cs/arm/4.7.3/bin/../lib/gcc/arm-none-eabi/4.7.3/../../../../arm-none-eabi/lib/armv6-m\libc_s.a(lib_a-__atexit2.o)
 .debug_frame   0x000014dc       0x28 c:/program files (x86)/cypress/psoc creator/3.0/psoc creator/import/gnu_cs/arm/4.7.3/bin/../lib/gcc/arm-none-eabi/4.7.3/../../../../arm-none-eabi/lib/armv6-m\libc_s.a(lib_a-exit.o)
 .debug_frame   0x00001504       0x2c c:/program files (x86)/cypress/psoc creator/3.0/psoc creator/import/gnu_cs/arm/4.7.3/bin/../lib/gcc/arm-none-eabi/4.7.3/../../../../arm-none-eabi/lib/armv6-m\libc_s.a(lib_a-fini.o)
 .debug_frame   0x00001530       0x2c c:/program files (x86)/cypress/psoc creator/3.0/psoc creator/import/gnu_cs/arm/4.7.3/bin/../lib/gcc/arm-none-eabi/4.7.3/../../../../arm-none-eabi/lib/armv6-m\libc_s.a(lib_a-init.o)
 .debug_frame   0x0000155c       0x28 c:/program files (x86)/cypress/psoc creator/3.0/psoc creator/import/gnu_cs/arm/4.7.3/bin/../lib/gcc/arm-none-eabi/4.7.3/../../../../arm-none-eabi/lib/armv6-m\libc_s.a(lib_a-memcpy.o)
 .debug_frame   0x00001584       0x28 c:/program files (x86)/cypress/psoc creator/3.0/psoc creator/import/gnu_cs/arm/4.7.3/bin/../lib/gcc/arm-none-eabi/4.7.3/../../../../arm-none-eabi/lib/armv6-m\libc_s.a(lib_a-memset.o)

.debug_str      0x00000000     0x1666
 *(.debug_str)
 .debug_str     0x00000000      0x1ff .\CortexM0\ARM_GCC_473\Debug\main.o
                                0x24a (size before relaxing)
 .debug_str     0x000001ff       0x5b .\CortexM0\ARM_GCC_473\Debug\cymetadata.o
                                0x168 (size before relaxing)
 .debug_str     0x0000025a      0x110 .\CortexM0\ARM_GCC_473\Debug\Cm0Start.o
                                0x231 (size before relaxing)
 .debug_str     0x0000036a      0x1f3 .\CortexM0\ARM_GCC_473\Debug\i2ctest.a(cyfitter_cfg.o)
                                0x343 (size before relaxing)
 .debug_str     0x0000055d       0xc1 .\CortexM0\ARM_GCC_473\Debug\i2ctest.a(I2C_1.o)
                                0x1e8 (size before relaxing)
 .debug_str     0x0000061e       0x88 .\CortexM0\ARM_GCC_473\Debug\i2ctest.a(I2C_1_I2C.o)
                                0x1a9 (size before relaxing)
 .debug_str     0x000006a6      0x25b .\CortexM0\ARM_GCC_473\Debug\i2ctest.a(I2C_1_I2C_MASTER.o)
                                0x3ca (size before relaxing)
 .debug_str     0x00000901       0x9d .\CortexM0\ARM_GCC_473\Debug\i2ctest.a(I2C_1_sda.o)
                                0x1b9 (size before relaxing)
 .debug_str     0x0000099e       0x8a .\CortexM0\ARM_GCC_473\Debug\i2ctest.a(I2C_1_scl.o)
                                0x1b9 (size before relaxing)
 .debug_str     0x00000a28      0x4f2 .\CortexM0\ARM_GCC_473\Debug\i2ctest.a(CyLib.o)
                                0x644 (size before relaxing)
 .debug_str     0x00000f1a       0xd0 .\CortexM0\ARM_GCC_473\Debug\i2ctest.a(UART_PC.o)
                                0x1fc (size before relaxing)
 .debug_str     0x00000fea      0x14e .\CortexM0\ARM_GCC_473\Debug\i2ctest.a(UART_PC_SPI_UART.o)
                                0x27a (size before relaxing)
 .debug_str     0x00001138      0x101 .\CortexM0\ARM_GCC_473\Debug\i2ctest.a(UART_PC_UART.o)
                                0x232 (size before relaxing)
 .debug_str     0x00001239      0x2d9 .\CortexM0\ARM_GCC_473\Debug\i2ctest.a(UART_GPS.o)
                                0x425 (size before relaxing)
 .debug_str     0x00001512      0x107 .\CortexM0\ARM_GCC_473\Debug\i2ctest.a(UART_GPS_IntClock.o)
                                0x21f (size before relaxing)
 .debug_str     0x00001619       0x4d .\CortexM0\ARM_GCC_473\Debug\i2ctest.a(I2C_1_I2C_INT.o)
                                0x252 (size before relaxing)

.debug_loc      0x00000000     0x20a8
 *(.debug_loc)
 .debug_loc     0x00000000      0x1ec .\CortexM0\ARM_GCC_473\Debug\main.o
 .debug_loc     0x000001ec      0x100 .\CortexM0\ARM_GCC_473\Debug\Cm0Start.o
 .debug_loc     0x000002ec      0x1a8 .\CortexM0\ARM_GCC_473\Debug\i2ctest.a(cyfitter_cfg.o)
 .debug_loc     0x00000494      0x140 .\CortexM0\ARM_GCC_473\Debug\i2ctest.a(I2C_1.o)
 .debug_loc     0x000005d4       0x58 .\CortexM0\ARM_GCC_473\Debug\i2ctest.a(I2C_1_I2C.o)
 .debug_loc     0x0000062c      0x2e0 .\CortexM0\ARM_GCC_473\Debug\i2ctest.a(I2C_1_I2C_MASTER.o)
 .debug_loc     0x0000090c      0x100 .\CortexM0\ARM_GCC_473\Debug\i2ctest.a(I2C_1_sda.o)
 .debug_loc     0x00000a0c      0x100 .\CortexM0\ARM_GCC_473\Debug\i2ctest.a(I2C_1_scl.o)
 .debug_loc     0x00000b0c      0xa34 .\CortexM0\ARM_GCC_473\Debug\i2ctest.a(CyLib.o)
 .debug_loc     0x00001540      0x140 .\CortexM0\ARM_GCC_473\Debug\i2ctest.a(UART_PC.o)
 .debug_loc     0x00001680      0x1e0 .\CortexM0\ARM_GCC_473\Debug\i2ctest.a(UART_PC_SPI_UART.o)
 .debug_loc     0x00001860      0x17c .\CortexM0\ARM_GCC_473\Debug\i2ctest.a(UART_PC_UART.o)
 .debug_loc     0x000019dc      0x5ac .\CortexM0\ARM_GCC_473\Debug\i2ctest.a(UART_GPS.o)
 .debug_loc     0x00001f88       0xe8 .\CortexM0\ARM_GCC_473\Debug\i2ctest.a(UART_GPS_IntClock.o)
 .debug_loc     0x00002070       0x38 .\CortexM0\ARM_GCC_473\Debug\i2ctest.a(I2C_1_I2C_INT.o)

.debug_macinfo
 *(.debug_macinfo)

.debug_ranges   0x00000000      0x578
 *(.debug_ranges)
 .debug_ranges  0x00000000       0x50 .\CortexM0\ARM_GCC_473\Debug\main.o
 .debug_ranges  0x00000050       0x30 .\CortexM0\ARM_GCC_473\Debug\Cm0Start.o
 .debug_ranges  0x00000080       0x48 .\CortexM0\ARM_GCC_473\Debug\i2ctest.a(cyfitter_cfg.o)
 .debug_ranges  0x000000c8       0x40 .\CortexM0\ARM_GCC_473\Debug\i2ctest.a(I2C_1.o)
 .debug_ranges  0x00000108       0x18 .\CortexM0\ARM_GCC_473\Debug\i2ctest.a(I2C_1_I2C.o)
 .debug_ranges  0x00000120       0x78 .\CortexM0\ARM_GCC_473\Debug\i2ctest.a(I2C_1_I2C_MASTER.o)
 .debug_ranges  0x00000198       0x30 .\CortexM0\ARM_GCC_473\Debug\i2ctest.a(I2C_1_sda.o)
 .debug_ranges  0x000001c8       0x30 .\CortexM0\ARM_GCC_473\Debug\i2ctest.a(I2C_1_scl.o)
 .debug_ranges  0x000001f8      0x190 .\CortexM0\ARM_GCC_473\Debug\i2ctest.a(CyLib.o)
 .debug_ranges  0x00000388       0x40 .\CortexM0\ARM_GCC_473\Debug\i2ctest.a(UART_PC.o)
 .debug_ranges  0x000003c8       0x50 .\CortexM0\ARM_GCC_473\Debug\i2ctest.a(UART_PC_SPI_UART.o)
 .debug_ranges  0x00000418       0x40 .\CortexM0\ARM_GCC_473\Debug\i2ctest.a(UART_PC_UART.o)
 .debug_ranges  0x00000458       0xe0 .\CortexM0\ARM_GCC_473\Debug\i2ctest.a(UART_GPS.o)
 .debug_ranges  0x00000538       0x30 .\CortexM0\ARM_GCC_473\Debug\i2ctest.a(UART_GPS_IntClock.o)
 .debug_ranges  0x00000568       0x10 .\CortexM0\ARM_GCC_473\Debug\i2ctest.a(I2C_1_I2C_INT.o)

.comment        0x00000000       0x70
 .comment       0x00000000       0x70 .\CortexM0\ARM_GCC_473\Debug\main.o
                                 0x71 (size before relaxing)
 .comment       0x00000000       0x71 .\CortexM0\ARM_GCC_473\Debug\cymetadata.o
 .comment       0x00000000       0x71 .\CortexM0\ARM_GCC_473\Debug\Cm0Start.o
 .comment       0x00000000       0x71 .\CortexM0\ARM_GCC_473\Debug\i2ctest.a(cyfitter_cfg.o)
 .comment       0x00000000       0x71 .\CortexM0\ARM_GCC_473\Debug\i2ctest.a(I2C_1.o)
 .comment       0x00000000       0x71 .\CortexM0\ARM_GCC_473\Debug\i2ctest.a(I2C_1_I2C.o)
 .comment       0x00000000       0x71 .\CortexM0\ARM_GCC_473\Debug\i2ctest.a(I2C_1_I2C_MASTER.o)
 .comment       0x00000000       0x71 .\CortexM0\ARM_GCC_473\Debug\i2ctest.a(I2C_1_sda.o)
 .comment       0x00000000       0x71 .\CortexM0\ARM_GCC_473\Debug\i2ctest.a(I2C_1_scl.o)
 .comment       0x00000000       0x71 .\CortexM0\ARM_GCC_473\Debug\i2ctest.a(CyLib.o)
 .comment       0x00000000       0x71 .\CortexM0\ARM_GCC_473\Debug\i2ctest.a(UART_PC.o)
 .comment       0x00000000       0x71 .\CortexM0\ARM_GCC_473\Debug\i2ctest.a(UART_PC_SPI_UART.o)
 .comment       0x00000000       0x71 .\CortexM0\ARM_GCC_473\Debug\i2ctest.a(UART_PC_UART.o)
 .comment       0x00000000       0x71 .\CortexM0\ARM_GCC_473\Debug\i2ctest.a(UART_GPS.o)
 .comment       0x00000000       0x71 .\CortexM0\ARM_GCC_473\Debug\i2ctest.a(UART_GPS_IntClock.o)
 .comment       0x00000000       0x71 .\CortexM0\ARM_GCC_473\Debug\i2ctest.a(I2C_1_I2C_INT.o)

.debug_weaknames
 *(.debug_weaknames)

.debug_funcnames
 *(.debug_funcnames)

.debug_typenames
 *(.debug_typenames)

.debug_varnames
 *(.debug_varnames)

.note.gnu.arm.ident
 *(.note.gnu.arm.ident)

.ARM.attributes
                0x00000000       0x28
 *(.ARM.attributes)
 .ARM.attributes
                0x00000000       0x1e c:/program files (x86)/cypress/psoc creator/3.0/psoc creator/import/gnu_cs/arm/4.7.3/bin/../lib/gcc/arm-none-eabi/4.7.3/armv6-m/crti.o
 .ARM.attributes
                0x0000001e       0x2c c:/program files (x86)/cypress/psoc creator/3.0/psoc creator/import/gnu_cs/arm/4.7.3/bin/../lib/gcc/arm-none-eabi/4.7.3/armv6-m/crtbegin.o
 .ARM.attributes
                0x0000004a       0x1c c:/program files (x86)/cypress/psoc creator/3.0/psoc creator/import/gnu_cs/arm/4.7.3/bin/../lib/gcc/arm-none-eabi/4.7.3/../../../../arm-none-eabi/lib/armv6-m/crt0.o
 .ARM.attributes
                0x00000066       0x31 .\CortexM0\ARM_GCC_473\Debug\main.o
 .ARM.attributes
                0x00000097       0x31 .\CortexM0\ARM_GCC_473\Debug\cymetadata.o
 .ARM.attributes
                0x000000c8       0x31 .\CortexM0\ARM_GCC_473\Debug\Cm0Start.o
 .ARM.attributes
                0x000000f9       0x31 .\CortexM0\ARM_GCC_473\Debug\i2ctest.a(cyfitter_cfg.o)
 .ARM.attributes
                0x0000012a       0x31 .\CortexM0\ARM_GCC_473\Debug\i2ctest.a(I2C_1.o)
 .ARM.attributes
                0x0000015b       0x31 .\CortexM0\ARM_GCC_473\Debug\i2ctest.a(I2C_1_I2C.o)
 .ARM.attributes
                0x0000018c       0x31 .\CortexM0\ARM_GCC_473\Debug\i2ctest.a(I2C_1_I2C_MASTER.o)
 .ARM.attributes
                0x000001bd       0x31 .\CortexM0\ARM_GCC_473\Debug\i2ctest.a(I2C_1_sda.o)
 .ARM.attributes
                0x000001ee       0x31 .\CortexM0\ARM_GCC_473\Debug\i2ctest.a(I2C_1_scl.o)
 .ARM.attributes
                0x0000021f       0x21 .\CortexM0\ARM_GCC_473\Debug\i2ctest.a(CyBootAsmGnu.o)
 .ARM.attributes
                0x00000240       0x31 .\CortexM0\ARM_GCC_473\Debug\i2ctest.a(CyLib.o)
 .ARM.attributes
                0x00000271       0x31 .\CortexM0\ARM_GCC_473\Debug\i2ctest.a(UART_PC.o)
 .ARM.attributes
                0x000002a2       0x31 .\CortexM0\ARM_GCC_473\Debug\i2ctest.a(UART_PC_SPI_UART.o)
 .ARM.attributes
                0x000002d3       0x31 .\CortexM0\ARM_GCC_473\Debug\i2ctest.a(UART_PC_UART.o)
 .ARM.attributes
                0x00000304       0x31 .\CortexM0\ARM_GCC_473\Debug\i2ctest.a(UART_GPS.o)
 .ARM.attributes
                0x00000335       0x31 .\CortexM0\ARM_GCC_473\Debug\i2ctest.a(UART_GPS_IntClock.o)
 .ARM.attributes
                0x00000366       0x31 .\CortexM0\ARM_GCC_473\Debug\i2ctest.a(I2C_1_I2C_INT.o)
 .ARM.attributes
                0x00000397       0x1e c:/program files (x86)/cypress/psoc creator/3.0/psoc creator/import/gnu_cs/arm/4.7.3/bin/../lib/gcc/arm-none-eabi/4.7.3/armv6-m\libgcc.a(_udivsi3.o)
 .ARM.attributes
                0x000003b5       0x1e c:/program files (x86)/cypress/psoc creator/3.0/psoc creator/import/gnu_cs/arm/4.7.3/bin/../lib/gcc/arm-none-eabi/4.7.3/armv6-m\libgcc.a(_divsi3.o)
 .ARM.attributes
                0x000003d3       0x1e c:/program files (x86)/cypress/psoc creator/3.0/psoc creator/import/gnu_cs/arm/4.7.3/bin/../lib/gcc/arm-none-eabi/4.7.3/armv6-m\libgcc.a(_dvmd_tls.o)
 .ARM.attributes
                0x000003f1       0x2c c:/program files (x86)/cypress/psoc creator/3.0/psoc creator/import/gnu_cs/arm/4.7.3/bin/../lib/gcc/arm-none-eabi/4.7.3/../../../../arm-none-eabi/lib/armv6-m\libc_s.a(lib_a-__atexit2.o)
 .ARM.attributes
                0x0000041d       0x2c c:/program files (x86)/cypress/psoc creator/3.0/psoc creator/import/gnu_cs/arm/4.7.3/bin/../lib/gcc/arm-none-eabi/4.7.3/../../../../arm-none-eabi/lib/armv6-m\libc_s.a(lib_a-exit.o)
 .ARM.attributes
                0x00000449       0x2c c:/program files (x86)/cypress/psoc creator/3.0/psoc creator/import/gnu_cs/arm/4.7.3/bin/../lib/gcc/arm-none-eabi/4.7.3/../../../../arm-none-eabi/lib/armv6-m\libc_s.a(lib_a-fini.o)
 .ARM.attributes
                0x00000475       0x2c c:/program files (x86)/cypress/psoc creator/3.0/psoc creator/import/gnu_cs/arm/4.7.3/bin/../lib/gcc/arm-none-eabi/4.7.3/../../../../arm-none-eabi/lib/armv6-m\libc_s.a(lib_a-impure.o)
 .ARM.attributes
                0x000004a1       0x2c c:/program files (x86)/cypress/psoc creator/3.0/psoc creator/import/gnu_cs/arm/4.7.3/bin/../lib/gcc/arm-none-eabi/4.7.3/../../../../arm-none-eabi/lib/armv6-m\libc_s.a(lib_a-init.o)
 .ARM.attributes
                0x000004cd       0x2c c:/program files (x86)/cypress/psoc creator/3.0/psoc creator/import/gnu_cs/arm/4.7.3/bin/../lib/gcc/arm-none-eabi/4.7.3/../../../../arm-none-eabi/lib/armv6-m\libc_s.a(lib_a-memcpy.o)
 .ARM.attributes
                0x000004f9       0x2c c:/program files (x86)/cypress/psoc creator/3.0/psoc creator/import/gnu_cs/arm/4.7.3/bin/../lib/gcc/arm-none-eabi/4.7.3/../../../../arm-none-eabi/lib/armv6-m\libc_s.a(lib_a-memset.o)
 .ARM.attributes
                0x00000525       0x2c c:/program files (x86)/cypress/psoc creator/3.0/psoc creator/import/gnu_cs/arm/4.7.3/bin/../lib/gcc/arm-none-eabi/4.7.3/armv6-m/crtend.o
 .ARM.attributes
                0x00000551       0x1e c:/program files (x86)/cypress/psoc creator/3.0/psoc creator/import/gnu_cs/arm/4.7.3/bin/../lib/gcc/arm-none-eabi/4.7.3/armv6-m/crtn.o

/DISCARD/
 *(.note.GNU-stack)
OUTPUT(.\CortexM0\ARM_GCC_473\Debug\i2ctest.elf elf32-littlearm)
