Archive member included because of file (symbol)

.\CortexM0\ARM_GCC_473\Debug\i2ctest.a(cyfitter_cfg.o)
                              .\CortexM0\ARM_GCC_473\Debug\Cm0Start.o (cyfitter_cfg)
.\CortexM0\ARM_GCC_473\Debug\i2ctest.a(CyBootAsmGnu.o)
                              .\CortexM0\ARM_GCC_473\Debug\i2ctest.a(cyfitter_cfg.o) (CyDelayCycles)
.\CortexM0\ARM_GCC_473\Debug\i2ctest.a(CyLib.o)
                              .\CortexM0\ARM_GCC_473\Debug\i2ctest.a(cyfitter_cfg.o) (CyDelayUs)
.\CortexM0\ARM_GCC_473\Debug\i2ctest.a(UART_PC.o)
                              .\CortexM0\ARM_GCC_473\Debug\main.o (UART_PC_Start)
.\CortexM0\ARM_GCC_473\Debug\i2ctest.a(UART_PC_UART.o)
                              .\CortexM0\ARM_GCC_473\Debug\i2ctest.a(UART_PC.o) (UART_PC_UartInit)
.\CortexM0\ARM_GCC_473\Debug\i2ctest.a(UART_GPS.o)
                              .\CortexM0\ARM_GCC_473\Debug\main.o (UART_GPS_Start)
.\CortexM0\ARM_GCC_473\Debug\i2ctest.a(UART_GPS_IntClock.o)
                              .\CortexM0\ARM_GCC_473\Debug\i2ctest.a(UART_GPS.o) (UART_GPS_IntClock_Start)
.\CortexM0\ARM_GCC_473\Debug\i2ctest.a(SPIS_1.o)
                              .\CortexM0\ARM_GCC_473\Debug\main.o (SPIS_1_Start)
.\CortexM0\ARM_GCC_473\Debug\i2ctest.a(SPIS_1_SPI_UART.o)
                              .\CortexM0\ARM_GCC_473\Debug\main.o (SPIS_1_SpiUartReadRxData)
.\CortexM0\ARM_GCC_473\Debug\i2ctest.a(SPIS_1_SPI.o)
                              .\CortexM0\ARM_GCC_473\Debug\i2ctest.a(SPIS_1.o) (SPIS_1_SpiInit)
.\CortexM0\ARM_GCC_473\Debug\i2ctest.a(SPIS_1_SCB_IRQ.o)
                              .\CortexM0\ARM_GCC_473\Debug\i2ctest.a(SPIS_1.o) (SPIS_1_SCB_IRQ_Disable)
.\CortexM0\ARM_GCC_473\Debug\i2ctest.a(UART_PC_SPI_UART.o)
                              .\CortexM0\ARM_GCC_473\Debug\i2ctest.a(UART_PC_UART.o) (UART_PC_SpiUartReadRxData)
.\CortexM0\ARM_GCC_473\Debug\i2ctest.a(SPIS_1_SPI_UART_INT.o)
                              .\CortexM0\ARM_GCC_473\Debug\i2ctest.a(SPIS_1_SPI.o) (SPIS_1_SPI_UART_ISR)
c:/program files (x86)/cypress/psoc creator/3.0/psoc creator/import/gnu_cs/arm/4.7.3/bin/../lib/gcc/arm-none-eabi/4.7.3/../../../../arm-none-eabi/lib/armv6-m\libm.a(lib_a-w_pow.o)
                              .\CortexM0\ARM_GCC_473\Debug\util.o (pow)
c:/program files (x86)/cypress/psoc creator/3.0/psoc creator/import/gnu_cs/arm/4.7.3/bin/../lib/gcc/arm-none-eabi/4.7.3/../../../../arm-none-eabi/lib/armv6-m\libm.a(lib_a-e_pow.o)
                              c:/program files (x86)/cypress/psoc creator/3.0/psoc creator/import/gnu_cs/arm/4.7.3/bin/../lib/gcc/arm-none-eabi/4.7.3/../../../../arm-none-eabi/lib/armv6-m\libm.a(lib_a-w_pow.o) (__ieee754_pow)
c:/program files (x86)/cypress/psoc creator/3.0/psoc creator/import/gnu_cs/arm/4.7.3/bin/../lib/gcc/arm-none-eabi/4.7.3/../../../../arm-none-eabi/lib/armv6-m\libm.a(lib_a-e_sqrt.o)
                              c:/program files (x86)/cypress/psoc creator/3.0/psoc creator/import/gnu_cs/arm/4.7.3/bin/../lib/gcc/arm-none-eabi/4.7.3/../../../../arm-none-eabi/lib/armv6-m\libm.a(lib_a-e_pow.o) (__ieee754_sqrt)
c:/program files (x86)/cypress/psoc creator/3.0/psoc creator/import/gnu_cs/arm/4.7.3/bin/../lib/gcc/arm-none-eabi/4.7.3/../../../../arm-none-eabi/lib/armv6-m\libm.a(lib_a-s_fabs.o)
                              c:/program files (x86)/cypress/psoc creator/3.0/psoc creator/import/gnu_cs/arm/4.7.3/bin/../lib/gcc/arm-none-eabi/4.7.3/../../../../arm-none-eabi/lib/armv6-m\libm.a(lib_a-e_pow.o) (fabs)
c:/program files (x86)/cypress/psoc creator/3.0/psoc creator/import/gnu_cs/arm/4.7.3/bin/../lib/gcc/arm-none-eabi/4.7.3/../../../../arm-none-eabi/lib/armv6-m\libm.a(lib_a-s_finite.o)
                              c:/program files (x86)/cypress/psoc creator/3.0/psoc creator/import/gnu_cs/arm/4.7.3/bin/../lib/gcc/arm-none-eabi/4.7.3/../../../../arm-none-eabi/lib/armv6-m\libm.a(lib_a-w_pow.o) (finite)
c:/program files (x86)/cypress/psoc creator/3.0/psoc creator/import/gnu_cs/arm/4.7.3/bin/../lib/gcc/arm-none-eabi/4.7.3/../../../../arm-none-eabi/lib/armv6-m\libm.a(lib_a-s_fpclassify.o)
                              c:/program files (x86)/cypress/psoc creator/3.0/psoc creator/import/gnu_cs/arm/4.7.3/bin/../lib/gcc/arm-none-eabi/4.7.3/../../../../arm-none-eabi/lib/armv6-m\libm.a(lib_a-w_pow.o) (__fpclassifyd)
c:/program files (x86)/cypress/psoc creator/3.0/psoc creator/import/gnu_cs/arm/4.7.3/bin/../lib/gcc/arm-none-eabi/4.7.3/../../../../arm-none-eabi/lib/armv6-m\libm.a(lib_a-s_lib_ver.o)
                              c:/program files (x86)/cypress/psoc creator/3.0/psoc creator/import/gnu_cs/arm/4.7.3/bin/../lib/gcc/arm-none-eabi/4.7.3/../../../../arm-none-eabi/lib/armv6-m\libm.a(lib_a-w_pow.o) (__fdlib_version)
c:/program files (x86)/cypress/psoc creator/3.0/psoc creator/import/gnu_cs/arm/4.7.3/bin/../lib/gcc/arm-none-eabi/4.7.3/../../../../arm-none-eabi/lib/armv6-m\libm.a(lib_a-s_matherr.o)
[...]
Memory Configuration

Name             Origin             Length             Attributes
rom              0x00000000         0x00008000         xr
ram              0x20000000         0x00001000         xrw
*default*        0x00000000         0xffffffff

Linker script and memory map

LOAD c:/program files (x86)/cypress/psoc creator/3.0/psoc creator/import/gnu_cs/arm/4.7.3/bin/../lib/gcc/arm-none-eabi/4.7.3/armv6-m/crti.o
LOAD c:/program files (x86)/cypress/psoc creator/3.0/psoc creator/import/gnu_cs/arm/4.7.3/bin/../lib/gcc/arm-none-eabi/4.7.3/armv6-m/crtbegin.o
LOAD c:/program files (x86)/cypress/psoc creator/3.0/psoc creator/import/gnu_cs/arm/4.7.3/bin/../lib/gcc/arm-none-eabi/4.7.3/../../../../arm-none-eabi/lib/armv6-m/crt0.o
START GROUP
LOAD .\CortexM0\ARM_GCC_473\Debug\main.o
LOAD .\CortexM0\ARM_GCC_473\Debug\nunchuck.o
LOAD .\CortexM0\ARM_GCC_473\Debug\gps.o
LOAD .\CortexM0\ARM_GCC_473\Debug\util.o
LOAD .\CortexM0\ARM_GCC_473\Debug\cymetadata.o
LOAD .\CortexM0\ARM_GCC_473\Debug\Cm0Start.o
LOAD .\CortexM0\ARM_GCC_473\Debug\i2ctest.a
LOAD C:\Program Files (x86)\Cypress\PSoC Creator\3.0\PSoC Creator\psoc\content\cycomponentlibrary\CyComponentLibrary.cylib\CortexM0\ARM_GCC_473\Debug\CyComponentLibrary.a
LOAD c:/program files (x86)/cypress/psoc creator/3.0/psoc creator/import/gnu_cs/arm/4.7.3/bin/../lib/gcc/arm-none-eabi/4.7.3/../../../../arm-none-eabi/lib/armv6-m\libm.a
END GROUP
START GROUP
LOAD c:/program files (x86)/cypress/psoc creator/3.0/psoc creator/import/gnu_cs/arm/4.7.3/bin/../lib/gcc/arm-none-eabi/4.7.3/armv6-m\libgcc.a
LOAD c:/program files (x86)/cypress/psoc creator/3.0/psoc creator/import/gnu_cs/arm/4.7.3/bin/../lib/gcc/arm-none-eabi/4.7.3/../../../../arm-none-eabi/lib/armv6-m\libc_s.a
END GROUP
LOAD c:/program files (x86)/cypress/psoc creator/3.0/psoc creator/import/gnu_cs/arm/4.7.3/bin/../lib/gcc/arm-none-eabi/4.7.3/armv6-m/crtend.o
LOAD c:/program files (x86)/cypress/psoc creator/3.0/psoc creator/import/gnu_cs/arm/4.7.3/bin/../lib/gcc/arm-none-eabi/4.7.3/armv6-m/crtn.o
START GROUP
LOAD c:/program files (x86)/cypress/psoc creator/3.0/psoc creator/import/gnu_cs/arm/4.7.3/bin/../lib/gcc/arm-none-eabi/4.7.3/armv6-m\libgcc.a
LOAD c:/program files (x86)/cypress/psoc creator/3.0/psoc creator/import/gnu_cs/arm/4.7.3/bin/../lib/gcc/arm-none-eabi/4.7.3/../../../../arm-none-eabi/lib/armv6-m\libc.a
LOAD c:/program files (x86)/cypress/psoc creator/3.0/psoc creator/import/gnu_cs/arm/4.7.3/bin/../lib/gcc/arm-none-eabi/4.7.3/../../../../arm-none-eabi/lib/armv6-m\libnosys.a
END GROUP
                0x00000000                CY_APPL_ORIGIN = 0x0
                0x00000080                CY_FLASH_ROW_SIZE = 0x80
                0x00000001                CY_APPL_NUM = 0x1
                0x00000040                CY_METADATA_SIZE = 0x40
                0x20000430                PROVIDE (__cy_heap_start, _end)
                0x00000001                PROVIDE (__cy_region_num, ((__cy_regions_end - __cy_regions) / 0x10))
                0x20001000                PROVIDE (__cy_stack, (ORIGIN (ram) + 0x1000))
                0x20000c00                PROVIDE (__cy_heap_end, (__cy_stack - 0x400))

.cybootloader   0x00000000        0x0
 *(.cybootloader)
                0x00000000                appl1_start = CY_APPL_ORIGIN?CY_APPL_ORIGIN:ALIGN (CY_FLASH_ROW_SIZE)
                0x00003f80                appl2_start = (appl1_start + ALIGN ((((0x8000 - appl1_start) - (0x2 * CY_FLASH_ROW_SIZE)) / 0x2), CY_FLASH_ROW_SIZE))
                0x00000000                appl_start = (CY_APPL_NUM == 0x1)?appl1_start:appl2_start

.text           0x00000000     0x54c4
 CREATE_OBJECT_SYMBOLS
                0x00000000                PROVIDE (__cy_interrupt_vector, RomVectors)
 *(.romvectors)
 .romvectors    0x00000000       0x10 .\CortexM0\ARM_GCC_473\Debug\Cm0Start.o
                0x00000000                RomVectors
                0x00000001                ASSERT ((. != __cy_interrupt_vector), No interrupt vector)
                0x00000001                ASSERT (CY_APPL_ORIGIN?(SIZEOF (.cybootloader) <= CY_APPL_ORIGIN):0x1, Wrong image location)
                0x00000010                PROVIDE (__cy_reset, Reset)
 *(.text.Reset)
 .text.Reset    0x00000010        0x8 .\CortexM0\ARM_GCC_473\Debug\Cm0Start.o
                0x00000010                Reset
                0x00000001                ASSERT ((. != __cy_reset), No reset code)
 *(.psocinit)
 .psocinit      0x00000018      0x384 .\CortexM0\ARM_GCC_473\Debug\i2ctest.a(cyfitter_cfg.o)
                0x00000180                cyfitter_cfg
                0x0000039c                . = MAX (., 0x100)
 *(.text .text.* .gnu.linkonce.t.*)
 .text          0x0000039c       0x60 c:/program files (x86)/cypress/psoc creator/3.0/psoc creator/import/gnu_cs/arm/4.7.3/bin/../lib/gcc/arm-none-eabi/4.7.3/armv6-m/crtbegin.o
 .text.main     0x000003fc       0x28 .\CortexM0\ARM_GCC_473\Debug\main.o
                0x000003fc                main
 .text.isr_spi_rx
                0x00000424       0x70 .\CortexM0\ARM_GCC_473\Debug\main.o
                0x00000424                isr_spi_rx
 .text.GetGPSTime
                0x00000494       0x14 .\CortexM0\ARM_GCC_473\Debug\gps.o
                0x00000494                GetGPSTime
 .text.readGPSData
                0x000004a8       0xe4 .\CortexM0\ARM_GCC_473\Debug\gps.o
                0x000004a8                readGPSData
 .text.handleGPSData
                0x0000058c      0x178 .\CortexM0\ARM_GCC_473\Debug\gps.o
                0x0000058c                handleGPSData
 .text.compareGPSCMD
                0x00000704       0x54 .\CortexM0\ARM_GCC_473\Debug\gps.o
                0x00000704                compareGPSCMD
 .text.resetGPSBuffer
                0x00000758       0x34 .\CortexM0\ARM_GCC_473\Debug\gps.o
                0x00000758                resetGPSBuffer
 .text.IntDefaultHandler
                0x0000078c        0x8 .\CortexM0\ARM_GCC_473\Debug\Cm0Start.o
                0x0000078c                IntDefaultHandler
 .text.Start_c  0x00000794       0xa4 .\CortexM0\ARM_GCC_473\Debug\Cm0Start.o
                0x00000794                Start_c
 .text.initialize_psoc
                0x00000838       0x64 .\CortexM0\ARM_GCC_473\Debug\Cm0Start.o
                0x00000838                initialize_psoc
 .text.CYMEMZERO
                0x0000089c       0x20 .\CortexM0\ARM_GCC_473\Debug\i2ctest.a(cyfitter_cfg.o)
 .text.CYCONFIGCPYCODE
                0x000008bc       0x24 .\CortexM0\ARM_GCC_473\Debug\i2ctest.a(cyfitter_cfg.o)
 .text.cfg_write_bytes32
                0x000008e0       0x80 .\CortexM0\ARM_GCC_473\Debug\i2ctest.a(cyfitter_cfg.o)
 .text.AnalogSetDefault
                0x00000960        0x8 .\CortexM0\ARM_GCC_473\Debug\i2ctest.a(cyfitter_cfg.o)
 .text          0x00000968       0x20 .\CortexM0\ARM_GCC_473\Debug\i2ctest.a(CyBootAsmGnu.o)
                0x00000968                CyDelayCycles
                0x0000097a                CyEnterCriticalSection
                0x00000982                CyExitCriticalSection
 .text.CyDelayUs
                0x00000988       0x28 .\CortexM0\ARM_GCC_473\Debug\i2ctest.a(CyLib.o)
                0x00000988                CyDelayUs
 .text.UART_PC_Init
                0x000009b0        0xc .\CortexM0\ARM_GCC_473\Debug\i2ctest.a(UART_PC.o)
                0x000009b0                UART_PC_Init
 .text.UART_PC_Enable
                0x000009bc       0x20 .\CortexM0\ARM_GCC_473\Debug\i2ctest.a(UART_PC.o)
                0x000009bc                UART_PC_Enable
 .text.UART_PC_Start
                0x000009dc       0x24 .\CortexM0\ARM_GCC_473\Debug\i2ctest.a(UART_PC.o)
                0x000009dc                UART_PC_Start
 .text.UART_PC_ScbEnableIntr
                0x00000a00        0x8 .\CortexM0\ARM_GCC_473\Debug\i2ctest.a(UART_PC.o)
 .text.UART_PC_UartInit
                0x00000a08       0xa8 .\CortexM0\ARM_GCC_473\Debug\i2ctest.a(UART_PC_UART.o)
                0x00000a08                UART_PC_UartInit
 .text.UART_GPS_Start
                0x00000ab0       0x24 .\CortexM0\ARM_GCC_473\Debug\i2ctest.a(UART_GPS.o)
                0x00000ab0                UART_GPS_Start
 .text.UART_GPS_Init
                0x00000ad4       0x3c .\CortexM0\ARM_GCC_473\Debug\i2ctest.a(UART_GPS.o)
                0x00000ad4                UART_GPS_Init
 .text.UART_GPS_Enable
                0x00000b10       0x60 .\CortexM0\ARM_GCC_473\Debug\i2ctest.a(UART_GPS.o)
                0x00000b10                UART_GPS_Enable
 .text.UART_GPS_ReadRxData
                0x00000b70       0x20 .\CortexM0\ARM_GCC_473\Debug\i2ctest.a(UART_GPS.o)
                0x00000b70                UART_GPS_ReadRxData
 .text.UART_GPS_GetRxBufferSize
                0x00000b90       0x30 .\CortexM0\ARM_GCC_473\Debug\i2ctest.a(UART_GPS.o)
                0x00000b90                UART_GPS_GetRxBufferSize
 .text.UART_GPS_IntClock_Start
                0x00000bc0       0x1c .\CortexM0\ARM_GCC_473\Debug\i2ctest.a(UART_GPS_IntClock.o)
                0x00000bc0                UART_GPS_IntClock_Start
 .text.SPIS_1_Init
                0x00000bdc        0xc .\CortexM0\ARM_GCC_473\Debug\i2ctest.a(SPIS_1.o)
                0x00000bdc                SPIS_1_Init
 .text.SPIS_1_Enable
                0x00000be8       0x20 .\CortexM0\ARM_GCC_473\Debug\i2ctest.a(SPIS_1.o)
                0x00000be8                SPIS_1_Enable
 .text.SPIS_1_Start
                0x00000c08       0x24 .\CortexM0\ARM_GCC_473\Debug\i2ctest.a(SPIS_1.o)
                0x00000c08                SPIS_1_Start
 .text.SPIS_1_SetCustomInterruptHandler
                0x00000c2c       0x18 .\CortexM0\ARM_GCC_473\Debug\i2ctest.a(SPIS_1.o)
                0x00000c2c                SPIS_1_SetCustomInterruptHandler
 .text.SPIS_1_ScbEnableIntr
                0x00000c44        0xc .\CortexM0\ARM_GCC_473\Debug\i2ctest.a(SPIS_1.o)
 .text.SPIS_1_SpiUartReadRxData
                0x00000c50       0x20 .\CortexM0\ARM_GCC_473\Debug\i2ctest.a(SPIS_1_SPI_UART.o)
                0x00000c50                SPIS_1_SpiUartReadRxData
 .text.SPIS_1_SpiUartWriteTxData
                0x00000c70       0x2c .\CortexM0\ARM_GCC_473\Debug\i2ctest.a(SPIS_1_SPI_UART.o)
                0x00000c70                SPIS_1_SpiUartWriteTxData
 .text.SPIS_1_SpiUartClearTxBuffer
                0x00000c9c       0x2c .\CortexM0\ARM_GCC_473\Debug\i2ctest.a(SPIS_1_SPI_UART.o)
                0x00000c9c                SPIS_1_SpiUartClearTxBuffer
 .text.SPIS_1_SpiInit
                0x00000cc8       0xa0 .\CortexM0\ARM_GCC_473\Debug\i2ctest.a(SPIS_1_SPI.o)
                0x00000cc8                SPIS_1_SpiInit
 .text.SPIS_1_SCB_IRQ_SetVector
                0x00000d68       0x18 .\CortexM0\ARM_GCC_473\Debug\i2ctest.a(SPIS_1_SCB_IRQ.o)
                0x00000d68                SPIS_1_SCB_IRQ_SetVector
 .text.SPIS_1_SCB_IRQ_SetPriority
                0x00000d80       0x4c .\CortexM0\ARM_GCC_473\Debug\i2ctest.a(SPIS_1_SCB_IRQ.o)
                0x00000d80                SPIS_1_SCB_IRQ_SetPriority
 .text.SPIS_1_SCB_IRQ_Enable
                0x00000dcc       0x14 .\CortexM0\ARM_GCC_473\Debug\i2ctest.a(SPIS_1_SCB_IRQ.o)
                0x00000dcc                SPIS_1_SCB_IRQ_Enable
 .text.SPIS_1_SCB_IRQ_Disable
                0x00000de0       0x14 .\CortexM0\ARM_GCC_473\Debug\i2ctest.a(SPIS_1_SCB_IRQ.o)
                0x00000de0                SPIS_1_SCB_IRQ_Disable
 .text.SPIS_1_SPI_UART_ISR
                0x00000df4       0x1c .\CortexM0\ARM_GCC_473\Debug\i2ctest.a(SPIS_1_SPI_UART_INT.o)
                0x00000df4                SPIS_1_SPI_UART_ISR
 .text          0x00000e10       0x9c c:/program files (x86)/cypress/psoc creator/3.0/psoc creator/import/gnu_cs/arm/4.7.3/bin/../lib/gcc/arm-none-eabi/4.7.3/armv6-m\libgcc.a(_udivsi3.o)
                0x00000e10                __aeabi_uidiv
                0x00000e10                __udivsi3
                0x00000e98                __aeabi_uidivmod
 .text          0x00000eac       0xc0 c:/program files (x86)/cypress/psoc creator/3.0/psoc creator/import/gnu_cs/arm/4.7.3/bin/../lib/gcc/arm-none-eabi/4.7.3/armv6-m\libgcc.a(_divsi3.o)
                0x00000eac                __divsi3
                0x00000eac                __aeabi_idiv
                0x00000f58                __aeabi_idivmod
 .text          0x00000f6c        0x4 c:/program files (x86)/cypress/psoc creator/3.0/psoc creator/import/gnu_cs/arm/4.7.3/bin/../lib/gcc/arm-none-eabi/4.7.3/armv6-m\libgcc.a(_dvmd_tls.o)
                0x00000f6c                __aeabi_idiv0
                0x00000f6c                __aeabi_ldiv0
 .text          0x00000f70       0x7c c:/program files (x86)/cypress/psoc creator/3.0/psoc creator/import/gnu_cs/arm/4.7.3/bin/../lib/gcc/arm-none-eabi/4.7.3/armv6-m\libgcc.a(_arm_cmpdf2.o)
                0x00000f70                __aeabi_cdrcmple
                0x00000f80                __aeabi_cdcmple
                0x00000f80                __aeabi_cdcmpeq
                0x00000f90                __aeabi_dcmpeq
                0x00000f9c                __aeabi_dcmplt
                0x00000fb0                __aeabi_dcmple
                0x00000fc4                __aeabi_dcmpgt
                0x00000fd8                __aeabi_dcmpge
 .text          0x00000fec      0x760 c:/program files (x86)/cypress/psoc creator/3.0/psoc creator/import/gnu_cs/arm/4.7.3/bin/../lib/gcc/arm-none-eabi/4.7.3/armv6-m\libgcc.a(adddf3.o)
                0x00000fec                __aeabi_dadd
 .text          0x0000174c      0x5b8 c:/program files (x86)/cypress/psoc creator/3.0/psoc creator/import/gnu_cs/arm/4.7.3/bin/../lib/gcc/arm-none-eabi/4.7.3/armv6-m\libgcc.a(divdf3.o)
                0x0000174c                __aeabi_ddiv
 .text          0x00001d04       0x7c c:/program files (x86)/cypress/psoc creator/3.0/psoc creator/import/gnu_cs/arm/4.7.3/bin/../lib/gcc/arm-none-eabi/4.7.3/armv6-m\libgcc.a(eqdf2.o)
                0x00001d04                __nedf2
                0x00001d04                __eqdf2
 .text          0x00001d80       0xe8 c:/program files (x86)/cypress/psoc creator/3.0/psoc creator/import/gnu_cs/arm/4.7.3/bin/../lib/gcc/arm-none-eabi/4.7.3/armv6-m\libgcc.a(gedf2.o)
                0x00001d80                __gedf2
                0x00001d80                __gtdf2
 .text          0x00001e68       0xd8 c:/program files (x86)/cypress/psoc creator/3.0/psoc creator/import/gnu_cs/arm/4.7.3/bin/../lib/gcc/arm-none-eabi/4.7.3/armv6-m\libgcc.a(ledf2.o)
                0x00001e68                __ledf2
                0x00001e68                __ltdf2
 .text          0x00001f40      0x4e4 c:/program files (x86)/cypress/psoc creator/3.0/psoc creator/import/gnu_cs/arm/4.7.3/bin/../lib/gcc/arm-none-eabi/4.7.3/armv6-m\libgcc.a(muldf3.o)
                0x00001f40                __aeabi_dmul
 .text          0x00002424      0x704 c:/program files (x86)/cypress/psoc creator/3.0/psoc creator/import/gnu_cs/arm/4.7.3/bin/../lib/gcc/arm-none-eabi/4.7.3/armv6-m\libgcc.a(subdf3.o)
                0x00002424                __aeabi_dsub
 .text          0x00002b28       0x68 c:/program files (x86)/cypress/psoc creator/3.0/psoc creator/import/gnu_cs/arm/4.7.3/bin/../lib/gcc/arm-none-eabi/4.7.3/armv6-m\libgcc.a(fixdfsi.o)
                0x00002b28                __aeabi_d2iz
 .text          0x00002b90       0x74 c:/program files (x86)/cypress/psoc creator/3.0/psoc creator/import/gnu_cs/arm/4.7.3/bin/../lib/gcc/arm-none-eabi/4.7.3/armv6-m\libgcc.a(floatsidf.o)
                0x00002b90                __aeabi_i2d
 .text          0x00002c04       0x3c c:/program files (x86)/cypress/psoc creator/3.0/psoc creator/import/gnu_cs/arm/4.7.3/bin/../lib/gcc/arm-none-eabi/4.7.3/armv6-m\libgcc.a(_clzsi2.o)
                0x00002c04                __clzsi2
 .text.atof     0x00002c40        0xa c:/program files (x86)/cypress/psoc creator/3.0/psoc creator/import/gnu_cs/arm/4.7.3/bin/../lib/gcc/arm-none-eabi/4.7.3/../../../../arm-none-eabi/lib/armv6-m\libc_s.a(lib_a-atof.o)
                0x00002c40                atof
 *fill*         0x00002c4a        0x2 00
 .text.__libc_init_array
                0x00002c4c       0x4c c:/program files (x86)/cypress/psoc creator/3.0/psoc creator/import/gnu_cs/arm/4.7.3/bin/../lib/gcc/arm-none-eabi/4.7.3/../../../../arm-none-eabi/lib/armv6-m\libc_s.a(lib_a-init.o)
                0x00002c4c                __libc_init_array
 .text.memcpy   0x00002c98       0x12 c:/program files (x86)/cypress/psoc creator/3.0/psoc creator/import/gnu_cs/arm/4.7.3/bin/../lib/gcc/arm-none-eabi/4.7.3/../../../../arm-none-eabi/lib/armv6-m\libc_s.a(lib_a-memcpy.o)
                0x00002c98                memcpy
 .text.memset   0x00002caa       0x12 c:/program files (x86)/cypress/psoc creator/3.0/psoc creator/import/gnu_cs/arm/4.7.3/bin/../lib/gcc/arm-none-eabi/4.7.3/../../../../arm-none-eabi/lib/armv6-m\libc_s.a(lib_a-memset.o)
                0x00002caa                memset
 .text.sscanf   0x00002cbc       0x50 c:/program files (x86)/cypress/psoc creator/3.0/psoc creator/import/gnu_cs/arm/4.7.3/bin/../lib/gcc/arm-none-eabi/4.7.3/../../../../arm-none-eabi/lib/armv6-m\libc_s.a(lib_a-sscanf.o)
                0x00002cbc                siscanf
                0x00002cbc                sscanf
 .text.__seofread
                0x00002d0c        0x4 c:/program files (x86)/cypress/psoc creator/3.0/psoc creator/import/gnu_cs/arm/4.7.3/bin/../lib/gcc/arm-none-eabi/4.7.3/../../../../arm-none-eabi/lib/armv6-m\libc_s.a(lib_a-stdio.o)
                0x00002d0c                __seofread
 .text.strcmp   0x00002d10       0x14 c:/program files (x86)/cypress/psoc creator/3.0/psoc creator/import/gnu_cs/arm/4.7.3/bin/../lib/gcc/arm-none-eabi/4.7.3/../../../../arm-none-eabi/lib/armv6-m\libc_s.a(lib_a-strcmp.o)
                0x00002d10                strcmp
 .text.strlen   0x00002d24        0xe c:/program files (x86)/cypress/psoc creator/3.0/psoc creator/import/gnu_cs/arm/4.7.3/bin/../lib/gcc/arm-none-eabi/4.7.3/../../../../arm-none-eabi/lib/armv6-m\libc_s.a(lib_a-strlen.o)
                0x00002d24                strlen
 .text.match    0x00002d32       0x28 c:/program files (x86)/cypress/psoc creator/3.0/psoc creator/import/gnu_cs/arm/4.7.3/bin/../lib/gcc/arm-none-eabi/4.7.3/../../../../arm-none-eabi/lib/armv6-m\libc_s.a(lib_a-strtod.o)
 *fill*         0x00002d5a        0x6 00
 .text._strtod_r
                0x00002d60      0xbb0 c:/program files (x86)/cypress/psoc creator/3.0/psoc creator/import/gnu_cs/arm/4.7.3/bin/../lib/gcc/arm-none-eabi/4.7.3/../../../../arm-none-eabi/lib/armv6-m\libc_s.a(lib_a-strtod.o)
                0x00002d60                _strtod_r
 .text.strtod   0x00003910       0x18 c:/program files (x86)/cypress/psoc creator/3.0/psoc creator/import/gnu_cs/arm/4.7.3/bin/../lib/gcc/arm-none-eabi/4.7.3/../../../../arm-none-eabi/lib/armv6-m\libc_s.a(lib_a-strtod.o)
                0x00003910                strtod
 .text.strtok   0x00003928       0x68 c:/program files (x86)/cypress/psoc creator/3.0/psoc creator/import/gnu_cs/arm/4.7.3/bin/../lib/gcc/arm-none-eabi/4.7.3/../../../../arm-none-eabi/lib/armv6-m\libc_s.a(lib_a-strtok.o)
                0x00003928                strtok
 .text.__strtok_r
                0x00003990       0x64 c:/program files (x86)/cypress/psoc creator/3.0/psoc creator/import/gnu_cs/arm/4.7.3/bin/../lib/gcc/arm-none-eabi/4.7.3/../../../../arm-none-eabi/lib/armv6-m\libc_s.a(lib_a-strtok_r.o)
                0x00003990                __strtok_r
 .text._sungetc_r
                0x000039f4       0x7a c:/program files (x86)/cypress/psoc creator/3.0/psoc creator/import/gnu_cs/arm/4.7.3/bin/../lib/gcc/arm-none-eabi/4.7.3/../../../../arm-none-eabi/lib/armv6-m\libc_s.a(lib_a-svfscanf.o)
                0x000039f4                _sungetc_r
 .text.__ssrefill_r
                0x00003a6e       0x3e c:/program files (x86)/cypress/psoc creator/3.0/psoc creator/import/gnu_cs/arm/4.7.3/bin/../lib/gcc/arm-none-eabi/4.7.3/../../../../arm-none-eabi/lib/armv6-m\libc_s.a(lib_a-svfscanf.o)
                0x00003a6e                __ssrefill_r
 .text.__ssvfscanf_r
                0x00003aac      0x2d0 c:/program files (x86)/cypress/psoc creator/3.0/psoc creator/import/gnu_cs/arm/4.7.3/bin/../lib/gcc/arm-none-eabi/4.7.3/../../../../arm-none-eabi/lib/armv6-m\libc_s.a(lib_a-svfscanf.o)
                0x00003aac                __ssvfiscanf_r
                0x00003aac                __ssvfscanf_r
 .text.__submore
                0x00003d7c       0x7c c:/program files (x86)/cypress/psoc creator/3.0/psoc creator/import/gnu_cs/arm/4.7.3/bin/../lib/gcc/arm-none-eabi/4.7.3/../../../../arm-none-eabi/lib/armv6-m\libc_s.a(lib_a-ungetc.o)
                0x00003d7c                __submore
 .text._scanf_chars
                0x00003df8       0xc8 c:/program files (x86)/cypress/psoc creator/3.0/psoc creator/import/gnu_cs/arm/4.7.3/bin/../lib/gcc/arm-none-eabi/4.7.3/../../../../arm-none-eabi/lib/armv6-m\libc_s.a(lib_a-vfscanf_i.o)
                0x00003df8                _scanf_chars
 .text._scanf_i
                0x00003ec0      0x1f4 c:/program files (x86)/cypress/psoc creator/3.0/psoc creator/import/gnu_cs/arm/4.7.3/bin/../lib/gcc/arm-none-eabi/4.7.3/../../../../arm-none-eabi/lib/armv6-m\libc_s.a(lib_a-vfscanf_i.o)
                0x00003ec0                _scanf_i
 .text.__sfp_lock_acquire
                0x000040b4        0x2 c:/program files (x86)/cypress/psoc creator/3.0/psoc creator/import/gnu_cs/arm/4.7.3/bin/../lib/gcc/arm-none-eabi/4.7.3/../../../../arm-none-eabi/lib/armv6-m\libc_s.a(lib_a-findfp.o)
                0x000040b4                __sfp_lock_acquire
 .text.__sfp_lock_release
                0x000040b6        0x2 c:/program files (x86)/cypress/psoc creator/3.0/psoc creator/import/gnu_cs/arm/4.7.3/bin/../lib/gcc/arm-none-eabi/4.7.3/../../../../arm-none-eabi/lib/armv6-m\libc_s.a(lib_a-findfp.o)
                0x000040b6                __sfp_lock_release
 .text._free_r  0x000040b8       0x90 c:/program files (x86)/cypress/psoc creator/3.0/psoc creator/import/gnu_cs/arm/4.7.3/bin/../lib/gcc/arm-none-eabi/4.7.3/../../../../arm-none-eabi/lib/armv6-m\libc_s.a(lib_a-freer.o)
                0x000040b8                _free_r
 .text.rshift   0x00004148       0x74 c:/program files (x86)/cypress/psoc creator/3.0/psoc creator/import/gnu_cs/arm/4.7.3/bin/../lib/gcc/arm-none-eabi/4.7.3/../../../../arm-none-eabi/lib/armv6-m\libc_s.a(lib_a-gdtoa-gethex.o)
 .text.htinit.constprop.0
                0x000041bc       0x1c c:/program files (x86)/cypress/psoc creator/3.0/psoc creator/import/gnu_cs/arm/4.7.3/bin/../lib/gcc/arm-none-eabi/4.7.3/../../../../arm-none-eabi/lib/armv6-m\libc_s.a(lib_a-gdtoa-gethex.o)
 .text.__hexdig_init
                0x000041d8       0x28 c:/program files (x86)/cypress/psoc creator/3.0/psoc creator/import/gnu_cs/arm/4.7.3/bin/../lib/gcc/arm-none-eabi/4.7.3/../../../../arm-none-eabi/lib/armv6-m\libc_s.a(lib_a-gdtoa-gethex.o)
                0x000041d8                __hexdig_init
 .text.__gethex
                0x00004200      0x474 c:/program files (x86)/cypress/psoc creator/3.0/psoc creator/import/gnu_cs/arm/4.7.3/bin/../lib/gcc/arm-none-eabi/4.7.3/../../../../arm-none-eabi/lib/armv6-m\libc_s.a(lib_a-gdtoa-gethex.o)
                0x00004200                __gethex
 .text.L_shift  0x00004674       0x24 c:/program files (x86)/cypress/psoc creator/3.0/psoc creator/import/gnu_cs/arm/4.7.3/bin/../lib/gcc/arm-none-eabi/4.7.3/../../../../arm-none-eabi/lib/armv6-m\libc_s.a(lib_a-gdtoa-hexnan.o)
 .text.__hexnan
                0x00004698      0x12c c:/program files (x86)/cypress/psoc creator/3.0/psoc creator/import/gnu_cs/arm/4.7.3/bin/../lib/gcc/arm-none-eabi/4.7.3/../../../../arm-none-eabi/lib/armv6-m\libc_s.a(lib_a-gdtoa-hexnan.o)
                0x00004698                __hexnan
 .text._localeconv_r
                0x000047c4        0x8 c:/program files (x86)/cypress/psoc creator/3.0/psoc creator/import/gnu_cs/arm/4.7.3/bin/../lib/gcc/arm-none-eabi/4.7.3/../../../../arm-none-eabi/lib/armv6-m\libc_s.a(lib_a-locale.o)
                0x000047c4                _localeconv_r
 .text.malloc   0x000047cc       0x14 c:/program files (x86)/cypress/psoc creator/3.0/psoc creator/import/gnu_cs/arm/4.7.3/bin/../lib/gcc/arm-none-eabi/4.7.3/../../../../arm-none-eabi/lib/armv6-m\libc_s.a(lib_a-malloc.o)
                0x000047cc                malloc
 .text._malloc_r
                0x000047e0       0x94 c:/program files (x86)/cypress/psoc creator/3.0/psoc creator/import/gnu_cs/arm/4.7.3/bin/../lib/gcc/arm-none-eabi/4.7.3/../../../../arm-none-eabi/lib/armv6-m\libc_s.a(lib_a-mallocr.o)
                0x000047e0                _malloc_r
 .text.memchr   0x00004874       0x18 c:/program files (x86)/cypress/psoc creator/3.0/psoc creator/import/gnu_cs/arm/4.7.3/bin/../lib/gcc/arm-none-eabi/4.7.3/../../../../arm-none-eabi/lib/armv6-m\libc_s.a(lib_a-memchr.o)
                0x00004874                memchr
 .text._Balloc  0x0000488c       0x70 c:/program files (x86)/cypress/psoc creator/3.0/psoc creator/import/gnu_cs/arm/4.7.3/bin/../lib/gcc/arm-none-eabi/4.7.3/../../../../arm-none-eabi/lib/armv6-m\libc_s.a(lib_a-mprec.o)
                0x0000488c                _Balloc
 .text._Bfree   0x000048fc       0x32 c:/program files (x86)/cypress/psoc creator/3.0/psoc creator/import/gnu_cs/arm/4.7.3/bin/../lib/gcc/arm-none-eabi/4.7.3/../../../../arm-none-eabi/lib/armv6-m\libc_s.a(lib_a-mprec.o)
                0x000048fc                _Bfree
 .text.__multadd
                0x0000492e       0x7c c:/program files (x86)/cypress/psoc creator/3.0/psoc creator/import/gnu_cs/arm/4.7.3/bin/../lib/gcc/arm-none-eabi/4.7.3/../../../../arm-none-eabi/lib/armv6-m\libc_s.a(lib_a-mprec.o)
                0x0000492e                __multadd
 .text.__s2b    0x000049aa       0x80 c:/program files (x86)/cypress/psoc creator/3.0/psoc creator/import/gnu_cs/arm/4.7.3/bin/../lib/gcc/arm-none-eabi/4.7.3/../../../../arm-none-eabi/lib/armv6-m\libc_s.a(lib_a-mprec.o)
                0x000049aa                __s2b
 .text.__hi0bits
                0x00004a2a       0x36 c:/program files (x86)/cypress/psoc creator/3.0/psoc creator/import/gnu_cs/arm/4.7.3/bin/../lib/gcc/arm-none-eabi/4.7.3/../../../../arm-none-eabi/lib/armv6-m\libc_s.a(lib_a-mprec.o)
                0x00004a2a                __hi0bits
 .text.__lo0bits
                0x00004a60       0x5c c:/program files (x86)/cypress/psoc creator/3.0/psoc creator/import/gnu_cs/arm/4.7.3/bin/../lib/gcc/arm-none-eabi/4.7.3/../../../../arm-none-eabi/lib/armv6-m\libc_s.a(lib_a-mprec.o)
                0x00004a60                __lo0bits
 .text.__i2b    0x00004abc       0x12 c:/program files (x86)/cypress/psoc creator/3.0/psoc creator/import/gnu_cs/arm/4.7.3/bin/../lib/gcc/arm-none-eabi/4.7.3/../../../../arm-none-eabi/lib/armv6-m\libc_s.a(lib_a-mprec.o)
                0x00004abc                __i2b
 .text.__multiply
                0x00004ace      0x122 c:/program files (x86)/cypress/psoc creator/3.0/psoc creator/import/gnu_cs/arm/4.7.3/bin/../lib/gcc/arm-none-eabi/4.7.3/../../../../arm-none-eabi/lib/armv6-m\libc_s.a(lib_a-mprec.o)
                0x00004ace                __multiply
 .text.__pow5mult
                0x00004bf0       0xa4 c:/program files (x86)/cypress/psoc creator/3.0/psoc creator/import/gnu_cs/arm/4.7.3/bin/../lib/gcc/arm-none-eabi/4.7.3/../../../../arm-none-eabi/lib/armv6-m\libc_s.a(lib_a-mprec.o)
                0x00004bf0                __pow5mult
 .text.__lshift
                0x00004c94       0xa4 c:/program files (x86)/cypress/psoc creator/3.0/psoc creator/import/gnu_cs/arm/4.7.3/bin/../lib/gcc/arm-none-eabi/4.7.3/../../../../arm-none-eabi/lib/armv6-m\libc_s.a(lib_a-mprec.o)
                0x00004c94                __lshift
 .text.__mcmp   0x00004d38       0x38 c:/program files (x86)/cypress/psoc creator/3.0/psoc creator/import/gnu_cs/arm/4.7.3/bin/../lib/gcc/arm-none-eabi/4.7.3/../../../../arm-none-eabi/lib/armv6-m\libc_s.a(lib_a-mprec.o)
                0x00004d38                __mcmp
 .text.__mdiff  0x00004d70       0xce c:/program files (x86)/cypress/psoc creator/3.0/psoc creator/import/gnu_cs/arm/4.7.3/bin/../lib/gcc/arm-none-eabi/4.7.3/../../../../arm-none-eabi/lib/armv6-m\libc_s.a(lib_a-mprec.o)
                0x00004d70                __mdiff
 *fill*         0x00004e3e        0x2 00
 .text.__ulp    0x00004e40       0x44 c:/program files (x86)/cypress/psoc creator/3.0/psoc creator/import/gnu_cs/arm/4.7.3/bin/../lib/gcc/arm-none-eabi/4.7.3/../../../../arm-none-eabi/lib/armv6-m\libc_s.a(lib_a-mprec.o)
                0x00004e40                __ulp
 .text.__b2d    0x00004e84       0x94 c:/program files (x86)/cypress/psoc creator/3.0/psoc creator/import/gnu_cs/arm/4.7.3/bin/../lib/gcc/arm-none-eabi/4.7.3/../../../../arm-none-eabi/lib/armv6-m\libc_s.a(lib_a-mprec.o)
                0x00004e84                __b2d
 .text.__d2b    0x00004f18       0xac c:/program files (x86)/cypress/psoc creator/3.0/psoc creator/import/gnu_cs/arm/4.7.3/bin/../lib/gcc/arm-none-eabi/4.7.3/../../../../arm-none-eabi/lib/armv6-m\libc_s.a(lib_a-mprec.o)
                0x00004f18                __d2b
 .text.__ratio  0x00004fc4       0x48 c:/program files (x86)/cypress/psoc creator/3.0/psoc creator/import/gnu_cs/arm/4.7.3/bin/../lib/gcc/arm-none-eabi/4.7.3/../../../../arm-none-eabi/lib/armv6-m\libc_s.a(lib_a-mprec.o)
                0x00004fc4                __ratio
 .text.__copybits
                0x0000500c       0x2e c:/program files (x86)/cypress/psoc creator/3.0/psoc creator/import/gnu_cs/arm/4.7.3/bin/../lib/gcc/arm-none-eabi/4.7.3/../../../../arm-none-eabi/lib/armv6-m\libc_s.a(lib_a-mprec.o)
                0x0000500c                __copybits
 .text.__any_on
                0x0000503a       0x4e c:/program files (x86)/cypress/psoc creator/3.0/psoc creator/import/gnu_cs/arm/4.7.3/bin/../lib/gcc/arm-none-eabi/4.7.3/../../../../arm-none-eabi/lib/armv6-m\libc_s.a(lib_a-mprec.o)
                0x0000503a                __any_on
 .text._realloc_r
                0x00005088       0x4c c:/program files (x86)/cypress/psoc creator/3.0/psoc creator/import/gnu_cs/arm/4.7.3/bin/../lib/gcc/arm-none-eabi/4.7.3/../../../../arm-none-eabi/lib/armv6-m\libc_s.a(lib_a-reallocr.o)
                0x00005088                _realloc_r
 .text._sbrk_r  0x000050d4       0x24 c:/program files (x86)/cypress/psoc creator/3.0/psoc creator/import/gnu_cs/arm/4.7.3/bin/../lib/gcc/arm-none-eabi/4.7.3/../../../../arm-none-eabi/lib/armv6-m\libc_s.a(lib_a-sbrkr.o)
                0x000050d4                _sbrk_r
 .text.__sccl   0x000050f8       0x62 c:/program files (x86)/cypress/psoc creator/3.0/psoc creator/import/gnu_cs/arm/4.7.3/bin/../lib/gcc/arm-none-eabi/4.7.3/../../../../arm-none-eabi/lib/armv6-m\libc_s.a(lib_a-sccl.o)
                0x000050f8                __sccl
 .text.strncmp  0x0000515a       0x30 c:/program files (x86)/cypress/psoc creator/3.0/psoc creator/import/gnu_cs/arm/4.7.3/bin/../lib/gcc/arm-none-eabi/4.7.3/../../../../arm-none-eabi/lib/armv6-m\libc_s.a(lib_a-strncmp.o)
                0x0000515a                strncmp
 *fill*         0x0000518a        0x2 00
 .text._strtol_r
                0x0000518c      0x114 c:/program files (x86)/cypress/psoc creator/3.0/psoc creator/import/gnu_cs/arm/4.7.3/bin/../lib/gcc/arm-none-eabi/4.7.3/../../../../arm-none-eabi/lib/armv6-m\libc_s.a(lib_a-strtol.o)
                0x0000518c                _strtol_r
 .text._strtoul_r
                0x000052a0      0x100 c:/program files (x86)/cypress/psoc creator/3.0/psoc creator/import/gnu_cs/arm/4.7.3/bin/../lib/gcc/arm-none-eabi/4.7.3/../../../../arm-none-eabi/lib/armv6-m\libc_s.a(lib_a-strtoul.o)
                0x000052a0                _strtoul_r
 .text._calloc_r
                0x000053a0       0x1c c:/program files (x86)/cypress/psoc creator/3.0/psoc creator/import/gnu_cs/arm/4.7.3/bin/../lib/gcc/arm-none-eabi/4.7.3/../../../../arm-none-eabi/lib/armv6-m\libc_s.a(lib_a-callocr.o)
                0x000053a0                _calloc_r
 .text._malloc_usable_size_r
                0x000053bc       0x14 c:/program files (x86)/cypress/psoc creator/3.0/psoc creator/import/gnu_cs/arm/4.7.3/bin/../lib/gcc/arm-none-eabi/4.7.3/../../../../arm-none-eabi/lib/armv6-m\libc_s.a(lib_a-msizer.o)
                0x000053bc                _malloc_usable_size_r
 .text          0x000053d0       0x14 c:/program files (x86)/cypress/psoc creator/3.0/psoc creator/import/gnu_cs/arm/4.7.3/bin/../lib/gcc/arm-none-eabi/4.7.3/armv6-m\libgcc.a(_thumb1_case_uqi.o)
                0x000053d0                __gnu_thumb1_case_uqi
 *fill*         0x000053e4        0x4 00
 .text          0x000053e8       0x40 c:/program files (x86)/cypress/psoc creator/3.0/psoc creator/import/gnu_cs/arm/4.7.3/bin/../lib/gcc/arm-none-eabi/4.7.3/armv6-m\libgcc.a(_fixunsdfsi.o)
                0x000053e8                __aeabi_d2uiz
                0x000053e8                __fixunsdfsi
 .text          0x00005428       0x64 c:/program files (x86)/cypress/psoc creator/3.0/psoc creator/import/gnu_cs/arm/4.7.3/bin/../lib/gcc/arm-none-eabi/4.7.3/armv6-m\libgcc.a(floatunsidf.o)
                0x00005428                __aeabi_ui2d
 .text._sbrk    0x0000548c       0x38 c:/program files (x86)/cypress/psoc creator/3.0/psoc creator/import/gnu_cs/arm/4.7.3/bin/../lib/gcc/arm-none-eabi/4.7.3/../../../../arm-none-eabi/lib/armv6-m\libnosys.a(sbrk.o)
                0x0000548c                _sbrk
 *(.plt)
 *(.gnu.warning)
 *(.glue_7t)
 .glue_7t       0x00000000        0x0 linker stubs
 *(.glue_7)
 .glue_7        0x00000000        0x0 linker stubs
 *(.vfp11_veneer)
 .vfp11_veneer  0x00000000        0x0 linker stubs
 *(.bootloader)
 *(.ARM.extab* .gnu.linkonce.armextab.*)
 *(.gcc_except_table)

.v4_bx          0x000054c4        0x0
 .v4_bx         0x00000000        0x0 linker stubs

.iplt           0x000054c4        0x0
 .iplt          0x00000000        0x0 c:/program files (x86)/cypress/psoc creator/3.0/psoc creator/import/gnu_cs/arm/4.7.3/bin/../lib/gcc/arm-none-eabi/4.7.3/armv6-m/crtbegin.o

.eh_frame_hdr
 *(.eh_frame_hdr)

.eh_frame       0x000054c4        0x4
 *(.eh_frame)
 .eh_frame      0x000054c4        0x0 c:/program files (x86)/cypress/psoc creator/3.0/psoc creator/import/gnu_cs/arm/4.7.3/bin/../lib/gcc/arm-none-eabi/4.7.3/armv6-m/crtbegin.o
 .eh_frame      0x000054c4        0x4 c:/program files (x86)/cypress/psoc creator/3.0/psoc creator/import/gnu_cs/arm/4.7.3/bin/../lib/gcc/arm-none-eabi/4.7.3/armv6-m/crtend.o
                0x000054c8                PROVIDE (__exidx_start, .)

.ARM.exidx
 *(.ARM.exidx* .gnu.linkonce.armexidx.*)
                0x000054c8                __exidx_end = .

.rodata         0x000054c8      0x680
 *(.rodata .rodata.* .gnu.linkonce.r.*)
 .rodata        0x000054c8       0x38 .\CortexM0\ARM_GCC_473\Debug\gps.o
 .rodata        0x00005500      0x2a8 .\CortexM0\ARM_GCC_473\Debug\i2ctest.a(cyfitter_cfg.o)
 .rodata        0x000057a8       0x40 c:/program files (x86)/cypress/psoc creator/3.0/psoc creator/import/gnu_cs/arm/4.7.3/bin/../lib/gcc/arm-none-eabi/4.7.3/armv6-m\libgcc.a(divdf3.o)
 .rodata        0x000057e8       0x40 c:/program files (x86)/cypress/psoc creator/3.0/psoc creator/import/gnu_cs/arm/4.7.3/bin/../lib/gcc/arm-none-eabi/4.7.3/armv6-m\libgcc.a(muldf3.o)
 .rodata.str1.1
                0x00005828        0x2 c:/program files (x86)/cypress/psoc creator/3.0/psoc creator/import/gnu_cs/arm/4.7.3/bin/../lib/gcc/arm-none-eabi/4.7.3/../../../../arm-none-eabi/lib/armv6-m\libc_s.a(lib_a-impure.o)
 .rodata.str1.1
                0x0000582a        0xc c:/program files (x86)/cypress/psoc creator/3.0/psoc creator/import/gnu_cs/arm/4.7.3/bin/../lib/gcc/arm-none-eabi/4.7.3/../../../../arm-none-eabi/lib/armv6-m\libc_s.a(lib_a-strtod.o)
 *fill*         0x00005836        0x2 00
 .rodata.tinytens
                0x00005838       0x28 c:/program files (x86)/cypress/psoc creator/3.0/psoc creator/import/gnu_cs/arm/4.7.3/bin/../lib/gcc/arm-none-eabi/4.7.3/../../../../arm-none-eabi/lib/armv6-m\libc_s.a(lib_a-strtod.o)
 .rodata        0x00005860        0xc c:/program files (x86)/cypress/psoc creator/3.0/psoc creator/import/gnu_cs/arm/4.7.3/bin/../lib/gcc/arm-none-eabi/4.7.3/../../../../arm-none-eabi/lib/armv6-m\libc_s.a(lib_a-vfscanf_i.o)
 .rodata.str1.1
                0x0000586c       0x1b c:/program files (x86)/cypress/psoc creator/3.0/psoc creator/import/gnu_cs/arm/4.7.3/bin/../lib/gcc/arm-none-eabi/4.7.3/../../../../arm-none-eabi/lib/armv6-m\libc_s.a(lib_a-vfscanf_i.o)
 .rodata._ctype_
                0x00005887      0x101 c:/program files (x86)/cypress/psoc creator/3.0/psoc creator/import/gnu_cs/arm/4.7.3/bin/../lib/gcc/arm-none-eabi/4.7.3/../../../../arm-none-eabi/lib/armv6-m\libc_s.a(lib_a-ctype_.o)
                0x00005887                _ctype_
 .rodata.__sf_fake_stdin
                0x00005988       0x20 c:/program files (x86)/cypress/psoc creator/3.0/psoc creator/import/gnu_cs/arm/4.7.3/bin/../lib/gcc/arm-none-eabi/4.7.3/../../../../arm-none-eabi/lib/armv6-m\libc_s.a(lib_a-findfp.o)
                0x00005988                __sf_fake_stdin
 .rodata.__sf_fake_stdout
                0x000059a8       0x20 c:/program files (x86)/cypress/psoc creator/3.0/psoc creator/import/gnu_cs/arm/4.7.3/bin/../lib/gcc/arm-none-eabi/4.7.3/../../../../arm-none-eabi/lib/armv6-m\libc_s.a(lib_a-findfp.o)
                0x000059a8                __sf_fake_stdout
 .rodata.__sf_fake_stderr
                0x000059c8       0x20 c:/program files (x86)/cypress/psoc creator/3.0/psoc creator/import/gnu_cs/arm/4.7.3/bin/../lib/gcc/arm-none-eabi/4.7.3/../../../../arm-none-eabi/lib/armv6-m\libc_s.a(lib_a-findfp.o)
                0x000059c8                __sf_fake_stderr
 .rodata.str1.1
                0x000059e8       0x19 c:/program files (x86)/cypress/psoc creator/3.0/psoc creator/import/gnu_cs/arm/4.7.3/bin/../lib/gcc/arm-none-eabi/4.7.3/../../../../arm-none-eabi/lib/armv6-m\libc_s.a(lib_a-gdtoa-gethex.o)
 .rodata.str1.1
                0x00005a01        0x8 c:/program files (x86)/cypress/psoc creator/3.0/psoc creator/import/gnu_cs/arm/4.7.3/bin/../lib/gcc/arm-none-eabi/4.7.3/../../../../arm-none-eabi/lib/armv6-m\libc_s.a(lib_a-locale.o)
                                  0xb (size before relaxing)
 *fill*         0x00005a09        0x7 00
 .rodata.__mprec_tens
                0x00005a10       0xc8 c:/program files (x86)/cypress/psoc creator/3.0/psoc creator/import/gnu_cs/arm/4.7.3/bin/../lib/gcc/arm-none-eabi/4.7.3/../../../../arm-none-eabi/lib/armv6-m\libc_s.a(lib_a-mprec.o)
                0x00005a10                __mprec_tens
 .rodata.p05.5252
                0x00005ad8        0xc c:/program files (x86)/cypress/psoc creator/3.0/psoc creator/import/gnu_cs/arm/4.7.3/bin/../lib/gcc/arm-none-eabi/4.7.3/../../../../arm-none-eabi/lib/armv6-m\libc_s.a(lib_a-mprec.o)
 *fill*         0x00005ae4        0x4 00
 .rodata.__mprec_bigtens
                0x00005ae8       0x28 c:/program files (x86)/cypress/psoc creator/3.0/psoc creator/import/gnu_cs/arm/4.7.3/bin/../lib/gcc/arm-none-eabi/4.7.3/../../../../arm-none-eabi/lib/armv6-m\libc_s.a(lib_a-mprec.o)
                0x00005ae8                __mprec_bigtens
                0x00005b10                . = ALIGN (0x4)
 *(.init)
 .init          0x00005b10        0x4 c:/program files (x86)/cypress/psoc creator/3.0/psoc creator/import/gnu_cs/arm/4.7.3/bin/../lib/gcc/arm-none-eabi/4.7.3/armv6-m/crti.o
                0x00005b10                _init
 .init          0x00005b14        0x8 c:/program files (x86)/cypress/psoc creator/3.0/psoc creator/import/gnu_cs/arm/4.7.3/bin/../lib/gcc/arm-none-eabi/4.7.3/armv6-m/crtn.o
                0x00005b1c                . = ALIGN (0x4)
                0x00005b1c                __preinit_array_start = .
 *(.preinit_array)
                0x00005b1c                __preinit_array_end = .
                0x00005b1c                . = ALIGN (0x4)
                0x00005b1c                __init_array_start = .
 *(SORT(.init_array.*))
 *(.init_array)
 .init_array    0x00005b1c        0x4 c:/program files (x86)/cypress/psoc creator/3.0/psoc creator/import/gnu_cs/arm/4.7.3/bin/../lib/gcc/arm-none-eabi/4.7.3/armv6-m/crtbegin.o
 .init_array    0x00005b20        0x4 .\CortexM0\ARM_GCC_473\Debug\Cm0Start.o
                0x00005b24                __init_array_end = .
                0x00005b24                . = ALIGN (0x4)
 *(.fini)
 .fini          0x00005b24        0x4 c:/program files (x86)/cypress/psoc creator/3.0/psoc creator/import/gnu_cs/arm/4.7.3/bin/../lib/gcc/arm-none-eabi/4.7.3/armv6-m/crti.o
                0x00005b24                _fini
 .fini          0x00005b28        0x8 c:/program files (x86)/cypress/psoc creator/3.0/psoc creator/import/gnu_cs/arm/4.7.3/bin/../lib/gcc/arm-none-eabi/4.7.3/armv6-m/crtn.o
                0x00005b30                . = ALIGN (0x4)
                0x00005b30                __fini_array_start = .
 *(.fini_array)
 .fini_array    0x00005b30        0x4 c:/program files (x86)/cypress/psoc creator/3.0/psoc creator/import/gnu_cs/arm/4.7.3/bin/../lib/gcc/arm-none-eabi/4.7.3/armv6-m/crtbegin.o
 *(SORT(.fini_array.*))
                0x00005b34                __fini_array_end = .
                0x00005b34                . = ALIGN (0x4)
 *crtbegin.o(.ctors)
 *(EXCLUDE_FILE(*crtend.o) .ctors)
 *(SORT(.ctors.*))
 *crtend.o(.ctors)
                0x00005b34                . = ALIGN (0x4)
 *crtbegin.o(.dtors)
 *(EXCLUDE_FILE(*crtend.o) .dtors)
 *(SORT(.dtors.*))
 *crtend.o(.dtors)
                0x00005b34                . = ALIGN (0x4)
                0x00005b34                __cy_regions = .
                0x00005b34        0x4 LONG 0x5b48 __cy_region_init_ram
                0x00005b38        0x4 LONG 0x200000c8 __cy_region_start_data
                0x00005b3c        0x4 LONG 0xf0 __cy_region_init_size_ram
                0x00005b40        0x4 LONG 0x278 __cy_region_zero_size_ram
                0x00005b44                __cy_regions_end = .
                0x00005b48                . = ALIGN (0x8)
 *fill*         0x00005b44        0x4 00
                0x00005b48                _etext = .

.ramvectors     0x20000000       0xc0
                0x20000000                __cy_region_start_ram = .
 *(.ramvectors)
 .ramvectors    0x20000000       0xc0 .\CortexM0\ARM_GCC_473\Debug\Cm0Start.o
                0x20000000                CyRamVectors

.noinit         0x200000c0        0x4
 *(.noinit)
 .noinit        0x200000c0        0x4 .\CortexM0\ARM_GCC_473\Debug\Cm0Start.o

.data           0x200000c8       0xf0 load address 0x00005b48
                0x200000c8                __cy_region_start_data = .
 *(.jcr)
 .jcr           0x200000c8        0x0 c:/program files (x86)/cypress/psoc creator/3.0/psoc creator/import/gnu_cs/arm/4.7.3/bin/../lib/gcc/arm-none-eabi/4.7.3/armv6-m/crtbegin.o
 .jcr           0x200000c8        0x4 c:/program files (x86)/cypress/psoc creator/3.0/psoc creator/import/gnu_cs/arm/4.7.3/bin/../lib/gcc/arm-none-eabi/4.7.3/armv6-m/crtend.o
 *(.got.plt)
 *(.got)
 *(.shdata)
 *(.data .data.* .gnu.linkonce.d.*)
 .data          0x200000cc        0xc .\CortexM0\ARM_GCC_473\Debug\gps.o
                0x200000cc                gpvtg
                0x200000d0                gpgga
                0x200000d4                gpgsv
 .data          0x200000d8        0x4 .\CortexM0\ARM_GCC_473\Debug\i2ctest.a(cyfitter_cfg.o)
 .data          0x200000dc       0x10 .\CortexM0\ARM_GCC_473\Debug\i2ctest.a(CyLib.o)
                0x200000dc                cydelayFreqHz
                0x200000e0                cydelayFreqKhz
                0x200000e4                cydelayFreqMhz
                0x200000e8                cydelay32kMs
 .data.impure_data
                0x200000ec       0x64 c:/program files (x86)/cypress/psoc creator/3.0/psoc creator/import/gnu_cs/arm/4.7.3/bin/../lib/gcc/arm-none-eabi/4.7.3/../../../../arm-none-eabi/lib/armv6-m\libc_s.a(lib_a-impure.o)
 .data._impure_ptr
                0x20000150        0x4 c:/program files (x86)/cypress/psoc creator/3.0/psoc creator/import/gnu_cs/arm/4.7.3/bin/../lib/gcc/arm-none-eabi/4.7.3/../../../../arm-none-eabi/lib/armv6-m\libc_s.a(lib_a-impure.o)
                0x20000150                _impure_ptr
 .data.fpi.5208
                0x20000154       0x14 c:/program files (x86)/cypress/psoc creator/3.0/psoc creator/import/gnu_cs/arm/4.7.3/bin/../lib/gcc/arm-none-eabi/4.7.3/../../../../arm-none-eabi/lib/armv6-m\libc_s.a(lib_a-strtod.o)
 .data.fpinan.5244
                0x20000168       0x14 c:/program files (x86)/cypress/psoc creator/3.0/psoc creator/import/gnu_cs/arm/4.7.3/bin/../lib/gcc/arm-none-eabi/4.7.3/../../../../arm-none-eabi/lib/armv6-m\libc_s.a(lib_a-strtod.o)
 .data.__ctype_ptr__
                0x2000017c        0x4 c:/program files (x86)/cypress/psoc creator/3.0/psoc creator/import/gnu_cs/arm/4.7.3/bin/../lib/gcc/arm-none-eabi/4.7.3/../../../../arm-none-eabi/lib/armv6-m\libc_s.a(lib_a-ctype_.o)
                0x2000017c                __ctype_ptr__
 .data.lconv    0x20000180       0x38 c:/program files (x86)/cypress/psoc creator/3.0/psoc creator/import/gnu_cs/arm/4.7.3/bin/../lib/gcc/arm-none-eabi/4.7.3/../../../../arm-none-eabi/lib/armv6-m\libc_s.a(lib_a-locale.o)
                0x200001b8                . = ALIGN (0x8)
 *(.ram)
                0x200001b8                _edata = .

.igot.plt       0x200001b8        0x0 load address 0x00005c38
 .igot.plt      0x00000000        0x0 c:/program files (x86)/cypress/psoc creator/3.0/psoc creator/import/gnu_cs/arm/4.7.3/bin/../lib/gcc/arm-none-eabi/4.7.3/armv6-m/crtbegin.o

.bss            0x200001b8      0x278 load address 0x00005c38
                0x200001b8                PROVIDE (__bss_start__, .)
 *(.shbss)
 *(.bss .bss.* .gnu.linkonce.b.*)
 .bss           0x200001b8       0x1c c:/program files (x86)/cypress/psoc creator/3.0/psoc creator/import/gnu_cs/arm/4.7.3/bin/../lib/gcc/arm-none-eabi/4.7.3/armv6-m/crtbegin.o
 .bss           0x200001d4      0x13c .\CortexM0\ARM_GCC_473\Debug\gps.o
                0x200001d4                gpsBuffer
                0x20000300                gpsBufferPointer
                0x20000304                speed_
                0x20000308                numberOfSate_
                0x2000030c                time_
 .bss           0x20000310        0x8 .\CortexM0\ARM_GCC_473\Debug\i2ctest.a(UART_PC.o)
                0x20000310                UART_PC_initVar
                0x20000314                UART_PC_customIntrHandler
 .bss           0x20000318        0x2 .\CortexM0\ARM_GCC_473\Debug\i2ctest.a(UART_GPS.o)
                0x20000318                UART_GPS_initVar
 *fill*         0x2000031a        0x2 00
 .bss           0x2000031c        0x8 .\CortexM0\ARM_GCC_473\Debug\i2ctest.a(SPIS_1.o)
                0x2000031c                SPIS_1_initVar
                0x20000320                SPIS_1_customIntrHandler
 .bss.__malloc_free_list
                0x20000324        0x4 c:/program files (x86)/cypress/psoc creator/3.0/psoc creator/import/gnu_cs/arm/4.7.3/bin/../lib/gcc/arm-none-eabi/4.7.3/../../../../arm-none-eabi/lib/armv6-m\libc_s.a(lib_a-mallocr.o)
                0x20000324                __malloc_free_list
 .bss.heap_end.4231
                0x20000328        0x4 c:/program files (x86)/cypress/psoc creator/3.0/psoc creator/import/gnu_cs/arm/4.7.3/bin/../lib/gcc/arm-none-eabi/4.7.3/../../../../arm-none-eabi/lib/armv6-m\libnosys.a(sbrk.o)
 *(COMMON)
 COMMON         0x2000032c      0x100 c:/program files (x86)/cypress/psoc creator/3.0/psoc creator/import/gnu_cs/arm/4.7.3/bin/../lib/gcc/arm-none-eabi/4.7.3/../../../../arm-none-eabi/lib/armv6-m\libc_s.a(lib_a-gdtoa-gethex.o)
                0x2000032c                __hexdig
 COMMON         0x2000042c        0x4 c:/program files (x86)/cypress/psoc creator/3.0/psoc creator/import/gnu_cs/arm/4.7.3/bin/../lib/gcc/arm-none-eabi/4.7.3/../../../../arm-none-eabi/lib/armv6-m\libc_s.a(lib_a-reent.o)
                0x2000042c                errno
                0x20000430                . = ALIGN (0x8)
 *(.ram.b)
                0x20000430                _end = .
                0x20000430                __end = .
                0x20000430                PROVIDE (end, .)
                0x20000430                PROVIDE (__bss_end__, .)
                0x00005b48                __cy_region_init_ram = LOADADDR (.data)
                0x000000f0                __cy_region_init_size_ram = (_edata - ADDR (.data))
                0x00000278                __cy_region_zero_size_ram = (_end - _edata)

.heap           0x20000430      0x100 load address 0x00005c38
                0x20000430                . = _end
                0x20000530                . = (. + 0x100)
 *fill*         0x20000430      0x100 00
                0x20000530                __cy_heap_limit = .

.stack          0x20000c00      0x400
                0x20000c00                __cy_stack_limit = .
                0x20001000                . = (. + 0x400)
 *fill*         0x20000c00      0x400 00
                0x00000001                ASSERT ((__cy_stack_limit >= __cy_heap_limit), region RAM overflowed with stack)

.cyloadermeta
 *(.cyloadermeta)

.cyloadablemeta
 *(.cyloadablemeta)

.cyflashprotect
                0x90400000       0x20
 *(.cyflashprotect)
 .cyflashprotect
                0x90400000       0x20 .\CortexM0\ARM_GCC_473\Debug\cymetadata.o
                0x90400000                cy_meta_flashprotect

.cymeta         0x90500000        0xc
 *(.cymeta)
 .cymeta        0x90500000        0xc .\CortexM0\ARM_GCC_473\Debug\cymetadata.o
                0x90500000                cy_metadata

.cychipprotect  0x90600000        0x4
 *(.cychipprotect)
 .cychipprotect
                0x90600000        0x4 .\CortexM0\ARM_GCC_473\Debug\cymetadata.o
                0x90600000                cy_meta_chipprotect

.rel.dyn        0x00005c38        0x0 load address 0x90600004
 .rel.iplt      0x00000000        0x0 c:/program files (x86)/cypress/psoc creator/3.0/psoc creator/import/gnu_cs/arm/4.7.3/bin/../lib/gcc/arm-none-eabi/4.7.3/armv6-m/crtbegin.o

.stab           0x00000000       0x6c
 *(.stab)
 .stab          0x00000000       0x24 c:/program files (x86)/cypress/psoc creator/3.0/psoc creator/import/gnu_cs/arm/4.7.3/bin/../lib/gcc/arm-none-eabi/4.7.3/../../../../arm-none-eabi/lib/armv6-m\libnosys.a(close.o)
 .stab          0x00000024       0x18 c:/program files (x86)/cypress/psoc creator/3.0/psoc creator/import/gnu_cs/arm/4.7.3/bin/../lib/gcc/arm-none-eabi/4.7.3/../../../../arm-none-eabi/lib/armv6-m\libnosys.a(lseek.o)
                                 0x24 (size before relaxing)
 .stab          0x0000003c       0x18 c:/program files (x86)/cypress/psoc creator/3.0/psoc creator/import/gnu_cs/arm/4.7.3/bin/../lib/gcc/arm-none-eabi/4.7.3/../../../../arm-none-eabi/lib/armv6-m\libnosys.a(read.o)
                                 0x24 (size before relaxing)
 .stab          0x00000054       0x18 c:/program files (x86)/cypress/psoc creator/3.0/psoc creator/import/gnu_cs/arm/4.7.3/bin/../lib/gcc/arm-none-eabi/4.7.3/../../../../arm-none-eabi/lib/armv6-m\libnosys.a(write.o)
                                 0x24 (size before relaxing)

.stabstr        0x00000000       0xdf
 *(.stabstr)
 .stabstr       0x00000000       0xdf c:/program files (x86)/cypress/psoc creator/3.0/psoc creator/import/gnu_cs/arm/4.7.3/bin/../lib/gcc/arm-none-eabi/4.7.3/../../../../arm-none-eabi/lib/armv6-m\libnosys.a(close.o)

.debug
 *(.debug)

.line
 *(.line)

.debug_srcinfo
 *(.debug_srcinfo)

.debug_sfnames
 *(.debug_sfnames)

.debug_aranges  0x00000000      0x6d0
 *(.debug_aranges)
 .debug_aranges
                0x00000000       0x28 .\CortexM0\ARM_GCC_473\Debug\main.o
 .debug_aranges
                0x00000028       0x60 .\CortexM0\ARM_GCC_473\Debug\gps.o
 .debug_aranges
                0x00000088       0x30 .\CortexM0\ARM_GCC_473\Debug\util.o
 .debug_aranges
                0x000000b8       0x18 .\CortexM0\ARM_GCC_473\Debug\cymetadata.o
 .debug_aranges
                0x000000d0       0x40 .\CortexM0\ARM_GCC_473\Debug\Cm0Start.o
 .debug_aranges
                0x00000110       0x58 .\CortexM0\ARM_GCC_473\Debug\i2ctest.a(cyfitter_cfg.o)
 .debug_aranges
                0x00000168       0x20 .\CortexM0\ARM_GCC_473\Debug\i2ctest.a(CyBootAsmGnu.o)
 .debug_aranges
                0x00000188      0x1a0 .\CortexM0\ARM_GCC_473\Debug\i2ctest.a(CyLib.o)
 .debug_aranges
                0x00000328       0x50 .\CortexM0\ARM_GCC_473\Debug\i2ctest.a(UART_PC.o)
 .debug_aranges
                0x00000378       0x50 .\CortexM0\ARM_GCC_473\Debug\i2ctest.a(UART_PC_UART.o)
 .debug_aranges
                0x000003c8       0xf0 .\CortexM0\ARM_GCC_473\Debug\i2ctest.a(UART_GPS.o)
 .debug_aranges
                0x000004b8       0x40 .\CortexM0\ARM_GCC_473\Debug\i2ctest.a(UART_GPS_IntClock.o)
 .debug_aranges
                0x000004f8       0x50 .\CortexM0\ARM_GCC_473\Debug\i2ctest.a(SPIS_1.o)
 .debug_aranges
                0x00000548       0x60 .\CortexM0\ARM_GCC_473\Debug\i2ctest.a(SPIS_1_SPI_UART.o)
 .debug_aranges
                0x000005a8       0x28 .\CortexM0\ARM_GCC_473\Debug\i2ctest.a(SPIS_1_SPI.o)
 .debug_aranges
                0x000005d0       0x80 .\CortexM0\ARM_GCC_473\Debug\i2ctest.a(SPIS_1_SCB_IRQ.o)
 .debug_aranges
                0x00000650       0x60 .\CortexM0\ARM_GCC_473\Debug\i2ctest.a(UART_PC_SPI_UART.o)
 .debug_aranges
                0x000006b0       0x20 .\CortexM0\ARM_GCC_473\Debug\i2ctest.a(SPIS_1_SPI_UART_INT.o)

.debug_pubnames
 *(.debug_pubnames)

.debug_info     0x00000000     0x2f89
 *(.debug_info .gnu.linkonce.wi.*)
 .debug_info    0x00000000      0x137 .\CortexM0\ARM_GCC_473\Debug\main.o
 .debug_info    0x00000137      0x340 .\CortexM0\ARM_GCC_473\Debug\gps.o
 .debug_info    0x00000477      0x1ae .\CortexM0\ARM_GCC_473\Debug\util.o
 .debug_info    0x00000625      0x100 .\CortexM0\ARM_GCC_473\Debug\cymetadata.o
 .debug_info    0x00000725      0x2c0 .\CortexM0\ARM_GCC_473\Debug\Cm0Start.o
 .debug_info    0x000009e5      0x56a .\CortexM0\ARM_GCC_473\Debug\i2ctest.a(cyfitter_cfg.o)
 .debug_info    0x00000f4f       0x6f .\CortexM0\ARM_GCC_473\Debug\i2ctest.a(CyBootAsmGnu.o)
 .debug_info    0x00000fbe      0xac5 .\CortexM0\ARM_GCC_473\Debug\i2ctest.a(CyLib.o)
 .debug_info    0x00001a83      0x197 .\CortexM0\ARM_GCC_473\Debug\i2ctest.a(UART_PC.o)
 .debug_info    0x00001c1a      0x224 .\CortexM0\ARM_GCC_473\Debug\i2ctest.a(UART_PC_UART.o)
 .debug_info    0x00001e3e      0x58b .\CortexM0\ARM_GCC_473\Debug\i2ctest.a(UART_GPS.o)
 .debug_info    0x000023c9      0x169 .\CortexM0\ARM_GCC_473\Debug\i2ctest.a(UART_GPS_IntClock.o)
 .debug_info    0x00002532      0x197 .\CortexM0\ARM_GCC_473\Debug\i2ctest.a(SPIS_1.o)
 .debug_info    0x000026c9      0x23d .\CortexM0\ARM_GCC_473\Debug\i2ctest.a(SPIS_1_SPI_UART.o)
 .debug_info    0x00002906       0xfb .\CortexM0\ARM_GCC_473\Debug\i2ctest.a(SPIS_1_SPI.o)
 .debug_info    0x00002a01      0x288 .\CortexM0\ARM_GCC_473\Debug\i2ctest.a(SPIS_1_SCB_IRQ.o)
 .debug_info    0x00002c89      0x23d .\CortexM0\ARM_GCC_473\Debug\i2ctest.a(UART_PC_SPI_UART.o)
 .debug_info    0x00002ec6       0xc3 .\CortexM0\ARM_GCC_473\Debug\i2ctest.a(SPIS_1_SPI_UART_INT.o)

.debug_abbrev   0x00000000     0x1158
 *(.debug_abbrev)
 .debug_abbrev  0x00000000       0x8e .\CortexM0\ARM_GCC_473\Debug\main.o
 .debug_abbrev  0x0000008e      0x145 .\CortexM0\ARM_GCC_473\Debug\gps.o
 .debug_abbrev  0x000001d3       0xbf .\CortexM0\ARM_GCC_473\Debug\util.o
 .debug_abbrev  0x00000292       0x5d .\CortexM0\ARM_GCC_473\Debug\cymetadata.o
 .debug_abbrev  0x000002ef      0x164 .\CortexM0\ARM_GCC_473\Debug\Cm0Start.o
 .debug_abbrev  0x00000453      0x1a6 .\CortexM0\ARM_GCC_473\Debug\i2ctest.a(cyfitter_cfg.o)
 .debug_abbrev  0x000005f9       0x14 .\CortexM0\ARM_GCC_473\Debug\i2ctest.a(CyBootAsmGnu.o)
 .debug_abbrev  0x0000060d      0x1a2 .\CortexM0\ARM_GCC_473\Debug\i2ctest.a(CyLib.o)
 .debug_abbrev  0x000007af       0xc5 .\CortexM0\ARM_GCC_473\Debug\i2ctest.a(UART_PC.o)
 .debug_abbrev  0x00000874       0xee .\CortexM0\ARM_GCC_473\Debug\i2ctest.a(UART_PC_UART.o)
 .debug_abbrev  0x00000962      0x165 .\CortexM0\ARM_GCC_473\Debug\i2ctest.a(UART_GPS.o)
 .debug_abbrev  0x00000ac7       0xaa .\CortexM0\ARM_GCC_473\Debug\i2ctest.a(UART_GPS_IntClock.o)
 .debug_abbrev  0x00000b71       0xdb .\CortexM0\ARM_GCC_473\Debug\i2ctest.a(SPIS_1.o)
 .debug_abbrev  0x00000c4c      0x151 .\CortexM0\ARM_GCC_473\Debug\i2ctest.a(SPIS_1_SPI_UART.o)
 .debug_abbrev  0x00000d9d       0x8e .\CortexM0\ARM_GCC_473\Debug\i2ctest.a(SPIS_1_SPI.o)
 .debug_abbrev  0x00000e2b      0x16a .\CortexM0\ARM_GCC_473\Debug\i2ctest.a(SPIS_1_SCB_IRQ.o)
 .debug_abbrev  0x00000f95      0x151 .\CortexM0\ARM_GCC_473\Debug\i2ctest.a(UART_PC_SPI_UART.o)
 .debug_abbrev  0x000010e6       0x72 .\CortexM0\ARM_GCC_473\Debug\i2ctest.a(SPIS_1_SPI_UART_INT.o)

.debug_line     0x00000000     0x1711
 *(.debug_line)
 .debug_line    0x00000000       0x88 .\CortexM0\ARM_GCC_473\Debug\main.o
 .debug_line    0x00000088        0x0 .\CortexM0\ARM_GCC_473\Debug\nunchuck.o
 .debug_line    0x00000088      0x168 .\CortexM0\ARM_GCC_473\Debug\gps.o
 .debug_line    0x000001f0       0x82 .\CortexM0\ARM_GCC_473\Debug\util.o
 .debug_line    0x00000272       0x53 .\CortexM0\ARM_GCC_473\Debug\cymetadata.o
 .debug_line    0x000002c5      0x19b .\CortexM0\ARM_GCC_473\Debug\Cm0Start.o
 .debug_line    0x00000460      0x1e8 .\CortexM0\ARM_GCC_473\Debug\i2ctest.a(cyfitter_cfg.o)
 .debug_line    0x00000648       0x68 .\CortexM0\ARM_GCC_473\Debug\i2ctest.a(CyBootAsmGnu.o)
 .debug_line    0x000006b0      0x541 .\CortexM0\ARM_GCC_473\Debug\i2ctest.a(CyLib.o)
 .debug_line    0x00000bf1       0xd9 .\CortexM0\ARM_GCC_473\Debug\i2ctest.a(UART_PC.o)
 .debug_line    0x00000cca      0x104 .\CortexM0\ARM_GCC_473\Debug\i2ctest.a(UART_PC_UART.o)
 .debug_line    0x00000dce      0x2f3 .\CortexM0\ARM_GCC_473\Debug\i2ctest.a(UART_GPS.o)
 .debug_line    0x000010c1       0xba .\CortexM0\ARM_GCC_473\Debug\i2ctest.a(UART_GPS_IntClock.o)
 .debug_line    0x0000117b       0xdd .\CortexM0\ARM_GCC_473\Debug\i2ctest.a(SPIS_1.o)
 .debug_line    0x00001258      0x127 .\CortexM0\ARM_GCC_473\Debug\i2ctest.a(SPIS_1_SPI_UART.o)
 .debug_line    0x0000137f       0x8a .\CortexM0\ARM_GCC_473\Debug\i2ctest.a(SPIS_1_SPI.o)
 .debug_line    0x00001409      0x15d .\CortexM0\ARM_GCC_473\Debug\i2ctest.a(SPIS_1_SCB_IRQ.o)
 .debug_line    0x00001566      0x128 .\CortexM0\ARM_GCC_473\Debug\i2ctest.a(UART_PC_SPI_UART.o)
 .debug_line    0x0000168e       0x83 .\CortexM0\ARM_GCC_473\Debug\i2ctest.a(SPIS_1_SPI_UART_INT.o)

.debug_frame    0x00000000     0x28a4
 *(.debug_frame)
 .debug_frame   0x00000000       0x4c .\CortexM0\ARM_GCC_473\Debug\main.o
 .debug_frame   0x0000004c      0x138 .\CortexM0\ARM_GCC_473\Debug\gps.o
 .debug_frame   0x00000184       0x7c .\CortexM0\ARM_GCC_473\Debug\util.o
 .debug_frame   0x00000200       0xa8 .\CortexM0\ARM_GCC_473\Debug\Cm0Start.o
 .debug_frame   0x000002a8      0x108 .\CortexM0\ARM_GCC_473\Debug\i2ctest.a(cyfitter_cfg.o)
 .debug_frame   0x000003b0      0x628 .\CortexM0\ARM_GCC_473\Debug\i2ctest.a(CyLib.o)
 .debug_frame   0x000009d8       0xd8 .\CortexM0\ARM_GCC_473\Debug\i2ctest.a(UART_PC.o)
 .debug_frame   0x00000ab0       0xec .\CortexM0\ARM_GCC_473\Debug\i2ctest.a(UART_PC_UART.o)
 .debug_frame   0x00000b9c      0x374 .\CortexM0\ARM_GCC_473\Debug\i2ctest.a(UART_GPS.o)
 .debug_frame   0x00000f10       0xa0 .\CortexM0\ARM_GCC_473\Debug\i2ctest.a(UART_GPS_IntClock.o)
 .debug_frame   0x00000fb0       0xd8 .\CortexM0\ARM_GCC_473\Debug\i2ctest.a(SPIS_1.o)
 .debug_frame   0x00001088      0x128 .\CortexM0\ARM_GCC_473\Debug\i2ctest.a(SPIS_1_SPI_UART.o)
 .debug_frame   0x000011b0       0x4c .\CortexM0\ARM_GCC_473\Debug\i2ctest.a(SPIS_1_SPI.o)
 .debug_frame   0x000011fc      0x190 .\CortexM0\ARM_GCC_473\Debug\i2ctest.a(SPIS_1_SCB_IRQ.o)
 .debug_frame   0x0000138c      0x128 .\CortexM0\ARM_GCC_473\Debug\i2ctest.a(UART_PC_SPI_UART.o)
 .debug_frame   0x000014b4       0x2c .\CortexM0\ARM_GCC_473\Debug\i2ctest.a(SPIS_1_SPI_UART_INT.o)
 .debug_frame   0x000014e0       0x38 c:/program files (x86)/cypress/psoc creator/3.0/psoc creator/import/gnu_cs/arm/4.7.3/bin/../lib/gcc/arm-none-eabi/4.7.3/../../../../arm-none-eabi/lib/armv6-m\libm.a(lib_a-w_pow.o)
 .debug_frame   0x00001518       0x3c c:/program files (x86)/cypress/psoc creator/3.0/psoc creator/import/gnu_cs/arm/4.7.3/bin/../lib/gcc/arm-none-eabi/4.7.3/../../../../arm-none-eabi/lib/armv6-m\libm.a(lib_a-e_pow.o)
 .debug_frame   0x00001554       0x3c c:/program files (x86)/cypress/psoc creator/3.0/psoc creator/import/gnu_cs/arm/4.7.3/bin/../lib/gcc/arm-none-eabi/4.7.3/../../../../arm-none-eabi/lib/armv6-m\libm.a(lib_a-e_sqrt.o)
 .debug_frame   0x00001590       0x20 c:/program files (x86)/cypress/psoc creator/3.0/psoc creator/import/gnu_cs/arm/4.7.3/bin/../lib/gcc/arm-none-eabi/4.7.3/../../../../arm-none-eabi/lib/armv6-m\libm.a(lib_a-s_fabs.o)
 .debug_frame   0x000015b0       0x20 c:/program files (x86)/cypress/psoc creator/3.0/psoc creator/import/gnu_cs/arm/4.7.3/bin/../lib/gcc/arm-none-eabi/4.7.3/../../../../arm-none-eabi/lib/armv6-m\libm.a(lib_a-s_finite.o)
 .debug_frame   0x000015d0       0x2c c:/program files (x86)/cypress/psoc creator/3.0/psoc creator/import/gnu_cs/arm/4.7.3/bin/../lib/gcc/arm-none-eabi/4.7.3/../../../../arm-none-eabi/lib/armv6-m\libm.a(lib_a-s_fpclassify.o)
 .debug_frame   0x000015fc       0x20 c:/program files (x86)/cypress/psoc creator/3.0/psoc creator/import/gnu_cs/arm/4.7.3/bin/../lib/gcc/arm-none-eabi/4.7.3/../../../../arm-none-eabi/lib/armv6-m\libm.a(lib_a-s_matherr.o)
 .debug_frame   0x0000161c       0x20 c:/program files (x86)/cypress/psoc creator/3.0/psoc creator/import/gnu_cs/arm/4.7.3/bin/../lib/gcc/arm-none-eabi/4.7.3/../../../../arm-none-eabi/lib/armv6-m\libm.a(lib_a-s_nan.o)
 .debug_frame   0x0000163c       0x38 c:/program files (x86)/cypress/psoc creator/3.0/psoc creator/import/gnu_cs/arm/4.7.3/bin/../lib/gcc/arm-none-eabi/4.7.3/../../../../arm-none-eabi/lib/armv6-m\libm.a(lib_a-s_rint.o)
 .debug_frame   0x00001674       0x34 c:/program files (x86)/cypress/psoc creator/3.0/psoc creator/import/gnu_cs/arm/4.7.3/bin/../lib/gcc/arm-none-eabi/4.7.3/../../../../arm-none-eabi/lib/armv6-m\libm.a(lib_a-s_scalbn.o)
 .debug_frame   0x000016a8       0x2c c:/program files (x86)/cypress/psoc creator/3.0/psoc creator/import/gnu_cs/arm/4.7.3/bin/../lib/gcc/arm-none-eabi/4.7.3/../../../../arm-none-eabi/lib/armv6-m\libm.a(lib_a-s_copysign.o)
 .debug_frame   0x000016d4       0x20 c:/program files (x86)/cypress/psoc creator/3.0/psoc creator/import/gnu_cs/arm/4.7.3/bin/../lib/gcc/arm-none-eabi/4.7.3/armv6-m\libgcc.a(_udivsi3.o)
 .debug_frame   0x000016f4       0x20 c:/program files (x86)/cypress/psoc creator/3.0/psoc creator/import/gnu_cs/arm/4.7.3/bin/../lib/gcc/arm-none-eabi/4.7.3/armv6-m\libgcc.a(_divsi3.o)
 .debug_frame   0x00001714       0x30 c:/program files (x86)/cypress/psoc creator/3.0/psoc creator/import/gnu_cs/arm/4.7.3/bin/../lib/gcc/arm-none-eabi/4.7.3/armv6-m\libgcc.a(subsf3.o)
 .debug_frame   0x00001744       0x28 c:/program files (x86)/cypress/psoc creator/3.0/psoc creator/import/gnu_cs/arm/4.7.3/bin/../lib/gcc/arm-none-eabi/4.7.3/armv6-m\libgcc.a(fixsfsi.o)
 .debug_frame   0x0000176c       0x2c c:/program files (x86)/cypress/psoc creator/3.0/psoc creator/import/gnu_cs/arm/4.7.3/bin/../lib/gcc/arm-none-eabi/4.7.3/armv6-m\libgcc.a(floatsisf.o)
 .debug_frame   0x00001798       0x3c c:/program files (x86)/cypress/psoc creator/3.0/psoc creator/import/gnu_cs/arm/4.7.3/bin/../lib/gcc/arm-none-eabi/4.7.3/armv6-m\libgcc.a(adddf3.o)
 .debug_frame   0x000017d4       0x3c c:/program files (x86)/cypress/psoc creator/3.0/psoc creator/import/gnu_cs/arm/4.7.3/bin/../lib/gcc/arm-none-eabi/4.7.3/armv6-m\libgcc.a(divdf3.o)
 .debug_frame   0x00001810       0x34 c:/program files (x86)/cypress/psoc creator/3.0/psoc creator/import/gnu_cs/arm/4.7.3/bin/../lib/gcc/arm-none-eabi/4.7.3/armv6-m\libgcc.a(eqdf2.o)
 .debug_frame   0x00001844       0x38 c:/program files (x86)/cypress/psoc creator/3.0/psoc creator/import/gnu_cs/arm/4.7.3/bin/../lib/gcc/arm-none-eabi/4.7.3/armv6-m\libgcc.a(gedf2.o)
 .debug_frame   0x0000187c       0x38 c:/program files (x86)/cypress/psoc creator/3.0/psoc creator/import/gnu_cs/arm/4.7.3/bin/../lib/gcc/arm-none-eabi/4.7.3/armv6-m\libgcc.a(ledf2.o)
 .debug_frame   0x000018b4       0x3c c:/program files (x86)/cypress/psoc creator/3.0/psoc creator/import/gnu_cs/arm/4.7.3/bin/../lib/gcc/arm-none-eabi/4.7.3/armv6-m\libgcc.a(muldf3.o)
 .debug_frame   0x000018f0       0x38 c:/program files (x86)/cypress/psoc creator/3.0/psoc creator/import/gnu_cs/arm/4.7.3/bin/../lib/gcc/arm-none-eabi/4.7.3/armv6-m\libgcc.a(subdf3.o)
 .debug_frame   0x00001928       0x2c c:/program files (x86)/cypress/psoc creator/3.0/psoc creator/import/gnu_cs/arm/4.7.3/bin/../lib/gcc/arm-none-eabi/4.7.3/armv6-m\libgcc.a(fixdfsi.o)
 .debug_frame   0x00001954       0x30 c:/program files (x86)/cypress/psoc creator/3.0/psoc creator/import/gnu_cs/arm/4.7.3/bin/../lib/gcc/arm-none-eabi/4.7.3/armv6-m\libgcc.a(floatsidf.o)
 .debug_frame   0x00001984       0x2c c:/program files (x86)/cypress/psoc creator/3.0/psoc creator/import/gnu_cs/arm/4.7.3/bin/../lib/gcc/arm-none-eabi/4.7.3/armv6-m\libgcc.a(extendsfdf2.o)
 .debug_frame   0x000019b0       0x30 c:/program files (x86)/cypress/psoc creator/3.0/psoc creator/import/gnu_cs/arm/4.7.3/bin/../lib/gcc/arm-none-eabi/4.7.3/armv6-m\libgcc.a(truncdfsf2.o)
 .debug_frame   0x000019e0       0x28 c:/program files (x86)/cypress/psoc creator/3.0/psoc creator/import/gnu_cs/arm/4.7.3/bin/../lib/gcc/arm-none-eabi/4.7.3/../../../../arm-none-eabi/lib/armv6-m\libc_s.a(lib_a-__atexit2.o)
 .debug_frame   0x00001a08       0x28 c:/program files (x86)/cypress/psoc creator/3.0/psoc creator/import/gnu_cs/arm/4.7.3/bin/../lib/gcc/arm-none-eabi/4.7.3/../../../../arm-none-eabi/lib/armv6-m\libc_s.a(lib_a-atof.o)
 .debug_frame   0x00001a30       0x20 c:/program files (x86)/cypress/psoc creator/3.0/psoc creator/import/gnu_cs/arm/4.7.3/bin/../lib/gcc/arm-none-eabi/4.7.3/../../../../arm-none-eabi/lib/armv6-m\libc_s.a(lib_a-errno.o)
 .debug_frame   0x00001a50       0x28 c:/program files (x86)/cypress/psoc creator/3.0/psoc creator/import/gnu_cs/arm/4.7.3/bin/../lib/gcc/arm-none-eabi/4.7.3/../../../../arm-none-eabi/lib/armv6-m\libc_s.a(lib_a-exit.o)
 .debug_frame   0x00001a78       0x2c c:/program files (x86)/cypress/psoc creator/3.0/psoc creator/import/gnu_cs/arm/4.7.3/bin/../lib/gcc/arm-none-eabi/4.7.3/../../../../arm-none-eabi/lib/armv6-m\libc_s.a(lib_a-fini.o)
 .debug_frame   0x00001aa4       0x2c c:/program files (x86)/cypress/psoc creator/3.0/psoc creator/import/gnu_cs/arm/4.7.3/bin/../lib/gcc/arm-none-eabi/4.7.3/../../../../arm-none-eabi/lib/armv6-m\libc_s.a(lib_a-init.o)
 .debug_frame   0x00001ad0       0x28 c:/program files (x86)/cypress/psoc creator/3.0/psoc creator/import/gnu_cs/arm/4.7.3/bin/../lib/gcc/arm-none-eabi/4.7.3/../../../../arm-none-eabi/lib/armv6-m\libc_s.a(lib_a-memcpy.o)
 .debug_frame   0x00001af8       0x28 c:/program files (x86)/cypress/psoc creator/3.0/psoc creator/import/gnu_cs/arm/4.7.3/bin/../lib/gcc/arm-none-eabi/4.7.3/../../../../arm-none-eabi/lib/armv6-m\libc_s.a(lib_a-memset.o)
 .debug_frame   0x00001b20       0x54 c:/program files (x86)/cypress/psoc creator/3.0/psoc creator/import/gnu_cs/arm/4.7.3/bin/../lib/gcc/arm-none-eabi/4.7.3/../../../../arm-none-eabi/lib/armv6-m\libc_s.a(lib_a-sscanf.o)
 .debug_frame   0x00001b74       0x90 c:/program files (x86)/cypress/psoc creator/3.0/psoc creator/import/gnu_cs/arm/4.7.3/bin/../lib/gcc/arm-none-eabi/4.7.3/../../../../arm-none-eabi/lib/armv6-m\libc_s.a(lib_a-stdio.o)
 .debug_frame   0x00001c04       0x20 c:/program files (x86)/cypress/psoc creator/3.0/psoc creator/import/gnu_cs/arm/4.7.3/bin/../lib/gcc/arm-none-eabi/4.7.3/../../../../arm-none-eabi/lib/armv6-m\libc_s.a(lib_a-strcmp.o)
 .debug_frame   0x00001c24       0x20 c:/program files (x86)/cypress/psoc creator/3.0/psoc creator/import/gnu_cs/arm/4.7.3/bin/../lib/gcc/arm-none-eabi/4.7.3/../../../../arm-none-eabi/lib/armv6-m\libc_s.a(lib_a-strlen.o)
 .debug_frame   0x00001c44       0x80 c:/program files (x86)/cypress/psoc creator/3.0/psoc creator/import/gnu_cs/arm/4.7.3/bin/../lib/gcc/arm-none-eabi/4.7.3/../../../../arm-none-eabi/lib/armv6-m\libc_s.a(lib_a-strtod.o)
 .debug_frame   0x00001cc4       0x34 c:/program files (x86)/cypress/psoc creator/3.0/psoc creator/import/gnu_cs/arm/4.7.3/bin/../lib/gcc/arm-none-eabi/4.7.3/../../../../arm-none-eabi/lib/armv6-m\libc_s.a(lib_a-strtok.o)
 .debug_frame   0x00001cf8       0x48 c:/program files (x86)/cypress/psoc creator/3.0/psoc creator/import/gnu_cs/arm/4.7.3/bin/../lib/gcc/arm-none-eabi/4.7.3/../../../../arm-none-eabi/lib/armv6-m\libc_s.a(lib_a-strtok_r.o)
 .debug_frame   0x00001d40       0x68 c:/program files (x86)/cypress/psoc creator/3.0/psoc creator/import/gnu_cs/arm/4.7.3/bin/../lib/gcc/arm-none-eabi/4.7.3/../../../../arm-none-eabi/lib/armv6-m\libc_s.a(lib_a-svfscanf.o)
 .debug_frame   0x00001da8       0x6c c:/program files (x86)/cypress/psoc creator/3.0/psoc creator/import/gnu_cs/arm/4.7.3/bin/../lib/gcc/arm-none-eabi/4.7.3/../../../../arm-none-eabi/lib/armv6-m\libc_s.a(lib_a-ungetc.o)
 .debug_frame   0x00001e14       0x54 c:/program files (x86)/cypress/psoc creator/3.0/psoc creator/import/gnu_cs/arm/4.7.3/bin/../lib/gcc/arm-none-eabi/4.7.3/../../../../arm-none-eabi/lib/armv6-m\libc_s.a(lib_a-vfscanf_i.o)
 .debug_frame   0x00001e68       0x2c c:/program files (x86)/cypress/psoc creator/3.0/psoc creator/import/gnu_cs/arm/4.7.3/bin/../lib/gcc/arm-none-eabi/4.7.3/../../../../arm-none-eabi/lib/armv6-m\libc_s.a(lib_a-writer.o)
 .debug_frame   0x00001e94       0x2c c:/program files (x86)/cypress/psoc creator/3.0/psoc creator/import/gnu_cs/arm/4.7.3/bin/../lib/gcc/arm-none-eabi/4.7.3/../../../../arm-none-eabi/lib/armv6-m\libc_s.a(lib_a-closer.o)
 .debug_frame   0x00001ec0       0x4c c:/program files (x86)/cypress/psoc creator/3.0/psoc creator/import/gnu_cs/arm/4.7.3/bin/../lib/gcc/arm-none-eabi/4.7.3/../../../../arm-none-eabi/lib/armv6-m\libc_s.a(lib_a-fflush.o)
 .debug_frame   0x00001f0c      0x148 c:/program files (x86)/cypress/psoc creator/3.0/psoc creator/import/gnu_cs/arm/4.7.3/bin/../lib/gcc/arm-none-eabi/4.7.3/../../../../arm-none-eabi/lib/armv6-m\libc_s.a(lib_a-findfp.o)
 .debug_frame   0x00002054       0x2c c:/program files (x86)/cypress/psoc creator/3.0/psoc creator/import/gnu_cs/arm/4.7.3/bin/../lib/gcc/arm-none-eabi/4.7.3/../../../../arm-none-eabi/lib/armv6-m\libc_s.a(lib_a-freer.o)
 .debug_frame   0x00002080       0x58 c:/program files (x86)/cypress/psoc creator/3.0/psoc creator/import/gnu_cs/arm/4.7.3/bin/../lib/gcc/arm-none-eabi/4.7.3/../../../../arm-none-eabi/lib/armv6-m\libc_s.a(lib_a-fwalk.o)
 .debug_frame   0x000020d8       0x88 c:/program files (x86)/cypress/psoc creator/3.0/psoc creator/import/gnu_cs/arm/4.7.3/bin/../lib/gcc/arm-none-eabi/4.7.3/../../../../arm-none-eabi/lib/armv6-m\libc_s.a(lib_a-gdtoa-gethex.o)
 .debug_frame   0x00002160       0x4c c:/program files (x86)/cypress/psoc creator/3.0/psoc creator/import/gnu_cs/arm/4.7.3/bin/../lib/gcc/arm-none-eabi/4.7.3/../../../../arm-none-eabi/lib/armv6-m\libc_s.a(lib_a-gdtoa-hexnan.o)
 .debug_frame   0x000021ac       0xa4 c:/program files (x86)/cypress/psoc creator/3.0/psoc creator/import/gnu_cs/arm/4.7.3/bin/../lib/gcc/arm-none-eabi/4.7.3/../../../../arm-none-eabi/lib/armv6-m\libc_s.a(lib_a-locale.o)
 .debug_frame   0x00002250       0x2c c:/program files (x86)/cypress/psoc creator/3.0/psoc creator/import/gnu_cs/arm/4.7.3/bin/../lib/gcc/arm-none-eabi/4.7.3/../../../../arm-none-eabi/lib/armv6-m\libc_s.a(lib_a-lseekr.o)
 .debug_frame   0x0000227c       0x40 c:/program files (x86)/cypress/psoc creator/3.0/psoc creator/import/gnu_cs/arm/4.7.3/bin/../lib/gcc/arm-none-eabi/4.7.3/../../../../arm-none-eabi/lib/armv6-m\libc_s.a(lib_a-malloc.o)
 .debug_frame   0x000022bc       0x2c c:/program files (x86)/cypress/psoc creator/3.0/psoc creator/import/gnu_cs/arm/4.7.3/bin/../lib/gcc/arm-none-eabi/4.7.3/../../../../arm-none-eabi/lib/armv6-m\libc_s.a(lib_a-mallocr.o)
 .debug_frame   0x000022e8       0x28 c:/program files (x86)/cypress/psoc creator/3.0/psoc creator/import/gnu_cs/arm/4.7.3/bin/../lib/gcc/arm-none-eabi/4.7.3/../../../../arm-none-eabi/lib/armv6-m\libc_s.a(lib_a-memchr.o)
 .debug_frame   0x00002310      0x244 c:/program files (x86)/cypress/psoc creator/3.0/psoc creator/import/gnu_cs/arm/4.7.3/bin/../lib/gcc/arm-none-eabi/4.7.3/../../../../arm-none-eabi/lib/armv6-m\libc_s.a(lib_a-mprec.o)
 .debug_frame   0x00002554       0x2c c:/program files (x86)/cypress/psoc creator/3.0/psoc creator/import/gnu_cs/arm/4.7.3/bin/../lib/gcc/arm-none-eabi/4.7.3/../../../../arm-none-eabi/lib/armv6-m\libc_s.a(lib_a-readr.o)
 .debug_frame   0x00002580       0x30 c:/program files (x86)/cypress/psoc creator/3.0/psoc creator/import/gnu_cs/arm/4.7.3/bin/../lib/gcc/arm-none-eabi/4.7.3/../../../../arm-none-eabi/lib/armv6-m\libc_s.a(lib_a-reallocr.o)
 .debug_frame   0x000025b0       0x64 c:/program files (x86)/cypress/psoc creator/3.0/psoc creator/import/gnu_cs/arm/4.7.3/bin/../lib/gcc/arm-none-eabi/4.7.3/../../../../arm-none-eabi/lib/armv6-m\libc_s.a(lib_a-reent.o)
 .debug_frame   0x00002614       0x2c c:/program files (x86)/cypress/psoc creator/3.0/psoc creator/import/gnu_cs/arm/4.7.3/bin/../lib/gcc/arm-none-eabi/4.7.3/../../../../arm-none-eabi/lib/armv6-m\libc_s.a(lib_a-sbrkr.o)
 .debug_frame   0x00002640       0x30 c:/program files (x86)/cypress/psoc creator/3.0/psoc creator/import/gnu_cs/arm/4.7.3/bin/../lib/gcc/arm-none-eabi/4.7.3/../../../../arm-none-eabi/lib/armv6-m\libc_s.a(lib_a-sccl.o)
 .debug_frame   0x00002670       0x20 c:/program files (x86)/cypress/psoc creator/3.0/psoc creator/import/gnu_cs/arm/4.7.3/bin/../lib/gcc/arm-none-eabi/4.7.3/../../../../arm-none-eabi/lib/armv6-m\libc_s.a(lib_a-sf_nan.o)
 .debug_frame   0x00002690       0x28 c:/program files (x86)/cypress/psoc creator/3.0/psoc creator/import/gnu_cs/arm/4.7.3/bin/../lib/gcc/arm-none-eabi/4.7.3/../../../../arm-none-eabi/lib/armv6-m\libc_s.a(lib_a-strncmp.o)
 .debug_frame   0x000026b8       0x4c c:/program files (x86)/cypress/psoc creator/3.0/psoc creator/import/gnu_cs/arm/4.7.3/bin/../lib/gcc/arm-none-eabi/4.7.3/../../../../arm-none-eabi/lib/armv6-m\libc_s.a(lib_a-strtol.o)
 .debug_frame   0x00002704       0x4c c:/program files (x86)/cypress/psoc creator/3.0/psoc creator/import/gnu_cs/arm/4.7.3/bin/../lib/gcc/arm-none-eabi/4.7.3/../../../../arm-none-eabi/lib/armv6-m\libc_s.a(lib_a-strtoul.o)
 .debug_frame   0x00002750       0x2c c:/program files (x86)/cypress/psoc creator/3.0/psoc creator/import/gnu_cs/arm/4.7.3/bin/../lib/gcc/arm-none-eabi/4.7.3/../../../../arm-none-eabi/lib/armv6-m\libc_s.a(lib_a-callocr.o)
 .debug_frame   0x0000277c       0x28 c:/program files (x86)/cypress/psoc creator/3.0/psoc creator/import/gnu_cs/arm/4.7.3/bin/../lib/gcc/arm-none-eabi/4.7.3/../../../../arm-none-eabi/lib/armv6-m\libc_s.a(lib_a-msizer.o)
 .debug_frame   0x000027a4       0x2c c:/program files (x86)/cypress/psoc creator/3.0/psoc creator/import/gnu_cs/arm/4.7.3/bin/../lib/gcc/arm-none-eabi/4.7.3/armv6-m\libgcc.a(_fixunsdfsi.o)
 .debug_frame   0x000027d0       0x2c c:/program files (x86)/cypress/psoc creator/3.0/psoc creator/import/gnu_cs/arm/4.7.3/bin/../lib/gcc/arm-none-eabi/4.7.3/armv6-m\libgcc.a(floatunsidf.o)
 .debug_frame   0x000027fc       0x20 c:/program files (x86)/cypress/psoc creator/3.0/psoc creator/import/gnu_cs/arm/4.7.3/bin/../lib/gcc/arm-none-eabi/4.7.3/../../../../arm-none-eabi/lib/armv6-m\libnosys.a(close.o)
 .debug_frame   0x0000281c       0x20 c:/program files (x86)/cypress/psoc creator/3.0/psoc creator/import/gnu_cs/arm/4.7.3/bin/../lib/gcc/arm-none-eabi/4.7.3/../../../../arm-none-eabi/lib/armv6-m\libnosys.a(lseek.o)
 .debug_frame   0x0000283c       0x20 c:/program files (x86)/cypress/psoc creator/3.0/psoc creator/import/gnu_cs/arm/4.7.3/bin/../lib/gcc/arm-none-eabi/4.7.3/../../../../arm-none-eabi/lib/armv6-m\libnosys.a(read.o)
 .debug_frame   0x0000285c       0x28 c:/program files (x86)/cypress/psoc creator/3.0/psoc creator/import/gnu_cs/arm/4.7.3/bin/../lib/gcc/arm-none-eabi/4.7.3/../../../../arm-none-eabi/lib/armv6-m\libnosys.a(sbrk.o)
 .debug_frame   0x00002884       0x20 c:/program files (x86)/cypress/psoc creator/3.0/psoc creator/import/gnu_cs/arm/4.7.3/bin/../lib/gcc/arm-none-eabi/4.7.3/../../../../arm-none-eabi/lib/armv6-m\libnosys.a(write.o)

.debug_str      0x00000000     0x15c2
 *(.debug_str)
 .debug_str     0x00000000      0x11a .\CortexM0\ARM_GCC_473\Debug\main.o
                                0x160 (size before relaxing)
 .debug_str     0x0000011a      0x121 .\CortexM0\ARM_GCC_473\Debug\gps.o
                                0x23a (size before relaxing)
 .debug_str     0x0000023b       0x3b .\CortexM0\ARM_GCC_473\Debug\util.o
                                0x14e (size before relaxing)
 .debug_str     0x00000276       0x5b .\CortexM0\ARM_GCC_473\Debug\cymetadata.o
                                0x168 (size before relaxing)
 .debug_str     0x000002d1      0x10a .\CortexM0\ARM_GCC_473\Debug\Cm0Start.o
                                0x231 (size before relaxing)
 .debug_str     0x000003db      0x1e6 .\CortexM0\ARM_GCC_473\Debug\i2ctest.a(cyfitter_cfg.o)
                                0x343 (size before relaxing)
 .debug_str     0x000005c1      0x4f7 .\CortexM0\ARM_GCC_473\Debug\i2ctest.a(CyLib.o)
                                0x644 (size before relaxing)
 .debug_str     0x00000ab8       0xd5 .\CortexM0\ARM_GCC_473\Debug\i2ctest.a(UART_PC.o)
                                0x1fc (size before relaxing)
 .debug_str     0x00000b8d      0x10f .\CortexM0\ARM_GCC_473\Debug\i2ctest.a(UART_PC_UART.o)
                                0x232 (size before relaxing)
 .debug_str     0x00000c9c      0x2d9 .\CortexM0\ARM_GCC_473\Debug\i2ctest.a(UART_GPS.o)
                                0x425 (size before relaxing)
 .debug_str     0x00000f75      0x107 .\CortexM0\ARM_GCC_473\Debug\i2ctest.a(UART_GPS_IntClock.o)
                                0x21f (size before relaxing)
 .debug_str     0x0000107c       0xc6 .\CortexM0\ARM_GCC_473\Debug\i2ctest.a(SPIS_1.o)
                                0x1f2 (size before relaxing)
 .debug_str     0x00001142      0x12f .\CortexM0\ARM_GCC_473\Debug\i2ctest.a(SPIS_1_SPI_UART.o)
                                0x275 (size before relaxing)
 .debug_str     0x00001271       0x69 .\CortexM0\ARM_GCC_473\Debug\i2ctest.a(SPIS_1_SPI.o)
                                0x183 (size before relaxing)
 .debug_str     0x000012da      0x175 .\CortexM0\ARM_GCC_473\Debug\i2ctest.a(SPIS_1_SCB_IRQ.o)
                                0x2c9 (size before relaxing)
 .debug_str     0x0000144f      0x130 .\CortexM0\ARM_GCC_473\Debug\i2ctest.a(UART_PC_SPI_UART.o)
                                0x27a (size before relaxing)
 .debug_str     0x0000157f       0x43 .\CortexM0\ARM_GCC_473\Debug\i2ctest.a(SPIS_1_SPI_UART_INT.o)
                                0x170 (size before relaxing)

.debug_loc      0x00000000     0x2114
 *(.debug_loc)
 .debug_loc     0x00000000       0x64 .\CortexM0\ARM_GCC_473\Debug\main.o
 .debug_loc     0x00000064      0x1e0 .\CortexM0\ARM_GCC_473\Debug\gps.o
 .debug_loc     0x00000244       0xa8 .\CortexM0\ARM_GCC_473\Debug\util.o
 .debug_loc     0x000002ec      0x100 .\CortexM0\ARM_GCC_473\Debug\Cm0Start.o
 .debug_loc     0x000003ec      0x1a8 .\CortexM0\ARM_GCC_473\Debug\i2ctest.a(cyfitter_cfg.o)
 .debug_loc     0x00000594      0xa34 .\CortexM0\ARM_GCC_473\Debug\i2ctest.a(CyLib.o)
 .debug_loc     0x00000fc8      0x140 .\CortexM0\ARM_GCC_473\Debug\i2ctest.a(UART_PC.o)
 .debug_loc     0x00001108      0x17c .\CortexM0\ARM_GCC_473\Debug\i2ctest.a(UART_PC_UART.o)
 .debug_loc     0x00001284      0x5ac .\CortexM0\ARM_GCC_473\Debug\i2ctest.a(UART_GPS.o)
 .debug_loc     0x00001830       0xe8 .\CortexM0\ARM_GCC_473\Debug\i2ctest.a(UART_GPS_IntClock.o)
 .debug_loc     0x00001918      0x140 .\CortexM0\ARM_GCC_473\Debug\i2ctest.a(SPIS_1.o)
 .debug_loc     0x00001a58      0x1e0 .\CortexM0\ARM_GCC_473\Debug\i2ctest.a(SPIS_1_SPI_UART.o)
 .debug_loc     0x00001c38       0x64 .\CortexM0\ARM_GCC_473\Debug\i2ctest.a(SPIS_1_SPI.o)
 .debug_loc     0x00001c9c      0x26c .\CortexM0\ARM_GCC_473\Debug\i2ctest.a(SPIS_1_SCB_IRQ.o)
 .debug_loc     0x00001f08      0x1e0 .\CortexM0\ARM_GCC_473\Debug\i2ctest.a(UART_PC_SPI_UART.o)
 .debug_loc     0x000020e8       0x2c .\CortexM0\ARM_GCC_473\Debug\i2ctest.a(SPIS_1_SPI_UART_INT.o)

.debug_macinfo
 *(.debug_macinfo)

.debug_ranges   0x00000000      0x598
 *(.debug_ranges)
 .debug_ranges  0x00000000       0x18 .\CortexM0\ARM_GCC_473\Debug\main.o
 .debug_ranges  0x00000018       0x50 .\CortexM0\ARM_GCC_473\Debug\gps.o
 .debug_ranges  0x00000068       0x20 .\CortexM0\ARM_GCC_473\Debug\util.o
 .debug_ranges  0x00000088       0x30 .\CortexM0\ARM_GCC_473\Debug\Cm0Start.o
 .debug_ranges  0x000000b8       0x48 .\CortexM0\ARM_GCC_473\Debug\i2ctest.a(cyfitter_cfg.o)
 .debug_ranges  0x00000100      0x190 .\CortexM0\ARM_GCC_473\Debug\i2ctest.a(CyLib.o)
 .debug_ranges  0x00000290       0x40 .\CortexM0\ARM_GCC_473\Debug\i2ctest.a(UART_PC.o)
 .debug_ranges  0x000002d0       0x40 .\CortexM0\ARM_GCC_473\Debug\i2ctest.a(UART_PC_UART.o)
 .debug_ranges  0x00000310       0xe0 .\CortexM0\ARM_GCC_473\Debug\i2ctest.a(UART_GPS.o)
 .debug_ranges  0x000003f0       0x30 .\CortexM0\ARM_GCC_473\Debug\i2ctest.a(UART_GPS_IntClock.o)
 .debug_ranges  0x00000420       0x40 .\CortexM0\ARM_GCC_473\Debug\i2ctest.a(SPIS_1.o)
 .debug_ranges  0x00000460       0x50 .\CortexM0\ARM_GCC_473\Debug\i2ctest.a(SPIS_1_SPI_UART.o)
 .debug_ranges  0x000004b0       0x18 .\CortexM0\ARM_GCC_473\Debug\i2ctest.a(SPIS_1_SPI.o)
 .debug_ranges  0x000004c8       0x70 .\CortexM0\ARM_GCC_473\Debug\i2ctest.a(SPIS_1_SCB_IRQ.o)
 .debug_ranges  0x00000538       0x50 .\CortexM0\ARM_GCC_473\Debug\i2ctest.a(UART_PC_SPI_UART.o)
 .debug_ranges  0x00000588       0x10 .\CortexM0\ARM_GCC_473\Debug\i2ctest.a(SPIS_1_SPI_UART_INT.o)

.comment        0x00000000       0x70
 .comment       0x00000000       0x70 .\CortexM0\ARM_GCC_473\Debug\main.o
                                 0x71 (size before relaxing)
 .comment       0x00000000       0x71 .\CortexM0\ARM_GCC_473\Debug\nunchuck.o
 .comment       0x00000000       0x71 .\CortexM0\ARM_GCC_473\Debug\gps.o
 .comment       0x00000000       0x71 .\CortexM0\ARM_GCC_473\Debug\util.o
 .comment       0x00000000       0x71 .\CortexM0\ARM_GCC_473\Debug\cymetadata.o
 .comment       0x00000000       0x71 .\CortexM0\ARM_GCC_473\Debug\Cm0Start.o
 .comment       0x00000000       0x71 .\CortexM0\ARM_GCC_473\Debug\i2ctest.a(cyfitter_cfg.o)
 .comment       0x00000000       0x71 .\CortexM0\ARM_GCC_473\Debug\i2ctest.a(CyLib.o)
 .comment       0x00000000       0x71 .\CortexM0\ARM_GCC_473\Debug\i2ctest.a(UART_PC.o)
 .comment       0x00000000       0x71 .\CortexM0\ARM_GCC_473\Debug\i2ctest.a(UART_PC_UART.o)
 .comment       0x00000000       0x71 .\CortexM0\ARM_GCC_473\Debug\i2ctest.a(UART_GPS.o)
 .comment       0x00000000       0x71 .\CortexM0\ARM_GCC_473\Debug\i2ctest.a(UART_GPS_IntClock.o)
 .comment       0x00000000       0x71 .\CortexM0\ARM_GCC_473\Debug\i2ctest.a(SPIS_1.o)
 .comment       0x00000000       0x71 .\CortexM0\ARM_GCC_473\Debug\i2ctest.a(SPIS_1_SPI_UART.o)
 .comment       0x00000000       0x71 .\CortexM0\ARM_GCC_473\Debug\i2ctest.a(SPIS_1_SPI.o)
 .comment       0x00000000       0x71 .\CortexM0\ARM_GCC_473\Debug\i2ctest.a(SPIS_1_SCB_IRQ.o)
 .comment       0x00000000       0x71 .\CortexM0\ARM_GCC_473\Debug\i2ctest.a(UART_PC_SPI_UART.o)
 .comment       0x00000000       0x71 .\CortexM0\ARM_GCC_473\Debug\i2ctest.a(SPIS_1_SPI_UART_INT.o)

.debug_weaknames
 *(.debug_weaknames)

.debug_funcnames
 *(.debug_funcnames)

.debug_typenames
 *(.debug_typenames)

.debug_varnames
 *(.debug_varnames)

.note.gnu.arm.ident
 *(.note.gnu.arm.ident)

.ARM.attributes
                0x00000000       0x28
 *(.ARM.attributes)
 .ARM.attributes
                0x00000000       0x1e c:/program files (x86)/cypress/psoc creator/3.0/psoc creator/import/gnu_cs/arm/4.7.3/bin/../lib/gcc/arm-none-eabi/4.7.3/armv6-m/crti.o
 .ARM.attributes
                0x0000001e       0x2c c:/program files (x86)/cypress/psoc creator/3.0/psoc creator/import/gnu_cs/arm/4.7.3/bin/../lib/gcc/arm-none-eabi/4.7.3/armv6-m/crtbegin.o
 .ARM.attributes
                0x0000004a       0x1c c:/program files (x86)/cypress/psoc creator/3.0/psoc creator/import/gnu_cs/arm/4.7.3/bin/../lib/gcc/arm-none-eabi/4.7.3/../../../../arm-none-eabi/lib/armv6-m/crt0.o
 .ARM.attributes
                0x00000066       0x31 .\CortexM0\ARM_GCC_473\Debug\main.o
 .ARM.attributes
                0x00000097       0x31 .\CortexM0\ARM_GCC_473\Debug\nunchuck.o
 .ARM.attributes
                0x000000c8       0x31 .\CortexM0\ARM_GCC_473\Debug\gps.o
 .ARM.attributes
                0x000000f9       0x31 .\CortexM0\ARM_GCC_473\Debug\util.o
 .ARM.attributes
                0x0000012a       0x31 .\CortexM0\ARM_GCC_473\Debug\cymetadata.o
 .ARM.attributes
                0x0000015b       0x31 .\CortexM0\ARM_GCC_473\Debug\Cm0Start.o
 .ARM.attributes
                0x0000018c       0x31 .\CortexM0\ARM_GCC_473\Debug\i2ctest.a(cyfitter_cfg.o)
 .ARM.attributes
                0x000001bd       0x21 .\CortexM0\ARM_GCC_473\Debug\i2ctest.a(CyBootAsmGnu.o)
 .ARM.attributes
                0x000001de       0x31 .\CortexM0\ARM_GCC_473\Debug\i2ctest.a(CyLib.o)
 .ARM.attributes
                0x0000020f       0x31 .\CortexM0\ARM_GCC_473\Debug\i2ctest.a(UART_PC.o)
 .ARM.attributes
                0x00000240       0x31 .\CortexM0\ARM_GCC_473\Debug\i2ctest.a(UART_PC_UART.o)
 .ARM.attributes
                0x00000271       0x31 .\CortexM0\ARM_GCC_473\Debug\i2ctest.a(UART_GPS.o)
 .ARM.attributes
                0x000002a2       0x31 .\CortexM0\ARM_GCC_473\Debug\i2ctest.a(UART_GPS_IntClock.o)
 .ARM.attributes
                0x000002d3       0x31 .\CortexM0\ARM_GCC_473\Debug\i2ctest.a(SPIS_1.o)
 .ARM.attributes
                0x00000304       0x31 .\CortexM0\ARM_GCC_473\Debug\i2ctest.a(SPIS_1_SPI_UART.o)
 .ARM.attributes
                0x00000335       0x31 .\CortexM0\ARM_GCC_473\Debug\i2ctest.a(SPIS_1_SPI.o)
 .ARM.attributes
                0x00000366       0x31 .\CortexM0\ARM_GCC_473\Debug\i2ctest.a(SPIS_1_SCB_IRQ.o)
 .ARM.attributes
                0x00000397       0x31 .\CortexM0\ARM_GCC_473\Debug\i2ctest.a(UART_PC_SPI_UART.o)
 .ARM.attributes
                0x000003c8       0x31 .\CortexM0\ARM_GCC_473\Debug\i2ctest.a(SPIS_1_SPI_UART_INT.o)
 .ARM.attributes
                0x000003f9       0x2c c:/program files (x86)/cypress/psoc creator/3.0/psoc creator/import/gnu_cs/arm/4.7.3/bin/../lib/gcc/arm-none-eabi/4.7.3/../../../../arm-none-eabi/lib/armv6-m\libm.a(lib_a-w_pow.o)
 .ARM.attributes
                0x00000425       0x2c c:/program files (x86)/cypress/psoc creator/3.0/psoc creator/import/gnu_cs/arm/4.7.3/bin/../lib/gcc/arm-none-eabi/4.7.3/../../../../arm-none-eabi/lib/armv6-m\libm.a(lib_a-e_pow.o)
 .ARM.attributes
                0x00000451       0x2c c:/program files (x86)/cypress/psoc creator/3.0/psoc creator/import/gnu_cs/arm/4.7.3/bin/../lib/gcc/arm-none-eabi/4.7.3/../../../../arm-none-eabi/lib/armv6-m\libm.a(lib_a-e_sqrt.o)
 .ARM.attributes
                0x0000047d       0x2c c:/program files (x86)/cypress/psoc creator/3.0/psoc creator/import/gnu_cs/arm/4.7.3/bin/../lib/gcc/arm-none-eabi/4.7.3/../../../../arm-none-eabi/lib/armv6-m\libm.a(lib_a-s_fabs.o)
 .ARM.attributes
                0x000004a9       0x2c c:/program files (x86)/cypress/psoc creator/3.0/psoc creator/import/gnu_cs/arm/4.7.3/bin/../lib/gcc/arm-none-eabi/4.7.3/../../../../arm-none-eabi/lib/armv6-m\libm.a(lib_a-s_finite.o)
 .ARM.attributes
                0x000004d5       0x2c c:/program files (x86)/cypress/psoc creator/3.0/psoc creator/import/gnu_cs/arm/4.7.3/bin/../lib/gcc/arm-none-eabi/4.7.3/../../../../arm-none-eabi/lib/armv6-m\libm.a(lib_a-s_fpclassify.o)
 .ARM.attributes
                0x00000501       0x2c c:/program files (x86)/cypress/psoc creator/3.0/psoc creator/import/gnu_cs/arm/4.7.3/bin/../lib/gcc/arm-none-eabi/4.7.3/../../../../arm-none-eabi/lib/armv6-m\libm.a(lib_a-s_lib_ver.o)
 .ARM.attributes
                0x0000052d       0x2c c:/program files (x86)/cypress/psoc creator/3.0/psoc creator/import/gnu_cs/arm/4.7.3/bin/../lib/gcc/arm-none-eabi/4.7.3/../../../../arm-none-eabi/lib/armv6-m\libm.a(lib_a-s_matherr.o)
 .ARM.attributes
                0x00000559       0x2c c:/program files (x86)/cypress/psoc creator/3.0/psoc creator/import/gnu_cs/arm/4.7.3/bin/../lib/gcc/arm-none-eabi/4.7.3/../../../../arm-none-eabi/lib/armv6-m\libm.a(lib_a-s_nan.o)
 .ARM.attributes
                0x00000585       0x2c c:/program files (x86)/cypress/psoc creator/3.0/psoc creator/import/gnu_cs/arm/4.7.3/bin/../lib/gcc/arm-none-eabi/4.7.3/../../../../arm-none-eabi/lib/armv6-m\libm.a(lib_a-s_rint.o)
 .ARM.attributes
                0x000005b1       0x2c c:/program files (x86)/cypress/psoc creator/3.0/psoc creator/import/gnu_cs/arm/4.7.3/bin/../lib/gcc/arm-none-eabi/4.7.3/../../../../arm-none-eabi/lib/armv6-m\libm.a(lib_a-s_scalbn.o)
 .ARM.attributes
                0x000005dd       0x2c c:/program files (x86)/cypress/psoc creator/3.0/psoc creator/import/gnu_cs/arm/4.7.3/bin/../lib/gcc/arm-none-eabi/4.7.3/../../../../arm-none-eabi/lib/armv6-m\libm.a(lib_a-s_copysign.o)
 .ARM.attributes
                0x00000609       0x1e c:/program files (x86)/cypress/psoc creator/3.0/psoc creator/import/gnu_cs/arm/4.7.3/bin/../lib/gcc/arm-none-eabi/4.7.3/armv6-m\libgcc.a(_udivsi3.o)
 .ARM.attributes
                0x00000627       0x1e c:/program files (x86)/cypress/psoc creator/3.0/psoc creator/import/gnu_cs/arm/4.7.3/bin/../lib/gcc/arm-none-eabi/4.7.3/armv6-m\libgcc.a(_divsi3.o)
 .ARM.attributes
                0x00000645       0x1e c:/program files (x86)/cypress/psoc creator/3.0/psoc creator/import/gnu_cs/arm/4.7.3/bin/../lib/gcc/arm-none-eabi/4.7.3/armv6-m\libgcc.a(_dvmd_tls.o)
 .ARM.attributes
                0x00000663       0x1e c:/program files (x86)/cypress/psoc creator/3.0/psoc creator/import/gnu_cs/arm/4.7.3/bin/../lib/gcc/arm-none-eabi/4.7.3/armv6-m\libgcc.a(_arm_cmpdf2.o)
 .ARM.attributes
                0x00000681       0x2c c:/program files (x86)/cypress/psoc creator/3.0/psoc creator/import/gnu_cs/arm/4.7.3/bin/../lib/gcc/arm-none-eabi/4.7.3/armv6-m\libgcc.a(subsf3.o)
 .ARM.attributes
                0x000006ad       0x2c c:/program files (x86)/cypress/psoc creator/3.0/psoc creator/import/gnu_cs/arm/4.7.3/bin/../lib/gcc/arm-none-eabi/4.7.3/armv6-m\libgcc.a(fixsfsi.o)
 .ARM.attributes
                0x000006d9       0x2c c:/program files (x86)/cypress/psoc creator/3.0/psoc creator/import/gnu_cs/arm/4.7.3/bin/../lib/gcc/arm-none-eabi/4.7.3/armv6-m\libgcc.a(floatsisf.o)
 .ARM.attributes
                0x00000705       0x2c c:/program files (x86)/cypress/psoc creator/3.0/psoc creator/import/gnu_cs/arm/4.7.3/bin/../lib/gcc/arm-none-eabi/4.7.3/armv6-m\libgcc.a(adddf3.o)
 .ARM.attributes
                0x00000731       0x2c c:/program files (x86)/cypress/psoc creator/3.0/psoc creator/import/gnu_cs/arm/4.7.3/bin/../lib/gcc/arm-none-eabi/4.7.3/armv6-m\libgcc.a(divdf3.o)
 .ARM.attributes
                0x0000075d       0x2c c:/program files (x86)/cypress/psoc creator/3.0/psoc creator/import/gnu_cs/arm/4.7.3/bin/../lib/gcc/arm-none-eabi/4.7.3/armv6-m\libgcc.a(eqdf2.o)
 .ARM.attributes
                0x00000789       0x2c c:/program files (x86)/cypress/psoc creator/3.0/psoc creator/import/gnu_cs/arm/4.7.3/bin/../lib/gcc/arm-none-eabi/4.7.3/armv6-m\libgcc.a(gedf2.o)
 .ARM.attributes
                0x000007b5       0x2c c:/program files (x86)/cypress/psoc creator/3.0/psoc creator/import/gnu_cs/arm/4.7.3/bin/../lib/gcc/arm-none-eabi/4.7.3/armv6-m\libgcc.a(ledf2.o)
 .ARM.attributes
                0x000007e1       0x2c c:/program files (x86)/cypress/psoc creator/3.0/psoc creator/import/gnu_cs/arm/4.7.3/bin/../lib/gcc/arm-none-eabi/4.7.3/armv6-m\libgcc.a(muldf3.o)
 .ARM.attributes
                0x0000080d       0x2c c:/program files (x86)/cypress/psoc creator/3.0/psoc creator/import/gnu_cs/arm/4.7.3/bin/../lib/gcc/arm-none-eabi/4.7.3/armv6-m\libgcc.a(subdf3.o)
 .ARM.attributes
                0x00000839       0x2c c:/program files (x86)/cypress/psoc creator/3.0/psoc creator/import/gnu_cs/arm/4.7.3/bin/../lib/gcc/arm-none-eabi/4.7.3/armv6-m\libgcc.a(fixdfsi.o)
 .ARM.attributes
                0x00000865       0x2c c:/program files (x86)/cypress/psoc creator/3.0/psoc creator/import/gnu_cs/arm/4.7.3/bin/../lib/gcc/arm-none-eabi/4.7.3/armv6-m\libgcc.a(floatsidf.o)
 .ARM.attributes
                0x00000891       0x2c c:/program files (x86)/cypress/psoc creator/3.0/psoc creator/import/gnu_cs/arm/4.7.3/bin/../lib/gcc/arm-none-eabi/4.7.3/armv6-m\libgcc.a(extendsfdf2.o)
 .ARM.attributes
                0x000008bd       0x2c c:/program files (x86)/cypress/psoc creator/3.0/psoc creator/import/gnu_cs/arm/4.7.3/bin/../lib/gcc/arm-none-eabi/4.7.3/armv6-m\libgcc.a(truncdfsf2.o)
 .ARM.attributes
                0x000008e9       0x1e c:/program files (x86)/cypress/psoc creator/3.0/psoc creator/import/gnu_cs/arm/4.7.3/bin/../lib/gcc/arm-none-eabi/4.7.3/armv6-m\libgcc.a(_clzsi2.o)
 .ARM.attributes
                0x00000907       0x2c c:/program files (x86)/cypress/psoc creator/3.0/psoc creator/import/gnu_cs/arm/4.7.3/bin/../lib/gcc/arm-none-eabi/4.7.3/../../../../arm-none-eabi/lib/armv6-m\libc_s.a(lib_a-__atexit2.o)
 .ARM.attributes
                0x00000933       0x2c c:/program files (x86)/cypress/psoc creator/3.0/psoc creator/import/gnu_cs/arm/4.7.3/bin/../lib/gcc/arm-none-eabi/4.7.3/../../../../arm-none-eabi/lib/armv6-m\libc_s.a(lib_a-atof.o)
 .ARM.attributes
                0x0000095f       0x2c c:/program files (x86)/cypress/psoc creator/3.0/psoc creator/import/gnu_cs/arm/4.7.3/bin/../lib/gcc/arm-none-eabi/4.7.3/../../../../arm-none-eabi/lib/armv6-m\libc_s.a(lib_a-errno.o)
 .ARM.attributes