Archive member included because of file (symbol)

.\CortexM0\ARM_GCC_473\Debug\i2ctest.a(cyfitter_cfg.o)
                              .\CortexM0\ARM_GCC_473\Debug\Cm0Start.o (cyfitter_cfg)
.\CortexM0\ARM_GCC_473\Debug\i2ctest.a(CyBootAsmGnu.o)
                              .\CortexM0\ARM_GCC_473\Debug\i2ctest.a(cyfitter_cfg.o) (CyDelayCycles)
.\CortexM0\ARM_GCC_473\Debug\i2ctest.a(CyLib.o)
                              .\CortexM0\ARM_GCC_473\Debug\i2ctest.a(cyfitter_cfg.o) (CyDelayUs)
.\CortexM0\ARM_GCC_473\Debug\i2ctest.a(UART_PC.o)
                              .\CortexM0\ARM_GCC_473\Debug\main.o (UART_PC_Start)
.\CortexM0\ARM_GCC_473\Debug\i2ctest.a(UART_PC_SPI_UART.o)
                              .\CortexM0\ARM_GCC_473\Debug\main.o (UART_PC_SpiUartWriteTxData)
.\CortexM0\ARM_GCC_473\Debug\i2ctest.a(UART_PC_UART.o)
                              .\CortexM0\ARM_GCC_473\Debug\i2ctest.a(UART_PC.o) (UART_PC_UartInit)
.\CortexM0\ARM_GCC_473\Debug\i2ctest.a(UART_GPS.o)
                              .\CortexM0\ARM_GCC_473\Debug\main.o (UART_GPS_Start)
.\CortexM0\ARM_GCC_473\Debug\i2ctest.a(UART_GPS_IntClock.o)
                              .\CortexM0\ARM_GCC_473\Debug\i2ctest.a(UART_GPS.o) (UART_GPS_IntClock_Start)
.\CortexM0\ARM_GCC_473\Debug\i2ctest.a(SPIS_1.o)
                              .\CortexM0\ARM_GCC_473\Debug\main.o (SPIS_1_Start)
.\CortexM0\ARM_GCC_473\Debug\i2ctest.a(SPIS_1_SPI_UART.o)
                              .\CortexM0\ARM_GCC_473\Debug\main.o (SPIS_1_SpiUartReadRxData)
.\CortexM0\ARM_GCC_473\Debug\i2ctest.a(SPIS_1_SPI.o)
                              .\CortexM0\ARM_GCC_473\Debug\i2ctest.a(SPIS_1.o) (SPIS_1_SpiInit)
.\CortexM0\ARM_GCC_473\Debug\i2ctest.a(SPIS_1_SCB_IRQ.o)
                              .\CortexM0\ARM_GCC_473\Debug\i2ctest.a(SPIS_1.o) (SPIS_1_SCB_IRQ_Disable)
.\CortexM0\ARM_GCC_473\Debug\i2ctest.a(SPIS_1_SPI_UART_INT.o)
                              .\CortexM0\ARM_GCC_473\Debug\i2ctest.a(SPIS_1_SPI.o) (SPIS_1_SPI_UART_ISR)
c:/program files (x86)/cypress/psoc creator/3.0/psoc creator/import/gnu_cs/arm/4.7.3/bin/../lib/gcc/arm-none-eabi/4.7.3/../../../../arm-none-eabi/lib/armv6-m\libm.a(lib_a-w_pow.o)
                              .\CortexM0\ARM_GCC_473\Debug\util.o (pow)
c:/program files (x86)/cypress/psoc creator/3.0/psoc creator/import/gnu_cs/arm/4.7.3/bin/../lib/gcc/arm-none-eabi/4.7.3/../../../../arm-none-eabi/lib/armv6-m\libm.a(lib_a-e_pow.o)
                              c:/program files (x86)/cypress/psoc creator/3.0/psoc creator/import/gnu_cs/arm/4.7.3/bin/../lib/gcc/arm-none-eabi/4.7.3/../../../../arm-none-eabi/lib/armv6-m\libm.a(lib_a-w_pow.o) (__ieee754_pow)
c:/program files (x86)/cypress/psoc creator/3.0/psoc creator/import/gnu_cs/arm/4.7.3/bin/../lib/gcc/arm-none-eabi/4.7.3/../../../../arm-none-eabi/lib/armv6-m\libm.a(lib_a-e_sqrt.o)
                              c:/program files (x86)/cypress/psoc creator/3.0/psoc creator/import/gnu_cs/arm/4.7.3/bin/../lib/gcc/arm-none-eabi/4.7.3/../../../../arm-none-eabi/lib/armv6-m\libm.a(lib_a-e_pow.o) (__ieee754_sqrt)
c:/program files (x86)/cypress/psoc creator/3.0/psoc creator/import/gnu_cs/arm/4.7.3/bin/../lib/gcc/arm-none-eabi/4.7.3/../../../../arm-none-eabi/lib/armv6-m\libm.a(lib_a-s_fabs.o)
                              c:/program files (x86)/cypress/psoc creator/3.0/psoc creator/import/gnu_cs/arm/4.7.3/bin/../lib/gcc/arm-none-eabi/4.7.3/../../../../arm-none-eabi/lib/armv6-m\libm.a(lib_a-e_pow.o) (fabs)
c:/program files (x86)/cypress/psoc creator/3.0/psoc creator/import/gnu_cs/arm/4.7.3/bin/../lib/gcc/arm-none-eabi/4.7.3/../../../../arm-none-eabi/lib/armv6-m\libm.a(lib_a-s_finite.o)
                              c:/program files (x86)/cypress/psoc creator/3.0/psoc creator/import/gnu_cs/arm/4.7.3/bin/../lib/gcc/arm-none-eabi/4.7.3/../../../../arm-none-eabi/lib/armv6-m\libm.a(lib_a-w_pow.o) (finite)
c:/program files (x86)/cypress/psoc creator/3.0/psoc creator/import/gnu_cs/arm/4.7.3/bin/../lib/gcc/arm-none-eabi/4.7.3/../../../../arm-none-eabi/lib/armv6-m\libm.a(lib_a-s_fpclassify.o)
                              c:/program files (x86)/cypress/psoc creator/3.0/psoc creator/import/gnu_cs/arm/4.7.3/bin/../lib/gcc/arm-none-eabi/4.7.3/../../../../arm-none-eabi/lib/armv6-m\libm.a(lib_a-w_pow.o) (__fpclassifyd)
c:/program files (x86)/cypress/psoc creator/3.0/psoc creator/import/gnu_cs/arm/4.7.3/bin/../lib/gcc/arm-none-eabi/4.7.3/../../../../arm-none-eabi/lib/armv6-m\libm.a(lib_a-s_lib_ver.o)
                              c:/program files (x86)/cypress/psoc creator/3.0/psoc creator/import/gnu_cs/arm/4.7.3/bin/../lib/gcc/arm-none-eabi/4.7.3/../../../../arm-none-eabi/lib/armv6-m\libm.a(lib_a-w_pow.o) (__fdlib_version)
c:/program files (x86)/cypress/psoc creator/3.0/psoc creator/import/gnu_cs/arm/4.7.3/bin/../lib/gcc/arm-none-eabi/4.7.3/../../../../arm-none-eabi/lib/armv6-m\libm.a(lib_a-s_matherr.o)
[...]
Memory Configuration

Name             Origin             Length             Attributes
rom              0x00000000         0x00008000         xr
ram              0x20000000         0x00001000         xrw
*default*        0x00000000         0xffffffff

Linker script and memory map

LOAD c:/program files (x86)/cypress/psoc creator/3.0/psoc creator/import/gnu_cs/arm/4.7.3/bin/../lib/gcc/arm-none-eabi/4.7.3/armv6-m/crti.o
LOAD c:/program files (x86)/cypress/psoc creator/3.0/psoc creator/import/gnu_cs/arm/4.7.3/bin/../lib/gcc/arm-none-eabi/4.7.3/armv6-m/crtbegin.o
LOAD c:/program files (x86)/cypress/psoc creator/3.0/psoc creator/import/gnu_cs/arm/4.7.3/bin/../lib/gcc/arm-none-eabi/4.7.3/../../../../arm-none-eabi/lib/armv6-m/crt0.o
START GROUP
LOAD .\CortexM0\ARM_GCC_473\Debug\main.o
LOAD .\CortexM0\ARM_GCC_473\Debug\nunchuck.o
LOAD .\CortexM0\ARM_GCC_473\Debug\gps.o
LOAD .\CortexM0\ARM_GCC_473\Debug\util.o
LOAD .\CortexM0\ARM_GCC_473\Debug\cymetadata.o
LOAD .\CortexM0\ARM_GCC_473\Debug\Cm0Start.o
LOAD .\CortexM0\ARM_GCC_473\Debug\i2ctest.a
LOAD C:\Program Files (x86)\Cypress\PSoC Creator\3.0\PSoC Creator\psoc\content\cycomponentlibrary\CyComponentLibrary.cylib\CortexM0\ARM_GCC_473\Debug\CyComponentLibrary.a
LOAD c:/program files (x86)/cypress/psoc creator/3.0/psoc creator/import/gnu_cs/arm/4.7.3/bin/../lib/gcc/arm-none-eabi/4.7.3/../../../../arm-none-eabi/lib/armv6-m\libm.a
END GROUP
START GROUP
LOAD c:/program files (x86)/cypress/psoc creator/3.0/psoc creator/import/gnu_cs/arm/4.7.3/bin/../lib/gcc/arm-none-eabi/4.7.3/armv6-m\libgcc.a
LOAD c:/program files (x86)/cypress/psoc creator/3.0/psoc creator/import/gnu_cs/arm/4.7.3/bin/../lib/gcc/arm-none-eabi/4.7.3/../../../../arm-none-eabi/lib/armv6-m\libc_s.a
END GROUP
LOAD c:/program files (x86)/cypress/psoc creator/3.0/psoc creator/import/gnu_cs/arm/4.7.3/bin/../lib/gcc/arm-none-eabi/4.7.3/armv6-m/crtend.o
LOAD c:/program files (x86)/cypress/psoc creator/3.0/psoc creator/import/gnu_cs/arm/4.7.3/bin/../lib/gcc/arm-none-eabi/4.7.3/armv6-m/crtn.o
START GROUP
LOAD c:/program files (x86)/cypress/psoc creator/3.0/psoc creator/import/gnu_cs/arm/4.7.3/bin/../lib/gcc/arm-none-eabi/4.7.3/armv6-m\libgcc.a
LOAD c:/program files (x86)/cypress/psoc creator/3.0/psoc creator/import/gnu_cs/arm/4.7.3/bin/../lib/gcc/arm-none-eabi/4.7.3/../../../../arm-none-eabi/lib/armv6-m\libc.a
LOAD c:/program files (x86)/cypress/psoc creator/3.0/psoc creator/import/gnu_cs/arm/4.7.3/bin/../lib/gcc/arm-none-eabi/4.7.3/../../../../arm-none-eabi/lib/armv6-m\libnosys.a
END GROUP
                0x00000000                CY_APPL_ORIGIN = 0x0
                0x00000080                CY_FLASH_ROW_SIZE = 0x80
                0x00000001                CY_APPL_NUM = 0x1
                0x00000040                CY_METADATA_SIZE = 0x40
                0x20000448                PROVIDE (__cy_heap_start, _end)
                0x00000001                PROVIDE (__cy_region_num, ((__cy_regions_end - __cy_regions) / 0x10))
                0x20001000                PROVIDE (__cy_stack, (ORIGIN (ram) + 0x1000))
                0x20000c00                PROVIDE (__cy_heap_end, (__cy_stack - 0x400))

.cybootloader   0x00000000        0x0
 *(.cybootloader)
                0x00000000                appl1_start = CY_APPL_ORIGIN?CY_APPL_ORIGIN:ALIGN (CY_FLASH_ROW_SIZE)
                0x00003f80                appl2_start = (appl1_start + ALIGN ((((0x8000 - appl1_start) - (0x2 * CY_FLASH_ROW_SIZE)) / 0x2), CY_FLASH_ROW_SIZE))
                0x00000000                appl_start = (CY_APPL_NUM == 0x1)?appl1_start:appl2_start

.text           0x00000000     0x7354
 CREATE_OBJECT_SYMBOLS
                0x00000000                PROVIDE (__cy_interrupt_vector, RomVectors)
 *(.romvectors)
 .romvectors    0x00000000       0x10 .\CortexM0\ARM_GCC_473\Debug\Cm0Start.o
                0x00000000                RomVectors
                0x00000001                ASSERT ((. != __cy_interrupt_vector), No interrupt vector)
                0x00000001                ASSERT (CY_APPL_ORIGIN?(SIZEOF (.cybootloader) <= CY_APPL_ORIGIN):0x1, Wrong image location)
                0x00000010                PROVIDE (__cy_reset, Reset)
 *(.text.Reset)
 .text.Reset    0x00000010        0x8 .\CortexM0\ARM_GCC_473\Debug\Cm0Start.o
                0x00000010                Reset
                0x00000001                ASSERT ((. != __cy_reset), No reset code)
 *(.psocinit)
 .psocinit      0x00000018      0x384 .\CortexM0\ARM_GCC_473\Debug\i2ctest.a(cyfitter_cfg.o)
                0x00000180                cyfitter_cfg
                0x0000039c                . = MAX (., 0x100)
 *(.text .text.* .gnu.linkonce.t.*)
 .text          0x0000039c       0x60 c:/program files (x86)/cypress/psoc creator/3.0/psoc creator/import/gnu_cs/arm/4.7.3/bin/../lib/gcc/arm-none-eabi/4.7.3/armv6-m/crtbegin.o
 .text.main     0x000003fc       0xa4 .\CortexM0\ARM_GCC_473\Debug\main.o
                0x000003fc                main
 .text.isr_spi_rx
                0x000004a0       0x70 .\CortexM0\ARM_GCC_473\Debug\main.o
                0x000004a0                isr_spi_rx
 .text.GetGPSLatitudePos
                0x00000510       0x14 .\CortexM0\ARM_GCC_473\Debug\gps.o
                0x00000510                GetGPSLatitudePos
 .text.GetGPSLongitudePos
                0x00000524       0x14 .\CortexM0\ARM_GCC_473\Debug\gps.o
                0x00000524                GetGPSLongitudePos
 .text.GetGPSLatitude
                0x00000538       0x24 .\CortexM0\ARM_GCC_473\Debug\gps.o
                0x00000538                GetGPSLatitude
 .text.GetGPSLongitude
                0x0000055c       0x24 .\CortexM0\ARM_GCC_473\Debug\gps.o
                0x0000055c                GetGPSLongitude
 .text.GetGPSTime
                0x00000580       0x14 .\CortexM0\ARM_GCC_473\Debug\gps.o
                0x00000580                GetGPSTime
 .text.getNumberOfSate
                0x00000594       0x14 .\CortexM0\ARM_GCC_473\Debug\gps.o
                0x00000594                getNumberOfSate
 .text.getGPSUartNumberOfSate
                0x000005a8       0x28 .\CortexM0\ARM_GCC_473\Debug\gps.o
                0x000005a8                getGPSUartNumberOfSate
 .text.readGPSData
                0x000005d0       0xe4 .\CortexM0\ARM_GCC_473\Debug\gps.o
                0x000005d0                readGPSData
 .text.handleGPSData
                0x000006b4      0x250 .\CortexM0\ARM_GCC_473\Debug\gps.o
                0x000006b4                handleGPSData
 .text.compareGPSCMD
                0x00000904       0x54 .\CortexM0\ARM_GCC_473\Debug\gps.o
                0x00000904                compareGPSCMD
 .text.resetGPSBuffer
                0x00000958       0x34 .\CortexM0\ARM_GCC_473\Debug\gps.o
                0x00000958                resetGPSBuffer
 .text.reverse  0x0000098c       0x58 .\CortexM0\ARM_GCC_473\Debug\util.o
                0x0000098c                reverse
 .text.intToStr
                0x000009e4       0x98 .\CortexM0\ARM_GCC_473\Debug\util.o
                0x000009e4                intToStr
 *fill*         0x00000a7c        0x4 00
 .text.ftoa     0x00000a80       0xc0 .\CortexM0\ARM_GCC_473\Debug\util.o
                0x00000a80                ftoa
 .text.IntDefaultHandler
                0x00000b40        0x8 .\CortexM0\ARM_GCC_473\Debug\Cm0Start.o
                0x00000b40                IntDefaultHandler
 .text.Start_c  0x00000b48       0xa4 .\CortexM0\ARM_GCC_473\Debug\Cm0Start.o
                0x00000b48                Start_c
 .text.initialize_psoc
                0x00000bec       0x64 .\CortexM0\ARM_GCC_473\Debug\Cm0Start.o
                0x00000bec                initialize_psoc
 .text.CYMEMZERO
                0x00000c50       0x20 .\CortexM0\ARM_GCC_473\Debug\i2ctest.a(cyfitter_cfg.o)
 .text.CYCONFIGCPYCODE
                0x00000c70       0x24 .\CortexM0\ARM_GCC_473\Debug\i2ctest.a(cyfitter_cfg.o)
 .text.cfg_write_bytes32
                0x00000c94       0x80 .\CortexM0\ARM_GCC_473\Debug\i2ctest.a(cyfitter_cfg.o)
 .text.AnalogSetDefault
                0x00000d14        0x8 .\CortexM0\ARM_GCC_473\Debug\i2ctest.a(cyfitter_cfg.o)
 *fill*         0x00000d1c        0x4 00
 .text          0x00000d20       0x20 .\CortexM0\ARM_GCC_473\Debug\i2ctest.a(CyBootAsmGnu.o)
                0x00000d20                CyDelayCycles
                0x00000d32                CyEnterCriticalSection
                0x00000d3a                CyExitCriticalSection
 .text.CyDelayUs
                0x00000d40       0x28 .\CortexM0\ARM_GCC_473\Debug\i2ctest.a(CyLib.o)
                0x00000d40                CyDelayUs
 .text.UART_PC_Init
                0x00000d68        0xc .\CortexM0\ARM_GCC_473\Debug\i2ctest.a(UART_PC.o)
                0x00000d68                UART_PC_Init
 .text.UART_PC_Enable
                0x00000d74       0x20 .\CortexM0\ARM_GCC_473\Debug\i2ctest.a(UART_PC.o)
                0x00000d74                UART_PC_Enable
 .text.UART_PC_Start
                0x00000d94       0x24 .\CortexM0\ARM_GCC_473\Debug\i2ctest.a(UART_PC.o)
                0x00000d94                UART_PC_Start
 .text.UART_PC_ScbEnableIntr
                0x00000db8        0x8 .\CortexM0\ARM_GCC_473\Debug\i2ctest.a(UART_PC.o)
 .text.UART_PC_SpiUartWriteTxData
                0x00000dc0       0x2c .\CortexM0\ARM_GCC_473\Debug\i2ctest.a(UART_PC_SPI_UART.o)
                0x00000dc0                UART_PC_SpiUartWriteTxData
 .text.UART_PC_UartInit
                0x00000dec       0xa8 .\CortexM0\ARM_GCC_473\Debug\i2ctest.a(UART_PC_UART.o)
                0x00000dec                UART_PC_UartInit
 .text.UART_PC_UartPutString
                0x00000e94       0x34 .\CortexM0\ARM_GCC_473\Debug\i2ctest.a(UART_PC_UART.o)
                0x00000e94                UART_PC_UartPutString
 .text.UART_GPS_Start
                0x00000ec8       0x24 .\CortexM0\ARM_GCC_473\Debug\i2ctest.a(UART_GPS.o)
                0x00000ec8                UART_GPS_Start
 .text.UART_GPS_Init
                0x00000eec       0x3c .\CortexM0\ARM_GCC_473\Debug\i2ctest.a(UART_GPS.o)
                0x00000eec                UART_GPS_Init
 .text.UART_GPS_Enable
                0x00000f28       0x60 .\CortexM0\ARM_GCC_473\Debug\i2ctest.a(UART_GPS.o)
                0x00000f28                UART_GPS_Enable
 .text.UART_GPS_ReadRxData
                0x00000f88       0x20 .\CortexM0\ARM_GCC_473\Debug\i2ctest.a(UART_GPS.o)
                0x00000f88                UART_GPS_ReadRxData
 .text.UART_GPS_GetRxBufferSize
                0x00000fa8       0x30 .\CortexM0\ARM_GCC_473\Debug\i2ctest.a(UART_GPS.o)
                0x00000fa8                UART_GPS_GetRxBufferSize
 .text.UART_GPS_IntClock_Start
                0x00000fd8       0x1c .\CortexM0\ARM_GCC_473\Debug\i2ctest.a(UART_GPS_IntClock.o)
                0x00000fd8                UART_GPS_IntClock_Start
 .text.SPIS_1_Init
                0x00000ff4        0xc .\CortexM0\ARM_GCC_473\Debug\i2ctest.a(SPIS_1.o)
                0x00000ff4                SPIS_1_Init
 .text.SPIS_1_Enable
                0x00001000       0x20 .\CortexM0\ARM_GCC_473\Debug\i2ctest.a(SPIS_1.o)
                0x00001000                SPIS_1_Enable
 .text.SPIS_1_Start
                0x00001020       0x24 .\CortexM0\ARM_GCC_473\Debug\i2ctest.a(SPIS_1.o)
                0x00001020                SPIS_1_Start
 .text.SPIS_1_SetCustomInterruptHandler
                0x00001044       0x18 .\CortexM0\ARM_GCC_473\Debug\i2ctest.a(SPIS_1.o)
                0x00001044                SPIS_1_SetCustomInterruptHandler
 .text.SPIS_1_ScbEnableIntr
                0x0000105c        0xc .\CortexM0\ARM_GCC_473\Debug\i2ctest.a(SPIS_1.o)
 .text.SPIS_1_SpiUartReadRxData
                0x00001068       0x20 .\CortexM0\ARM_GCC_473\Debug\i2ctest.a(SPIS_1_SPI_UART.o)
                0x00001068                SPIS_1_SpiUartReadRxData
 .text.SPIS_1_SpiUartWriteTxData
                0x00001088       0x2c .\CortexM0\ARM_GCC_473\Debug\i2ctest.a(SPIS_1_SPI_UART.o)
                0x00001088                SPIS_1_SpiUartWriteTxData
 .text.SPIS_1_SpiUartClearTxBuffer
                0x000010b4       0x2c .\CortexM0\ARM_GCC_473\Debug\i2ctest.a(SPIS_1_SPI_UART.o)
                0x000010b4                SPIS_1_SpiUartClearTxBuffer
 .text.SPIS_1_SpiInit
                0x000010e0       0xa0 .\CortexM0\ARM_GCC_473\Debug\i2ctest.a(SPIS_1_SPI.o)
                0x000010e0                SPIS_1_SpiInit
 .text.SPIS_1_SCB_IRQ_SetVector
                0x00001180       0x18 .\CortexM0\ARM_GCC_473\Debug\i2ctest.a(SPIS_1_SCB_IRQ.o)
                0x00001180                SPIS_1_SCB_IRQ_SetVector
 .text.SPIS_1_SCB_IRQ_SetPriority
                0x00001198       0x4c .\CortexM0\ARM_GCC_473\Debug\i2ctest.a(SPIS_1_SCB_IRQ.o)
                0x00001198                SPIS_1_SCB_IRQ_SetPriority
 .text.SPIS_1_SCB_IRQ_Enable
                0x000011e4       0x14 .\CortexM0\ARM_GCC_473\Debug\i2ctest.a(SPIS_1_SCB_IRQ.o)
                0x000011e4                SPIS_1_SCB_IRQ_Enable
 .text.SPIS_1_SCB_IRQ_Disable
                0x000011f8       0x14 .\CortexM0\ARM_GCC_473\Debug\i2ctest.a(SPIS_1_SCB_IRQ.o)
                0x000011f8                SPIS_1_SCB_IRQ_Disable
 .text.SPIS_1_SPI_UART_ISR
                0x0000120c       0x1c .\CortexM0\ARM_GCC_473\Debug\i2ctest.a(SPIS_1_SPI_UART_INT.o)
                0x0000120c                SPIS_1_SPI_UART_ISR
 .text.pow      0x00001228      0x388 c:/program files (x86)/cypress/psoc creator/3.0/psoc creator/import/gnu_cs/arm/4.7.3/bin/../lib/gcc/arm-none-eabi/4.7.3/../../../../arm-none-eabi/lib/armv6-m\libm.a(lib_a-w_pow.o)
                0x00001228                pow
 .text.__ieee754_pow
                0x000015b0      0xb48 c:/program files (x86)/cypress/psoc creator/3.0/psoc creator/import/gnu_cs/arm/4.7.3/bin/../lib/gcc/arm-none-eabi/4.7.3/../../../../arm-none-eabi/lib/armv6-m\libm.a(lib_a-e_pow.o)
                0x000015b0                __ieee754_pow
 .text.__ieee754_sqrt
                0x000020f8      0x230 c:/program files (x86)/cypress/psoc creator/3.0/psoc creator/import/gnu_cs/arm/4.7.3/bin/../lib/gcc/arm-none-eabi/4.7.3/../../../../arm-none-eabi/lib/armv6-m\libm.a(lib_a-e_sqrt.o)
                0x000020f8                __ieee754_sqrt
 .text.fabs     0x00002328        0x8 c:/program files (x86)/cypress/psoc creator/3.0/psoc creator/import/gnu_cs/arm/4.7.3/bin/../lib/gcc/arm-none-eabi/4.7.3/../../../../arm-none-eabi/lib/armv6-m\libm.a(lib_a-s_fabs.o)
                0x00002328                fabs
 .text.finite   0x00002330       0x10 c:/program files (x86)/cypress/psoc creator/3.0/psoc creator/import/gnu_cs/arm/4.7.3/bin/../lib/gcc/arm-none-eabi/4.7.3/../../../../arm-none-eabi/lib/armv6-m\libm.a(lib_a-s_finite.o)
                0x00002330                finite
 .text.__fpclassifyd
                0x00002340       0x70 c:/program files (x86)/cypress/psoc creator/3.0/psoc creator/import/gnu_cs/arm/4.7.3/bin/../lib/gcc/arm-none-eabi/4.7.3/../../../../arm-none-eabi/lib/armv6-m\libm.a(lib_a-s_fpclassify.o)
                0x00002340                __fpclassifyd
 .text.matherr  0x000023b0        0x4 c:/program files (x86)/cypress/psoc creator/3.0/psoc creator/import/gnu_cs/arm/4.7.3/bin/../lib/gcc/arm-none-eabi/4.7.3/../../../../arm-none-eabi/lib/armv6-m\libm.a(lib_a-s_matherr.o)
                0x000023b0                matherr
 *fill*         0x000023b4        0x4 00
 .text.nan      0x000023b8       0x10 c:/program files (x86)/cypress/psoc creator/3.0/psoc creator/import/gnu_cs/arm/4.7.3/bin/../lib/gcc/arm-none-eabi/4.7.3/../../../../arm-none-eabi/lib/armv6-m\libm.a(lib_a-s_nan.o)
                0x000023b8                nan
 .text.rint     0x000023c8      0x124 c:/program files (x86)/cypress/psoc creator/3.0/psoc creator/import/gnu_cs/arm/4.7.3/bin/../lib/gcc/arm-none-eabi/4.7.3/../../../../arm-none-eabi/lib/armv6-m\libm.a(lib_a-s_rint.o)
                0x000023c8                rint
 *fill*         0x000024ec        0x4 00
 .text.scalbn   0x000024f0      0x110 c:/program files (x86)/cypress/psoc creator/3.0/psoc creator/import/gnu_cs/arm/4.7.3/bin/../lib/gcc/arm-none-eabi/4.7.3/../../../../arm-none-eabi/lib/armv6-m\libm.a(lib_a-s_scalbn.o)
                0x000024f0                scalbn
 .text.copysign
                0x00002600       0x10 c:/program files (x86)/cypress/psoc creator/3.0/psoc creator/import/gnu_cs/arm/4.7.3/bin/../lib/gcc/arm-none-eabi/4.7.3/../../../../arm-none-eabi/lib/armv6-m\libm.a(lib_a-s_copysign.o)
                0x00002600                copysign
 .text          0x00002610       0x9c c:/program files (x86)/cypress/psoc creator/3.0/psoc creator/import/gnu_cs/arm/4.7.3/bin/../lib/gcc/arm-none-eabi/4.7.3/armv6-m\libgcc.a(_udivsi3.o)
                0x00002610                __aeabi_uidiv
                0x00002610                __udivsi3
                0x00002698                __aeabi_uidivmod
 .text          0x000026ac       0xc0 c:/program files (x86)/cypress/psoc creator/3.0/psoc creator/import/gnu_cs/arm/4.7.3/bin/../lib/gcc/arm-none-eabi/4.7.3/armv6-m\libgcc.a(_divsi3.o)
                0x000026ac                __divsi3
                0x000026ac                __aeabi_idiv
                0x00002758                __aeabi_idivmod
 .text          0x0000276c        0x4 c:/program files (x86)/cypress/psoc creator/3.0/psoc creator/import/gnu_cs/arm/4.7.3/bin/../lib/gcc/arm-none-eabi/4.7.3/armv6-m\libgcc.a(_dvmd_tls.o)
                0x0000276c                __aeabi_idiv0
                0x0000276c                __aeabi_ldiv0
 .text          0x00002770       0x7c c:/program files (x86)/cypress/psoc creator/3.0/psoc creator/import/gnu_cs/arm/4.7.3/bin/../lib/gcc/arm-none-eabi/4.7.3/armv6-m\libgcc.a(_arm_cmpdf2.o)
                0x00002770                __aeabi_cdrcmple
                0x00002780                __aeabi_cdcmple
                0x00002780                __aeabi_cdcmpeq
                0x00002790                __aeabi_dcmpeq
                0x0000279c                __aeabi_dcmplt
                0x000027b0                __aeabi_dcmple
                0x000027c4                __aeabi_dcmpgt
                0x000027d8                __aeabi_dcmpge
 .text          0x000027ec      0x3b4 c:/program files (x86)/cypress/psoc creator/3.0/psoc creator/import/gnu_cs/arm/4.7.3/bin/../lib/gcc/arm-none-eabi/4.7.3/armv6-m\libgcc.a(subsf3.o)
                0x000027ec                __aeabi_fsub
 .text          0x00002ba0       0x40 c:/program files (x86)/cypress/psoc creator/3.0/psoc creator/import/gnu_cs/arm/4.7.3/bin/../lib/gcc/arm-none-eabi/4.7.3/armv6-m\libgcc.a(fixsfsi.o)
                0x00002ba0                __aeabi_f2iz
 .text          0x00002be0       0xa8 c:/program files (x86)/cypress/psoc creator/3.0/psoc creator/import/gnu_cs/arm/4.7.3/bin/../lib/gcc/arm-none-eabi/4.7.3/armv6-m\libgcc.a(floatsisf.o)
                0x00002be0                __aeabi_i2f
 .text          0x00002c88      0x760 c:/program files (x86)/cypress/psoc creator/3.0/psoc creator/import/gnu_cs/arm/4.7.3/bin/../lib/gcc/arm-none-eabi/4.7.3/armv6-m\libgcc.a(adddf3.o)
                0x00002c88                __aeabi_dadd
 .text          0x000033e8      0x5b8 c:/program files (x86)/cypress/psoc creator/3.0/psoc creator/import/gnu_cs/arm/4.7.3/bin/../lib/gcc/arm-none-eabi/4.7.3/armv6-m\libgcc.a(divdf3.o)
                0x000033e8                __aeabi_ddiv
 .text          0x000039a0       0x7c c:/program files (x86)/cypress/psoc creator/3.0/psoc creator/import/gnu_cs/arm/4.7.3/bin/../lib/gcc/arm-none-eabi/4.7.3/armv6-m\libgcc.a(eqdf2.o)
                0x000039a0                __nedf2
                0x000039a0                __eqdf2
 .text          0x00003a1c       0xe8 c:/program files (x86)/cypress/psoc creator/3.0/psoc creator/import/gnu_cs/arm/4.7.3/bin/../lib/gcc/arm-none-eabi/4.7.3/armv6-m\libgcc.a(gedf2.o)
                0x00003a1c                __gedf2
                0x00003a1c                __gtdf2
 .text          0x00003b04       0xd8 c:/program files (x86)/cypress/psoc creator/3.0/psoc creator/import/gnu_cs/arm/4.7.3/bin/../lib/gcc/arm-none-eabi/4.7.3/armv6-m\libgcc.a(ledf2.o)
                0x00003b04                __ledf2
                0x00003b04                __ltdf2
 .text          0x00003bdc      0x4e4 c:/program files (x86)/cypress/psoc creator/3.0/psoc creator/import/gnu_cs/arm/4.7.3/bin/../lib/gcc/arm-none-eabi/4.7.3/armv6-m\libgcc.a(muldf3.o)
                0x00003bdc                __aeabi_dmul
 .text          0x000040c0      0x704 c:/program files (x86)/cypress/psoc creator/3.0/psoc creator/import/gnu_cs/arm/4.7.3/bin/../lib/gcc/arm-none-eabi/4.7.3/armv6-m\libgcc.a(subdf3.o)
                0x000040c0                __aeabi_dsub
 .text          0x000047c4       0x68 c:/program files (x86)/cypress/psoc creator/3.0/psoc creator/import/gnu_cs/arm/4.7.3/bin/../lib/gcc/arm-none-eabi/4.7.3/armv6-m\libgcc.a(fixdfsi.o)
                0x000047c4                __aeabi_d2iz
 .text          0x0000482c       0x74 c:/program files (x86)/cypress/psoc creator/3.0/psoc creator/import/gnu_cs/arm/4.7.3/bin/../lib/gcc/arm-none-eabi/4.7.3/armv6-m\libgcc.a(floatsidf.o)
                0x0000482c                __aeabi_i2d
 .text          0x000048a0       0xa8 c:/program files (x86)/cypress/psoc creator/3.0/psoc creator/import/gnu_cs/arm/4.7.3/bin/../lib/gcc/arm-none-eabi/4.7.3/armv6-m\libgcc.a(extendsfdf2.o)
                0x000048a0                __aeabi_f2d
 .text          0x00004948      0x144 c:/program files (x86)/cypress/psoc creator/3.0/psoc creator/import/gnu_cs/arm/4.7.3/bin/../lib/gcc/arm-none-eabi/4.7.3/armv6-m\libgcc.a(truncdfsf2.o)
                0x00004948                __aeabi_d2f
 .text          0x00004a8c       0x3c c:/program files (x86)/cypress/psoc creator/3.0/psoc creator/import/gnu_cs/arm/4.7.3/bin/../lib/gcc/arm-none-eabi/4.7.3/armv6-m\libgcc.a(_clzsi2.o)
                0x00004a8c                __clzsi2
 .text.atof     0x00004ac8        0xa c:/program files (x86)/cypress/psoc creator/3.0/psoc creator/import/gnu_cs/arm/4.7.3/bin/../lib/gcc/arm-none-eabi/4.7.3/../../../../arm-none-eabi/lib/armv6-m\libc_s.a(lib_a-atof.o)
                0x00004ac8                atof
 *fill*         0x00004ad2        0x2 00
 .text.__errno  0x00004ad4        0xc c:/program files (x86)/cypress/psoc creator/3.0/psoc creator/import/gnu_cs/arm/4.7.3/bin/../lib/gcc/arm-none-eabi/4.7.3/../../../../arm-none-eabi/lib/armv6-m\libc_s.a(lib_a-errno.o)
                0x00004ad4                __errno
 .text.__libc_init_array
                0x00004ae0       0x4c c:/program files (x86)/cypress/psoc creator/3.0/psoc creator/import/gnu_cs/arm/4.7.3/bin/../lib/gcc/arm-none-eabi/4.7.3/../../../../arm-none-eabi/lib/armv6-m\libc_s.a(lib_a-init.o)
                0x00004ae0                __libc_init_array
 .text.memcpy   0x00004b2c       0x12 c:/program files (x86)/cypress/psoc creator/3.0/psoc creator/import/gnu_cs/arm/4.7.3/bin/../lib/gcc/arm-none-eabi/4.7.3/../../../../arm-none-eabi/lib/armv6-m\libc_s.a(lib_a-memcpy.o)
                0x00004b2c                memcpy
 .text.memset   0x00004b3e       0x12 c:/program files (x86)/cypress/psoc creator/3.0/psoc creator/import/gnu_cs/arm/4.7.3/bin/../lib/gcc/arm-none-eabi/4.7.3/../../../../arm-none-eabi/lib/armv6-m\libc_s.a(lib_a-memset.o)
                0x00004b3e                memset
 .text.sscanf   0x00004b50       0x50 c:/program files (x86)/cypress/psoc creator/3.0/psoc creator/import/gnu_cs/arm/4.7.3/bin/../lib/gcc/arm-none-eabi/4.7.3/../../../../arm-none-eabi/lib/armv6-m\libc_s.a(lib_a-sscanf.o)
                0x00004b50                siscanf
                0x00004b50                sscanf
 .text.__seofread
                0x00004ba0        0x4 c:/program files (x86)/cypress/psoc creator/3.0/psoc creator/import/gnu_cs/arm/4.7.3/bin/../lib/gcc/arm-none-eabi/4.7.3/../../../../arm-none-eabi/lib/armv6-m\libc_s.a(lib_a-stdio.o)
                0x00004ba0                __seofread
 .text.strcmp   0x00004ba4       0x14 c:/program files (x86)/cypress/psoc creator/3.0/psoc creator/import/gnu_cs/arm/4.7.3/bin/../lib/gcc/arm-none-eabi/4.7.3/../../../../arm-none-eabi/lib/armv6-m\libc_s.a(lib_a-strcmp.o)
                0x00004ba4                strcmp
 .text.strlen   0x00004bb8        0xe c:/program files (x86)/cypress/psoc creator/3.0/psoc creator/import/gnu_cs/arm/4.7.3/bin/../lib/gcc/arm-none-eabi/4.7.3/../../../../arm-none-eabi/lib/armv6-m\libc_s.a(lib_a-strlen.o)
                0x00004bb8                strlen
 .text.match    0x00004bc6       0x28 c:/program files (x86)/cypress/psoc creator/3.0/psoc creator/import/gnu_cs/arm/4.7.3/bin/../lib/gcc/arm-none-eabi/4.7.3/../../../../arm-none-eabi/lib/armv6-m\libc_s.a(lib_a-strtod.o)
 *fill*         0x00004bee        0x2 00
 .text._strtod_r
                0x00004bf0      0xbb0 c:/program files (x86)/cypress/psoc creator/3.0/psoc creator/import/gnu_cs/arm/4.7.3/bin/../lib/gcc/arm-none-eabi/4.7.3/../../../../arm-none-eabi/lib/armv6-m\libc_s.a(lib_a-strtod.o)
                0x00004bf0                _strtod_r
 .text.strtod   0x000057a0       0x18 c:/program files (x86)/cypress/psoc creator/3.0/psoc creator/import/gnu_cs/arm/4.7.3/bin/../lib/gcc/arm-none-eabi/4.7.3/../../../../arm-none-eabi/lib/armv6-m\libc_s.a(lib_a-strtod.o)
                0x000057a0                strtod
 .text.strtok   0x000057b8       0x68 c:/program files (x86)/cypress/psoc creator/3.0/psoc creator/import/gnu_cs/arm/4.7.3/bin/../lib/gcc/arm-none-eabi/4.7.3/../../../../arm-none-eabi/lib/armv6-m\libc_s.a(lib_a-strtok.o)
                0x000057b8                strtok
 .text.__strtok_r
                0x00005820       0x64 c:/program files (x86)/cypress/psoc creator/3.0/psoc creator/import/gnu_cs/arm/4.7.3/bin/../lib/gcc/arm-none-eabi/4.7.3/../../../../arm-none-eabi/lib/armv6-m\libc_s.a(lib_a-strtok_r.o)
                0x00005820                __strtok_r
 .text._sungetc_r
                0x00005884       0x7a c:/program files (x86)/cypress/psoc creator/3.0/psoc creator/import/gnu_cs/arm/4.7.3/bin/../lib/gcc/arm-none-eabi/4.7.3/../../../../arm-none-eabi/lib/armv6-m\libc_s.a(lib_a-svfscanf.o)
                0x00005884                _sungetc_r
 .text.__ssrefill_r
                0x000058fe       0x3e c:/program files (x86)/cypress/psoc creator/3.0/psoc creator/import/gnu_cs/arm/4.7.3/bin/../lib/gcc/arm-none-eabi/4.7.3/../../../../arm-none-eabi/lib/armv6-m\libc_s.a(lib_a-svfscanf.o)
                0x000058fe                __ssrefill_r
 .text.__ssvfscanf_r
                0x0000593c      0x2d0 c:/program files (x86)/cypress/psoc creator/3.0/psoc creator/import/gnu_cs/arm/4.7.3/bin/../lib/gcc/arm-none-eabi/4.7.3/../../../../arm-none-eabi/lib/armv6-m\libc_s.a(lib_a-svfscanf.o)
                0x0000593c                __ssvfiscanf_r
                0x0000593c                __ssvfscanf_r
 .text.__submore
                0x00005c0c       0x7c c:/program files (x86)/cypress/psoc creator/3.0/psoc creator/import/gnu_cs/arm/4.7.3/bin/../lib/gcc/arm-none-eabi/4.7.3/../../../../arm-none-eabi/lib/armv6-m\libc_s.a(lib_a-ungetc.o)
                0x00005c0c                __submore
 .text._scanf_chars
                0x00005c88       0xc8 c:/program files (x86)/cypress/psoc creator/3.0/psoc creator/import/gnu_cs/arm/4.7.3/bin/../lib/gcc/arm-none-eabi/4.7.3/../../../../arm-none-eabi/lib/armv6-m\libc_s.a(lib_a-vfscanf_i.o)
                0x00005c88                _scanf_chars
 .text._scanf_i
                0x00005d50      0x1f4 c:/program files (x86)/cypress/psoc creator/3.0/psoc creator/import/gnu_cs/arm/4.7.3/bin/../lib/gcc/arm-none-eabi/4.7.3/../../../../arm-none-eabi/lib/armv6-m\libc_s.a(lib_a-vfscanf_i.o)
                0x00005d50                _scanf_i
 .text.__sfp_lock_acquire
                0x00005f44        0x2 c:/program files (x86)/cypress/psoc creator/3.0/psoc creator/import/gnu_cs/arm/4.7.3/bin/../lib/gcc/arm-none-eabi/4.7.3/../../../../arm-none-eabi/lib/armv6-m\libc_s.a(lib_a-findfp.o)
                0x00005f44                __sfp_lock_acquire
 .text.__sfp_lock_release
                0x00005f46        0x2 c:/program files (x86)/cypress/psoc creator/3.0/psoc creator/import/gnu_cs/arm/4.7.3/bin/../lib/gcc/arm-none-eabi/4.7.3/../../../../arm-none-eabi/lib/armv6-m\libc_s.a(lib_a-findfp.o)
                0x00005f46                __sfp_lock_release
 .text._free_r  0x00005f48       0x90 c:/program files (x86)/cypress/psoc creator/3.0/psoc creator/import/gnu_cs/arm/4.7.3/bin/../lib/gcc/arm-none-eabi/4.7.3/../../../../arm-none-eabi/lib/armv6-m\libc_s.a(lib_a-freer.o)
                0x00005f48                _free_r
 .text.rshift   0x00005fd8       0x74 c:/program files (x86)/cypress/psoc creator/3.0/psoc creator/import/gnu_cs/arm/4.7.3/bin/../lib/gcc/arm-none-eabi/4.7.3/../../../../arm-none-eabi/lib/armv6-m\libc_s.a(lib_a-gdtoa-gethex.o)
 .text.htinit.constprop.0
                0x0000604c       0x1c c:/program files (x86)/cypress/psoc creator/3.0/psoc creator/import/gnu_cs/arm/4.7.3/bin/../lib/gcc/arm-none-eabi/4.7.3/../../../../arm-none-eabi/lib/armv6-m\libc_s.a(lib_a-gdtoa-gethex.o)
 .text.__hexdig_init
                0x00006068       0x28 c:/program files (x86)/cypress/psoc creator/3.0/psoc creator/import/gnu_cs/arm/4.7.3/bin/../lib/gcc/arm-none-eabi/4.7.3/../../../../arm-none-eabi/lib/armv6-m\libc_s.a(lib_a-gdtoa-gethex.o)
                0x00006068                __hexdig_init
 .text.__gethex
                0x00006090      0x474 c:/program files (x86)/cypress/psoc creator/3.0/psoc creator/import/gnu_cs/arm/4.7.3/bin/../lib/gcc/arm-none-eabi/4.7.3/../../../../arm-none-eabi/lib/armv6-m\libc_s.a(lib_a-gdtoa-gethex.o)
                0x00006090                __gethex
 .text.L_shift  0x00006504       0x24 c:/program files (x86)/cypress/psoc creator/3.0/psoc creator/import/gnu_cs/arm/4.7.3/bin/../lib/gcc/arm-none-eabi/4.7.3/../../../../arm-none-eabi/lib/armv6-m\libc_s.a(lib_a-gdtoa-hexnan.o)
 .text.__hexnan
                0x00006528      0x12c c:/program files (x86)/cypress/psoc creator/3.0/psoc creator/import/gnu_cs/arm/4.7.3/bin/../lib/gcc/arm-none-eabi/4.7.3/../../../../arm-none-eabi/lib/armv6-m\libc_s.a(lib_a-gdtoa-hexnan.o)
                0x00006528                __hexnan
 .text._localeconv_r
                0x00006654        0x8 c:/program files (x86)/cypress/psoc creator/3.0/psoc creator/import/gnu_cs/arm/4.7.3/bin/../lib/gcc/arm-none-eabi/4.7.3/../../../../arm-none-eabi/lib/armv6-m\libc_s.a(lib_a-locale.o)
                0x00006654                _localeconv_r
 .text.malloc   0x0000665c       0x14 c:/program files (x86)/cypress/psoc creator/3.0/psoc creator/import/gnu_cs/arm/4.7.3/bin/../lib/gcc/arm-none-eabi/4.7.3/../../../../arm-none-eabi/lib/armv6-m\libc_s.a(lib_a-malloc.o)
                0x0000665c                malloc
 .text._malloc_r
                0x00006670       0x94 c:/program files (x86)/cypress/psoc creator/3.0/psoc creator/import/gnu_cs/arm/4.7.3/bin/../lib/gcc/arm-none-eabi/4.7.3/../../../../arm-none-eabi/lib/armv6-m\libc_s.a(lib_a-mallocr.o)
                0x00006670                _malloc_r
 .text.memchr   0x00006704       0x18 c:/program files (x86)/cypress/psoc creator/3.0/psoc creator/import/gnu_cs/arm/4.7.3/bin/../lib/gcc/arm-none-eabi/4.7.3/../../../../arm-none-eabi/lib/armv6-m\libc_s.a(lib_a-memchr.o)
                0x00006704                memchr
 .text._Balloc  0x0000671c       0x70 c:/program files (x86)/cypress/psoc creator/3.0/psoc creator/import/gnu_cs/arm/4.7.3/bin/../lib/gcc/arm-none-eabi/4.7.3/../../../../arm-none-eabi/lib/armv6-m\libc_s.a(lib_a-mprec.o)
                0x0000671c                _Balloc
 .text._Bfree   0x0000678c       0x32 c:/program files (x86)/cypress/psoc creator/3.0/psoc creator/import/gnu_cs/arm/4.7.3/bin/../lib/gcc/arm-none-eabi/4.7.3/../../../../arm-none-eabi/lib/armv6-m\libc_s.a(lib_a-mprec.o)
                0x0000678c                _Bfree
 .text.__multadd
                0x000067be       0x7c c:/program files (x86)/cypress/psoc creator/3.0/psoc creator/import/gnu_cs/arm/4.7.3/bin/../lib/gcc/arm-none-eabi/4.7.3/../../../../arm-none-eabi/lib/armv6-m\libc_s.a(lib_a-mprec.o)
                0x000067be                __multadd
 .text.__s2b    0x0000683a       0x80 c:/program files (x86)/cypress/psoc creator/3.0/psoc creator/import/gnu_cs/arm/4.7.3/bin/../lib/gcc/arm-none-eabi/4.7.3/../../../../arm-none-eabi/lib/armv6-m\libc_s.a(lib_a-mprec.o)
                0x0000683a                __s2b
 .text.__hi0bits
                0x000068ba       0x36 c:/program files (x86)/cypress/psoc creator/3.0/psoc creator/import/gnu_cs/arm/4.7.3/bin/../lib/gcc/arm-none-eabi/4.7.3/../../../../arm-none-eabi/lib/armv6-m\libc_s.a(lib_a-mprec.o)
                0x000068ba                __hi0bits
 .text.__lo0bits
                0x000068f0       0x5c c:/program files (x86)/cypress/psoc creator/3.0/psoc creator/import/gnu_cs/arm/4.7.3/bin/../lib/gcc/arm-none-eabi/4.7.3/../../../../arm-none-eabi/lib/armv6-m\libc_s.a(lib_a-mprec.o)
                0x000068f0                __lo0bits
 .text.__i2b    0x0000694c       0x12 c:/program files (x86)/cypress/psoc creator/3.0/psoc creator/import/gnu_cs/arm/4.7.3/bin/../lib/gcc/arm-none-eabi/4.7.3/../../../../arm-none-eabi/lib/armv6-m\libc_s.a(lib_a-mprec.o)
                0x0000694c                __i2b
 .text.__multiply
                0x0000695e      0x122 c:/program files (x86)/cypress/psoc creator/3.0/psoc creator/import/gnu_cs/arm/4.7.3/bin/../lib/gcc/arm-none-eabi/4.7.3/../../../../arm-none-eabi/lib/armv6-m\libc_s.a(lib_a-mprec.o)
                0x0000695e                __multiply
 .text.__pow5mult
                0x00006a80       0xa4 c:/program files (x86)/cypress/psoc creator/3.0/psoc creator/import/gnu_cs/arm/4.7.3/bin/../lib/gcc/arm-none-eabi/4.7.3/../../../../arm-none-eabi/lib/armv6-m\libc_s.a(lib_a-mprec.o)
                0x00006a80                __pow5mult
 .text.__lshift
                0x00006b24       0xa4 c:/program files (x86)/cypress/psoc creator/3.0/psoc creator/import/gnu_cs/arm/4.7.3/bin/../lib/gcc/arm-none-eabi/4.7.3/../../../../arm-none-eabi/lib/armv6-m\libc_s.a(lib_a-mprec.o)
                0x00006b24                __lshift
 .text.__mcmp   0x00006bc8       0x38 c:/program files (x86)/cypress/psoc creator/3.0/psoc creator/import/gnu_cs/arm/4.7.3/bin/../lib/gcc/arm-none-eabi/4.7.3/../../../../arm-none-eabi/lib/armv6-m\libc_s.a(lib_a-mprec.o)
                0x00006bc8                __mcmp
 .text.__mdiff  0x00006c00       0xce c:/program files (x86)/cypress/psoc creator/3.0/psoc creator/import/gnu_cs/arm/4.7.3/bin/../lib/gcc/arm-none-eabi/4.7.3/../../../../arm-none-eabi/lib/armv6-m\libc_s.a(lib_a-mprec.o)
                0x00006c00                __mdiff
 *fill*         0x00006cce        0x2 00
 .text.__ulp    0x00006cd0       0x44 c:/program files (x86)/cypress/psoc creator/3.0/psoc creator/import/gnu_cs/arm/4.7.3/bin/../lib/gcc/arm-none-eabi/4.7.3/../../../../arm-none-eabi/lib/armv6-m\libc_s.a(lib_a-mprec.o)
                0x00006cd0                __ulp
 .text.__b2d    0x00006d14       0x94 c:/program files (x86)/cypress/psoc creator/3.0/psoc creator/import/gnu_cs/arm/4.7.3/bin/../lib/gcc/arm-none-eabi/4.7.3/../../../../arm-none-eabi/lib/armv6-m\libc_s.a(lib_a-mprec.o)
                0x00006d14                __b2d
 .text.__d2b    0x00006da8       0xac c:/program files (x86)/cypress/psoc creator/3.0/psoc creator/import/gnu_cs/arm/4.7.3/bin/../lib/gcc/arm-none-eabi/4.7.3/../../../../arm-none-eabi/lib/armv6-m\libc_s.a(lib_a-mprec.o)
                0x00006da8                __d2b
 .text.__ratio  0x00006e54       0x48 c:/program files (x86)/cypress/psoc creator/3.0/psoc creator/import/gnu_cs/arm/4.7.3/bin/../lib/gcc/arm-none-eabi/4.7.3/../../../../arm-none-eabi/lib/armv6-m\libc_s.a(lib_a-mprec.o)
                0x00006e54                __ratio
 .text.__copybits
                0x00006e9c       0x2e c:/program files (x86)/cypress/psoc creator/3.0/psoc creator/import/gnu_cs/arm/4.7.3/bin/../lib/gcc/arm-none-eabi/4.7.3/../../../../arm-none-eabi/lib/armv6-m\libc_s.a(lib_a-mprec.o)
                0x00006e9c                __copybits
 .text.__any_on
                0x00006eca       0x4e c:/program files (x86)/cypress/psoc creator/3.0/psoc creator/import/gnu_cs/arm/4.7.3/bin/../lib/gcc/arm-none-eabi/4.7.3/../../../../arm-none-eabi/lib/armv6-m\libc_s.a(lib_a-mprec.o)
                0x00006eca                __any_on
 .text._realloc_r
                0x00006f18       0x4c c:/program files (x86)/cypress/psoc creator/3.0/psoc creator/import/gnu_cs/arm/4.7.3/bin/../lib/gcc/arm-none-eabi/4.7.3/../../../../arm-none-eabi/lib/armv6-m\libc_s.a(lib_a-reallocr.o)
                0x00006f18                _realloc_r
 .text._sbrk_r  0x00006f64       0x24 c:/program files (x86)/cypress/psoc creator/3.0/psoc creator/import/gnu_cs/arm/4.7.3/bin/../lib/gcc/arm-none-eabi/4.7.3/../../../../arm-none-eabi/lib/armv6-m\libc_s.a(lib_a-sbrkr.o)
                0x00006f64                _sbrk_r
 .text.__sccl   0x00006f88       0x62 c:/program files (x86)/cypress/psoc creator/3.0/psoc creator/import/gnu_cs/arm/4.7.3/bin/../lib/gcc/arm-none-eabi/4.7.3/../../../../arm-none-eabi/lib/armv6-m\libc_s.a(lib_a-sccl.o)
                0x00006f88                __sccl
 .text.strncmp  0x00006fea       0x30 c:/program files (x86)/cypress/psoc creator/3.0/psoc creator/import/gnu_cs/arm/4.7.3/bin/../lib/gcc/arm-none-eabi/4.7.3/../../../../arm-none-eabi/lib/armv6-m\libc_s.a(lib_a-strncmp.o)
                0x00006fea                strncmp
 *fill*         0x0000701a        0x2 00
 .text._strtol_r
                0x0000701c      0x114 c:/program files (x86)/cypress/psoc creator/3.0/psoc creator/import/gnu_cs/arm/4.7.3/bin/../lib/gcc/arm-none-eabi/4.7.3/../../../../arm-none-eabi/lib/armv6-m\libc_s.a(lib_a-strtol.o)
                0x0000701c                _strtol_r
 .text._strtoul_r
                0x00007130      0x100 c:/program files (x86)/cypress/psoc creator/3.0/psoc creator/import/gnu_cs/arm/4.7.3/bin/../lib/gcc/arm-none-eabi/4.7.3/../../../../arm-none-eabi/lib/armv6-m\libc_s.a(lib_a-strtoul.o)
                0x00007130                _strtoul_r
 .text._calloc_r
                0x00007230       0x1c c:/program files (x86)/cypress/psoc creator/3.0/psoc creator/import/gnu_cs/arm/4.7.3/bin/../lib/gcc/arm-none-eabi/4.7.3/../../../../arm-none-eabi/lib/armv6-m\libc_s.a(lib_a-callocr.o)
                0x00007230                _calloc_r
 .text._malloc_usable_size_r
                0x0000724c       0x14 c:/program files (x86)/cypress/psoc creator/3.0/psoc creator/import/gnu_cs/arm/4.7.3/bin/../lib/gcc/arm-none-eabi/4.7.3/../../../../arm-none-eabi/lib/armv6-m\libc_s.a(lib_a-msizer.o)
                0x0000724c                _malloc_usable_size_r
 .text          0x00007260       0x14 c:/program files (x86)/cypress/psoc creator/3.0/psoc creator/import/gnu_cs/arm/4.7.3/bin/../lib/gcc/arm-none-eabi/4.7.3/armv6-m\libgcc.a(_thumb1_case_uqi.o)
                0x00007260                __gnu_thumb1_case_uqi
 *fill*         0x00007274        0x4 00
 .text          0x00007278       0x40 c:/program files (x86)/cypress/psoc creator/3.0/psoc creator/import/gnu_cs/arm/4.7.3/bin/../lib/gcc/arm-none-eabi/4.7.3/armv6-m\libgcc.a(_fixunsdfsi.o)
                0x00007278                __aeabi_d2uiz
                0x00007278                __fixunsdfsi
 .text          0x000072b8       0x64 c:/program files (x86)/cypress/psoc creator/3.0/psoc creator/import/gnu_cs/arm/4.7.3/bin/../lib/gcc/arm-none-eabi/4.7.3/armv6-m\libgcc.a(floatunsidf.o)
                0x000072b8                __aeabi_ui2d
 .text._sbrk    0x0000731c       0x38 c:/program files (x86)/cypress/psoc creator/3.0/psoc creator/import/gnu_cs/arm/4.7.3/bin/../lib/gcc/arm-none-eabi/4.7.3/../../../../arm-none-eabi/lib/armv6-m\libnosys.a(sbrk.o)
                0x0000731c                _sbrk
 *(.plt)
 *(.gnu.warning)
 *(.glue_7t)
 .glue_7t       0x00000000        0x0 linker stubs
 *(.glue_7)
 .glue_7        0x00000000        0x0 linker stubs
 *(.vfp11_veneer)
 .vfp11_veneer  0x00000000        0x0 linker stubs
 *(.bootloader)
 *(.ARM.extab* .gnu.linkonce.armextab.*)
 *(.gcc_except_table)

.v4_bx          0x00007354        0x0
 .v4_bx         0x00000000        0x0 linker stubs

.iplt           0x00007354        0x0
 .iplt          0x00000000        0x0 c:/program files (x86)/cypress/psoc creator/3.0/psoc creator/import/gnu_cs/arm/4.7.3/bin/../lib/gcc/arm-none-eabi/4.7.3/armv6-m/crtbegin.o

.eh_frame_hdr
 *(.eh_frame_hdr)

.eh_frame       0x00007354        0x4
 *(.eh_frame)
 .eh_frame      0x00007354        0x0 c:/program files (x86)/cypress/psoc creator/3.0/psoc creator/import/gnu_cs/arm/4.7.3/bin/../lib/gcc/arm-none-eabi/4.7.3/armv6-m/crtbegin.o
 .eh_frame      0x00007354        0x4 c:/program files (x86)/cypress/psoc creator/3.0/psoc creator/import/gnu_cs/arm/4.7.3/bin/../lib/gcc/arm-none-eabi/4.7.3/armv6-m/crtend.o
                0x00007358                PROVIDE (__exidx_start, .)

.ARM.exidx
 *(.ARM.exidx* .gnu.linkonce.armexidx.*)
                0x00007358                __exidx_end = .

.rodata         0x00007358      0x6d8
 *(.rodata .rodata.* .gnu.linkonce.r.*)
 .rodata        0x00007358        0x4 .\CortexM0\ARM_GCC_473\Debug\main.o
 .rodata        0x0000735c       0x3c .\CortexM0\ARM_GCC_473\Debug\gps.o
 .rodata        0x00007398      0x2a8 .\CortexM0\ARM_GCC_473\Debug\i2ctest.a(cyfitter_cfg.o)
 .rodata.str1.4
                0x00007640        0x4 c:/program files (x86)/cypress/psoc creator/3.0/psoc creator/import/gnu_cs/arm/4.7.3/bin/../lib/gcc/arm-none-eabi/4.7.3/../../../../arm-none-eabi/lib/armv6-m\libm.a(lib_a-w_pow.o)
 *fill*         0x00007644        0x4 00
 .rodata.dp_h   0x00007648       0x10 c:/program files (x86)/cypress/psoc creator/3.0/psoc creator/import/gnu_cs/arm/4.7.3/bin/../lib/gcc/arm-none-eabi/4.7.3/../../../../arm-none-eabi/lib/armv6-m\libm.a(lib_a-e_pow.o)
 .rodata.dp_l   0x00007658       0x10 c:/program files (x86)/cypress/psoc creator/3.0/psoc creator/import/gnu_cs/arm/4.7.3/bin/../lib/gcc/arm-none-eabi/4.7.3/../../../../arm-none-eabi/lib/armv6-m\libm.a(lib_a-e_pow.o)
 .rodata.bp     0x00007668       0x10 c:/program files (x86)/cypress/psoc creator/3.0/psoc creator/import/gnu_cs/arm/4.7.3/bin/../lib/gcc/arm-none-eabi/4.7.3/../../../../arm-none-eabi/lib/armv6-m\libm.a(lib_a-e_pow.o)
 .rodata.str1.4
                0x00007678        0x4 c:/program files (x86)/cypress/psoc creator/3.0/psoc creator/import/gnu_cs/arm/4.7.3/bin/../lib/gcc/arm-none-eabi/4.7.3/../../../../arm-none-eabi/lib/armv6-m\libm.a(lib_a-e_pow.o)
 *fill*         0x0000767c        0x4 00
 .rodata.TWO52  0x00007680       0x10 c:/program files (x86)/cypress/psoc creator/3.0/psoc creator/import/gnu_cs/arm/4.7.3/bin/../lib/gcc/arm-none-eabi/4.7.3/../../../../arm-none-eabi/lib/armv6-m\libm.a(lib_a-s_rint.o)
 .rodata        0x00007690       0x40 c:/program files (x86)/cypress/psoc creator/3.0/psoc creator/import/gnu_cs/arm/4.7.3/bin/../lib/gcc/arm-none-eabi/4.7.3/armv6-m\libgcc.a(divdf3.o)
 .rodata        0x000076d0       0x40 c:/program files (x86)/cypress/psoc creator/3.0/psoc creator/import/gnu_cs/arm/4.7.3/bin/../lib/gcc/arm-none-eabi/4.7.3/armv6-m\libgcc.a(muldf3.o)
 .rodata.str1.1
                0x00007710        0x2 c:/program files (x86)/cypress/psoc creator/3.0/psoc creator/import/gnu_cs/arm/4.7.3/bin/../lib/gcc/arm-none-eabi/4.7.3/../../../../arm-none-eabi/lib/armv6-m\libc_s.a(lib_a-impure.o)
 .rodata.str1.1
                0x00007712        0xc c:/program files (x86)/cypress/psoc creator/3.0/psoc creator/import/gnu_cs/arm/4.7.3/bin/../lib/gcc/arm-none-eabi/4.7.3/../../../../arm-none-eabi/lib/armv6-m\libc_s.a(lib_a-strtod.o)
 *fill*         0x0000771e        0x2 00
 .rodata.tinytens
                0x00007720       0x28 c:/program files (x86)/cypress/psoc creator/3.0/psoc creator/import/gnu_cs/arm/4.7.3/bin/../lib/gcc/arm-none-eabi/4.7.3/../../../../arm-none-eabi/lib/armv6-m\libc_s.a(lib_a-strtod.o)
 .rodata        0x00007748        0xc c:/program files (x86)/cypress/psoc creator/3.0/psoc creator/import/gnu_cs/arm/4.7.3/bin/../lib/gcc/arm-none-eabi/4.7.3/../../../../arm-none-eabi/lib/armv6-m\libc_s.a(lib_a-vfscanf_i.o)
 .rodata.str1.1
                0x00007754       0x1b c:/program files (x86)/cypress/psoc creator/3.0/psoc creator/import/gnu_cs/arm/4.7.3/bin/../lib/gcc/arm-none-eabi/4.7.3/../../../../arm-none-eabi/lib/armv6-m\libc_s.a(lib_a-vfscanf_i.o)
 .rodata._ctype_
                0x0000776f      0x101 c:/program files (x86)/cypress/psoc creator/3.0/psoc creator/import/gnu_cs/arm/4.7.3/bin/../lib/gcc/arm-none-eabi/4.7.3/../../../../arm-none-eabi/lib/armv6-m\libc_s.a(lib_a-ctype_.o)
                0x0000776f                _ctype_
 .rodata.__sf_fake_stdin
                0x00007870       0x20 c:/program files (x86)/cypress/psoc creator/3.0/psoc creator/import/gnu_cs/arm/4.7.3/bin/../lib/gcc/arm-none-eabi/4.7.3/../../../../arm-none-eabi/lib/armv6-m\libc_s.a(lib_a-findfp.o)
                0x00007870                __sf_fake_stdin
 .rodata.__sf_fake_stdout
                0x00007890       0x20 c:/program files (x86)/cypress/psoc creator/3.0/psoc creator/import/gnu_cs/arm/4.7.3/bin/../lib/gcc/arm-none-eabi/4.7.3/../../../../arm-none-eabi/lib/armv6-m\libc_s.a(lib_a-findfp.o)
                0x00007890                __sf_fake_stdout
 .rodata.__sf_fake_stderr
                0x000078b0       0x20 c:/program files (x86)/cypress/psoc creator/3.0/psoc creator/import/gnu_cs/arm/4.7.3/bin/../lib/gcc/arm-none-eabi/4.7.3/../../../../arm-none-eabi/lib/armv6-m\libc_s.a(lib_a-findfp.o)
                0x000078b0                __sf_fake_stderr
 .rodata.str1.1
                0x000078d0       0x19 c:/program files (x86)/cypress/psoc creator/3.0/psoc creator/import/gnu_cs/arm/4.7.3/bin/../lib/gcc/arm-none-eabi/4.7.3/../../../../arm-none-eabi/lib/armv6-m\libc_s.a(lib_a-gdtoa-gethex.o)
 .rodata.str1.1
                0x000078e9        0x8 c:/program files (x86)/cypress/psoc creator/3.0/psoc creator/import/gnu_cs/arm/4.7.3/bin/../lib/gcc/arm-none-eabi/4.7.3/../../../../arm-none-eabi/lib/armv6-m\libc_s.a(lib_a-locale.o)
                                  0xb (size before relaxing)
 *fill*         0x000078f1        0x7 00
 .rodata.__mprec_tens
                0x000078f8       0xc8 c:/program files (x86)/cypress/psoc creator/3.0/psoc creator/import/gnu_cs/arm/4.7.3/bin/../lib/gcc/arm-none-eabi/4.7.3/../../../../arm-none-eabi/lib/armv6-m\libc_s.a(lib_a-mprec.o)
                0x000078f8                __mprec_tens
 .rodata.p05.5252
                0x000079c0        0xc c:/program files (x86)/cypress/psoc creator/3.0/psoc creator/import/gnu_cs/arm/4.7.3/bin/../lib/gcc/arm-none-eabi/4.7.3/../../../../arm-none-eabi/lib/armv6-m\libc_s.a(lib_a-mprec.o)
 *fill*         0x000079cc        0x4 00
 .rodata.__mprec_bigtens
                0x000079d0       0x28 c:/program files (x86)/cypress/psoc creator/3.0/psoc creator/import/gnu_cs/arm/4.7.3/bin/../lib/gcc/arm-none-eabi/4.7.3/../../../../arm-none-eabi/lib/armv6-m\libc_s.a(lib_a-mprec.o)
                0x000079d0                __mprec_bigtens
                0x000079f8                . = ALIGN (0x4)
 *(.init)
 .init          0x000079f8        0x4 c:/program files (x86)/cypress/psoc creator/3.0/psoc creator/import/gnu_cs/arm/4.7.3/bin/../lib/gcc/arm-none-eabi/4.7.3/armv6-m/crti.o
                0x000079f8                _init
 .init          0x000079fc        0x8 c:/program files (x86)/cypress/psoc creator/3.0/psoc creator/import/gnu_cs/arm/4.7.3/bin/../lib/gcc/arm-none-eabi/4.7.3/armv6-m/crtn.o
                0x00007a04                . = ALIGN (0x4)
                0x00007a04                __preinit_array_start = .
 *(.preinit_array)
                0x00007a04                __preinit_array_end = .
                0x00007a04                . = ALIGN (0x4)
                0x00007a04                __init_array_start = .
 *(SORT(.init_array.*))
 *(.init_array)
 .init_array    0x00007a04        0x4 c:/program files (x86)/cypress/psoc creator/3.0/psoc creator/import/gnu_cs/arm/4.7.3/bin/../lib/gcc/arm-none-eabi/4.7.3/armv6-m/crtbegin.o
 .init_array    0x00007a08        0x4 .\CortexM0\ARM_GCC_473\Debug\Cm0Start.o
                0x00007a0c                __init_array_end = .
                0x00007a0c                . = ALIGN (0x4)
 *(.fini)
 .fini          0x00007a0c        0x4 c:/program files (x86)/cypress/psoc creator/3.0/psoc creator/import/gnu_cs/arm/4.7.3/bin/../lib/gcc/arm-none-eabi/4.7.3/armv6-m/crti.o
                0x00007a0c                _fini
 .fini          0x00007a10        0x8 c:/program files (x86)/cypress/psoc creator/3.0/psoc creator/import/gnu_cs/arm/4.7.3/bin/../lib/gcc/arm-none-eabi/4.7.3/armv6-m/crtn.o
                0x00007a18                . = ALIGN (0x4)
                0x00007a18                __fini_array_start = .
 *(.fini_array)
 .fini_array    0x00007a18        0x4 c:/program files (x86)/cypress/psoc creator/3.0/psoc creator/import/gnu_cs/arm/4.7.3/bin/../lib/gcc/arm-none-eabi/4.7.3/armv6-m/crtbegin.o
 *(SORT(.fini_array.*))
                0x00007a1c                __fini_array_end = .
                0x00007a1c                . = ALIGN (0x4)
 *crtbegin.o(.ctors)
 *(EXCLUDE_FILE(*crtend.o) .ctors)
 *(SORT(.ctors.*))
 *crtend.o(.ctors)
                0x00007a1c                . = ALIGN (0x4)
 *crtbegin.o(.dtors)
 *(EXCLUDE_FILE(*crtend.o) .dtors)
 *(SORT(.dtors.*))
 *crtend.o(.dtors)
                0x00007a1c                . = ALIGN (0x4)
                0x00007a1c                __cy_regions = .
                0x00007a1c        0x4 LONG 0x7a30 __cy_region_init_ram
                0x00007a20        0x4 LONG 0x200000c8 __cy_region_start_data
                0x00007a24        0x4 LONG 0xf8 __cy_region_init_size_ram
                0x00007a28        0x4 LONG 0x288 __cy_region_zero_size_ram
                0x00007a2c                __cy_regions_end = .
                0x00007a30                . = ALIGN (0x8)
 *fill*         0x00007a2c        0x4 00
                0x00007a30                _etext = .

.ramvectors     0x20000000       0xc0
                0x20000000                __cy_region_start_ram = .
 *(.ramvectors)
 .ramvectors    0x20000000       0xc0 .\CortexM0\ARM_GCC_473\Debug\Cm0Start.o
                0x20000000                CyRamVectors

.noinit         0x200000c0        0x4
 *(.noinit)
 .noinit        0x200000c0        0x4 .\CortexM0\ARM_GCC_473\Debug\Cm0Start.o

.data           0x200000c8       0xf8 load address 0x00007a30
                0x200000c8                __cy_region_start_data = .
 *(.jcr)
 .jcr           0x200000c8        0x0 c:/program files (x86)/cypress/psoc creator/3.0/psoc creator/import/gnu_cs/arm/4.7.3/bin/../lib/gcc/arm-none-eabi/4.7.3/armv6-m/crtbegin.o
 .jcr           0x200000c8        0x4 c:/program files (x86)/cypress/psoc creator/3.0/psoc creator/import/gnu_cs/arm/4.7.3/bin/../lib/gcc/arm-none-eabi/4.7.3/armv6-m/crtend.o
 *(.got.plt)
 *(.got)
 *(.shdata)
 *(.data .data.* .gnu.linkonce.d.*)
 .data          0x200000cc        0xc .\CortexM0\ARM_GCC_473\Debug\gps.o
                0x200000cc                gpvtg
                0x200000d0                gpgga
                0x200000d4                gpgsv
 .data          0x200000d8        0x4 .\CortexM0\ARM_GCC_473\Debug\i2ctest.a(cyfitter_cfg.o)
 .data          0x200000dc       0x10 .\CortexM0\ARM_GCC_473\Debug\i2ctest.a(CyLib.o)
                0x200000dc                cydelayFreqHz
                0x200000e0                cydelayFreqKhz
                0x200000e4                cydelayFreqMhz
                0x200000e8                cydelay32kMs
 .data.__fdlib_version
                0x200000ec        0x1 c:/program files (x86)/cypress/psoc creator/3.0/psoc creator/import/gnu_cs/arm/4.7.3/bin/../lib/gcc/arm-none-eabi/4.7.3/../../../../arm-none-eabi/lib/armv6-m\libm.a(lib_a-s_lib_ver.o)
                0x200000ec                __fdlib_version
 *fill*         0x200000ed        0x3 00
 .data.impure_data
                0x200000f0       0x64 c:/program files (x86)/cypress/psoc creator/3.0/psoc creator/import/gnu_cs/arm/4.7.3/bin/../lib/gcc/arm-none-eabi/4.7.3/../../../../arm-none-eabi/lib/armv6-m\libc_s.a(lib_a-impure.o)
 .data._impure_ptr
                0x20000154        0x4 c:/program files (x86)/cypress/psoc creator/3.0/psoc creator/import/gnu_cs/arm/4.7.3/bin/../lib/gcc/arm-none-eabi/4.7.3/../../../../arm-none-eabi/lib/armv6-m\libc_s.a(lib_a-impure.o)
                0x20000154                _impure_ptr
 .data.fpi.5208
                0x20000158       0x14 c:/program files (x86)/cypress/psoc creator/3.0/psoc creator/import/gnu_cs/arm/4.7.3/bin/../lib/gcc/arm-none-eabi/4.7.3/../../../../arm-none-eabi/lib/armv6-m\libc_s.a(lib_a-strtod.o)
 .data.fpinan.5244
                0x2000016c       0x14 c:/program files (x86)/cypress/psoc creator/3.0/psoc creator/import/gnu_cs/arm/4.7.3/bin/../lib/gcc/arm-none-eabi/4.7.3/../../../../arm-none-eabi/lib/armv6-m\libc_s.a(lib_a-strtod.o)
 .data.__ctype_ptr__
                0x20000180        0x4 c:/program files (x86)/cypress/psoc creator/3.0/psoc creator/import/gnu_cs/arm/4.7.3/bin/../lib/gcc/arm-none-eabi/4.7.3/../../../../arm-none-eabi/lib/armv6-m\libc_s.a(lib_a-ctype_.o)
                0x20000180                __ctype_ptr__
 .data.lconv    0x20000184       0x38 c:/program files (x86)/cypress/psoc creator/3.0/psoc creator/import/gnu_cs/arm/4.7.3/bin/../lib/gcc/arm-none-eabi/4.7.3/../../../../arm-none-eabi/lib/armv6-m\libc_s.a(lib_a-locale.o)
                0x200001c0                . = ALIGN (0x8)
 *fill*         0x200001bc        0x4 00
 *(.ram)
                0x200001c0                _edata = .

.igot.plt       0x200001c0        0x0 load address 0x00007b28
 .igot.plt      0x00000000        0x0 c:/program files (x86)/cypress/psoc creator/3.0/psoc creator/import/gnu_cs/arm/4.7.3/bin/../lib/gcc/arm-none-eabi/4.7.3/armv6-m/crtbegin.o

.bss            0x200001c0      0x288 load address 0x00007b28
                0x200001c0                PROVIDE (__bss_start__, .)
 *(.shbss)
 *(.bss .bss.* .gnu.linkonce.b.*)
 .bss           0x200001c0       0x1c c:/program files (x86)/cypress/psoc creator/3.0/psoc creator/import/gnu_cs/arm/4.7.3/bin/../lib/gcc/arm-none-eabi/4.7.3/armv6-m/crtbegin.o
 .bss           0x200001dc      0x144 .\CortexM0\ARM_GCC_473\Debug\gps.o
                0x200001dc                gpsBuffer
                0x20000308                gpsBufferPointer
                0x2000030c                speed_
                0x20000310                numberOfSate_
                0x20000314                time_
                0x20000318                longitude_
                0x2000031c                latitude_
 .bss           0x20000320        0x8 .\CortexM0\ARM_GCC_473\Debug\i2ctest.a(UART_PC.o)
                0x20000320                UART_PC_initVar
                0x20000324                UART_PC_customIntrHandler
 .bss           0x20000328        0x2 .\CortexM0\ARM_GCC_473\Debug\i2ctest.a(UART_GPS.o)
                0x20000328                UART_GPS_initVar
 *fill*         0x2000032a        0x2 00
 .bss           0x2000032c        0x8 .\CortexM0\ARM_GCC_473\Debug\i2ctest.a(SPIS_1.o)
                0x2000032c                SPIS_1_initVar
                0x20000330                SPIS_1_customIntrHandler
 .bss.__malloc_free_list
                0x20000334        0x4 c:/program files (x86)/cypress/psoc creator/3.0/psoc creator/import/gnu_cs/arm/4.7.3/bin/../lib/gcc/arm-none-eabi/4.7.3/../../../../arm-none-eabi/lib/armv6-m\libc_s.a(lib_a-mallocr.o)
                0x20000334                __malloc_free_list
 .bss.heap_end.4231
                0x20000338        0x4 c:/program files (x86)/cypress/psoc creator/3.0/psoc creator/import/gnu_cs/arm/4.7.3/bin/../lib/gcc/arm-none-eabi/4.7.3/../../../../arm-none-eabi/lib/armv6-m\libnosys.a(sbrk.o)
 *(COMMON)
 COMMON         0x2000033c        0x2 .\CortexM0\ARM_GCC_473\Debug\gps.o
                0x2000033c                longitude_pos
                0x2000033d                latitude_pos
 COMMON         0x2000033e      0x100 c:/program files (x86)/cypress/psoc creator/3.0/psoc creator/import/gnu_cs/arm/4.7.3/bin/../lib/gcc/arm-none-eabi/4.7.3/../../../../arm-none-eabi/lib/armv6-m\libc_s.a(lib_a-gdtoa-gethex.o)
                0x2000033e                __hexdig
 *fill*         0x2000043e        0x2 00
 COMMON         0x20000440        0x4 c:/program files (x86)/cypress/psoc creator/3.0/psoc creator/import/gnu_cs/arm/4.7.3/bin/../lib/gcc/arm-none-eabi/4.7.3/../../../../arm-none-eabi/lib/armv6-m\libc_s.a(lib_a-reent.o)
                0x20000440                errno
                0x20000448                . = ALIGN (0x8)
 *fill*         0x20000444        0x4 00
 *(.ram.b)
                0x20000448                _end = .
                0x20000448                __end = .
                0x20000448                PROVIDE (end, .)
                0x20000448                PROVIDE (__bss_end__, .)
                0x00007a30                __cy_region_init_ram = LOADADDR (.data)
                0x000000f8                __cy_region_init_size_ram = (_edata - ADDR (.data))
                0x00000288                __cy_region_zero_size_ram = (_end - _edata)

.heap           0x20000448      0x100 load address 0x00007b28
                0x20000448                . = _end
                0x20000548                . = (. + 0x100)
 *fill*         0x20000448      0x100 00
                0x20000548                __cy_heap_limit = .

.stack          0x20000c00      0x400
                0x20000c00                __cy_stack_limit = .
                0x20001000                . = (. + 0x400)
 *fill*         0x20000c00      0x400 00
                0x00000001                ASSERT ((__cy_stack_limit >= __cy_heap_limit), region RAM overflowed with stack)

.cyloadermeta
 *(.cyloadermeta)

.cyloadablemeta
 *(.cyloadablemeta)

.cyflashprotect
                0x90400000       0x20
 *(.cyflashprotect)
 .cyflashprotect
                0x90400000       0x20 .\CortexM0\ARM_GCC_473\Debug\cymetadata.o
                0x90400000                cy_meta_flashprotect

.cymeta         0x90500000        0xc
 *(.cymeta)
 .cymeta        0x90500000        0xc .\CortexM0\ARM_GCC_473\Debug\cymetadata.o
                0x90500000                cy_metadata

.cychipprotect  0x90600000        0x4
 *(.cychipprotect)
 .cychipprotect
                0x90600000        0x4 .\CortexM0\ARM_GCC_473\Debug\cymetadata.o
                0x90600000                cy_meta_chipprotect

.rel.dyn        0x00007b28        0x0 load address 0x90600004
 .rel.iplt      0x00000000        0x0 c:/program files (x86)/cypress/psoc creator/3.0/psoc creator/import/gnu_cs/arm/4.7.3/bin/../lib/gcc/arm-none-eabi/4.7.3/armv6-m/crtbegin.o

.stab           0x00000000       0x6c
 *(.stab)
 .stab          0x00000000       0x24 c:/program files (x86)/cypress/psoc creator/3.0/psoc creator/import/gnu_cs/arm/4.7.3/bin/../lib/gcc/arm-none-eabi/4.7.3/../../../../arm-none-eabi/lib/armv6-m\libnosys.a(close.o)
 .stab          0x00000024       0x18 c:/program files (x86)/cypress/psoc creator/3.0/psoc creator/import/gnu_cs/arm/4.7.3/bin/../lib/gcc/arm-none-eabi/4.7.3/../../../../arm-none-eabi/lib/armv6-m\libnosys.a(lseek.o)
                                 0x24 (size before relaxing)
 .stab          0x0000003c       0x18 c:/program files (x86)/cypress/psoc creator/3.0/psoc creator/import/gnu_cs/arm/4.7.3/bin/../lib/gcc/arm-none-eabi/4.7.3/../../../../arm-none-eabi/lib/armv6-m\libnosys.a(read.o)
                                 0x24 (size before relaxing)
 .stab          0x00000054       0x18 c:/program files (x86)/cypress/psoc creator/3.0/psoc creator/import/gnu_cs/arm/4.7.3/bin/../lib/gcc/arm-none-eabi/4.7.3/../../../../arm-none-eabi/lib/armv6-m\libnosys.a(write.o)
                                 0x24 (size before relaxing)

.stabstr        0x00000000       0xdf
 *(.stabstr)
 .stabstr       0x00000000       0xdf c:/program files (x86)/cypress/psoc creator/3.0/psoc creator/import/gnu_cs/arm/4.7.3/bin/../lib/gcc/arm-none-eabi/4.7.3/../../../../arm-none-eabi/lib/armv6-m\libnosys.a(close.o)

.debug
 *(.debug)

.line
 *(.line)

.debug_srcinfo
 *(.debug_srcinfo)

.debug_sfnames
 *(.debug_sfnames)

.debug_aranges  0x00000000      0x6f0
 *(.debug_aranges)
 .debug_aranges
                0x00000000       0x28 .\CortexM0\ARM_GCC_473\Debug\main.o
 .debug_aranges
                0x00000028       0x80 .\CortexM0\ARM_GCC_473\Debug\gps.o
 .debug_aranges
                0x000000a8       0x30 .\CortexM0\ARM_GCC_473\Debug\util.o
 .debug_aranges
                0x000000d8       0x18 .\CortexM0\ARM_GCC_473\Debug\cymetadata.o
 .debug_aranges
                0x000000f0       0x40 .\CortexM0\ARM_GCC_473\Debug\Cm0Start.o
 .debug_aranges
                0x00000130       0x58 .\CortexM0\ARM_GCC_473\Debug\i2ctest.a(cyfitter_cfg.o)
 .debug_aranges
                0x00000188       0x20 .\CortexM0\ARM_GCC_473\Debug\i2ctest.a(CyBootAsmGnu.o)
 .debug_aranges
                0x000001a8      0x1a0 .\CortexM0\ARM_GCC_473\Debug\i2ctest.a(CyLib.o)
 .debug_aranges
                0x00000348       0x50 .\CortexM0\ARM_GCC_473\Debug\i2ctest.a(UART_PC.o)
 .debug_aranges
                0x00000398       0x60 .\CortexM0\ARM_GCC_473\Debug\i2ctest.a(UART_PC_SPI_UART.o)
 .debug_aranges
                0x000003f8       0x50 .\CortexM0\ARM_GCC_473\Debug\i2ctest.a(UART_PC_UART.o)
 .debug_aranges
                0x00000448       0xf0 .\CortexM0\ARM_GCC_473\Debug\i2ctest.a(UART_GPS.o)
 .debug_aranges
                0x00000538       0x40 .\CortexM0\ARM_GCC_473\Debug\i2ctest.a(UART_GPS_IntClock.o)
 .debug_aranges
                0x00000578       0x50 .\CortexM0\ARM_GCC_473\Debug\i2ctest.a(SPIS_1.o)
 .debug_aranges
                0x000005c8       0x60 .\CortexM0\ARM_GCC_473\Debug\i2ctest.a(SPIS_1_SPI_UART.o)
 .debug_aranges
                0x00000628       0x28 .\CortexM0\ARM_GCC_473\Debug\i2ctest.a(SPIS_1_SPI.o)
 .debug_aranges
                0x00000650       0x80 .\CortexM0\ARM_GCC_473\Debug\i2ctest.a(SPIS_1_SCB_IRQ.o)
 .debug_aranges
                0x000006d0       0x20 .\CortexM0\ARM_GCC_473\Debug\i2ctest.a(SPIS_1_SPI_UART_INT.o)

.debug_pubnames
 *(.debug_pubnames)

.debug_info     0x00000000     0x308d
 *(.debug_info .gnu.linkonce.wi.*)
 .debug_info    0x00000000      0x164 .\CortexM0\ARM_GCC_473\Debug\main.o
 .debug_info    0x00000164      0x417 .\CortexM0\ARM_GCC_473\Debug\gps.o
 .debug_info    0x0000057b      0x1ae .\CortexM0\ARM_GCC_473\Debug\util.o
 .debug_info    0x00000729      0x100 .\CortexM0\ARM_GCC_473\Debug\cymetadata.o
 .debug_info    0x00000829      0x2c0 .\CortexM0\ARM_GCC_473\Debug\Cm0Start.o
 .debug_info    0x00000ae9      0x56a .\CortexM0\ARM_GCC_473\Debug\i2ctest.a(cyfitter_cfg.o)
 .debug_info    0x00001053       0x6f .\CortexM0\ARM_GCC_473\Debug\i2ctest.a(CyBootAsmGnu.o)
 .debug_info    0x000010c2      0xac5 .\CortexM0\ARM_GCC_473\Debug\i2ctest.a(CyLib.o)
 .debug_info    0x00001b87      0x197 .\CortexM0\ARM_GCC_473\Debug\i2ctest.a(UART_PC.o)
 .debug_info    0x00001d1e      0x23d .\CortexM0\ARM_GCC_473\Debug\i2ctest.a(UART_PC_SPI_UART.o)
 .debug_info    0x00001f5b      0x224 .\CortexM0\ARM_GCC_473\Debug\i2ctest.a(UART_PC_UART.o)
 .debug_info    0x0000217f      0x58b .\CortexM0\ARM_GCC_473\Debug\i2ctest.a(UART_GPS.o)
 .debug_info    0x0000270a      0x169 .\CortexM0\ARM_GCC_473\Debug\i2ctest.a(UART_GPS_IntClock.o)
 .debug_info    0x00002873      0x197 .\CortexM0\ARM_GCC_473\Debug\i2ctest.a(SPIS_1.o)
 .debug_info    0x00002a0a      0x23d .\CortexM0\ARM_GCC_473\Debug\i2ctest.a(SPIS_1_SPI_UART.o)
 .debug_info    0x00002c47       0xfb .\CortexM0\ARM_GCC_473\Debug\i2ctest.a(SPIS_1_SPI.o)
 .debug_info    0x00002d42      0x288 .\CortexM0\ARM_GCC_473\Debug\i2ctest.a(SPIS_1_SCB_IRQ.o)
 .debug_info    0x00002fca       0xc3 .\CortexM0\ARM_GCC_473\Debug\i2ctest.a(SPIS_1_SPI_UART_INT.o)

.debug_abbrev   0x00000000     0x1184
 *(.debug_abbrev)
 .debug_abbrev  0x00000000       0xab .\CortexM0\ARM_GCC_473\Debug\main.o
 .debug_abbrev  0x000000ab      0x154 .\CortexM0\ARM_GCC_473\Debug\gps.o
 .debug_abbrev  0x000001ff       0xbf .\CortexM0\ARM_GCC_473\Debug\util.o
 .debug_abbrev  0x000002be       0x5d .\CortexM0\ARM_GCC_473\Debug\cymetadata.o
 .debug_abbrev  0x0000031b      0x164 .\CortexM0\ARM_GCC_473\Debug\Cm0Start.o
 .debug_abbrev  0x0000047f      0x1a6 .\CortexM0\ARM_GCC_473\Debug\i2ctest.a(cyfitter_cfg.o)
 .debug_abbrev  0x00000625       0x14 .\CortexM0\ARM_GCC_473\Debug\i2ctest.a(CyBootAsmGnu.o)
 .debug_abbrev  0x00000639      0x1a2 .\CortexM0\ARM_GCC_473\Debug\i2ctest.a(CyLib.o)
 .debug_abbrev  0x000007db       0xc5 .\CortexM0\ARM_GCC_473\Debug\i2ctest.a(UART_PC.o)
 .debug_abbrev  0x000008a0      0x151 .\CortexM0\ARM_GCC_473\Debug\i2ctest.a(UART_PC_SPI_UART.o)
 .debug_abbrev  0x000009f1       0xee .\CortexM0\ARM_GCC_473\Debug\i2ctest.a(UART_PC_UART.o)
 .debug_abbrev  0x00000adf      0x165 .\CortexM0\ARM_GCC_473\Debug\i2ctest.a(UART_GPS.o)
 .debug_abbrev  0x00000c44       0xaa .\CortexM0\ARM_GCC_473\Debug\i2ctest.a(UART_GPS_IntClock.o)
 .debug_abbrev  0x00000cee       0xdb .\CortexM0\ARM_GCC_473\Debug\i2ctest.a(SPIS_1.o)
 .debug_abbrev  0x00000dc9      0x151 .\CortexM0\ARM_GCC_473\Debug\i2ctest.a(SPIS_1_SPI_UART.o)
 .debug_abbrev  0x00000f1a       0x8e .\CortexM0\ARM_GCC_473\Debug\i2ctest.a(SPIS_1_SPI.o)
 .debug_abbrev  0x00000fa8      0x16a .\CortexM0\ARM_GCC_473\Debug\i2ctest.a(SPIS_1_SCB_IRQ.o)
 .debug_abbrev  0x00001112       0x72 .\CortexM0\ARM_GCC_473\Debug\i2ctest.a(SPIS_1_SPI_UART_INT.o)

.debug_line     0x00000000     0x177d
 *(.debug_line)
 .debug_line    0x00000000       0x8d .\CortexM0\ARM_GCC_473\Debug\main.o
 .debug_line    0x0000008d        0x0 .\CortexM0\ARM_GCC_473\Debug\nunchuck.o
 .debug_line    0x0000008d      0x1cf .\CortexM0\ARM_GCC_473\Debug\gps.o
 .debug_line    0x0000025c       0x82 .\CortexM0\ARM_GCC_473\Debug\util.o
 .debug_line    0x000002de       0x53 .\CortexM0\ARM_GCC_473\Debug\cymetadata.o
 .debug_line    0x00000331      0x19b .\CortexM0\ARM_GCC_473\Debug\Cm0Start.o
 .debug_line    0x000004cc      0x1e8 .\CortexM0\ARM_GCC_473\Debug\i2ctest.a(cyfitter_cfg.o)
 .debug_line    0x000006b4       0x68 .\CortexM0\ARM_GCC_473\Debug\i2ctest.a(CyBootAsmGnu.o)
 .debug_line    0x0000071c      0x541 .\CortexM0\ARM_GCC_473\Debug\i2ctest.a(CyLib.o)
 .debug_line    0x00000c5d       0xd9 .\CortexM0\ARM_GCC_473\Debug\i2ctest.a(UART_PC.o)
 .debug_line    0x00000d36      0x128 .\CortexM0\ARM_GCC_473\Debug\i2ctest.a(UART_PC_SPI_UART.o)
 .debug_line    0x00000e5e      0x104 .\CortexM0\ARM_GCC_473\Debug\i2ctest.a(UART_PC_UART.o)
 .debug_line    0x00000f62      0x2f3 .\CortexM0\ARM_GCC_473\Debug\i2ctest.a(UART_GPS.o)
 .debug_line    0x00001255       0xba .\CortexM0\ARM_GCC_473\Debug\i2ctest.a(UART_GPS_IntClock.o)
 .debug_line    0x0000130f       0xdd .\CortexM0\ARM_GCC_473\Debug\i2ctest.a(SPIS_1.o)
 .debug_line    0x000013ec      0x127 .\CortexM0\ARM_GCC_473\Debug\i2ctest.a(SPIS_1_SPI_UART.o)
 .debug_line    0x00001513       0x8a .\CortexM0\ARM_GCC_473\Debug\i2ctest.a(SPIS_1_SPI.o)
 .debug_line    0x0000159d      0x15d .\CortexM0\ARM_GCC_473\Debug\i2ctest.a(SPIS_1_SCB_IRQ.o)
 .debug_line    0x000016fa       0x83 .\CortexM0\ARM_GCC_473\Debug\i2ctest.a(SPIS_1_SPI_UART_INT.o)

.debug_frame    0x00000000     0x2920
 *(.debug_frame)
 .debug_frame   0x00000000       0x50 .\CortexM0\ARM_GCC_473\Debug\main.o
 .debug_frame   0x00000050      0x1b0 .\CortexM0\ARM_GCC_473\Debug\gps.o
 .debug_frame   0x00000200       0x7c .\CortexM0\ARM_GCC_473\Debug\util.o
 .debug_frame   0x0000027c       0xa8 .\CortexM0\ARM_GCC_473\Debug\Cm0Start.o
 .debug_frame   0x00000324      0x108 .\CortexM0\ARM_GCC_473\Debug\i2ctest.a(cyfitter_cfg.o)
 .debug_frame   0x0000042c      0x628 .\CortexM0\ARM_GCC_473\Debug\i2ctest.a(CyLib.o)
 .debug_frame   0x00000a54       0xd8 .\CortexM0\ARM_GCC_473\Debug\i2ctest.a(UART_PC.o)
 .debug_frame   0x00000b2c      0x128 .\CortexM0\ARM_GCC_473\Debug\i2ctest.a(UART_PC_SPI_UART.o)
 .debug_frame   0x00000c54       0xec .\CortexM0\ARM_GCC_473\Debug\i2ctest.a(UART_PC_UART.o)
 .debug_frame   0x00000d40      0x374 .\CortexM0\ARM_GCC_473\Debug\i2ctest.a(UART_GPS.o)
 .debug_frame   0x000010b4       0xa0 .\CortexM0\ARM_GCC_473\Debug\i2ctest.a(UART_GPS_IntClock.o)
 .debug_frame   0x00001154       0xd8 .\CortexM0\ARM_GCC_473\Debug\i2ctest.a(SPIS_1.o)
 .debug_frame   0x0000122c      0x128 .\CortexM0\ARM_GCC_473\Debug\i2ctest.a(SPIS_1_SPI_UART.o)
 .debug_frame   0x00001354       0x4c .\CortexM0\ARM_GCC_473\Debug\i2ctest.a(SPIS_1_SPI.o)
 .debug_frame   0x000013a0      0x190 .\CortexM0\ARM_GCC_473\Debug\i2ctest.a(SPIS_1_SCB_IRQ.o)
 .debug_frame   0x00001530       0x2c .\CortexM0\ARM_GCC_473\Debug\i2ctest.a(SPIS_1_SPI_UART_INT.o)
 .debug_frame   0x0000155c       0x38 c:/program files (x86)/cypress/psoc creator/3.0/psoc creator/import/gnu_cs/arm/4.7.3/bin/../lib/gcc/arm-none-eabi/4.7.3/../../../../arm-none-eabi/lib/armv6-m\libm.a(lib_a-w_pow.o)
 .debug_frame   0x00001594       0x3c c:/program files (x86)/cypress/psoc creator/3.0/psoc creator/import/gnu_cs/arm/4.7.3/bin/../lib/gcc/arm-none-eabi/4.7.3/../../../../arm-none-eabi/lib/armv6-m\libm.a(lib_a-e_pow.o)
 .debug_frame   0x000015d0       0x3c c:/program files (x86)/cypress/psoc creator/3.0/psoc creator/import/gnu_cs/arm/4.7.3/bin/../lib/gcc/arm-none-eabi/4.7.3/../../../../arm-none-eabi/lib/armv6-m\libm.a(lib_a-e_sqrt.o)
 .debug_frame   0x0000160c       0x20 c:/program files (x86)/cypress/psoc creator/3.0/psoc creator/import/gnu_cs/arm/4.7.3/bin/../lib/gcc/arm-none-eabi/4.7.3/../../../../arm-none-eabi/lib/armv6-m\libm.a(lib_a-s_fabs.o)
 .debug_frame   0x0000162c       0x20 c:/program files (x86)/cypress/psoc creator/3.0/psoc creator/import/gnu_cs/arm/4.7.3/bin/../lib/gcc/arm-none-eabi/4.7.3/../../../../arm-none-eabi/lib/armv6-m\libm.a(lib_a-s_finite.o)
 .debug_frame   0x0000164c       0x2c c:/program files (x86)/cypress/psoc creator/3.0/psoc creator/import/gnu_cs/arm/4.7.3/bin/../lib/gcc/arm-none-eabi/4.7.3/../../../../arm-none-eabi/lib/armv6-m\libm.a(lib_a-s_fpclassify.o)
 .debug_frame   0x00001678       0x20 c:/program files (x86)/cypress/psoc creator/3.0/psoc creator/import/gnu_cs/arm/4.7.3/bin/../lib/gcc/arm-none-eabi/4.7.3/../../../../arm-none-eabi/lib/armv6-m\libm.a(lib_a-s_matherr.o)
 .debug_frame   0x00001698       0x20 c:/program files (x86)/cypress/psoc creator/3.0/psoc creator/import/gnu_cs/arm/4.7.3/bin/../lib/gcc/arm-none-eabi/4.7.3/../../../../arm-none-eabi/lib/armv6-m\libm.a(lib_a-s_nan.o)
 .debug_frame   0x000016b8       0x38 c:/program files (x86)/cypress/psoc creator/3.0/psoc creator/import/gnu_cs/arm/4.7.3/bin/../lib/gcc/arm-none-eabi/4.7.3/../../../../arm-none-eabi/lib/armv6-m\libm.a(lib_a-s_rint.o)
 .debug_frame   0x000016f0       0x34 c:/program files (x86)/cypress/psoc creator/3.0/psoc creator/import/gnu_cs/arm/4.7.3/bin/../lib/gcc/arm-none-eabi/4.7.3/../../../../arm-none-eabi/lib/armv6-m\libm.a(lib_a-s_scalbn.o)
 .debug_frame   0x00001724       0x2c c:/program files (x86)/cypress/psoc creator/3.0/psoc creator/import/gnu_cs/arm/4.7.3/bin/../lib/gcc/arm-none-eabi/4.7.3/../../../../arm-none-eabi/lib/armv6-m\libm.a(lib_a-s_copysign.o)
 .debug_frame   0x00001750       0x20 c:/program files (x86)/cypress/psoc creator/3.0/psoc creator/import/gnu_cs/arm/4.7.3/bin/../lib/gcc/arm-none-eabi/4.7.3/armv6-m\libgcc.a(_udivsi3.o)
 .debug_frame   0x00001770       0x20 c:/program files (x86)/cypress/psoc creator/3.0/psoc creator/import/gnu_cs/arm/4.7.3/bin/../lib/gcc/arm-none-eabi/4.7.3/armv6-m\libgcc.a(_divsi3.o)
 .debug_frame   0x00001790       0x30 c:/program files (x86)/cypress/psoc creator/3.0/psoc creator/import/gnu_cs/arm/4.7.3/bin/../lib/gcc/arm-none-eabi/4.7.3/armv6-m\libgcc.a(subsf3.o)
 .debug_frame   0x000017c0       0x28 c:/program files (x86)/cypress/psoc creator/3.0/psoc creator/import/gnu_cs/arm/4.7.3/bin/../lib/gcc/arm-none-eabi/4.7.3/armv6-m\libgcc.a(fixsfsi.o)
 .debug_frame   0x000017e8       0x2c c:/program files (x86)/cypress/psoc creator/3.0/psoc creator/import/gnu_cs/arm/4.7.3/bin/../lib/gcc/arm-none-eabi/4.7.3/armv6-m\libgcc.a(floatsisf.o)
 .debug_frame   0x00001814       0x3c c:/program files (x86)/cypress/psoc creator/3.0/psoc creator/import/gnu_cs/arm/4.7.3/bin/../lib/gcc/arm-none-eabi/4.7.3/armv6-m\libgcc.a(adddf3.o)
 .debug_frame   0x00001850       0x3c c:/program files (x86)/cypress/psoc creator/3.0/psoc creator/import/gnu_cs/arm/4.7.3/bin/../lib/gcc/arm-none-eabi/4.7.3/armv6-m\libgcc.a(divdf3.o)
 .debug_frame   0x0000188c       0x34 c:/program files (x86)/cypress/psoc creator/3.0/psoc creator/import/gnu_cs/arm/4.7.3/bin/../lib/gcc/arm-none-eabi/4.7.3/armv6-m\libgcc.a(eqdf2.o)
 .debug_frame   0x000018c0       0x38 c:/program files (x86)/cypress/psoc creator/3.0/psoc creator/import/gnu_cs/arm/4.7.3/bin/../lib/gcc/arm-none-eabi/4.7.3/armv6-m\libgcc.a(gedf2.o)
 .debug_frame   0x000018f8       0x38 c:/program files (x86)/cypress/psoc creator/3.0/psoc creator/import/gnu_cs/arm/4.7.3/bin/../lib/gcc/arm-none-eabi/4.7.3/armv6-m\libgcc.a(ledf2.o)
 .debug_frame   0x00001930       0x3c c:/program files (x86)/cypress/psoc creator/3.0/psoc creator/import/gnu_cs/arm/4.7.3/bin/../lib/gcc/arm-none-eabi/4.7.3/armv6-m\libgcc.a(muldf3.o)
 .debug_frame   0x0000196c       0x38 c:/program files (x86)/cypress/psoc creator/3.0/psoc creator/import/gnu_cs/arm/4.7.3/bin/../lib/gcc/arm-none-eabi/4.7.3/armv6-m\libgcc.a(subdf3.o)
 .debug_frame   0x000019a4       0x2c c:/program files (x86)/cypress/psoc creator/3.0/psoc creator/import/gnu_cs/arm/4.7.3/bin/../lib/gcc/arm-none-eabi/4.7.3/armv6-m\libgcc.a(fixdfsi.o)
 .debug_frame   0x000019d0       0x30 c:/program files (x86)/cypress/psoc creator/3.0/psoc creator/import/gnu_cs/arm/4.7.3/bin/../lib/gcc/arm-none-eabi/4.7.3/armv6-m\libgcc.a(floatsidf.o)
 .debug_frame   0x00001a00       0x2c c:/program files (x86)/cypress/psoc creator/3.0/psoc creator/import/gnu_cs/arm/4.7.3/bin/../lib/gcc/arm-none-eabi/4.7.3/armv6-m\libgcc.a(extendsfdf2.o)
 .debug_frame   0x00001a2c       0x30 c:/program files (x86)/cypress/psoc creator/3.0/psoc creator/import/gnu_cs/arm/4.7.3/bin/../lib/gcc/arm-none-eabi/4.7.3/armv6-m\libgcc.a(truncdfsf2.o)
 .debug_frame   0x00001a5c       0x28 c:/program files (x86)/cypress/psoc creator/3.0/psoc creator/import/gnu_cs/arm/4.7.3/bin/../lib/gcc/arm-none-eabi/4.7.3/../../../../arm-none-eabi/lib/armv6-m\libc_s.a(lib_a-__atexit2.o)
 .debug_frame   0x00001a84       0x28 c:/program files (x86)/cypress/psoc creator/3.0/psoc creator/import/gnu_cs/arm/4.7.3/bin/../lib/gcc/arm-none-eabi/4.7.3/../../../../arm-none-eabi/lib/armv6-m\libc_s.a(lib_a-atof.o)
 .debug_frame   0x00001aac       0x20 c:/program files (x86)/cypress/psoc creator/3.0/psoc creator/import/gnu_cs/arm/4.7.3/bin/../lib/gcc/arm-none-eabi/4.7.3/../../../../arm-none-eabi/lib/armv6-m\libc_s.a(lib_a-errno.o)
 .debug_frame   0x00001acc       0x28 c:/program files (x86)/cypress/psoc creator/3.0/psoc creator/import/gnu_cs/arm/4.7.3/bin/../lib/gcc/arm-none-eabi/4.7.3/../../../../arm-none-eabi/lib/armv6-m\libc_s.a(lib_a-exit.o)
 .debug_frame   0x00001af4       0x2c c:/program files (x86)/cypress/psoc creator/3.0/psoc creator/import/gnu_cs/arm/4.7.3/bin/../lib/gcc/arm-none-eabi/4.7.3/../../../../arm-none-eabi/lib/armv6-m\libc_s.a(lib_a-fini.o)
 .debug_frame   0x00001b20       0x2c c:/program files (x86)/cypress/psoc creator/3.0/psoc creator/import/gnu_cs/arm/4.7.3/bin/../lib/gcc/arm-none-eabi/4.7.3/../../../../arm-none-eabi/lib/armv6-m\libc_s.a(lib_a-init.o)
 .debug_frame   0x00001b4c       0x28 c:/program files (x86)/cypress/psoc creator/3.0/psoc creator/import/gnu_cs/arm/4.7.3/bin/../lib/gcc/arm-none-eabi/4.7.3/../../../../arm-none-eabi/lib/armv6-m\libc_s.a(lib_a-memcpy.o)
 .debug_frame   0x00001b74       0x28 c:/program files (x86)/cypress/psoc creator/3.0/psoc creator/import/gnu_cs/arm/4.7.3/bin/../lib/gcc/arm-none-eabi/4.7.3/../../../../arm-none-eabi/lib/armv6-m\libc_s.a(lib_a-memset.o)
 .debug_frame   0x00001b9c       0x54 c:/program files (x86)/cypress/psoc creator/3.0/psoc creator/import/gnu_cs/arm/4.7.3/bin/../lib/gcc/arm-none-eabi/4.7.3/../../../../arm-none-eabi/lib/armv6-m\libc_s.a(lib_a-sscanf.o)
 .debug_frame   0x00001bf0       0x90 c:/program files (x86)/cypress/psoc creator/3.0/psoc creator/import/gnu_cs/arm/4.7.3/bin/../lib/gcc/arm-none-eabi/4.7.3/../../../../arm-none-eabi/lib/armv6-m\libc_s.a(lib_a-stdio.o)
 .debug_frame   0x00001c80       0x20 c:/program files (x86)/cypress/psoc creator/3.0/psoc creator/import/gnu_cs/arm/4.7.3/bin/../lib/gcc/arm-none-eabi/4.7.3/../../../../arm-none-eabi/lib/armv6-m\libc_s.a(lib_a-strcmp.o)
 .debug_frame   0x00001ca0       0x20 c:/program files (x86)/cypress/psoc creator/3.0/psoc creator/import/gnu_cs/arm/4.7.3/bin/../lib/gcc/arm-none-eabi/4.7.3/../../../../arm-none-eabi/lib/armv6-m\libc_s.a(lib_a-strlen.o)
 .debug_frame   0x00001cc0       0x80 c:/program files (x86)/cypress/psoc creator/3.0/psoc creator/import/gnu_cs/arm/4.7.3/bin/../lib/gcc/arm-none-eabi/4.7.3/../../../../arm-none-eabi/lib/armv6-m\libc_s.a(lib_a-strtod.o)
 .debug_frame   0x00001d40       0x34 c:/program files (x86)/cypress/psoc creator/3.0/psoc creator/import/gnu_cs/arm/4.7.3/bin/../lib/gcc/arm-none-eabi/4.7.3/../../../../arm-none-eabi/lib/armv6-m\libc_s.a(lib_a-strtok.o)
 .debug_frame   0x00001d74       0x48 c:/program files (x86)/cypress/psoc creator/3.0/psoc creator/import/gnu_cs/arm/4.7.3/bin/../lib/gcc/arm-none-eabi/4.7.3/../../../../arm-none-eabi/lib/armv6-m\libc_s.a(lib_a-strtok_r.o)
 .debug_frame   0x00001dbc       0x68 c:/program files (x86)/cypress/psoc creator/3.0/psoc creator/import/gnu_cs/arm/4.7.3/bin/../lib/gcc/arm-none-eabi/4.7.3/../../../../arm-none-eabi/lib/armv6-m\libc_s.a(lib_a-svfscanf.o)
 .debug_frame   0x00001e24       0x6c c:/program files (x86)/cypress/psoc creator/3.0/psoc creator/import/gnu_cs/arm/4.7.3/bin/../lib/gcc/arm-none-eabi/4.7.3/../../../../arm-none-eabi/lib/armv6-m\libc_s.a(lib_a-ungetc.o)
 .debug_frame   0x00001e90       0x54 c:/program files (x86)/cypress/psoc creator/3.0/psoc creator/import/gnu_cs/arm/4.7.3/bin/../lib/gcc/arm-none-eabi/4.7.3/../../../../arm-none-eabi/lib/armv6-m\libc_s.a(lib_a-vfscanf_i.o)
 .debug_frame   0x00001ee4       0x2c c:/program files (x86)/cypress/psoc creator/3.0/psoc creator/import/gnu_cs/arm/4.7.3/bin/../lib/gcc/arm-none-eabi/4.7.3/../../../../arm-none-eabi/lib/armv6-m\libc_s.a(lib_a-writer.o)
 .debug_frame   0x00001f10       0x2c c:/program files (x86)/cypress/psoc creator/3.0/psoc creator/import/gnu_cs/arm/4.7.3/bin/../lib/gcc/arm-none-eabi/4.7.3/../../../../arm-none-eabi/lib/armv6-m\libc_s.a(lib_a-closer.o)
 .debug_frame   0x00001f3c       0x4c c:/program files (x86)/cypress/psoc creator/3.0/psoc creator/import/gnu_cs/arm/4.7.3/bin/../lib/gcc/arm-none-eabi/4.7.3/../../../../arm-none-eabi/lib/armv6-m\libc_s.a(lib_a-fflush.o)
 .debug_frame   0x00001f88      0x148 c:/program files (x86)/cypress/psoc creator/3.0/psoc creator/import/gnu_cs/arm/4.7.3/bin/../lib/gcc/arm-none-eabi/4.7.3/../../../../arm-none-eabi/lib/armv6-m\libc_s.a(lib_a-findfp.o)
 .debug_frame   0x000020d0       0x2c c:/program files (x86)/cypress/psoc creator/3.0/psoc creator/import/gnu_cs/arm/4.7.3/bin/../lib/gcc/arm-none-eabi/4.7.3/../../../../arm-none-eabi/lib/armv6-m\libc_s.a(lib_a-freer.o)
 .debug_frame   0x000020fc       0x58 c:/program files (x86)/cypress/psoc creator/3.0/psoc creator/import/gnu_cs/arm/4.7.3/bin/../lib/gcc/arm-none-eabi/4.7.3/../../../../arm-none-eabi/lib/armv6-m\libc_s.a(lib_a-fwalk.o)
 .debug_frame   0x00002154       0x88 c:/program files (x86)/cypress/psoc creator/3.0/psoc creator/import/gnu_cs/arm/4.7.3/bin/../lib/gcc/arm-none-eabi/4.7.3/../../../../arm-none-eabi/lib/armv6-m\libc_s.a(lib_a-gdtoa-gethex.o)
 .debug_frame   0x000021dc       0x4c c:/program files (x86)/cypress/psoc creator/3.0/psoc creator/import/gnu_cs/arm/4.7.3/bin/../lib/gcc/arm-none-eabi/4.7.3/../../../../arm-none-eabi/lib/armv6-m\libc_s.a(lib_a-gdtoa-hexnan.o)
 .debug_frame   0x00002228       0xa4 c:/program files (x86)/cypress/psoc creator/3.0/psoc creator/import/gnu_cs/arm/4.7.3/bin/../lib/gcc/arm-none-eabi/4.7.3/../../../../arm-none-eabi/lib/armv6-m\libc_s.a(lib_a-locale.o)
 .debug_frame   0x000022cc       0x2c c:/program files (x86)/cypress/psoc creator/3.0/psoc creator/import/gnu_cs/arm/4.7.3/bin/../lib/gcc/arm-none-eabi/4.7.3/../../../../arm-none-eabi/lib/armv6-m\libc_s.a(lib_a-lseekr.o)
 .debug_frame   0x000022f8       0x40 c:/program files (x86)/cypress/psoc creator/3.0/psoc creator/import/gnu_cs/arm/4.7.3/bin/../lib/gcc/arm-none-eabi/4.7.3/../../../../arm-none-eabi/lib/armv6-m\libc_s.a(lib_a-malloc.o)
 .debug_frame   0x00002338       0x2c c:/program files (x86)/cypress/psoc creator/3.0/psoc creator/import/gnu_cs/arm/4.7.3/bin/../lib/gcc/arm-none-eabi/4.7.3/../../../../arm-none-eabi/lib/armv6-m\libc_s.a(lib_a-mallocr.o)
 .debug_frame   0x00002364       0x28 c:/program files (x86)/cypress/psoc creator/3.0/psoc creator/import/gnu_cs/arm/4.7.3/bin/../lib/gcc/arm-none-eabi/4.7.3/../../../../arm-none-eabi/lib/armv6-m\libc_s.a(lib_a-memchr.o)
 .debug_frame   0x0000238c      0x244 c:/program files (x86)/cypress/psoc creator/3.0/psoc creator/import/gnu_cs/arm/4.7.3/bin/../lib/gcc/arm-none-eabi/4.7.3/../../../../arm-none-eabi/lib/armv6-m\libc_s.a(lib_a-mprec.o)
 .debug_frame   0x000025d0       0x2c c:/program files (x86)/cypress/psoc creator/3.0/psoc creator/import/gnu_cs/arm/4.7.3/bin/../lib/gcc/arm-none-eabi/4.7.3/../../../../arm-none-eabi/lib/armv6-m\libc_s.a(lib_a-readr.o)
 .debug_frame   0x000025fc       0x30 c:/program files (x86)/cypress/psoc creator/3.0/psoc creator/import/gnu_cs/arm/4.7.3/bin/../lib/gcc/arm-none-eabi/4.7.3/../../../../arm-none-eabi/lib/armv6-m\libc_s.a(lib_a-reallocr.o)
 .debug_frame   0x0000262c       0x64 c:/program files (x86)/cypress/psoc creator/3.0/psoc creator/import/gnu_cs/arm/4.7.3/bin/../lib/gcc/arm-none-eabi/4.7.3/../../../../arm-none-eabi/lib/armv6-m\libc_s.a(lib_a-reent.o)
 .debug_frame   0x00002690       0x2c c:/program files (x86)/cypress/psoc creator/3.0/psoc creator/import/gnu_cs/arm/4.7.3/bin/../lib/gcc/arm-none-eabi/4.7.3/../../../../arm-none-eabi/lib/armv6-m\libc_s.a(lib_a-sbrkr.o)
 .debug_frame   0x000026bc       0x30 c:/program files (x86)/cypress/psoc creator/3.0/psoc creator/import/gnu_cs/arm/4.7.3/bin/../lib/gcc/arm-none-eabi/4.7.3/../../../../arm-none-eabi/lib/armv6-m\libc_s.a(lib_a-sccl.o)
 .debug_frame   0x000026ec       0x20 c:/program files (x86)/cypress/psoc creator/3.0/psoc creator/import/gnu_cs/arm/4.7.3/bin/../lib/gcc/arm-none-eabi/4.7.3/../../../../arm-none-eabi/lib/armv6-m\libc_s.a(lib_a-sf_nan.o)
 .debug_frame   0x0000270c       0x28 c:/program files (x86)/cypress/psoc creator/3.0/psoc creator/import/gnu_cs/arm/4.7.3/bin/../lib/gcc/arm-none-eabi/4.7.3/../../../../arm-none-eabi/lib/armv6-m\libc_s.a(lib_a-strncmp.o)
 .debug_frame   0x00002734       0x4c c:/program files (x86)/cypress/psoc creator/3.0/psoc creator/import/gnu_cs/arm/4.7.3/bin/../lib/gcc/arm-none-eabi/4.7.3/../../../../arm-none-eabi/lib/armv6-m\libc_s.a(lib_a-strtol.o)
 .debug_frame   0x00002780       0x4c c:/program files (x86)/cypress/psoc creator/3.0/psoc creator/import/gnu_cs/arm/4.7.3/bin/../lib/gcc/arm-none-eabi/4.7.3/../../../../arm-none-eabi/lib/armv6-m\libc_s.a(lib_a-strtoul.o)
 .debug_frame   0x000027cc       0x2c c:/program files (x86)/cypress/psoc creator/3.0/psoc creator/import/gnu_cs/arm/4.7.3/bin/../lib/gcc/arm-none-eabi/4.7.3/../../../../arm-none-eabi/lib/armv6-m\libc_s.a(lib_a-callocr.o)
 .debug_frame   0x000027f8       0x28 c:/program files (x86)/cypress/psoc creator/3.0/psoc creator/import/gnu_cs/arm/4.7.3/bin/../lib/gcc/arm-none-eabi/4.7.3/../../../../arm-none-eabi/lib/armv6-m\libc_s.a(lib_a-msizer.o)
 .debug_frame   0x00002820       0x2c c:/program files (x86)/cypress/psoc creator/3.0/psoc creator/import/gnu_cs/arm/4.7.3/bin/../lib/gcc/arm-none-eabi/4.7.3/armv6-m\libgcc.a(_fixunsdfsi.o)
 .debug_frame   0x0000284c       0x2c c:/program files (x86)/cypress/psoc creator/3.0/psoc creator/import/gnu_cs/arm/4.7.3/bin/../lib/gcc/arm-none-eabi/4.7.3/armv6-m\libgcc.a(floatunsidf.o)
 .debug_frame   0x00002878       0x20 c:/program files (x86)/cypress/psoc creator/3.0/psoc creator/import/gnu_cs/arm/4.7.3/bin/../lib/gcc/arm-none-eabi/4.7.3/../../../../arm-none-eabi/lib/armv6-m\libnosys.a(close.o)
 .debug_frame   0x00002898       0x20 c:/program files (x86)/cypress/psoc creator/3.0/psoc creator/import/gnu_cs/arm/4.7.3/bin/../lib/gcc/arm-none-eabi/4.7.3/../../../../arm-none-eabi/lib/armv6-m\libnosys.a(lseek.o)
 .debug_frame   0x000028b8       0x20 c:/program files (x86)/cypress/psoc creator/3.0/psoc creator/import/gnu_cs/arm/4.7.3/bin/../lib/gcc/arm-none-eabi/4.7.3/../../../../arm-none-eabi/lib/armv6-m\libnosys.a(read.o)
 .debug_frame   0x000028d8       0x28 c:/program files (x86)/cypress/psoc creator/3.0/psoc creator/import/gnu_cs/arm/4.7.3/bin/../lib/gcc/arm-none-eabi/4.7.3/../../../../arm-none-eabi/lib/armv6-m\libnosys.a(sbrk.o)
 .debug_frame   0x00002900       0x20 c:/program files (x86)/cypress/psoc creator/3.0/psoc creator/import/gnu_cs/arm/4.7.3/bin/../lib/gcc/arm-none-eabi/4.7.3/../../../../arm-none-eabi/lib/armv6-m\libnosys.a(write.o)

.debug_str      0x00000000     0x1640
 *(.debug_str)
 .debug_str     0x00000000      0x124 .\CortexM0\ARM_GCC_473\Debug\main.o
                                0x16a (size before relaxing)
 .debug_str     0x00000124      0x195 .\CortexM0\ARM_GCC_473\Debug\gps.o
                                0x2bf (size before relaxing)
 .debug_str     0x000002b9       0x3b .\CortexM0\ARM_GCC_473\Debug\util.o
                                0x14e (size before relaxing)
 .debug_str     0x000002f4       0x5b .\CortexM0\ARM_GCC_473\Debug\cymetadata.o
                                0x168 (size before relaxing)
 .debug_str     0x0000034f      0x10a .\CortexM0\ARM_GCC_473\Debug\Cm0Start.o
                                0x231 (size before relaxing)
 .debug_str     0x00000459      0x1e6 .\CortexM0\ARM_GCC_473\Debug\i2ctest.a(cyfitter_cfg.o)
                                0x343 (size before relaxing)
 .debug_str     0x0000063f      0x4f7 .\CortexM0\ARM_GCC_473\Debug\i2ctest.a(CyLib.o)
                                0x644 (size before relaxing)
 .debug_str     0x00000b36       0xd5 .\CortexM0\ARM_GCC_473\Debug\i2ctest.a(UART_PC.o)
                                0x1fc (size before relaxing)
 .debug_str     0x00000c0b      0x14e .\CortexM0\ARM_GCC_473\Debug\i2ctest.a(UART_PC_SPI_UART.o)
                                0x27a (size before relaxing)
 .debug_str     0x00000d59      0x101 .\CortexM0\ARM_GCC_473\Debug\i2ctest.a(UART_PC_UART.o)
                                0x232 (size before relaxing)
 .debug_str     0x00000e5a      0x2d9 .\CortexM0\ARM_GCC_473\Debug\i2ctest.a(UART_GPS.o)
                                0x425 (size before relaxing)
 .debug_str     0x00001133      0x107 .\CortexM0\ARM_GCC_473\Debug\i2ctest.a(UART_GPS_IntClock.o)
                                0x21f (size before relaxing)
 .debug_str     0x0000123a       0xc6 .\CortexM0\ARM_GCC_473\Debug\i2ctest.a(SPIS_1.o)
                                0x1f2 (size before relaxing)
 .debug_str     0x00001300      0x11f .\CortexM0\ARM_GCC_473\Debug\i2ctest.a(SPIS_1_SPI_UART.o)
                                0x275 (size before relaxing)
 .debug_str     0x0000141f       0x69 .\CortexM0\ARM_GCC_473\Debug\i2ctest.a(SPIS_1_SPI.o)
                                0x183 (size before relaxing)
 .debug_str     0x00001488      0x175 .\CortexM0\ARM_GCC_473\Debug\i2ctest.a(SPIS_1_SCB_IRQ.o)
                                0x2c9 (size before relaxing)
 .debug_str     0x000015fd       0x43 .\CortexM0\ARM_GCC_473\Debug\i2ctest.a(SPIS_1_SPI_UART_INT.o)
                                0x170 (size before relaxing)

.debug_loc      0x00000000     0x21e8
 *(.debug_loc)
 .debug_loc     0x00000000       0x70 .\CortexM0\ARM_GCC_473\Debug\main.o
 .debug_loc     0x00000070      0x2a8 .\CortexM0\ARM_GCC_473\Debug\gps.o
 .debug_loc     0x00000318       0xa8 .\CortexM0\ARM_GCC_473\Debug\util.o
 .debug_loc     0x000003c0      0x100 .\CortexM0\ARM_GCC_473\Debug\Cm0Start.o
 .debug_loc     0x000004c0      0x1a8 .\CortexM0\ARM_GCC_473\Debug\i2ctest.a(cyfitter_cfg.o)
 .debug_loc     0x00000668      0xa34 .\CortexM0\ARM_GCC_473\Debug\i2ctest.a(CyLib.o)
 .debug_loc     0x0000109c      0x140 .\CortexM0\ARM_GCC_473\Debug\i2ctest.a(UART_PC.o)
 .debug_loc     0x000011dc      0x1e0 .\CortexM0\ARM_GCC_473\Debug\i2ctest.a(UART_PC_SPI_UART.o)
 .debug_loc     0x000013bc      0x17c .\CortexM0\ARM_GCC_473\Debug\i2ctest.a(UART_PC_UART.o)
 .debug_loc     0x00001538      0x5ac .\CortexM0\ARM_GCC_473\Debug\i2ctest.a(UART_GPS.o)
 .debug_loc     0x00001ae4       0xe8 .\CortexM0\ARM_GCC_473\Debug\i2ctest.a(UART_GPS_IntClock.o)
 .debug_loc     0x00001bcc      0x140 .\CortexM0\ARM_GCC_473\Debug\i2ctest.a(SPIS_1.o)
 .debug_loc     0x00001d0c      0x1e0 .\CortexM0\ARM_GCC_473\Debug\i2ctest.a(SPIS_1_SPI_UART.o)
 .debug_loc     0x00001eec       0x64 .\CortexM0\ARM_GCC_473\Debug\i2ctest.a(SPIS_1_SPI.o)
 .debug_loc     0x00001f50      0x26c .\CortexM0\ARM_GCC_473\Debug\i2ctest.a(SPIS_1_SCB_IRQ.o)
 .debug_loc     0x000021bc       0x2c .\CortexM0\ARM_GCC_473\Debug\i2ctest.a(SPIS_1_SPI_UART_INT.o)

.debug_macinfo
 *(.debug_macinfo)

.debug_ranges   0x00000000      0x5b8
 *(.debug_ranges)
 .debug_ranges  0x00000000       0x18 .\CortexM0\ARM_GCC_473\Debug\main.o
 .debug_ranges  0x00000018       0x70 .\CortexM0\ARM_GCC_473\Debug\gps.o
 .debug_ranges  0x00000088       0x20 .\CortexM0\ARM_GCC_473\Debug\util.o
 .debug_ranges  0x000000a8       0x30 .\CortexM0\ARM_GCC_473\Debug\Cm0Start.o
 .debug_ranges  0x000000d8       0x48 .\CortexM0\ARM_GCC_473\Debug\i2ctest.a(cyfitter_cfg.o)
 .debug_ranges  0x00000120      0x190 .\CortexM0\ARM_GCC_473\Debug\i2ctest.a(CyLib.o)
 .debug_ranges  0x000002b0       0x40 .\CortexM0\ARM_GCC_473\Debug\i2ctest.a(UART_PC.o)
 .debug_ranges  0x000002f0       0x50 .\CortexM0\ARM_GCC_473\Debug\i2ctest.a(UART_PC_SPI_UART.o)
 .debug_ranges  0x00000340       0x40 .\CortexM0\ARM_GCC_473\Debug\i2ctest.a(UART_PC_UART.o)
 .debug_ranges  0x00000380       0xe0 .\CortexM0\ARM_GCC_473\Debug\i2ctest.a(UART_GPS.o)
 .debug_ranges  0x00000460       0x30 .\CortexM0\ARM_GCC_473\Debug\i2ctest.a(UART_GPS_IntClock.o)
 .debug_ranges  0x00000490       0x40 .\CortexM0\ARM_GCC_473\Debug\i2ctest.a(SPIS_1.o)
 .debug_ranges  0x000004d0       0x50 .\CortexM0\ARM_GCC_473\Debug\i2ctest.a(SPIS_1_SPI_UART.o)
 .debug_ranges  0x00000520       0x18 .\CortexM0\ARM_GCC_473\Debug\i2ctest.a(SPIS_1_SPI.o)
 .debug_ranges  0x00000538       0x70 .\CortexM0\ARM_GCC_473\Debug\i2ctest.a(SPIS_1_SCB_IRQ.o)
 .debug_ranges  0x000005a8       0x10 .\CortexM0\ARM_GCC_473\Debug\i2ctest.a(SPIS_1_SPI_UART_INT.o)

.comment        0x00000000       0x70
 .comment       0x00000000       0x70 .\CortexM0\ARM_GCC_473\Debug\main.o
                                 0x71 (size before relaxing)
 .comment       0x00000000       0x71 .\CortexM0\ARM_GCC_473\Debug\nunchuck.o
 .comment       0x00000000       0x71 .\CortexM0\ARM_GCC_473\Debug\gps.o
 .comment       0x00000000       0x71 .\CortexM0\ARM_GCC_473\Debug\util.o
 .comment       0x00000000       0x71 .\CortexM0\ARM_GCC_473\Debug\cymetadata.o
 .comment       0x00000000       0x71 .\CortexM0\ARM_GCC_473\Debug\Cm0Start.o
 .comment       0x00000000       0x71 .\CortexM0\ARM_GCC_473\Debug\i2ctest.a(cyfitter_cfg.o)
 .comment       0x00000000       0x71 .\CortexM0\ARM_GCC_473\Debug\i2ctest.a(CyLib.o)
 .comment       0x00000000       0x71 .\CortexM0\ARM_GCC_473\Debug\i2ctest.a(UART_PC.o)
 .comment       0x00000000       0x71 .\CortexM0\ARM_GCC_473\Debug\i2ctest.a(UART_PC_SPI_UART.o)
 .comment       0x00000000       0x71 .\CortexM0\ARM_GCC_473\Debug\i2ctest.a(UART_PC_UART.o)
 .comment       0x00000000       0x71 .\CortexM0\ARM_GCC_473\Debug\i2ctest.a(UART_GPS.o)
 .comment       0x00000000       0x71 .\CortexM0\ARM_GCC_473\Debug\i2ctest.a(UART_GPS_IntClock.o)
 .comment       0x00000000       0x71 .\CortexM0\ARM_GCC_473\Debug\i2ctest.a(SPIS_1.o)
 .comment       0x00000000       0x71 .\CortexM0\ARM_GCC_473\Debug\i2ctest.a(SPIS_1_SPI_UART.o)
 .comment       0x00000000       0x71 .\CortexM0\ARM_GCC_473\Debug\i2ctest.a(SPIS_1_SPI.o)
 .comment       0x00000000       0x71 .\CortexM0\ARM_GCC_473\Debug\i2ctest.a(SPIS_1_SCB_IRQ.o)
 .comment       0x00000000       0x71 .\CortexM0\ARM_GCC_473\Debug\i2ctest.a(SPIS_1_SPI_UART_INT.o)

.debug_weaknames
 *(.debug_weaknames)

.debug_funcnames
 *(.debug_funcnames)

.debug_typenames
 *(.debug_typenames)

.debug_varnames
 *(.debug_varnames)

.note.gnu.arm.ident
 *(.note.gnu.arm.ident)

.ARM.attributes
                0x00000000       0x28
 *(.ARM.attributes)
 .ARM.attributes
                0x00000000       0x1e c:/program files (x86)/cypress/psoc creator/3.0/psoc creator/import/gnu_cs/arm/4.7.3/bin/../lib/gcc/arm-none-eabi/4.7.3/armv6-m/crti.o
 .ARM.attributes
                0x0000001e       0x2c c:/program files (x86)/cypress/psoc creator/3.0/psoc creator/import/gnu_cs/arm/4.7.3/bin/../lib/gcc/arm-none-eabi/4.7.3/armv6-m/crtbegin.o
 .ARM.attributes
                0x0000004a       0x1c c:/program files (x86)/cypress/psoc creator/3.0/psoc creator/import/gnu_cs/arm/4.7.3/bin/../lib/gcc/arm-none-eabi/4.7.3/../../../../arm-none-eabi/lib/armv6-m/crt0.o
 .ARM.attributes
                0x00000066       0x31 .\CortexM0\ARM_GCC_473\Debug\main.o
 .ARM.attributes
                0x00000097       0x31 .\CortexM0\ARM_GCC_473\Debug\nunchuck.o
 .ARM.attributes
                0x000000c8       0x31 .\CortexM0\ARM_GCC_473\Debug\gps.o
 .ARM.attributes
                0x000000f9       0x31 .\CortexM0\ARM_GCC_473\Debug\util.o
 .ARM.attributes
                0x0000012a       0x31 .\CortexM0\ARM_GCC_473\Debug\cymetadata.o
 .ARM.attributes
                0x0000015b       0x31 .\CortexM0\ARM_GCC_473\Debug\Cm0Start.o
 .ARM.attributes
                0x0000018c       0x31 .\CortexM0\ARM_GCC_473\Debug\i2ctest.a(cyfitter_cfg.o)
 .ARM.attributes
                0x000001bd       0x21 .\CortexM0\ARM_GCC_473\Debug\i2ctest.a(CyBootAsmGnu.o)
 .ARM.attributes