ARM GAS  C:\Users\ALEXAN~1\AppData\Local\Temp\ccZWitVv.s 			page 1


   1              		.cpu cortex-m0
   2              		.fpu softvfp
   3              		.eabi_attribute 20, 1
   4              		.eabi_attribute 21, 1
   5              		.eabi_attribute 23, 3
   6              		.eabi_attribute 24, 1
   7              		.eabi_attribute 25, 1
   8              		.eabi_attribute 26, 1
   9              		.eabi_attribute 30, 6
  10              		.eabi_attribute 34, 0
  11              		.eabi_attribute 18, 4
  12              		.code	16
  13              		.file	"SPIS_1_SPI.c"
  14              		.text
  15              	.Ltext0:
  16              		.cfi_sections	.debug_frame
  17              		.section	.text.SPIS_1_SpiInit,"ax",%progbits
  18              		.align	2
  19              		.global	SPIS_1_SpiInit
  20              		.code	16
  21              		.thumb_func
  22              		.type	SPIS_1_SpiInit, %function
  23              	SPIS_1_SpiInit:
  24              	.LFB0:
  25              		.file 1 ".\\Generated_Source\\PSoC4\\SPIS_1_SPI.c"
   1:.\Generated_Source\PSoC4/SPIS_1_SPI.c **** /*******************************************************************************
   2:.\Generated_Source\PSoC4/SPIS_1_SPI.c **** * File Name: SPIS_1_SPI.c
   3:.\Generated_Source\PSoC4/SPIS_1_SPI.c **** * Version 1.10
   4:.\Generated_Source\PSoC4/SPIS_1_SPI.c **** *
   5:.\Generated_Source\PSoC4/SPIS_1_SPI.c **** * Description:
   6:.\Generated_Source\PSoC4/SPIS_1_SPI.c **** *  This file provides the source code to the API for the SCB Component in
   7:.\Generated_Source\PSoC4/SPIS_1_SPI.c **** *  SPI mode.
   8:.\Generated_Source\PSoC4/SPIS_1_SPI.c **** *
   9:.\Generated_Source\PSoC4/SPIS_1_SPI.c **** * Note:
  10:.\Generated_Source\PSoC4/SPIS_1_SPI.c **** *
  11:.\Generated_Source\PSoC4/SPIS_1_SPI.c **** *******************************************************************************
  12:.\Generated_Source\PSoC4/SPIS_1_SPI.c **** * Copyright 2013, Cypress Semiconductor Corporation.  All rights reserved.
  13:.\Generated_Source\PSoC4/SPIS_1_SPI.c **** * You may use this file only in accordance with the license, terms, conditions,
  14:.\Generated_Source\PSoC4/SPIS_1_SPI.c **** * disclaimers, and limitations in the end user license agreement accompanying
  15:.\Generated_Source\PSoC4/SPIS_1_SPI.c **** * the software package with which this file was provided.
  16:.\Generated_Source\PSoC4/SPIS_1_SPI.c **** *******************************************************************************/
  17:.\Generated_Source\PSoC4/SPIS_1_SPI.c **** 
  18:.\Generated_Source\PSoC4/SPIS_1_SPI.c **** #include "SPIS_1_PVT.h"
  19:.\Generated_Source\PSoC4/SPIS_1_SPI.c **** #include "SPIS_1_SPI_UART_PVT.h"
  20:.\Generated_Source\PSoC4/SPIS_1_SPI.c **** 
  21:.\Generated_Source\PSoC4/SPIS_1_SPI.c **** #if(SPIS_1_SCB_MODE_UNCONFIG_CONST_CFG)
  22:.\Generated_Source\PSoC4/SPIS_1_SPI.c **** 
  23:.\Generated_Source\PSoC4/SPIS_1_SPI.c ****     /***************************************
  24:.\Generated_Source\PSoC4/SPIS_1_SPI.c ****     *  Config Structure Initialization
  25:.\Generated_Source\PSoC4/SPIS_1_SPI.c ****     ***************************************/
  26:.\Generated_Source\PSoC4/SPIS_1_SPI.c **** 
  27:.\Generated_Source\PSoC4/SPIS_1_SPI.c ****     const SPIS_1_SPI_INIT_STRUCT SPIS_1_configSpi =
  28:.\Generated_Source\PSoC4/SPIS_1_SPI.c ****     {
  29:.\Generated_Source\PSoC4/SPIS_1_SPI.c ****         SPIS_1_SPI_MODE,
  30:.\Generated_Source\PSoC4/SPIS_1_SPI.c ****         SPIS_1_SPI_SUB_MODE,
  31:.\Generated_Source\PSoC4/SPIS_1_SPI.c ****         SPIS_1_SPI_CLOCK_MODE,
  32:.\Generated_Source\PSoC4/SPIS_1_SPI.c ****         SPIS_1_SPI_OVS_FACTOR,
ARM GAS  C:\Users\ALEXAN~1\AppData\Local\Temp\ccZWitVv.s 			page 2


  33:.\Generated_Source\PSoC4/SPIS_1_SPI.c ****         SPIS_1_SPI_MEDIAN_FILTER_ENABLE,
  34:.\Generated_Source\PSoC4/SPIS_1_SPI.c ****         SPIS_1_SPI_LATE_MISO_SAMPLE_ENABLE,
  35:.\Generated_Source\PSoC4/SPIS_1_SPI.c ****         SPIS_1_SPI_WAKE_ENABLE,
  36:.\Generated_Source\PSoC4/SPIS_1_SPI.c ****         SPIS_1_SPI_RX_DATA_BITS_NUM,
  37:.\Generated_Source\PSoC4/SPIS_1_SPI.c ****         SPIS_1_SPI_TX_DATA_BITS_NUM,
  38:.\Generated_Source\PSoC4/SPIS_1_SPI.c ****         SPIS_1_SPI_BITS_ORDER,
  39:.\Generated_Source\PSoC4/SPIS_1_SPI.c ****         SPIS_1_SPI_TRANSFER_SEPARATION,
  40:.\Generated_Source\PSoC4/SPIS_1_SPI.c ****         0u,
  41:.\Generated_Source\PSoC4/SPIS_1_SPI.c ****         NULL,
  42:.\Generated_Source\PSoC4/SPIS_1_SPI.c ****         0u,
  43:.\Generated_Source\PSoC4/SPIS_1_SPI.c ****         NULL,
  44:.\Generated_Source\PSoC4/SPIS_1_SPI.c ****         SPIS_1_SCB_IRQ_INTERNAL,
  45:.\Generated_Source\PSoC4/SPIS_1_SPI.c ****         SPIS_1_SPI_INTR_RX_MASK,
  46:.\Generated_Source\PSoC4/SPIS_1_SPI.c ****         SPIS_1_SPI_RX_TRIGGER_LEVEL,
  47:.\Generated_Source\PSoC4/SPIS_1_SPI.c ****         SPIS_1_SPI_INTR_TX_MASK,
  48:.\Generated_Source\PSoC4/SPIS_1_SPI.c ****         SPIS_1_SPI_TX_TRIGGER_LEVEL
  49:.\Generated_Source\PSoC4/SPIS_1_SPI.c ****     };
  50:.\Generated_Source\PSoC4/SPIS_1_SPI.c **** 
  51:.\Generated_Source\PSoC4/SPIS_1_SPI.c **** 
  52:.\Generated_Source\PSoC4/SPIS_1_SPI.c ****     /*******************************************************************************
  53:.\Generated_Source\PSoC4/SPIS_1_SPI.c ****     * Function Name: SPIS_1_SpiInit
  54:.\Generated_Source\PSoC4/SPIS_1_SPI.c ****     ********************************************************************************
  55:.\Generated_Source\PSoC4/SPIS_1_SPI.c ****     *
  56:.\Generated_Source\PSoC4/SPIS_1_SPI.c ****     * Summary:
  57:.\Generated_Source\PSoC4/SPIS_1_SPI.c ****     *  Configures the SCB for SPI operation.
  58:.\Generated_Source\PSoC4/SPIS_1_SPI.c ****     *
  59:.\Generated_Source\PSoC4/SPIS_1_SPI.c ****     * Parameters:
  60:.\Generated_Source\PSoC4/SPIS_1_SPI.c ****     *  config:  Pointer to a structure that contains the following ordered list of
  61:.\Generated_Source\PSoC4/SPIS_1_SPI.c ****     *           fields. These fields match the selections available in the
  62:.\Generated_Source\PSoC4/SPIS_1_SPI.c ****     *           customizer.
  63:.\Generated_Source\PSoC4/SPIS_1_SPI.c ****     *
  64:.\Generated_Source\PSoC4/SPIS_1_SPI.c ****     * Return:
  65:.\Generated_Source\PSoC4/SPIS_1_SPI.c ****     *  None
  66:.\Generated_Source\PSoC4/SPIS_1_SPI.c ****     *
  67:.\Generated_Source\PSoC4/SPIS_1_SPI.c ****     *******************************************************************************/
  68:.\Generated_Source\PSoC4/SPIS_1_SPI.c ****     void SPIS_1_SpiInit(const SPIS_1_SPI_INIT_STRUCT *config)
  69:.\Generated_Source\PSoC4/SPIS_1_SPI.c ****     {
  70:.\Generated_Source\PSoC4/SPIS_1_SPI.c ****         if(NULL == config)
  71:.\Generated_Source\PSoC4/SPIS_1_SPI.c ****         {
  72:.\Generated_Source\PSoC4/SPIS_1_SPI.c ****             CYASSERT(0u != 0u); /* Halt execution due bad fucntion parameter */
  73:.\Generated_Source\PSoC4/SPIS_1_SPI.c ****         }
  74:.\Generated_Source\PSoC4/SPIS_1_SPI.c ****         else
  75:.\Generated_Source\PSoC4/SPIS_1_SPI.c ****         {
  76:.\Generated_Source\PSoC4/SPIS_1_SPI.c ****             /* Configure pins */
  77:.\Generated_Source\PSoC4/SPIS_1_SPI.c ****             SPIS_1_SetPins(SPIS_1_SCB_MODE_SPI, config->mode, SPIS_1_DUMMY_PARAM);
  78:.\Generated_Source\PSoC4/SPIS_1_SPI.c **** 
  79:.\Generated_Source\PSoC4/SPIS_1_SPI.c ****             /* Store internal configuration */
  80:.\Generated_Source\PSoC4/SPIS_1_SPI.c ****             SPIS_1_scbMode       = (uint8) SPIS_1_SCB_MODE_SPI;
  81:.\Generated_Source\PSoC4/SPIS_1_SPI.c ****             SPIS_1_scbEnableWake = (uint8) config->enableWake;
  82:.\Generated_Source\PSoC4/SPIS_1_SPI.c ****             SPIS_1_scbEnableIntr = (uint8) config->enableInterrupt;
  83:.\Generated_Source\PSoC4/SPIS_1_SPI.c **** 
  84:.\Generated_Source\PSoC4/SPIS_1_SPI.c ****             /* Set RX direction internal variables */
  85:.\Generated_Source\PSoC4/SPIS_1_SPI.c ****             SPIS_1_rxBuffer      =         config->rxBuffer;
  86:.\Generated_Source\PSoC4/SPIS_1_SPI.c ****             SPIS_1_rxDataBits    = (uint8) config->rxDataBits;
  87:.\Generated_Source\PSoC4/SPIS_1_SPI.c ****             SPIS_1_rxBufferSize  = (uint8) config->rxBufferSize;
  88:.\Generated_Source\PSoC4/SPIS_1_SPI.c **** 
  89:.\Generated_Source\PSoC4/SPIS_1_SPI.c ****             /* Set TX direction internal variables */
ARM GAS  C:\Users\ALEXAN~1\AppData\Local\Temp\ccZWitVv.s 			page 3


  90:.\Generated_Source\PSoC4/SPIS_1_SPI.c ****             SPIS_1_txBuffer      =         config->txBuffer;
  91:.\Generated_Source\PSoC4/SPIS_1_SPI.c ****             SPIS_1_txDataBits    = (uint8) config->txDataBits;
  92:.\Generated_Source\PSoC4/SPIS_1_SPI.c ****             SPIS_1_txBufferSize  = (uint8) config->txBufferSize;
  93:.\Generated_Source\PSoC4/SPIS_1_SPI.c **** 
  94:.\Generated_Source\PSoC4/SPIS_1_SPI.c **** 
  95:.\Generated_Source\PSoC4/SPIS_1_SPI.c ****             /* Configure SPI interface */
  96:.\Generated_Source\PSoC4/SPIS_1_SPI.c ****             SPIS_1_CTRL_REG     = SPIS_1_GET_CTRL_OVS(config->oversample)        |
  97:.\Generated_Source\PSoC4/SPIS_1_SPI.c ****                                             SPIS_1_GET_CTRL_EC_AM_MODE(config->enableWake) |
  98:.\Generated_Source\PSoC4/SPIS_1_SPI.c ****                                             SPIS_1_CTRL_SPI;
  99:.\Generated_Source\PSoC4/SPIS_1_SPI.c **** 
 100:.\Generated_Source\PSoC4/SPIS_1_SPI.c ****             SPIS_1_SPI_CTRL_REG = SPIS_1_GET_SPI_CTRL_CONTINUOUS    (config->transferSeperation)  |
 101:.\Generated_Source\PSoC4/SPIS_1_SPI.c ****                                             SPIS_1_GET_SPI_CTRL_SELECT_PRECEDE(config->submode &
 102:.\Generated_Source\PSoC4/SPIS_1_SPI.c ****                                                                           SPIS_1_SPI_MODE_TI_PRECED
 103:.\Generated_Source\PSoC4/SPIS_1_SPI.c ****                                             SPIS_1_GET_SPI_CTRL_SCLK_MODE     (config->sclkMode)   
 104:.\Generated_Source\PSoC4/SPIS_1_SPI.c ****                                             SPIS_1_GET_SPI_CTRL_LATE_MISO_SAMPLE(config->enableLate
 105:.\Generated_Source\PSoC4/SPIS_1_SPI.c ****                                             SPIS_1_GET_SPI_CTRL_SUB_MODE      (config->submode)    
 106:.\Generated_Source\PSoC4/SPIS_1_SPI.c ****                                             SPIS_1_GET_SPI_CTRL_MASTER_MODE   (config->mode);
 107:.\Generated_Source\PSoC4/SPIS_1_SPI.c **** 
 108:.\Generated_Source\PSoC4/SPIS_1_SPI.c ****             /* Configure RX direction */
 109:.\Generated_Source\PSoC4/SPIS_1_SPI.c ****             SPIS_1_RX_CTRL_REG     =  SPIS_1_GET_RX_CTRL_DATA_WIDTH(config->rxDataBits)         |
 110:.\Generated_Source\PSoC4/SPIS_1_SPI.c ****                                                 SPIS_1_GET_RX_CTRL_BIT_ORDER (config->bitOrder)    
 111:.\Generated_Source\PSoC4/SPIS_1_SPI.c ****                                                 SPIS_1_GET_RX_CTRL_MEDIAN    (config->enableMedianF
 112:.\Generated_Source\PSoC4/SPIS_1_SPI.c ****                                                 SPIS_1_SPI_RX_CTRL;
 113:.\Generated_Source\PSoC4/SPIS_1_SPI.c **** 
 114:.\Generated_Source\PSoC4/SPIS_1_SPI.c ****             SPIS_1_RX_FIFO_CTRL_REG = SPIS_1_GET_RX_FIFO_CTRL_TRIGGER_LEVEL(config->rxTriggerLevel)
 115:.\Generated_Source\PSoC4/SPIS_1_SPI.c **** 
 116:.\Generated_Source\PSoC4/SPIS_1_SPI.c ****             /* Configure TX direction */
 117:.\Generated_Source\PSoC4/SPIS_1_SPI.c ****             SPIS_1_TX_CTRL_REG      = SPIS_1_GET_TX_CTRL_DATA_WIDTH(config->txDataBits) |
 118:.\Generated_Source\PSoC4/SPIS_1_SPI.c ****                                                 SPIS_1_GET_TX_CTRL_BIT_ORDER (config->bitOrder)   |
 119:.\Generated_Source\PSoC4/SPIS_1_SPI.c ****                                                 SPIS_1_SPI_TX_CTRL;
 120:.\Generated_Source\PSoC4/SPIS_1_SPI.c **** 
 121:.\Generated_Source\PSoC4/SPIS_1_SPI.c ****             SPIS_1_TX_FIFO_CTRL_REG = SPIS_1_GET_TX_FIFO_CTRL_TRIGGER_LEVEL(config->txTriggerLevel)
 122:.\Generated_Source\PSoC4/SPIS_1_SPI.c **** 
 123:.\Generated_Source\PSoC4/SPIS_1_SPI.c ****             /* Configure interrupt with SPI handler */
 124:.\Generated_Source\PSoC4/SPIS_1_SPI.c ****             SPIS_1_SCB_IRQ_Disable();
 125:.\Generated_Source\PSoC4/SPIS_1_SPI.c ****             SPIS_1_SCB_IRQ_SetVector(&SPIS_1_SPI_UART_ISR);
 126:.\Generated_Source\PSoC4/SPIS_1_SPI.c ****             SPIS_1_SCB_IRQ_SetPriority((uint8)SPIS_1_SCB_IRQ_INTC_PRIOR_NUMBER);
 127:.\Generated_Source\PSoC4/SPIS_1_SPI.c **** 
 128:.\Generated_Source\PSoC4/SPIS_1_SPI.c ****             /* Configure interrupt sources */
 129:.\Generated_Source\PSoC4/SPIS_1_SPI.c ****             SPIS_1_INTR_I2C_EC_MASK_REG = SPIS_1_NO_INTR_SOURCES;
 130:.\Generated_Source\PSoC4/SPIS_1_SPI.c ****             SPIS_1_INTR_SPI_EC_MASK_REG = SPIS_1_NO_INTR_SOURCES;
 131:.\Generated_Source\PSoC4/SPIS_1_SPI.c ****             SPIS_1_INTR_SLAVE_MASK_REG  = SPIS_1_GET_SPI_INTR_SLAVE_MASK(config->rxInterruptMask);
 132:.\Generated_Source\PSoC4/SPIS_1_SPI.c ****             SPIS_1_INTR_MASTER_MASK_REG = SPIS_1_GET_SPI_INTR_MASTER_MASK(config->txInterruptMask);
 133:.\Generated_Source\PSoC4/SPIS_1_SPI.c ****             SPIS_1_INTR_RX_MASK_REG     = SPIS_1_GET_SPI_INTR_RX_MASK(config->rxInterruptMask);
 134:.\Generated_Source\PSoC4/SPIS_1_SPI.c ****             SPIS_1_INTR_TX_MASK_REG     = SPIS_1_GET_SPI_INTR_TX_MASK(config->txInterruptMask);
 135:.\Generated_Source\PSoC4/SPIS_1_SPI.c **** 
 136:.\Generated_Source\PSoC4/SPIS_1_SPI.c **** 
 137:.\Generated_Source\PSoC4/SPIS_1_SPI.c ****             /* Clear RX buffer indexes */
 138:.\Generated_Source\PSoC4/SPIS_1_SPI.c ****             SPIS_1_rxBufferHead     = 0u;
 139:.\Generated_Source\PSoC4/SPIS_1_SPI.c ****             SPIS_1_rxBufferTail     = 0u;
 140:.\Generated_Source\PSoC4/SPIS_1_SPI.c ****             SPIS_1_rxBufferOverflow = 0u;
 141:.\Generated_Source\PSoC4/SPIS_1_SPI.c **** 
 142:.\Generated_Source\PSoC4/SPIS_1_SPI.c ****             /* Clrea TX buffer indexes */
 143:.\Generated_Source\PSoC4/SPIS_1_SPI.c ****             SPIS_1_txBufferHead = 0u;
 144:.\Generated_Source\PSoC4/SPIS_1_SPI.c ****             SPIS_1_txBufferTail = 0u;
 145:.\Generated_Source\PSoC4/SPIS_1_SPI.c ****         }
 146:.\Generated_Source\PSoC4/SPIS_1_SPI.c ****     }
ARM GAS  C:\Users\ALEXAN~1\AppData\Local\Temp\ccZWitVv.s 			page 4


 147:.\Generated_Source\PSoC4/SPIS_1_SPI.c **** 
 148:.\Generated_Source\PSoC4/SPIS_1_SPI.c **** #else
 149:.\Generated_Source\PSoC4/SPIS_1_SPI.c **** 
 150:.\Generated_Source\PSoC4/SPIS_1_SPI.c ****     /*******************************************************************************
 151:.\Generated_Source\PSoC4/SPIS_1_SPI.c ****     * Function Name: SPIS_1_SpiInit
 152:.\Generated_Source\PSoC4/SPIS_1_SPI.c ****     ********************************************************************************
 153:.\Generated_Source\PSoC4/SPIS_1_SPI.c ****     *
 154:.\Generated_Source\PSoC4/SPIS_1_SPI.c ****     * Summary:
 155:.\Generated_Source\PSoC4/SPIS_1_SPI.c ****     *  Configures the SCB for SPI operation.
 156:.\Generated_Source\PSoC4/SPIS_1_SPI.c ****     *
 157:.\Generated_Source\PSoC4/SPIS_1_SPI.c ****     * Parameters:
 158:.\Generated_Source\PSoC4/SPIS_1_SPI.c ****     *  None
 159:.\Generated_Source\PSoC4/SPIS_1_SPI.c ****     *
 160:.\Generated_Source\PSoC4/SPIS_1_SPI.c ****     * Return:
 161:.\Generated_Source\PSoC4/SPIS_1_SPI.c ****     *  None
 162:.\Generated_Source\PSoC4/SPIS_1_SPI.c ****     *
 163:.\Generated_Source\PSoC4/SPIS_1_SPI.c ****     *******************************************************************************/
 164:.\Generated_Source\PSoC4/SPIS_1_SPI.c ****     void SPIS_1_SpiInit(void)
 165:.\Generated_Source\PSoC4/SPIS_1_SPI.c ****     {
  26              		.loc 1 165 0
  27              		.cfi_startproc
  28 0000 80B5     		push	{r7, lr}
  29              	.LCFI0:
  30              		.cfi_def_cfa_offset 8
  31              		.cfi_offset 7, -8
  32              		.cfi_offset 14, -4
  33 0002 00AF     		add	r7, sp, #0
  34              	.LCFI1:
  35              		.cfi_def_cfa_register 7
 166:.\Generated_Source\PSoC4/SPIS_1_SPI.c ****         /* Configure SPI interface */
 167:.\Generated_Source\PSoC4/SPIS_1_SPI.c ****         SPIS_1_CTRL_REG     = SPIS_1_SPI_DEFAULT_CTRL;
  36              		.loc 1 167 0
  37 0004 174B     		ldr	r3, .L2
  38 0006 184A     		ldr	r2, .L2+4
  39 0008 1A60     		str	r2, [r3]
 168:.\Generated_Source\PSoC4/SPIS_1_SPI.c ****         SPIS_1_SPI_CTRL_REG = SPIS_1_SPI_DEFAULT_SPI_CTRL;
  40              		.loc 1 168 0
  41 000a 184B     		ldr	r3, .L2+8
  42 000c 0D22     		mov	r2, #13
  43 000e 1A60     		str	r2, [r3]
 169:.\Generated_Source\PSoC4/SPIS_1_SPI.c **** 
 170:.\Generated_Source\PSoC4/SPIS_1_SPI.c ****         /* Configure TX and RX direction */
 171:.\Generated_Source\PSoC4/SPIS_1_SPI.c ****         SPIS_1_RX_CTRL_REG      = SPIS_1_SPI_DEFAULT_RX_CTRL;
  44              		.loc 1 171 0
  45 0010 174B     		ldr	r3, .L2+12
  46 0012 184A     		ldr	r2, .L2+16
  47 0014 1A60     		str	r2, [r3]
 172:.\Generated_Source\PSoC4/SPIS_1_SPI.c ****         SPIS_1_RX_FIFO_CTRL_REG = SPIS_1_SPI_DEFAULT_RX_FIFO_CTRL;
  48              		.loc 1 172 0
  49 0016 184B     		ldr	r3, .L2+20
  50 0018 0722     		mov	r2, #7
  51 001a 1A60     		str	r2, [r3]
 173:.\Generated_Source\PSoC4/SPIS_1_SPI.c **** 
 174:.\Generated_Source\PSoC4/SPIS_1_SPI.c ****         /* Configure TX and RX direction */
 175:.\Generated_Source\PSoC4/SPIS_1_SPI.c ****         SPIS_1_TX_CTRL_REG      = SPIS_1_SPI_DEFAULT_TX_CTRL;
  52              		.loc 1 175 0
  53 001c 174B     		ldr	r3, .L2+24
ARM GAS  C:\Users\ALEXAN~1\AppData\Local\Temp\ccZWitVv.s 			page 5


  54 001e 154A     		ldr	r2, .L2+16
  55 0020 1A60     		str	r2, [r3]
 176:.\Generated_Source\PSoC4/SPIS_1_SPI.c ****         SPIS_1_TX_FIFO_CTRL_REG = SPIS_1_SPI_DEFAULT_TX_FIFO_CTRL;
  56              		.loc 1 176 0
  57 0022 174B     		ldr	r3, .L2+28
  58 0024 0022     		mov	r2, #0
  59 0026 1A60     		str	r2, [r3]
 177:.\Generated_Source\PSoC4/SPIS_1_SPI.c **** 
 178:.\Generated_Source\PSoC4/SPIS_1_SPI.c ****         /* Configure interrupt with SPI handler */
 179:.\Generated_Source\PSoC4/SPIS_1_SPI.c ****         #if(SPIS_1_SCB_IRQ_INTERNAL)
 180:.\Generated_Source\PSoC4/SPIS_1_SPI.c ****             SPIS_1_SCB_IRQ_Disable();
  60              		.loc 1 180 0
  61 0028 FFF7FEFF 		bl	SPIS_1_SCB_IRQ_Disable
 181:.\Generated_Source\PSoC4/SPIS_1_SPI.c ****             SPIS_1_SCB_IRQ_SetVector(&SPIS_1_SPI_UART_ISR);
  62              		.loc 1 181 0
  63 002c 154B     		ldr	r3, .L2+32
  64 002e 181C     		mov	r0, r3
  65 0030 FFF7FEFF 		bl	SPIS_1_SCB_IRQ_SetVector
 182:.\Generated_Source\PSoC4/SPIS_1_SPI.c ****             SPIS_1_SCB_IRQ_SetPriority((uint8)SPIS_1_SCB_IRQ_INTC_PRIOR_NUMBER);
  66              		.loc 1 182 0
  67 0034 0320     		mov	r0, #3
  68 0036 FFF7FEFF 		bl	SPIS_1_SCB_IRQ_SetPriority
 183:.\Generated_Source\PSoC4/SPIS_1_SPI.c ****         #endif /* (SPIS_1_SCB_IRQ_INTERNAL) */
 184:.\Generated_Source\PSoC4/SPIS_1_SPI.c ****         
 185:.\Generated_Source\PSoC4/SPIS_1_SPI.c ****         /* Configure interrupt sources */
 186:.\Generated_Source\PSoC4/SPIS_1_SPI.c ****         SPIS_1_INTR_I2C_EC_MASK_REG = SPIS_1_SPI_DEFAULT_INTR_I2C_EC_MASK;
  69              		.loc 1 186 0
  70 003a 134B     		ldr	r3, .L2+36
  71 003c 0022     		mov	r2, #0
  72 003e 1A60     		str	r2, [r3]
 187:.\Generated_Source\PSoC4/SPIS_1_SPI.c ****         SPIS_1_INTR_SPI_EC_MASK_REG = SPIS_1_SPI_DEFAULT_INTR_SPI_EC_MASK;
  73              		.loc 1 187 0
  74 0040 124B     		ldr	r3, .L2+40
  75 0042 0022     		mov	r2, #0
  76 0044 1A60     		str	r2, [r3]
 188:.\Generated_Source\PSoC4/SPIS_1_SPI.c ****         SPIS_1_INTR_SLAVE_MASK_REG  = SPIS_1_SPI_DEFAULT_INTR_SLAVE_MASK;
  77              		.loc 1 188 0
  78 0046 124B     		ldr	r3, .L2+44
  79 0048 0022     		mov	r2, #0
  80 004a 1A60     		str	r2, [r3]
 189:.\Generated_Source\PSoC4/SPIS_1_SPI.c ****         SPIS_1_INTR_MASTER_MASK_REG = SPIS_1_SPI_DEFAULT_INTR_MASTER_MASK;
  81              		.loc 1 189 0
  82 004c 114B     		ldr	r3, .L2+48
  83 004e 0022     		mov	r2, #0
  84 0050 1A60     		str	r2, [r3]
 190:.\Generated_Source\PSoC4/SPIS_1_SPI.c ****         SPIS_1_INTR_RX_MASK_REG     = SPIS_1_SPI_DEFAULT_INTR_RX_MASK;
  85              		.loc 1 190 0
  86 0052 114B     		ldr	r3, .L2+52
  87 0054 0C22     		mov	r2, #12
  88 0056 1A60     		str	r2, [r3]
 191:.\Generated_Source\PSoC4/SPIS_1_SPI.c ****         SPIS_1_INTR_TX_MASK_REG     = SPIS_1_SPI_DEFAULT_INTR_TX_MASK;
  89              		.loc 1 191 0
  90 0058 104B     		ldr	r3, .L2+56
  91 005a 0022     		mov	r2, #0
  92 005c 1A60     		str	r2, [r3]
 192:.\Generated_Source\PSoC4/SPIS_1_SPI.c **** 
 193:.\Generated_Source\PSoC4/SPIS_1_SPI.c ****         #if(SPIS_1_INTERNAL_RX_SW_BUFFER_CONST)
ARM GAS  C:\Users\ALEXAN~1\AppData\Local\Temp\ccZWitVv.s 			page 6


 194:.\Generated_Source\PSoC4/SPIS_1_SPI.c ****             SPIS_1_rxBufferHead     = 0u;
 195:.\Generated_Source\PSoC4/SPIS_1_SPI.c ****             SPIS_1_rxBufferTail     = 0u;
 196:.\Generated_Source\PSoC4/SPIS_1_SPI.c ****             SPIS_1_rxBufferOverflow = 0u;
 197:.\Generated_Source\PSoC4/SPIS_1_SPI.c ****         #endif /* (SPIS_1_INTERNAL_RX_SW_BUFFER_CONST) */
 198:.\Generated_Source\PSoC4/SPIS_1_SPI.c **** 
 199:.\Generated_Source\PSoC4/SPIS_1_SPI.c ****         #if(SPIS_1_INTERNAL_TX_SW_BUFFER_CONST)
 200:.\Generated_Source\PSoC4/SPIS_1_SPI.c ****             SPIS_1_txBufferHead = 0u;
 201:.\Generated_Source\PSoC4/SPIS_1_SPI.c ****             SPIS_1_txBufferTail = 0u;
 202:.\Generated_Source\PSoC4/SPIS_1_SPI.c ****         #endif /* (SPIS_1_INTERNAL_TX_SW_BUFFER_CONST) */
 203:.\Generated_Source\PSoC4/SPIS_1_SPI.c ****     }
  93              		.loc 1 203 0
  94 005e BD46     		mov	sp, r7
  95              		@ sp needed for prologue
  96 0060 80BD     		pop	{r7, pc}
  97              	.L3:
  98 0062 C046     		.align	2
  99              	.L2:
 100 0064 00000740 		.word	1074200576
 101 0068 0B000001 		.word	16777227
 102 006c 20000740 		.word	1074200608
 103 0070 00030740 		.word	1074201344
 104 0074 0F010080 		.word	-2147483377
 105 0078 04030740 		.word	1074201348
 106 007c 00020740 		.word	1074201088
 107 0080 04020740 		.word	1074201092
 108 0084 00000000 		.word	SPIS_1_SPI_UART_ISR
 109 0088 880E0740 		.word	1074204296
 110 008c C80E0740 		.word	1074204360
 111 0090 480F0740 		.word	1074204488
 112 0094 080F0740 		.word	1074204424
 113 0098 C80F0740 		.word	1074204616
 114 009c 880F0740 		.word	1074204552
 115              		.cfi_endproc
 116              	.LFE0:
 117              		.size	SPIS_1_SpiInit, .-SPIS_1_SpiInit
 118              		.section	.text.SPIS_1_SpiSetActiveSlaveSelect,"ax",%progbits
 119              		.align	2
 120              		.global	SPIS_1_SpiSetActiveSlaveSelect
 121              		.code	16
 122              		.thumb_func
 123              		.type	SPIS_1_SpiSetActiveSlaveSelect, %function
 124              	SPIS_1_SpiSetActiveSlaveSelect:
 125              	.LFB1:
 204:.\Generated_Source\PSoC4/SPIS_1_SPI.c **** 
 205:.\Generated_Source\PSoC4/SPIS_1_SPI.c **** #endif /* (SPIS_1_SCB_MODE_UNCONFIG_CONST_CFG) */
 206:.\Generated_Source\PSoC4/SPIS_1_SPI.c **** 
 207:.\Generated_Source\PSoC4/SPIS_1_SPI.c **** 
 208:.\Generated_Source\PSoC4/SPIS_1_SPI.c **** /*******************************************************************************
 209:.\Generated_Source\PSoC4/SPIS_1_SPI.c **** * Function Name: SPIS_1_SetActiveSlaveSelect
 210:.\Generated_Source\PSoC4/SPIS_1_SPI.c **** ********************************************************************************
 211:.\Generated_Source\PSoC4/SPIS_1_SPI.c **** *
 212:.\Generated_Source\PSoC4/SPIS_1_SPI.c **** * Summary:
 213:.\Generated_Source\PSoC4/SPIS_1_SPI.c **** *  Selects one of the four SPI slave select signals.
 214:.\Generated_Source\PSoC4/SPIS_1_SPI.c **** *  The component should be in one of the following states to change the active
 215:.\Generated_Source\PSoC4/SPIS_1_SPI.c **** *  slave select signal source correctly:
 216:.\Generated_Source\PSoC4/SPIS_1_SPI.c **** *   - the component is disabled
 217:.\Generated_Source\PSoC4/SPIS_1_SPI.c **** *   - the component has completed all transactions (TX FIFO is empty and the
ARM GAS  C:\Users\ALEXAN~1\AppData\Local\Temp\ccZWitVv.s 			page 7


 218:.\Generated_Source\PSoC4/SPIS_1_SPI.c **** *     SpiDone flag is set)
 219:.\Generated_Source\PSoC4/SPIS_1_SPI.c **** *  This function does not check that these conditions are met.
 220:.\Generated_Source\PSoC4/SPIS_1_SPI.c **** *  At initialization time the active slave select line is slave select 0.
 221:.\Generated_Source\PSoC4/SPIS_1_SPI.c **** *
 222:.\Generated_Source\PSoC4/SPIS_1_SPI.c **** * Parameters:
 223:.\Generated_Source\PSoC4/SPIS_1_SPI.c **** *  activeSelect: The four lines available to utilize Slave Select function.
 224:.\Generated_Source\PSoC4/SPIS_1_SPI.c **** *
 225:.\Generated_Source\PSoC4/SPIS_1_SPI.c **** * Return:
 226:.\Generated_Source\PSoC4/SPIS_1_SPI.c **** *  None
 227:.\Generated_Source\PSoC4/SPIS_1_SPI.c **** *
 228:.\Generated_Source\PSoC4/SPIS_1_SPI.c **** *******************************************************************************/
 229:.\Generated_Source\PSoC4/SPIS_1_SPI.c **** void SPIS_1_SpiSetActiveSlaveSelect(uint32 activeSelect)
 230:.\Generated_Source\PSoC4/SPIS_1_SPI.c **** {
 126              		.loc 1 230 0
 127              		.cfi_startproc
 128 0000 80B5     		push	{r7, lr}
 129              	.LCFI2:
 130              		.cfi_def_cfa_offset 8
 131              		.cfi_offset 7, -8
 132              		.cfi_offset 14, -4
 133 0002 84B0     		sub	sp, sp, #16
 134              	.LCFI3:
 135              		.cfi_def_cfa_offset 24
 136 0004 00AF     		add	r7, sp, #0
 137              	.LCFI4:
 138              		.cfi_def_cfa_register 7
 139 0006 7860     		str	r0, [r7, #4]
 231:.\Generated_Source\PSoC4/SPIS_1_SPI.c ****     uint32 spiCtrl;
 232:.\Generated_Source\PSoC4/SPIS_1_SPI.c **** 
 233:.\Generated_Source\PSoC4/SPIS_1_SPI.c ****     spiCtrl = SPIS_1_SPI_CTRL_REG;
 140              		.loc 1 233 0
 141 0008 0A4B     		ldr	r3, .L5
 142 000a 1B68     		ldr	r3, [r3]
 143 000c FB60     		str	r3, [r7, #12]
 234:.\Generated_Source\PSoC4/SPIS_1_SPI.c **** 
 235:.\Generated_Source\PSoC4/SPIS_1_SPI.c ****     spiCtrl &= (uint32) ~SPIS_1_SPI_CTRL_SLAVE_SELECT_MASK; /* Clear SS bits */
 144              		.loc 1 235 0
 145 000e FA68     		ldr	r2, [r7, #12]
 146 0010 094B     		ldr	r3, .L5+4
 147 0012 1340     		and	r3, r2
 148 0014 FB60     		str	r3, [r7, #12]
 236:.\Generated_Source\PSoC4/SPIS_1_SPI.c ****     spiCtrl |= (uint32)  SPIS_1_GET_SPI_CTRL_SS(activeSelect);
 149              		.loc 1 236 0
 150 0016 7B68     		ldr	r3, [r7, #4]
 151 0018 9A06     		lsl	r2, r3, #26
 152 001a C023     		mov	r3, #192
 153 001c 1B05     		lsl	r3, r3, #20
 154 001e 1340     		and	r3, r2
 155 0020 FA68     		ldr	r2, [r7, #12]
 156 0022 1343     		orr	r3, r2
 157 0024 FB60     		str	r3, [r7, #12]
 237:.\Generated_Source\PSoC4/SPIS_1_SPI.c **** 
 238:.\Generated_Source\PSoC4/SPIS_1_SPI.c ****     SPIS_1_SPI_CTRL_REG = spiCtrl;
 158              		.loc 1 238 0
 159 0026 034B     		ldr	r3, .L5
 160 0028 FA68     		ldr	r2, [r7, #12]
 161 002a 1A60     		str	r2, [r3]
ARM GAS  C:\Users\ALEXAN~1\AppData\Local\Temp\ccZWitVv.s 			page 8


 239:.\Generated_Source\PSoC4/SPIS_1_SPI.c **** }
 162              		.loc 1 239 0
 163 002c BD46     		mov	sp, r7
 164 002e 04B0     		add	sp, sp, #16
 165              		@ sp needed for prologue
 166 0030 80BD     		pop	{r7, pc}
 167              	.L6:
 168 0032 C046     		.align	2
 169              	.L5:
 170 0034 20000740 		.word	1074200608
 171 0038 FFFFFFF3 		.word	-201326593
 172              		.cfi_endproc
 173              	.LFE1:
 174              		.size	SPIS_1_SpiSetActiveSlaveSelect, .-SPIS_1_SpiSetActiveSlaveSelect
 175              		.text
 176              	.Letext0:
 177              		.file 2 ".\\Generated_Source\\PSoC4\\cytypes.h"
 178              		.section	.debug_info,"",%progbits
 179              	.Ldebug_info0:
 180 0000 F7000000 		.4byte	0xf7
 181 0004 0200     		.2byte	0x2
 182 0006 00000000 		.4byte	.Ldebug_abbrev0
 183 000a 04       		.byte	0x4
 184 000b 01       		.uleb128 0x1
 185 000c 22000000 		.4byte	.LASF16
 186 0010 01       		.byte	0x1
 187 0011 20010000 		.4byte	.LASF17
 188 0015 9A000000 		.4byte	.LASF18
 189 0019 00000000 		.4byte	.Ldebug_ranges0+0
 190 001d 00000000 		.4byte	0
 191 0021 00000000 		.4byte	0
 192 0025 00000000 		.4byte	.Ldebug_line0
 193 0029 02       		.uleb128 0x2
 194 002a 01       		.byte	0x1
 195 002b 06       		.byte	0x6
 196 002c 14010000 		.4byte	.LASF0
 197 0030 02       		.uleb128 0x2
 198 0031 01       		.byte	0x1
 199 0032 08       		.byte	0x8
 200 0033 B9000000 		.4byte	.LASF1
 201 0037 02       		.uleb128 0x2
 202 0038 02       		.byte	0x2
 203 0039 05       		.byte	0x5
 204 003a 61010000 		.4byte	.LASF2
 205 003e 02       		.uleb128 0x2
 206 003f 02       		.byte	0x2
 207 0040 07       		.byte	0x7
 208 0041 01010000 		.4byte	.LASF3
 209 0045 02       		.uleb128 0x2
 210 0046 04       		.byte	0x4
 211 0047 05       		.byte	0x5
 212 0048 EB000000 		.4byte	.LASF4
 213 004c 02       		.uleb128 0x2
 214 004d 04       		.byte	0x4
 215 004e 07       		.byte	0x7
 216 004f 71000000 		.4byte	.LASF5
 217 0053 02       		.uleb128 0x2
ARM GAS  C:\Users\ALEXAN~1\AppData\Local\Temp\ccZWitVv.s 			page 9


 218 0054 08       		.byte	0x8
 219 0055 05       		.byte	0x5
 220 0056 00000000 		.4byte	.LASF6
 221 005a 02       		.uleb128 0x2
 222 005b 08       		.byte	0x8
 223 005c 07       		.byte	0x7
 224 005d 83000000 		.4byte	.LASF7
 225 0061 03       		.uleb128 0x3
 226 0062 04       		.byte	0x4
 227 0063 05       		.byte	0x5
 228 0064 696E7400 		.ascii	"int\000"
 229 0068 02       		.uleb128 0x2
 230 0069 04       		.byte	0x4
 231 006a 07       		.byte	0x7
 232 006b 15000000 		.4byte	.LASF8
 233 006f 04       		.uleb128 0x4
 234 0070 6B000000 		.4byte	.LASF9
 235 0074 02       		.byte	0x2
 236 0075 5B       		.byte	0x5b
 237 0076 30000000 		.4byte	0x30
 238 007a 04       		.uleb128 0x4
 239 007b 0E000000 		.4byte	.LASF10
 240 007f 02       		.byte	0x2
 241 0080 5D       		.byte	0x5d
 242 0081 4C000000 		.4byte	0x4c
 243 0085 02       		.uleb128 0x2
 244 0086 04       		.byte	0x4
 245 0087 04       		.byte	0x4
 246 0088 53010000 		.4byte	.LASF11
 247 008c 02       		.uleb128 0x2
 248 008d 08       		.byte	0x8
 249 008e 04       		.byte	0x4
 250 008f F4000000 		.4byte	.LASF12
 251 0093 02       		.uleb128 0x2
 252 0094 01       		.byte	0x1
 253 0095 08       		.byte	0x8
 254 0096 E6000000 		.4byte	.LASF13
 255 009a 04       		.uleb128 0x4
 256 009b FB000000 		.4byte	.LASF14
 257 009f 02       		.byte	0x2
 258 00a0 F2       		.byte	0xf2
 259 00a1 A5000000 		.4byte	0xa5
 260 00a5 05       		.uleb128 0x5
 261 00a6 7A000000 		.4byte	0x7a
 262 00aa 02       		.uleb128 0x2
 263 00ab 04       		.byte	0x4
 264 00ac 07       		.byte	0x7
 265 00ad 6B010000 		.4byte	.LASF15
 266 00b1 06       		.uleb128 0x6
 267 00b2 01       		.byte	0x1
 268 00b3 74010000 		.4byte	.LASF19
 269 00b7 01       		.byte	0x1
 270 00b8 A4       		.byte	0xa4
 271 00b9 01       		.byte	0x1
 272 00ba 00000000 		.4byte	.LFB0
 273 00be A0000000 		.4byte	.LFE0
 274 00c2 00000000 		.4byte	.LLST0
ARM GAS  C:\Users\ALEXAN~1\AppData\Local\Temp\ccZWitVv.s 			page 10


 275 00c6 01       		.byte	0x1
 276 00c7 07       		.uleb128 0x7
 277 00c8 01       		.byte	0x1
 278 00c9 C7000000 		.4byte	.LASF20
 279 00cd 01       		.byte	0x1
 280 00ce E5       		.byte	0xe5
 281 00cf 01       		.byte	0x1
 282 00d0 00000000 		.4byte	.LFB1
 283 00d4 3C000000 		.4byte	.LFE1
 284 00d8 2C000000 		.4byte	.LLST1
 285 00dc 01       		.byte	0x1
 286 00dd 08       		.uleb128 0x8
 287 00de 46010000 		.4byte	.LASF21
 288 00e2 01       		.byte	0x1
 289 00e3 E5       		.byte	0xe5
 290 00e4 7A000000 		.4byte	0x7a
 291 00e8 02       		.byte	0x2
 292 00e9 91       		.byte	0x91
 293 00ea 6C       		.sleb128 -20
 294 00eb 09       		.uleb128 0x9
 295 00ec 59010000 		.4byte	.LASF22
 296 00f0 01       		.byte	0x1
 297 00f1 E7       		.byte	0xe7
 298 00f2 7A000000 		.4byte	0x7a
 299 00f6 02       		.byte	0x2
 300 00f7 91       		.byte	0x91
 301 00f8 74       		.sleb128 -12
 302 00f9 00       		.byte	0
 303 00fa 00       		.byte	0
 304              		.section	.debug_abbrev,"",%progbits
 305              	.Ldebug_abbrev0:
 306 0000 01       		.uleb128 0x1
 307 0001 11       		.uleb128 0x11
 308 0002 01       		.byte	0x1
 309 0003 25       		.uleb128 0x25
 310 0004 0E       		.uleb128 0xe
 311 0005 13       		.uleb128 0x13
 312 0006 0B       		.uleb128 0xb
 313 0007 03       		.uleb128 0x3
 314 0008 0E       		.uleb128 0xe
 315 0009 1B       		.uleb128 0x1b
 316 000a 0E       		.uleb128 0xe
 317 000b 55       		.uleb128 0x55
 318 000c 06       		.uleb128 0x6
 319 000d 11       		.uleb128 0x11
 320 000e 01       		.uleb128 0x1
 321 000f 52       		.uleb128 0x52
 322 0010 01       		.uleb128 0x1
 323 0011 10       		.uleb128 0x10
 324 0012 06       		.uleb128 0x6
 325 0013 00       		.byte	0
 326 0014 00       		.byte	0
 327 0015 02       		.uleb128 0x2
 328 0016 24       		.uleb128 0x24
 329 0017 00       		.byte	0
 330 0018 0B       		.uleb128 0xb
 331 0019 0B       		.uleb128 0xb
ARM GAS  C:\Users\ALEXAN~1\AppData\Local\Temp\ccZWitVv.s 			page 11


 332 001a 3E       		.uleb128 0x3e
 333 001b 0B       		.uleb128 0xb
 334 001c 03       		.uleb128 0x3
 335 001d 0E       		.uleb128 0xe
 336 001e 00       		.byte	0
 337 001f 00       		.byte	0
 338 0020 03       		.uleb128 0x3
 339 0021 24       		.uleb128 0x24
 340 0022 00       		.byte	0
 341 0023 0B       		.uleb128 0xb
 342 0024 0B       		.uleb128 0xb
 343 0025 3E       		.uleb128 0x3e
 344 0026 0B       		.uleb128 0xb
 345 0027 03       		.uleb128 0x3
 346 0028 08       		.uleb128 0x8
 347 0029 00       		.byte	0
 348 002a 00       		.byte	0
 349 002b 04       		.uleb128 0x4
 350 002c 16       		.uleb128 0x16
 351 002d 00       		.byte	0
 352 002e 03       		.uleb128 0x3
 353 002f 0E       		.uleb128 0xe
 354 0030 3A       		.uleb128 0x3a
 355 0031 0B       		.uleb128 0xb
 356 0032 3B       		.uleb128 0x3b
 357 0033 0B       		.uleb128 0xb
 358 0034 49       		.uleb128 0x49
 359 0035 13       		.uleb128 0x13
 360 0036 00       		.byte	0
 361 0037 00       		.byte	0
 362 0038 05       		.uleb128 0x5
 363 0039 35       		.uleb128 0x35
 364 003a 00       		.byte	0
 365 003b 49       		.uleb128 0x49
 366 003c 13       		.uleb128 0x13
 367 003d 00       		.byte	0
 368 003e 00       		.byte	0
 369 003f 06       		.uleb128 0x6
 370 0040 2E       		.uleb128 0x2e
 371 0041 00       		.byte	0
 372 0042 3F       		.uleb128 0x3f
 373 0043 0C       		.uleb128 0xc
 374 0044 03       		.uleb128 0x3
 375 0045 0E       		.uleb128 0xe
 376 0046 3A       		.uleb128 0x3a
 377 0047 0B       		.uleb128 0xb
 378 0048 3B       		.uleb128 0x3b
 379 0049 0B       		.uleb128 0xb
 380 004a 27       		.uleb128 0x27
 381 004b 0C       		.uleb128 0xc
 382 004c 11       		.uleb128 0x11
 383 004d 01       		.uleb128 0x1
 384 004e 12       		.uleb128 0x12
 385 004f 01       		.uleb128 0x1
 386 0050 40       		.uleb128 0x40
 387 0051 06       		.uleb128 0x6
 388 0052 9642     		.uleb128 0x2116
ARM GAS  C:\Users\ALEXAN~1\AppData\Local\Temp\ccZWitVv.s 			page 12


 389 0054 0C       		.uleb128 0xc
 390 0055 00       		.byte	0
 391 0056 00       		.byte	0
 392 0057 07       		.uleb128 0x7
 393 0058 2E       		.uleb128 0x2e
 394 0059 01       		.byte	0x1
 395 005a 3F       		.uleb128 0x3f
 396 005b 0C       		.uleb128 0xc
 397 005c 03       		.uleb128 0x3
 398 005d 0E       		.uleb128 0xe
 399 005e 3A       		.uleb128 0x3a
 400 005f 0B       		.uleb128 0xb
 401 0060 3B       		.uleb128 0x3b
 402 0061 0B       		.uleb128 0xb
 403 0062 27       		.uleb128 0x27
 404 0063 0C       		.uleb128 0xc
 405 0064 11       		.uleb128 0x11
 406 0065 01       		.uleb128 0x1
 407 0066 12       		.uleb128 0x12
 408 0067 01       		.uleb128 0x1
 409 0068 40       		.uleb128 0x40
 410 0069 06       		.uleb128 0x6
 411 006a 9742     		.uleb128 0x2117
 412 006c 0C       		.uleb128 0xc
 413 006d 00       		.byte	0
 414 006e 00       		.byte	0
 415 006f 08       		.uleb128 0x8
 416 0070 05       		.uleb128 0x5
 417 0071 00       		.byte	0
 418 0072 03       		.uleb128 0x3
 419 0073 0E       		.uleb128 0xe
 420 0074 3A       		.uleb128 0x3a
 421 0075 0B       		.uleb128 0xb
 422 0076 3B       		.uleb128 0x3b
 423 0077 0B       		.uleb128 0xb
 424 0078 49       		.uleb128 0x49
 425 0079 13       		.uleb128 0x13
 426 007a 02       		.uleb128 0x2
 427 007b 0A       		.uleb128 0xa
 428 007c 00       		.byte	0
 429 007d 00       		.byte	0
 430 007e 09       		.uleb128 0x9
 431 007f 34       		.uleb128 0x34
 432 0080 00       		.byte	0
 433 0081 03       		.uleb128 0x3
 434 0082 0E       		.uleb128 0xe
 435 0083 3A       		.uleb128 0x3a
 436 0084 0B       		.uleb128 0xb
 437 0085 3B       		.uleb128 0x3b
 438 0086 0B       		.uleb128 0xb
 439 0087 49       		.uleb128 0x49
 440 0088 13       		.uleb128 0x13
 441 0089 02       		.uleb128 0x2
 442 008a 0A       		.uleb128 0xa
 443 008b 00       		.byte	0
 444 008c 00       		.byte	0
 445 008d 00       		.byte	0
ARM GAS  C:\Users\ALEXAN~1\AppData\Local\Temp\ccZWitVv.s 			page 13


 446              		.section	.debug_loc,"",%progbits
 447              	.Ldebug_loc0:
 448              	.LLST0:
 449 0000 00000000 		.4byte	.LFB0
 450 0004 02000000 		.4byte	.LCFI0
 451 0008 0200     		.2byte	0x2
 452 000a 7D       		.byte	0x7d
 453 000b 00       		.sleb128 0
 454 000c 02000000 		.4byte	.LCFI0
 455 0010 04000000 		.4byte	.LCFI1
 456 0014 0200     		.2byte	0x2
 457 0016 7D       		.byte	0x7d
 458 0017 08       		.sleb128 8
 459 0018 04000000 		.4byte	.LCFI1
 460 001c A0000000 		.4byte	.LFE0
 461 0020 0200     		.2byte	0x2
 462 0022 77       		.byte	0x77
 463 0023 08       		.sleb128 8
 464 0024 00000000 		.4byte	0
 465 0028 00000000 		.4byte	0
 466              	.LLST1:
 467 002c 00000000 		.4byte	.LFB1
 468 0030 02000000 		.4byte	.LCFI2
 469 0034 0200     		.2byte	0x2
 470 0036 7D       		.byte	0x7d
 471 0037 00       		.sleb128 0
 472 0038 02000000 		.4byte	.LCFI2
 473 003c 04000000 		.4byte	.LCFI3
 474 0040 0200     		.2byte	0x2
 475 0042 7D       		.byte	0x7d
 476 0043 08       		.sleb128 8
 477 0044 04000000 		.4byte	.LCFI3
 478 0048 06000000 		.4byte	.LCFI4
 479 004c 0200     		.2byte	0x2
 480 004e 7D       		.byte	0x7d
 481 004f 18       		.sleb128 24
 482 0050 06000000 		.4byte	.LCFI4
 483 0054 3C000000 		.4byte	.LFE1
 484 0058 0200     		.2byte	0x2
 485 005a 77       		.byte	0x77
 486 005b 18       		.sleb128 24
 487 005c 00000000 		.4byte	0
 488 0060 00000000 		.4byte	0
 489              		.section	.debug_aranges,"",%progbits
 490 0000 24000000 		.4byte	0x24
 491 0004 0200     		.2byte	0x2
 492 0006 00000000 		.4byte	.Ldebug_info0
 493 000a 04       		.byte	0x4
 494 000b 00       		.byte	0
 495 000c 0000     		.2byte	0
 496 000e 0000     		.2byte	0
 497 0010 00000000 		.4byte	.LFB0
 498 0014 A0000000 		.4byte	.LFE0-.LFB0
 499 0018 00000000 		.4byte	.LFB1
 500 001c 3C000000 		.4byte	.LFE1-.LFB1
 501 0020 00000000 		.4byte	0
 502 0024 00000000 		.4byte	0
ARM GAS  C:\Users\ALEXAN~1\AppData\Local\Temp\ccZWitVv.s 			page 14


 503              		.section	.debug_ranges,"",%progbits
 504              	.Ldebug_ranges0:
 505 0000 00000000 		.4byte	.LFB0
 506 0004 A0000000 		.4byte	.LFE0
 507 0008 00000000 		.4byte	.LFB1
 508 000c 3C000000 		.4byte	.LFE1
 509 0010 00000000 		.4byte	0
 510 0014 00000000 		.4byte	0
 511              		.section	.debug_line,"",%progbits
 512              	.Ldebug_line0:
 513 0000 86000000 		.section	.debug_str,"MS",%progbits,1
 513      02004900 
 513      00000201 
 513      FB0E0D00 
 513      01010101 
 514              	.LASF6:
 515 0000 6C6F6E67 		.ascii	"long long int\000"
 515      206C6F6E 
 515      6720696E 
 515      7400
 516              	.LASF10:
 517 000e 75696E74 		.ascii	"uint32\000"
 517      333200
 518              	.LASF8:
 519 0015 756E7369 		.ascii	"unsigned int\000"
 519      676E6564 
 519      20696E74 
 519      00
 520              	.LASF16:
 521 0022 474E5520 		.ascii	"GNU C 4.7.3 20130312 (release) [ARM/embedded-4_7-br"
 521      4320342E 
 521      372E3320 
 521      32303133 
 521      30333132 
 522 0055 616E6368 		.ascii	"anch revision 196615]\000"
 522      20726576 
 522      6973696F 
 522      6E203139 
 522      36363135 
 523              	.LASF9:
 524 006b 75696E74 		.ascii	"uint8\000"
 524      3800
 525              	.LASF5:
 526 0071 6C6F6E67 		.ascii	"long unsigned int\000"
 526      20756E73 
 526      69676E65 
 526      6420696E 
 526      7400
 527              	.LASF7:
 528 0083 6C6F6E67 		.ascii	"long long unsigned int\000"
 528      206C6F6E 
 528      6720756E 
 528      7369676E 
 528      65642069 
 529              	.LASF18:
 530 009a 433A5C70 		.ascii	"C:\\psoc\\i2c_test\\i2ctest.cydsn\000"
 530      736F635C 
ARM GAS  C:\Users\ALEXAN~1\AppData\Local\Temp\ccZWitVv.s 			page 15


 530      6932635F 
 530      74657374 
 530      5C693263 
 531              	.LASF1:
 532 00b9 756E7369 		.ascii	"unsigned char\000"
 532      676E6564 
 532      20636861 
 532      7200
 533              	.LASF20:
 534 00c7 53504953 		.ascii	"SPIS_1_SpiSetActiveSlaveSelect\000"
 534      5F315F53 
 534      70695365 
 534      74416374 
 534      69766553 
 535              	.LASF13:
 536 00e6 63686172 		.ascii	"char\000"
 536      00
 537              	.LASF4:
 538 00eb 6C6F6E67 		.ascii	"long int\000"
 538      20696E74 
 538      00
 539              	.LASF12:
 540 00f4 646F7562 		.ascii	"double\000"
 540      6C6500
 541              	.LASF14:
 542 00fb 72656733 		.ascii	"reg32\000"
 542      3200
 543              	.LASF3:
 544 0101 73686F72 		.ascii	"short unsigned int\000"
 544      7420756E 
 544      7369676E 
 544      65642069 
 544      6E7400
 545              	.LASF0:
 546 0114 7369676E 		.ascii	"signed char\000"
 546      65642063 
 546      68617200 
 547              	.LASF17:
 548 0120 2E5C4765 		.ascii	".\\Generated_Source\\PSoC4\\SPIS_1_SPI.c\000"
 548      6E657261 
 548      7465645F 
 548      536F7572 
 548      63655C50 
 549              	.LASF21:
 550 0146 61637469 		.ascii	"activeSelect\000"
 550      76655365 
 550      6C656374 
 550      00
 551              	.LASF11:
 552 0153 666C6F61 		.ascii	"float\000"
 552      7400
 553              	.LASF22:
 554 0159 73706943 		.ascii	"spiCtrl\000"
 554      74726C00 
 555              	.LASF2:
 556 0161 73686F72 		.ascii	"short int\000"
 556      7420696E 
ARM GAS  C:\Users\ALEXAN~1\AppData\Local\Temp\ccZWitVv.s 			page 16


 556      7400
 557              	.LASF15:
 558 016b 73697A65 		.ascii	"sizetype\000"
 558      74797065 
 558      00
 559              	.LASF19:
 560 0174 53504953 		.ascii	"SPIS_1_SpiInit\000"
 560      5F315F53 
 560      7069496E 
 560      697400
 561              		.ident	"GCC: (GNU Tools for ARM Embedded Processors) 4.7.3 20130312 (release) [ARM/embedded-4_7-br
