ARM GAS  C:\Users\ALEXAN~1\AppData\Local\Temp\ccox2OIc.s 			page 1


   1              		.cpu cortex-m0
   2              		.fpu softvfp
   3              		.eabi_attribute 20, 1
   4              		.eabi_attribute 21, 1
   5              		.eabi_attribute 23, 3
   6              		.eabi_attribute 24, 1
   7              		.eabi_attribute 25, 1
   8              		.eabi_attribute 26, 1
   9              		.eabi_attribute 30, 6
  10              		.eabi_attribute 34, 0
  11              		.eabi_attribute 18, 4
  12              		.code	16
  13              		.file	"SW_Tx_UART_1.c"
  14              		.text
  15              	.Ltext0:
  16              		.cfi_sections	.debug_frame
  17              		.global	SW_Tx_UART_1_pinNumber
  18              		.bss
  19              		.align	2
  20              		.type	SW_Tx_UART_1_pinNumber, %object
  21              		.size	SW_Tx_UART_1_pinNumber, 4
  22              	SW_Tx_UART_1_pinNumber:
  23 0000 00000000 		.space	4
  24              		.global	SW_Tx_UART_1_pinPortNumber
  25              		.align	2
  26              		.type	SW_Tx_UART_1_pinPortNumber, %object
  27              		.size	SW_Tx_UART_1_pinPortNumber, 4
  28              	SW_Tx_UART_1_pinPortNumber:
  29 0004 00000000 		.space	4
  30              		.global	SW_Tx_UART_1_pinDrAdress
  31              		.data
  32              		.align	2
  33              		.type	SW_Tx_UART_1_pinDrAdress, %object
  34              		.size	SW_Tx_UART_1_pinDrAdress, 4
  35              	SW_Tx_UART_1_pinDrAdress:
  36 0000 00000440 		.word	1074003968
  37              		.section	.text.SW_Tx_UART_1_Start,"ax",%progbits
  38              		.align	2
  39              		.global	SW_Tx_UART_1_Start
  40              		.code	16
  41              		.thumb_func
  42              		.type	SW_Tx_UART_1_Start, %function
  43              	SW_Tx_UART_1_Start:
  44              	.LFB0:
  45              		.file 1 ".\\Generated_Source\\PSoC4\\SW_Tx_UART_1.c"
   1:.\Generated_Source\PSoC4/SW_Tx_UART_1.c **** /*******************************************************************************
   2:.\Generated_Source\PSoC4/SW_Tx_UART_1.c **** * File Name: SW_Tx_UART_1.c
   3:.\Generated_Source\PSoC4/SW_Tx_UART_1.c **** * Version 1.20
   4:.\Generated_Source\PSoC4/SW_Tx_UART_1.c **** *
   5:.\Generated_Source\PSoC4/SW_Tx_UART_1.c **** * Description:
   6:.\Generated_Source\PSoC4/SW_Tx_UART_1.c **** *  This file provides the source code to the API for the Software Transmit UART.
   7:.\Generated_Source\PSoC4/SW_Tx_UART_1.c **** *
   8:.\Generated_Source\PSoC4/SW_Tx_UART_1.c **** ********************************************************************************
   9:.\Generated_Source\PSoC4/SW_Tx_UART_1.c **** * Copyright 2013-2014, Cypress Semiconductor Corporation.  All rights reserved.
  10:.\Generated_Source\PSoC4/SW_Tx_UART_1.c **** * You may use this file only in accordance with the license, terms, conditions,
  11:.\Generated_Source\PSoC4/SW_Tx_UART_1.c **** * disclaimers, and limitations in the end user license agreement accompanying
  12:.\Generated_Source\PSoC4/SW_Tx_UART_1.c **** * the software package with which this file was provided.
ARM GAS  C:\Users\ALEXAN~1\AppData\Local\Temp\ccox2OIc.s 			page 2


  13:.\Generated_Source\PSoC4/SW_Tx_UART_1.c **** *******************************************************************************/
  14:.\Generated_Source\PSoC4/SW_Tx_UART_1.c **** 
  15:.\Generated_Source\PSoC4/SW_Tx_UART_1.c **** #include "SW_Tx_UART_1_PVT.h"
  16:.\Generated_Source\PSoC4/SW_Tx_UART_1.c **** 
  17:.\Generated_Source\PSoC4/SW_Tx_UART_1.c **** #if(SW_Tx_UART_1_PIN_STATIC_MODE == 1u)
  18:.\Generated_Source\PSoC4/SW_Tx_UART_1.c ****     uint32 SW_Tx_UART_1_pinNumber = SW_Tx_UART_1_PIN_NUMBER;
  19:.\Generated_Source\PSoC4/SW_Tx_UART_1.c ****     uint32 SW_Tx_UART_1_pinPortNumber = SW_Tx_UART_1_PIN_PORT_NUMBER;
  20:.\Generated_Source\PSoC4/SW_Tx_UART_1.c ****     #if(CY_PSOC3)
  21:.\Generated_Source\PSoC4/SW_Tx_UART_1.c ****         uint32 pdata SW_Tx_UART_1_pinDrAdress = SW_Tx_UART_1_PIN_DR;
  22:.\Generated_Source\PSoC4/SW_Tx_UART_1.c ****     #else
  23:.\Generated_Source\PSoC4/SW_Tx_UART_1.c ****         uint32 SW_Tx_UART_1_pinDrAdress = SW_Tx_UART_1_PIN_DR;
  24:.\Generated_Source\PSoC4/SW_Tx_UART_1.c ****     #endif /* (CY_PSOC3) */
  25:.\Generated_Source\PSoC4/SW_Tx_UART_1.c **** #else
  26:.\Generated_Source\PSoC4/SW_Tx_UART_1.c ****     uint32 SW_Tx_UART_1_pinNumber;
  27:.\Generated_Source\PSoC4/SW_Tx_UART_1.c ****     uint32 SW_Tx_UART_1_pinPortNumber;
  28:.\Generated_Source\PSoC4/SW_Tx_UART_1.c ****     #if(CY_PSOC3)
  29:.\Generated_Source\PSoC4/SW_Tx_UART_1.c ****         uint32 pdata SW_Tx_UART_1_pinDrAdress;
  30:.\Generated_Source\PSoC4/SW_Tx_UART_1.c ****     #else
  31:.\Generated_Source\PSoC4/SW_Tx_UART_1.c ****         uint32 SW_Tx_UART_1_pinDrAdress;
  32:.\Generated_Source\PSoC4/SW_Tx_UART_1.c ****     #endif /* (CY_PSOC3) */
  33:.\Generated_Source\PSoC4/SW_Tx_UART_1.c **** #endif /* (SW_Tx_UART_1_PIN_STATIC_MODE == 1u) */
  34:.\Generated_Source\PSoC4/SW_Tx_UART_1.c **** 
  35:.\Generated_Source\PSoC4/SW_Tx_UART_1.c **** 
  36:.\Generated_Source\PSoC4/SW_Tx_UART_1.c **** #if(SW_Tx_UART_1_PIN_STATIC_MODE == 1u)
  37:.\Generated_Source\PSoC4/SW_Tx_UART_1.c ****     /*******************************************************************************
  38:.\Generated_Source\PSoC4/SW_Tx_UART_1.c ****     * Function Name: SW_Tx_UART_1_Start
  39:.\Generated_Source\PSoC4/SW_Tx_UART_1.c ****     ********************************************************************************
  40:.\Generated_Source\PSoC4/SW_Tx_UART_1.c ****     *
  41:.\Generated_Source\PSoC4/SW_Tx_UART_1.c ****     * Summary:
  42:.\Generated_Source\PSoC4/SW_Tx_UART_1.c ****     *  Empty function. Included for consistency with other
  43:.\Generated_Source\PSoC4/SW_Tx_UART_1.c ****     *  components. This API is not available when PinAssignmentMethod
  44:.\Generated_Source\PSoC4/SW_Tx_UART_1.c ****     *  is set to Dynamic.
  45:.\Generated_Source\PSoC4/SW_Tx_UART_1.c ****     *
  46:.\Generated_Source\PSoC4/SW_Tx_UART_1.c ****     * Parameters:
  47:.\Generated_Source\PSoC4/SW_Tx_UART_1.c ****     *  None
  48:.\Generated_Source\PSoC4/SW_Tx_UART_1.c ****     *
  49:.\Generated_Source\PSoC4/SW_Tx_UART_1.c ****     * Return:
  50:.\Generated_Source\PSoC4/SW_Tx_UART_1.c ****     *  None
  51:.\Generated_Source\PSoC4/SW_Tx_UART_1.c ****     *
  52:.\Generated_Source\PSoC4/SW_Tx_UART_1.c ****     *******************************************************************************/
  53:.\Generated_Source\PSoC4/SW_Tx_UART_1.c ****     void SW_Tx_UART_1_Start(void) 
  54:.\Generated_Source\PSoC4/SW_Tx_UART_1.c ****     {
  46              		.loc 1 54 0
  47              		.cfi_startproc
  48 0000 80B5     		push	{r7, lr}
  49              	.LCFI0:
  50              		.cfi_def_cfa_offset 8
  51              		.cfi_offset 7, -8
  52              		.cfi_offset 14, -4
  53 0002 00AF     		add	r7, sp, #0
  54              	.LCFI1:
  55              		.cfi_def_cfa_register 7
  55:.\Generated_Source\PSoC4/SW_Tx_UART_1.c **** 
  56:.\Generated_Source\PSoC4/SW_Tx_UART_1.c ****     }
  56              		.loc 1 56 0
  57 0004 BD46     		mov	sp, r7
  58              		@ sp needed for prologue
ARM GAS  C:\Users\ALEXAN~1\AppData\Local\Temp\ccox2OIc.s 			page 3


  59 0006 80BD     		pop	{r7, pc}
  60              		.cfi_endproc
  61              	.LFE0:
  62              		.size	SW_Tx_UART_1_Start, .-SW_Tx_UART_1_Start
  63              		.section	.text.SW_Tx_UART_1_Stop,"ax",%progbits
  64              		.align	2
  65              		.global	SW_Tx_UART_1_Stop
  66              		.code	16
  67              		.thumb_func
  68              		.type	SW_Tx_UART_1_Stop, %function
  69              	SW_Tx_UART_1_Stop:
  70              	.LFB1:
  57:.\Generated_Source\PSoC4/SW_Tx_UART_1.c **** #else
  58:.\Generated_Source\PSoC4/SW_Tx_UART_1.c ****     /*******************************************************************************
  59:.\Generated_Source\PSoC4/SW_Tx_UART_1.c ****     * Function Name: SW_Tx_UART_1_StartEx
  60:.\Generated_Source\PSoC4/SW_Tx_UART_1.c ****     ********************************************************************************
  61:.\Generated_Source\PSoC4/SW_Tx_UART_1.c ****     *
  62:.\Generated_Source\PSoC4/SW_Tx_UART_1.c ****     * Summary:
  63:.\Generated_Source\PSoC4/SW_Tx_UART_1.c ****     *  Configures the SW Tx UART to use the pin specified
  64:.\Generated_Source\PSoC4/SW_Tx_UART_1.c ****     *  by the parameters. This API is only available when
  65:.\Generated_Source\PSoC4/SW_Tx_UART_1.c ****     *  PinAssignmentMethod is set to Dynamic.
  66:.\Generated_Source\PSoC4/SW_Tx_UART_1.c ****     *
  67:.\Generated_Source\PSoC4/SW_Tx_UART_1.c ****     * Parameters:
  68:.\Generated_Source\PSoC4/SW_Tx_UART_1.c ****     *  port:  Port number for dynamic pin assignment
  69:.\Generated_Source\PSoC4/SW_Tx_UART_1.c ****     *  pin:   Pin number for dynamic pin assignment
  70:.\Generated_Source\PSoC4/SW_Tx_UART_1.c ****     *
  71:.\Generated_Source\PSoC4/SW_Tx_UART_1.c ****     * Return:
  72:.\Generated_Source\PSoC4/SW_Tx_UART_1.c ****     *  None
  73:.\Generated_Source\PSoC4/SW_Tx_UART_1.c ****     *
  74:.\Generated_Source\PSoC4/SW_Tx_UART_1.c ****     *******************************************************************************/
  75:.\Generated_Source\PSoC4/SW_Tx_UART_1.c ****     void SW_Tx_UART_1_StartEx(uint8 port, uint8 pin) 
  76:.\Generated_Source\PSoC4/SW_Tx_UART_1.c ****     {
  77:.\Generated_Source\PSoC4/SW_Tx_UART_1.c ****         uint32 portConfigAddr;
  78:.\Generated_Source\PSoC4/SW_Tx_UART_1.c **** 
  79:.\Generated_Source\PSoC4/SW_Tx_UART_1.c ****         #if (CY_PSOC4)
  80:.\Generated_Source\PSoC4/SW_Tx_UART_1.c ****             uint32 portDataRegAddr;
  81:.\Generated_Source\PSoC4/SW_Tx_UART_1.c ****         #endif /* (CY_PSOC4) */
  82:.\Generated_Source\PSoC4/SW_Tx_UART_1.c **** 
  83:.\Generated_Source\PSoC4/SW_Tx_UART_1.c ****         if ((pin <= SW_Tx_UART_1_MAX_PIN_NUMBER) && (port <= SW_Tx_UART_1_MAX_PORT_NUMBER))
  84:.\Generated_Source\PSoC4/SW_Tx_UART_1.c ****         {
  85:.\Generated_Source\PSoC4/SW_Tx_UART_1.c ****             #if (!CY_PSOC4)
  86:.\Generated_Source\PSoC4/SW_Tx_UART_1.c ****                 portConfigAddr = SW_Tx_UART_1_PORT_CNF_BASE;
  87:.\Generated_Source\PSoC4/SW_Tx_UART_1.c ****                 portConfigAddr += ((uint32)port * (SW_Tx_UART_1_MAX_PIN_NUMBER + 1u)) + pin;
  88:.\Generated_Source\PSoC4/SW_Tx_UART_1.c ****                 CyPins_SetPinDriveMode(portConfigAddr, CY_PINS_DM_STRONG);
  89:.\Generated_Source\PSoC4/SW_Tx_UART_1.c ****                 CyPins_SetPin(portConfigAddr);
  90:.\Generated_Source\PSoC4/SW_Tx_UART_1.c ****                 SW_Tx_UART_1_pinDrAdress = portConfigAddr;
  91:.\Generated_Source\PSoC4/SW_Tx_UART_1.c ****             #else
  92:.\Generated_Source\PSoC4/SW_Tx_UART_1.c ****                 portConfigAddr = SW_Tx_UART_1_PORT_CNF_BASE + (SW_Tx_UART_1_PORT_CNF_SIZE * port) +
  93:.\Generated_Source\PSoC4/SW_Tx_UART_1.c ****                                                                                 SW_Tx_UART_1_PORT_C
  94:.\Generated_Source\PSoC4/SW_Tx_UART_1.c ****                 CY_SYS_PINS_SET_DRIVE_MODE(portConfigAddr, pin, CY_SYS_PINS_DM_STRONG);
  95:.\Generated_Source\PSoC4/SW_Tx_UART_1.c ****                 portDataRegAddr = SW_Tx_UART_1_PORT_CNF_BASE + (SW_Tx_UART_1_PORT_CNF_SIZE * port) 
  96:.\Generated_Source\PSoC4/SW_Tx_UART_1.c ****                                                                                 SW_Tx_UART_1_PORT_C
  97:.\Generated_Source\PSoC4/SW_Tx_UART_1.c ****                 CY_SYS_PINS_SET_PIN(portDataRegAddr, pin);
  98:.\Generated_Source\PSoC4/SW_Tx_UART_1.c ****                 SW_Tx_UART_1_pinDrAdress = portDataRegAddr;
  99:.\Generated_Source\PSoC4/SW_Tx_UART_1.c ****             #endif /* (!CY_PSOC4) */
 100:.\Generated_Source\PSoC4/SW_Tx_UART_1.c ****             SW_Tx_UART_1_pinNumber = pin;
 101:.\Generated_Source\PSoC4/SW_Tx_UART_1.c ****             SW_Tx_UART_1_pinPortNumber = port;
ARM GAS  C:\Users\ALEXAN~1\AppData\Local\Temp\ccox2OIc.s 			page 4


 102:.\Generated_Source\PSoC4/SW_Tx_UART_1.c ****         }
 103:.\Generated_Source\PSoC4/SW_Tx_UART_1.c ****     }
 104:.\Generated_Source\PSoC4/SW_Tx_UART_1.c **** #endif /* (SW_Tx_UART_1_PIN_STATIC_MODE == 1u) */
 105:.\Generated_Source\PSoC4/SW_Tx_UART_1.c **** 
 106:.\Generated_Source\PSoC4/SW_Tx_UART_1.c **** 
 107:.\Generated_Source\PSoC4/SW_Tx_UART_1.c **** /*******************************************************************************
 108:.\Generated_Source\PSoC4/SW_Tx_UART_1.c **** * Function Name: SW_Tx_UART_1_Stop
 109:.\Generated_Source\PSoC4/SW_Tx_UART_1.c **** ********************************************************************************
 110:.\Generated_Source\PSoC4/SW_Tx_UART_1.c **** *
 111:.\Generated_Source\PSoC4/SW_Tx_UART_1.c **** * Summary:
 112:.\Generated_Source\PSoC4/SW_Tx_UART_1.c **** *  Empty function. Included for consistency with other components.
 113:.\Generated_Source\PSoC4/SW_Tx_UART_1.c **** *
 114:.\Generated_Source\PSoC4/SW_Tx_UART_1.c **** * Parameters:
 115:.\Generated_Source\PSoC4/SW_Tx_UART_1.c **** *  None
 116:.\Generated_Source\PSoC4/SW_Tx_UART_1.c **** *
 117:.\Generated_Source\PSoC4/SW_Tx_UART_1.c **** * Return:
 118:.\Generated_Source\PSoC4/SW_Tx_UART_1.c **** *  None
 119:.\Generated_Source\PSoC4/SW_Tx_UART_1.c **** *
 120:.\Generated_Source\PSoC4/SW_Tx_UART_1.c **** *******************************************************************************/
 121:.\Generated_Source\PSoC4/SW_Tx_UART_1.c **** void SW_Tx_UART_1_Stop(void) 
 122:.\Generated_Source\PSoC4/SW_Tx_UART_1.c **** {
  71              		.loc 1 122 0
  72              		.cfi_startproc
  73 0000 80B5     		push	{r7, lr}
  74              	.LCFI2:
  75              		.cfi_def_cfa_offset 8
  76              		.cfi_offset 7, -8
  77              		.cfi_offset 14, -4
  78 0002 00AF     		add	r7, sp, #0
  79              	.LCFI3:
  80              		.cfi_def_cfa_register 7
 123:.\Generated_Source\PSoC4/SW_Tx_UART_1.c **** 
 124:.\Generated_Source\PSoC4/SW_Tx_UART_1.c **** }
  81              		.loc 1 124 0
  82 0004 BD46     		mov	sp, r7
  83              		@ sp needed for prologue
  84 0006 80BD     		pop	{r7, pc}
  85              		.cfi_endproc
  86              	.LFE1:
  87              		.size	SW_Tx_UART_1_Stop, .-SW_Tx_UART_1_Stop
  88              		.section	.text.SW_Tx_UART_1_PutString,"ax",%progbits
  89              		.align	2
  90              		.global	SW_Tx_UART_1_PutString
  91              		.code	16
  92              		.thumb_func
  93              		.type	SW_Tx_UART_1_PutString, %function
  94              	SW_Tx_UART_1_PutString:
  95              	.LFB2:
 125:.\Generated_Source\PSoC4/SW_Tx_UART_1.c **** 
 126:.\Generated_Source\PSoC4/SW_Tx_UART_1.c **** 
 127:.\Generated_Source\PSoC4/SW_Tx_UART_1.c **** /*******************************************************************************
 128:.\Generated_Source\PSoC4/SW_Tx_UART_1.c **** * Function Name: SW_Tx_UART_1_PutString
 129:.\Generated_Source\PSoC4/SW_Tx_UART_1.c **** ********************************************************************************
 130:.\Generated_Source\PSoC4/SW_Tx_UART_1.c **** *
 131:.\Generated_Source\PSoC4/SW_Tx_UART_1.c **** * Summary:
 132:.\Generated_Source\PSoC4/SW_Tx_UART_1.c **** *  Sends a NULL terminated string via the Tx pin.
 133:.\Generated_Source\PSoC4/SW_Tx_UART_1.c **** *
ARM GAS  C:\Users\ALEXAN~1\AppData\Local\Temp\ccox2OIc.s 			page 5


 134:.\Generated_Source\PSoC4/SW_Tx_UART_1.c **** * Parameters:
 135:.\Generated_Source\PSoC4/SW_Tx_UART_1.c **** *  string: Pointer to the null terminated string to send
 136:.\Generated_Source\PSoC4/SW_Tx_UART_1.c **** *
 137:.\Generated_Source\PSoC4/SW_Tx_UART_1.c **** * Return:
 138:.\Generated_Source\PSoC4/SW_Tx_UART_1.c **** *  None
 139:.\Generated_Source\PSoC4/SW_Tx_UART_1.c **** *
 140:.\Generated_Source\PSoC4/SW_Tx_UART_1.c **** *******************************************************************************/
 141:.\Generated_Source\PSoC4/SW_Tx_UART_1.c **** void SW_Tx_UART_1_PutString(const char8 string[]) 
 142:.\Generated_Source\PSoC4/SW_Tx_UART_1.c **** {
  96              		.loc 1 142 0
  97              		.cfi_startproc
  98 0000 80B5     		push	{r7, lr}
  99              	.LCFI4:
 100              		.cfi_def_cfa_offset 8
 101              		.cfi_offset 7, -8
 102              		.cfi_offset 14, -4
 103 0002 84B0     		sub	sp, sp, #16
 104              	.LCFI5:
 105              		.cfi_def_cfa_offset 24
 106 0004 00AF     		add	r7, sp, #0
 107              	.LCFI6:
 108              		.cfi_def_cfa_register 7
 109 0006 7860     		str	r0, [r7, #4]
 143:.\Generated_Source\PSoC4/SW_Tx_UART_1.c ****     uint8 stringIndex = 1u;
 110              		.loc 1 143 0
 111 0008 3B1C     		mov	r3, r7
 112 000a 0F33     		add	r3, r3, #15
 113 000c 0122     		mov	r2, #1
 114 000e 1A70     		strb	r2, [r3]
 144:.\Generated_Source\PSoC4/SW_Tx_UART_1.c ****     char8 current = *string;
 115              		.loc 1 144 0
 116 0010 3B1C     		mov	r3, r7
 117 0012 0E33     		add	r3, r3, #14
 118 0014 7A68     		ldr	r2, [r7, #4]
 119 0016 1278     		ldrb	r2, [r2]
 120 0018 1A70     		strb	r2, [r3]
 145:.\Generated_Source\PSoC4/SW_Tx_UART_1.c **** 
 146:.\Generated_Source\PSoC4/SW_Tx_UART_1.c ****     /* Until null is reached, print next character */
 147:.\Generated_Source\PSoC4/SW_Tx_UART_1.c ****     while((char8) '\0' != current)
 121              		.loc 1 147 0
 122 001a 15E0     		b	.L4
 123              	.L5:
 148:.\Generated_Source\PSoC4/SW_Tx_UART_1.c ****     {
 149:.\Generated_Source\PSoC4/SW_Tx_UART_1.c ****         SW_Tx_UART_1_PutChar((uint8)current);
 124              		.loc 1 149 0
 125 001c 3B1C     		mov	r3, r7
 126 001e 0E33     		add	r3, r3, #14
 127 0020 1B78     		ldrb	r3, [r3]
 128 0022 181C     		mov	r0, r3
 129 0024 FFF7FEFF 		bl	SW_Tx_UART_1_PutChar
 150:.\Generated_Source\PSoC4/SW_Tx_UART_1.c ****         current = string[stringIndex];
 130              		.loc 1 150 0
 131 0028 3B1C     		mov	r3, r7
 132 002a 0F33     		add	r3, r3, #15
 133 002c 1B78     		ldrb	r3, [r3]
 134 002e 7A68     		ldr	r2, [r7, #4]
 135 0030 D218     		add	r2, r2, r3
ARM GAS  C:\Users\ALEXAN~1\AppData\Local\Temp\ccox2OIc.s 			page 6


 136 0032 3B1C     		mov	r3, r7
 137 0034 0E33     		add	r3, r3, #14
 138 0036 1278     		ldrb	r2, [r2]
 139 0038 1A70     		strb	r2, [r3]
 151:.\Generated_Source\PSoC4/SW_Tx_UART_1.c ****         stringIndex++;
 140              		.loc 1 151 0
 141 003a 3B1C     		mov	r3, r7
 142 003c 0F33     		add	r3, r3, #15
 143 003e 3A1C     		mov	r2, r7
 144 0040 0F32     		add	r2, r2, #15
 145 0042 1278     		ldrb	r2, [r2]
 146 0044 0132     		add	r2, r2, #1
 147 0046 1A70     		strb	r2, [r3]
 148              	.L4:
 147:.\Generated_Source\PSoC4/SW_Tx_UART_1.c ****     while((char8) '\0' != current)
 149              		.loc 1 147 0 discriminator 1
 150 0048 3B1C     		mov	r3, r7
 151 004a 0E33     		add	r3, r3, #14
 152 004c 1B78     		ldrb	r3, [r3]
 153 004e 002B     		cmp	r3, #0
 154 0050 E4D1     		bne	.L5
 152:.\Generated_Source\PSoC4/SW_Tx_UART_1.c ****     }
 153:.\Generated_Source\PSoC4/SW_Tx_UART_1.c **** }
 155              		.loc 1 153 0
 156 0052 BD46     		mov	sp, r7
 157 0054 04B0     		add	sp, sp, #16
 158              		@ sp needed for prologue
 159 0056 80BD     		pop	{r7, pc}
 160              		.cfi_endproc
 161              	.LFE2:
 162              		.size	SW_Tx_UART_1_PutString, .-SW_Tx_UART_1_PutString
 163              		.section	.text.SW_Tx_UART_1_PutArray,"ax",%progbits
 164              		.align	2
 165              		.global	SW_Tx_UART_1_PutArray
 166              		.code	16
 167              		.thumb_func
 168              		.type	SW_Tx_UART_1_PutArray, %function
 169              	SW_Tx_UART_1_PutArray:
 170              	.LFB3:
 154:.\Generated_Source\PSoC4/SW_Tx_UART_1.c **** 
 155:.\Generated_Source\PSoC4/SW_Tx_UART_1.c **** 
 156:.\Generated_Source\PSoC4/SW_Tx_UART_1.c **** /*******************************************************************************
 157:.\Generated_Source\PSoC4/SW_Tx_UART_1.c **** * Function Name: SW_Tx_UART_1_PutArray
 158:.\Generated_Source\PSoC4/SW_Tx_UART_1.c **** ********************************************************************************
 159:.\Generated_Source\PSoC4/SW_Tx_UART_1.c **** *
 160:.\Generated_Source\PSoC4/SW_Tx_UART_1.c **** * Summary:
 161:.\Generated_Source\PSoC4/SW_Tx_UART_1.c **** *  Sends byteCount bytes from a memory array via the Tx pin.
 162:.\Generated_Source\PSoC4/SW_Tx_UART_1.c **** *
 163:.\Generated_Source\PSoC4/SW_Tx_UART_1.c **** * Parameters:
 164:.\Generated_Source\PSoC4/SW_Tx_UART_1.c **** *  data: Pointer to the memory array
 165:.\Generated_Source\PSoC4/SW_Tx_UART_1.c **** *  byteCount: Number of bytes to be transmitted
 166:.\Generated_Source\PSoC4/SW_Tx_UART_1.c **** *
 167:.\Generated_Source\PSoC4/SW_Tx_UART_1.c **** * Return:
 168:.\Generated_Source\PSoC4/SW_Tx_UART_1.c **** *  None
 169:.\Generated_Source\PSoC4/SW_Tx_UART_1.c **** *
 170:.\Generated_Source\PSoC4/SW_Tx_UART_1.c **** *******************************************************************************/
 171:.\Generated_Source\PSoC4/SW_Tx_UART_1.c **** void SW_Tx_UART_1_PutArray(const uint8 array[], uint32 byteCount) 
ARM GAS  C:\Users\ALEXAN~1\AppData\Local\Temp\ccox2OIc.s 			page 7


 172:.\Generated_Source\PSoC4/SW_Tx_UART_1.c **** {
 171              		.loc 1 172 0
 172              		.cfi_startproc
 173 0000 80B5     		push	{r7, lr}
 174              	.LCFI7:
 175              		.cfi_def_cfa_offset 8
 176              		.cfi_offset 7, -8
 177              		.cfi_offset 14, -4
 178 0002 84B0     		sub	sp, sp, #16
 179              	.LCFI8:
 180              		.cfi_def_cfa_offset 24
 181 0004 00AF     		add	r7, sp, #0
 182              	.LCFI9:
 183              		.cfi_def_cfa_register 7
 184 0006 7860     		str	r0, [r7, #4]
 185 0008 3960     		str	r1, [r7]
 173:.\Generated_Source\PSoC4/SW_Tx_UART_1.c ****     uint32 arrayIndex;
 174:.\Generated_Source\PSoC4/SW_Tx_UART_1.c **** 
 175:.\Generated_Source\PSoC4/SW_Tx_UART_1.c ****     for (arrayIndex = 0u; arrayIndex < byteCount; arrayIndex++)
 186              		.loc 1 175 0
 187 000a 0023     		mov	r3, #0
 188 000c FB60     		str	r3, [r7, #12]
 189 000e 09E0     		b	.L7
 190              	.L8:
 176:.\Generated_Source\PSoC4/SW_Tx_UART_1.c ****     {
 177:.\Generated_Source\PSoC4/SW_Tx_UART_1.c ****         SW_Tx_UART_1_PutChar(array[arrayIndex]);
 191              		.loc 1 177 0 discriminator 2
 192 0010 7A68     		ldr	r2, [r7, #4]
 193 0012 FB68     		ldr	r3, [r7, #12]
 194 0014 D318     		add	r3, r2, r3
 195 0016 1B78     		ldrb	r3, [r3]
 196 0018 181C     		mov	r0, r3
 197 001a FFF7FEFF 		bl	SW_Tx_UART_1_PutChar
 175:.\Generated_Source\PSoC4/SW_Tx_UART_1.c ****     for (arrayIndex = 0u; arrayIndex < byteCount; arrayIndex++)
 198              		.loc 1 175 0 discriminator 2
 199 001e FB68     		ldr	r3, [r7, #12]
 200 0020 0133     		add	r3, r3, #1
 201 0022 FB60     		str	r3, [r7, #12]
 202              	.L7:
 175:.\Generated_Source\PSoC4/SW_Tx_UART_1.c ****     for (arrayIndex = 0u; arrayIndex < byteCount; arrayIndex++)
 203              		.loc 1 175 0 is_stmt 0 discriminator 1
 204 0024 FA68     		ldr	r2, [r7, #12]
 205 0026 3B68     		ldr	r3, [r7]
 206 0028 9A42     		cmp	r2, r3
 207 002a F1D3     		bcc	.L8
 178:.\Generated_Source\PSoC4/SW_Tx_UART_1.c ****     }
 179:.\Generated_Source\PSoC4/SW_Tx_UART_1.c **** }
 208              		.loc 1 179 0 is_stmt 1
 209 002c BD46     		mov	sp, r7
 210 002e 04B0     		add	sp, sp, #16
 211              		@ sp needed for prologue
 212 0030 80BD     		pop	{r7, pc}
 213              		.cfi_endproc
 214              	.LFE3:
 215              		.size	SW_Tx_UART_1_PutArray, .-SW_Tx_UART_1_PutArray
 216 0032 C046     		.section	.text.SW_Tx_UART_1_PutHexByte,"ax",%progbits
 217              		.align	2
ARM GAS  C:\Users\ALEXAN~1\AppData\Local\Temp\ccox2OIc.s 			page 8


 218              		.global	SW_Tx_UART_1_PutHexByte
 219              		.code	16
 220              		.thumb_func
 221              		.type	SW_Tx_UART_1_PutHexByte, %function
 222              	SW_Tx_UART_1_PutHexByte:
 223              	.LFB4:
 180:.\Generated_Source\PSoC4/SW_Tx_UART_1.c **** 
 181:.\Generated_Source\PSoC4/SW_Tx_UART_1.c **** 
 182:.\Generated_Source\PSoC4/SW_Tx_UART_1.c **** /*******************************************************************************
 183:.\Generated_Source\PSoC4/SW_Tx_UART_1.c **** * Function Name: SW_Tx_UART_1_PutHexByte
 184:.\Generated_Source\PSoC4/SW_Tx_UART_1.c **** ********************************************************************************
 185:.\Generated_Source\PSoC4/SW_Tx_UART_1.c **** *
 186:.\Generated_Source\PSoC4/SW_Tx_UART_1.c **** * Summary:
 187:.\Generated_Source\PSoC4/SW_Tx_UART_1.c **** *  Sends a byte in Hex representation (two characters, uppercase for A-F) via
 188:.\Generated_Source\PSoC4/SW_Tx_UART_1.c **** *  the Tx pin.
 189:.\Generated_Source\PSoC4/SW_Tx_UART_1.c **** *
 190:.\Generated_Source\PSoC4/SW_Tx_UART_1.c **** * Parameters:
 191:.\Generated_Source\PSoC4/SW_Tx_UART_1.c **** *  TxHexByte: The byte to be converted to ASCII characters and
 192:.\Generated_Source\PSoC4/SW_Tx_UART_1.c **** *             sent via the Tx pin.
 193:.\Generated_Source\PSoC4/SW_Tx_UART_1.c **** *
 194:.\Generated_Source\PSoC4/SW_Tx_UART_1.c **** * Return:
 195:.\Generated_Source\PSoC4/SW_Tx_UART_1.c **** *  None
 196:.\Generated_Source\PSoC4/SW_Tx_UART_1.c **** *
 197:.\Generated_Source\PSoC4/SW_Tx_UART_1.c **** *******************************************************************************/
 198:.\Generated_Source\PSoC4/SW_Tx_UART_1.c **** void SW_Tx_UART_1_PutHexByte(uint8 txHexByte) 
 199:.\Generated_Source\PSoC4/SW_Tx_UART_1.c **** {
 224              		.loc 1 199 0
 225              		.cfi_startproc
 226 0000 80B5     		push	{r7, lr}
 227              	.LCFI10:
 228              		.cfi_def_cfa_offset 8
 229              		.cfi_offset 7, -8
 230              		.cfi_offset 14, -4
 231 0002 82B0     		sub	sp, sp, #8
 232              	.LCFI11:
 233              		.cfi_def_cfa_offset 16
 234 0004 00AF     		add	r7, sp, #0
 235              	.LCFI12:
 236              		.cfi_def_cfa_register 7
 237 0006 021C     		mov	r2, r0
 238 0008 FB1D     		add	r3, r7, #7
 239 000a 1A70     		strb	r2, [r3]
 200:.\Generated_Source\PSoC4/SW_Tx_UART_1.c ****     static char8 const CYCODE SW_Tx_UART_1_hex[] = "0123456789ABCDEF";
 201:.\Generated_Source\PSoC4/SW_Tx_UART_1.c **** 
 202:.\Generated_Source\PSoC4/SW_Tx_UART_1.c ****     SW_Tx_UART_1_PutChar((uint8) SW_Tx_UART_1_hex[txHexByte >> SW_Tx_UART_1_BYTE_UPPER_NIBBLE_SHIFT
 240              		.loc 1 202 0
 241 000c FB1D     		add	r3, r7, #7
 242 000e 1B78     		ldrb	r3, [r3]
 243 0010 1B09     		lsr	r3, r3, #4
 244 0012 DBB2     		uxtb	r3, r3
 245 0014 084A     		ldr	r2, .L10
 246 0016 D35C     		ldrb	r3, [r2, r3]
 247 0018 181C     		mov	r0, r3
 248 001a FFF7FEFF 		bl	SW_Tx_UART_1_PutChar
 203:.\Generated_Source\PSoC4/SW_Tx_UART_1.c ****     SW_Tx_UART_1_PutChar((uint8) SW_Tx_UART_1_hex[txHexByte & SW_Tx_UART_1_BYTE_LOWER_NIBBLE_MASK])
 249              		.loc 1 203 0
 250 001e FB1D     		add	r3, r7, #7
ARM GAS  C:\Users\ALEXAN~1\AppData\Local\Temp\ccox2OIc.s 			page 9


 251 0020 1A78     		ldrb	r2, [r3]
 252 0022 0F23     		mov	r3, #15
 253 0024 1340     		and	r3, r2
 254 0026 044A     		ldr	r2, .L10
 255 0028 D35C     		ldrb	r3, [r2, r3]
 256 002a 181C     		mov	r0, r3
 257 002c FFF7FEFF 		bl	SW_Tx_UART_1_PutChar
 204:.\Generated_Source\PSoC4/SW_Tx_UART_1.c **** }
 258              		.loc 1 204 0
 259 0030 BD46     		mov	sp, r7
 260 0032 02B0     		add	sp, sp, #8
 261              		@ sp needed for prologue
 262 0034 80BD     		pop	{r7, pc}
 263              	.L11:
 264 0036 C046     		.align	2
 265              	.L10:
 266 0038 00000000 		.word	SW_Tx_UART_1_hex.4149
 267              		.cfi_endproc
 268              	.LFE4:
 269              		.size	SW_Tx_UART_1_PutHexByte, .-SW_Tx_UART_1_PutHexByte
 270              		.section	.text.SW_Tx_UART_1_PutHexInt,"ax",%progbits
 271              		.align	2
 272              		.global	SW_Tx_UART_1_PutHexInt
 273              		.code	16
 274              		.thumb_func
 275              		.type	SW_Tx_UART_1_PutHexInt, %function
 276              	SW_Tx_UART_1_PutHexInt:
 277              	.LFB5:
 205:.\Generated_Source\PSoC4/SW_Tx_UART_1.c **** 
 206:.\Generated_Source\PSoC4/SW_Tx_UART_1.c **** 
 207:.\Generated_Source\PSoC4/SW_Tx_UART_1.c **** /*******************************************************************************
 208:.\Generated_Source\PSoC4/SW_Tx_UART_1.c **** * Function Name: SW_Tx_UART_1_PutHexInt
 209:.\Generated_Source\PSoC4/SW_Tx_UART_1.c **** ********************************************************************************
 210:.\Generated_Source\PSoC4/SW_Tx_UART_1.c **** *
 211:.\Generated_Source\PSoC4/SW_Tx_UART_1.c **** * Summary:
 212:.\Generated_Source\PSoC4/SW_Tx_UART_1.c **** *  Sends a 16-bit unsigned integer in Hex representation (four characters,
 213:.\Generated_Source\PSoC4/SW_Tx_UART_1.c **** *  uppercase for A-F) via the Tx pin.
 214:.\Generated_Source\PSoC4/SW_Tx_UART_1.c **** *
 215:.\Generated_Source\PSoC4/SW_Tx_UART_1.c **** * Parameters:
 216:.\Generated_Source\PSoC4/SW_Tx_UART_1.c **** *  TxHexInt: The uint16 to be converted to ASCII characters and sent via
 217:.\Generated_Source\PSoC4/SW_Tx_UART_1.c **** *            the Tx pin.
 218:.\Generated_Source\PSoC4/SW_Tx_UART_1.c **** *
 219:.\Generated_Source\PSoC4/SW_Tx_UART_1.c **** * Return:
 220:.\Generated_Source\PSoC4/SW_Tx_UART_1.c **** *  None
 221:.\Generated_Source\PSoC4/SW_Tx_UART_1.c **** *
 222:.\Generated_Source\PSoC4/SW_Tx_UART_1.c **** *******************************************************************************/
 223:.\Generated_Source\PSoC4/SW_Tx_UART_1.c **** void SW_Tx_UART_1_PutHexInt(uint16 txHexInt) 
 224:.\Generated_Source\PSoC4/SW_Tx_UART_1.c **** {
 278              		.loc 1 224 0
 279              		.cfi_startproc
 280 0000 80B5     		push	{r7, lr}
 281              	.LCFI13:
 282              		.cfi_def_cfa_offset 8
 283              		.cfi_offset 7, -8
 284              		.cfi_offset 14, -4
 285 0002 82B0     		sub	sp, sp, #8
 286              	.LCFI14:
ARM GAS  C:\Users\ALEXAN~1\AppData\Local\Temp\ccox2OIc.s 			page 10


 287              		.cfi_def_cfa_offset 16
 288 0004 00AF     		add	r7, sp, #0
 289              	.LCFI15:
 290              		.cfi_def_cfa_register 7
 291 0006 021C     		mov	r2, r0
 292 0008 BB1D     		add	r3, r7, #6
 293 000a 1A80     		strh	r2, [r3]
 225:.\Generated_Source\PSoC4/SW_Tx_UART_1.c ****     SW_Tx_UART_1_PutHexByte((uint8)(txHexInt >> SW_Tx_UART_1_U16_UPPER_BYTE_SHIFT));
 294              		.loc 1 225 0
 295 000c BB1D     		add	r3, r7, #6
 296 000e 1B88     		ldrh	r3, [r3]
 297 0010 1B0A     		lsr	r3, r3, #8
 298 0012 9BB2     		uxth	r3, r3
 299 0014 DBB2     		uxtb	r3, r3
 300 0016 181C     		mov	r0, r3
 301 0018 FFF7FEFF 		bl	SW_Tx_UART_1_PutHexByte
 226:.\Generated_Source\PSoC4/SW_Tx_UART_1.c ****     SW_Tx_UART_1_PutHexByte((uint8)(txHexInt & SW_Tx_UART_1_U16_LOWER_BYTE_MASK));
 302              		.loc 1 226 0
 303 001c BB1D     		add	r3, r7, #6
 304 001e 1B88     		ldrh	r3, [r3]
 305 0020 DBB2     		uxtb	r3, r3
 306 0022 181C     		mov	r0, r3
 307 0024 FFF7FEFF 		bl	SW_Tx_UART_1_PutHexByte
 227:.\Generated_Source\PSoC4/SW_Tx_UART_1.c **** }
 308              		.loc 1 227 0
 309 0028 BD46     		mov	sp, r7
 310 002a 02B0     		add	sp, sp, #8
 311              		@ sp needed for prologue
 312 002c 80BD     		pop	{r7, pc}
 313              		.cfi_endproc
 314              	.LFE5:
 315              		.size	SW_Tx_UART_1_PutHexInt, .-SW_Tx_UART_1_PutHexInt
 316 002e C046     		.section	.text.SW_Tx_UART_1_PutCRLF,"ax",%progbits
 317              		.align	2
 318              		.global	SW_Tx_UART_1_PutCRLF
 319              		.code	16
 320              		.thumb_func
 321              		.type	SW_Tx_UART_1_PutCRLF, %function
 322              	SW_Tx_UART_1_PutCRLF:
 323              	.LFB6:
 228:.\Generated_Source\PSoC4/SW_Tx_UART_1.c **** 
 229:.\Generated_Source\PSoC4/SW_Tx_UART_1.c **** 
 230:.\Generated_Source\PSoC4/SW_Tx_UART_1.c **** /*******************************************************************************
 231:.\Generated_Source\PSoC4/SW_Tx_UART_1.c **** * Function Name: SW_Tx_UART_1_PutCRLF
 232:.\Generated_Source\PSoC4/SW_Tx_UART_1.c **** ********************************************************************************
 233:.\Generated_Source\PSoC4/SW_Tx_UART_1.c **** *
 234:.\Generated_Source\PSoC4/SW_Tx_UART_1.c **** * Summary:
 235:.\Generated_Source\PSoC4/SW_Tx_UART_1.c **** *  Sends a carriage return (0x0D) and a line feed (0x0A) via the Tx pin.
 236:.\Generated_Source\PSoC4/SW_Tx_UART_1.c **** *
 237:.\Generated_Source\PSoC4/SW_Tx_UART_1.c **** * Parameters:
 238:.\Generated_Source\PSoC4/SW_Tx_UART_1.c **** *  None
 239:.\Generated_Source\PSoC4/SW_Tx_UART_1.c **** *
 240:.\Generated_Source\PSoC4/SW_Tx_UART_1.c **** * Return:
 241:.\Generated_Source\PSoC4/SW_Tx_UART_1.c **** *  None
 242:.\Generated_Source\PSoC4/SW_Tx_UART_1.c **** *
 243:.\Generated_Source\PSoC4/SW_Tx_UART_1.c **** *******************************************************************************/
 244:.\Generated_Source\PSoC4/SW_Tx_UART_1.c **** void SW_Tx_UART_1_PutCRLF(void) 
ARM GAS  C:\Users\ALEXAN~1\AppData\Local\Temp\ccox2OIc.s 			page 11


 245:.\Generated_Source\PSoC4/SW_Tx_UART_1.c **** {
 324              		.loc 1 245 0
 325              		.cfi_startproc
 326 0000 80B5     		push	{r7, lr}
 327              	.LCFI16:
 328              		.cfi_def_cfa_offset 8
 329              		.cfi_offset 7, -8
 330              		.cfi_offset 14, -4
 331 0002 00AF     		add	r7, sp, #0
 332              	.LCFI17:
 333              		.cfi_def_cfa_register 7
 246:.\Generated_Source\PSoC4/SW_Tx_UART_1.c ****     SW_Tx_UART_1_PutChar(0x0Du);
 334              		.loc 1 246 0
 335 0004 0D20     		mov	r0, #13
 336 0006 FFF7FEFF 		bl	SW_Tx_UART_1_PutChar
 247:.\Generated_Source\PSoC4/SW_Tx_UART_1.c ****     SW_Tx_UART_1_PutChar(0x0Au);
 337              		.loc 1 247 0
 338 000a 0A20     		mov	r0, #10
 339 000c FFF7FEFF 		bl	SW_Tx_UART_1_PutChar
 248:.\Generated_Source\PSoC4/SW_Tx_UART_1.c **** }
 340              		.loc 1 248 0
 341 0010 BD46     		mov	sp, r7
 342              		@ sp needed for prologue
 343 0012 80BD     		pop	{r7, pc}
 344              		.cfi_endproc
 345              	.LFE6:
 346              		.size	SW_Tx_UART_1_PutCRLF, .-SW_Tx_UART_1_PutCRLF
 347              		.section	.rodata
 348              		.align	2
 349              		.type	SW_Tx_UART_1_hex.4149, %object
 350              		.size	SW_Tx_UART_1_hex.4149, 17
 351              	SW_Tx_UART_1_hex.4149:
 352 0000 30313233 		.ascii	"0123456789ABCDEF\000"
 352      34353637 
 352      38394142 
 352      43444546 
 352      00
 353 0011 000000   		.text
 354              	.Letext0:
 355              		.file 2 ".\\Generated_Source\\PSoC4\\cytypes.h"
 356              		.section	.debug_info,"",%progbits
 357              	.Ldebug_info0:
 358 0000 44020000 		.4byte	0x244
 359 0004 0200     		.2byte	0x2
 360 0006 00000000 		.4byte	.Ldebug_abbrev0
 361 000a 04       		.byte	0x4
 362 000b 01       		.uleb128 0x1
 363 000c 26020000 		.4byte	.LASF36
 364 0010 01       		.byte	0x1
 365 0011 0D010000 		.4byte	.LASF37
 366 0015 D5000000 		.4byte	.LASF38
 367 0019 00000000 		.4byte	.Ldebug_ranges0+0
 368 001d 00000000 		.4byte	0
 369 0021 00000000 		.4byte	0
 370 0025 00000000 		.4byte	.Ldebug_line0
 371 0029 02       		.uleb128 0x2
 372 002a 01       		.byte	0x1
ARM GAS  C:\Users\ALEXAN~1\AppData\Local\Temp\ccox2OIc.s 			page 12


 373 002b 06       		.byte	0x6
 374 002c 78020000 		.4byte	.LASF0
 375 0030 02       		.uleb128 0x2
 376 0031 01       		.byte	0x1
 377 0032 08       		.byte	0x8
 378 0033 81000000 		.4byte	.LASF1
 379 0037 02       		.uleb128 0x2
 380 0038 02       		.byte	0x2
 381 0039 05       		.byte	0x5
 382 003a FF010000 		.4byte	.LASF2
 383 003e 02       		.uleb128 0x2
 384 003f 02       		.byte	0x2
 385 0040 07       		.byte	0x7
 386 0041 A7000000 		.4byte	.LASF3
 387 0045 02       		.uleb128 0x2
 388 0046 04       		.byte	0x4
 389 0047 05       		.byte	0x5
 390 0048 6F020000 		.4byte	.LASF4
 391 004c 02       		.uleb128 0x2
 392 004d 04       		.byte	0x4
 393 004e 07       		.byte	0x7
 394 004f 95000000 		.4byte	.LASF5
 395 0053 02       		.uleb128 0x2
 396 0054 08       		.byte	0x8
 397 0055 05       		.byte	0x5
 398 0056 EC010000 		.4byte	.LASF6
 399 005a 02       		.uleb128 0x2
 400 005b 08       		.byte	0x8
 401 005c 07       		.byte	0x7
 402 005d AA010000 		.4byte	.LASF7
 403 0061 03       		.uleb128 0x3
 404 0062 04       		.byte	0x4
 405 0063 05       		.byte	0x5
 406 0064 696E7400 		.ascii	"int\000"
 407 0068 02       		.uleb128 0x2
 408 0069 04       		.byte	0x4
 409 006a 07       		.byte	0x7
 410 006b 86010000 		.4byte	.LASF8
 411 006f 04       		.uleb128 0x4
 412 0070 20020000 		.4byte	.LASF9
 413 0074 02       		.byte	0x2
 414 0075 5B       		.byte	0x5b
 415 0076 30000000 		.4byte	0x30
 416 007a 04       		.uleb128 0x4
 417 007b 6E010000 		.4byte	.LASF10
 418 007f 02       		.byte	0x2
 419 0080 5C       		.byte	0x5c
 420 0081 3E000000 		.4byte	0x3e
 421 0085 04       		.uleb128 0x4
 422 0086 75010000 		.4byte	.LASF11
 423 008a 02       		.byte	0x2
 424 008b 5D       		.byte	0x5d
 425 008c 4C000000 		.4byte	0x4c
 426 0090 02       		.uleb128 0x2
 427 0091 04       		.byte	0x4
 428 0092 04       		.byte	0x4
 429 0093 68000000 		.4byte	.LASF12
ARM GAS  C:\Users\ALEXAN~1\AppData\Local\Temp\ccox2OIc.s 			page 13


 430 0097 02       		.uleb128 0x2
 431 0098 08       		.byte	0x8
 432 0099 04       		.byte	0x4
 433 009a 35010000 		.4byte	.LASF13
 434 009e 04       		.uleb128 0x4
 435 009f 8F000000 		.4byte	.LASF14
 436 00a3 02       		.byte	0x2
 437 00a4 6C       		.byte	0x6c
 438 00a5 A9000000 		.4byte	0xa9
 439 00a9 02       		.uleb128 0x2
 440 00aa 01       		.byte	0x1
 441 00ab 08       		.byte	0x8
 442 00ac FA010000 		.4byte	.LASF15
 443 00b0 05       		.uleb128 0x5
 444 00b1 01       		.byte	0x1
 445 00b2 6E000000 		.4byte	.LASF16
 446 00b6 01       		.byte	0x1
 447 00b7 35       		.byte	0x35
 448 00b8 01       		.byte	0x1
 449 00b9 00000000 		.4byte	.LFB0
 450 00bd 08000000 		.4byte	.LFE0
 451 00c1 00000000 		.4byte	.LLST0
 452 00c5 01       		.byte	0x1
 453 00c6 05       		.uleb128 0x5
 454 00c7 01       		.byte	0x1
 455 00c8 38000000 		.4byte	.LASF17
 456 00cc 01       		.byte	0x1
 457 00cd 79       		.byte	0x79
 458 00ce 01       		.byte	0x1
 459 00cf 00000000 		.4byte	.LFB1
 460 00d3 08000000 		.4byte	.LFE1
 461 00d7 2C000000 		.4byte	.LLST1
 462 00db 01       		.byte	0x1
 463 00dc 06       		.uleb128 0x6
 464 00dd 01       		.byte	0x1
 465 00de 93010000 		.4byte	.LASF20
 466 00e2 01       		.byte	0x1
 467 00e3 8D       		.byte	0x8d
 468 00e4 01       		.byte	0x1
 469 00e5 00000000 		.4byte	.LFB2
 470 00e9 58000000 		.4byte	.LFE2
 471 00ed 58000000 		.4byte	.LLST2
 472 00f1 01       		.byte	0x1
 473 00f2 21010000 		.4byte	0x121
 474 00f6 07       		.uleb128 0x7
 475 00f7 4A000000 		.4byte	.LASF22
 476 00fb 01       		.byte	0x1
 477 00fc 8D       		.byte	0x8d
 478 00fd 21010000 		.4byte	0x121
 479 0101 02       		.byte	0x2
 480 0102 91       		.byte	0x91
 481 0103 6C       		.sleb128 -20
 482 0104 08       		.uleb128 0x8
 483 0105 C9000000 		.4byte	.LASF18
 484 0109 01       		.byte	0x1
 485 010a 8F       		.byte	0x8f
 486 010b 6F000000 		.4byte	0x6f
ARM GAS  C:\Users\ALEXAN~1\AppData\Local\Temp\ccox2OIc.s 			page 14


 487 010f 02       		.byte	0x2
 488 0110 91       		.byte	0x91
 489 0111 77       		.sleb128 -9
 490 0112 08       		.uleb128 0x8
 491 0113 1B000000 		.4byte	.LASF19
 492 0117 01       		.byte	0x1
 493 0118 90       		.byte	0x90
 494 0119 9E000000 		.4byte	0x9e
 495 011d 02       		.byte	0x2
 496 011e 91       		.byte	0x91
 497 011f 76       		.sleb128 -10
 498 0120 00       		.byte	0
 499 0121 09       		.uleb128 0x9
 500 0122 04       		.byte	0x4
 501 0123 27010000 		.4byte	0x127
 502 0127 0A       		.uleb128 0xa
 503 0128 9E000000 		.4byte	0x9e
 504 012c 06       		.uleb128 0x6
 505 012d 01       		.byte	0x1
 506 012e 58010000 		.4byte	.LASF21
 507 0132 01       		.byte	0x1
 508 0133 AB       		.byte	0xab
 509 0134 01       		.byte	0x1
 510 0135 00000000 		.4byte	.LFB3
 511 0139 32000000 		.4byte	.LFE3
 512 013d 90000000 		.4byte	.LLST3
 513 0141 01       		.byte	0x1
 514 0142 71010000 		.4byte	0x171
 515 0146 07       		.uleb128 0x7
 516 0147 C3000000 		.4byte	.LASF23
 517 014b 01       		.byte	0x1
 518 014c AB       		.byte	0xab
 519 014d 71010000 		.4byte	0x171
 520 0151 02       		.byte	0x2
 521 0152 91       		.byte	0x91
 522 0153 6C       		.sleb128 -20
 523 0154 07       		.uleb128 0x7
 524 0155 C1010000 		.4byte	.LASF24
 525 0159 01       		.byte	0x1
 526 015a AB       		.byte	0xab
 527 015b 85000000 		.4byte	0x85
 528 015f 02       		.byte	0x2
 529 0160 91       		.byte	0x91
 530 0161 68       		.sleb128 -24
 531 0162 08       		.uleb128 0x8
 532 0163 4D010000 		.4byte	.LASF25
 533 0167 01       		.byte	0x1
 534 0168 AD       		.byte	0xad
 535 0169 85000000 		.4byte	0x85
 536 016d 02       		.byte	0x2
 537 016e 91       		.byte	0x91
 538 016f 74       		.sleb128 -12
 539 0170 00       		.byte	0
 540 0171 09       		.uleb128 0x9
 541 0172 04       		.byte	0x4
 542 0173 77010000 		.4byte	0x177
 543 0177 0A       		.uleb128 0xa
ARM GAS  C:\Users\ALEXAN~1\AppData\Local\Temp\ccox2OIc.s 			page 15


 544 0178 6F000000 		.4byte	0x6f
 545 017c 06       		.uleb128 0x6
 546 017d 01       		.byte	0x1
 547 017e D4010000 		.4byte	.LASF26
 548 0182 01       		.byte	0x1
 549 0183 C6       		.byte	0xc6
 550 0184 01       		.byte	0x1
 551 0185 00000000 		.4byte	.LFB4
 552 0189 3C000000 		.4byte	.LFE4
 553 018d C8000000 		.4byte	.LLST4
 554 0191 01       		.byte	0x1
 555 0192 B6010000 		.4byte	0x1b6
 556 0196 07       		.uleb128 0x7
 557 0197 7C010000 		.4byte	.LASF27
 558 019b 01       		.byte	0x1
 559 019c C6       		.byte	0xc6
 560 019d 6F000000 		.4byte	0x6f
 561 01a1 02       		.byte	0x2
 562 01a2 91       		.byte	0x91
 563 01a3 77       		.sleb128 -9
 564 01a4 08       		.uleb128 0x8
 565 01a5 3C010000 		.4byte	.LASF28
 566 01a9 01       		.byte	0x1
 567 01aa C8       		.byte	0xc8
 568 01ab CD010000 		.4byte	0x1cd
 569 01af 05       		.byte	0x5
 570 01b0 03       		.byte	0x3
 571 01b1 00000000 		.4byte	SW_Tx_UART_1_hex.4149
 572 01b5 00       		.byte	0
 573 01b6 0B       		.uleb128 0xb
 574 01b7 9E000000 		.4byte	0x9e
 575 01bb C6010000 		.4byte	0x1c6
 576 01bf 0C       		.uleb128 0xc
 577 01c0 C6010000 		.4byte	0x1c6
 578 01c4 10       		.byte	0x10
 579 01c5 00       		.byte	0
 580 01c6 02       		.uleb128 0x2
 581 01c7 04       		.byte	0x4
 582 01c8 07       		.byte	0x7
 583 01c9 CB010000 		.4byte	.LASF29
 584 01cd 0A       		.uleb128 0xa
 585 01ce B6010000 		.4byte	0x1b6
 586 01d2 06       		.uleb128 0x6
 587 01d3 01       		.byte	0x1
 588 01d4 09020000 		.4byte	.LASF30
 589 01d8 01       		.byte	0x1
 590 01d9 DF       		.byte	0xdf
 591 01da 01       		.byte	0x1
 592 01db 00000000 		.4byte	.LFB5
 593 01df 2E000000 		.4byte	.LFE5
 594 01e3 00010000 		.4byte	.LLST5
 595 01e7 01       		.byte	0x1
 596 01e8 FB010000 		.4byte	0x1fb
 597 01ec 07       		.uleb128 0x7
 598 01ed BA000000 		.4byte	.LASF31
 599 01f1 01       		.byte	0x1
 600 01f2 DF       		.byte	0xdf
ARM GAS  C:\Users\ALEXAN~1\AppData\Local\Temp\ccox2OIc.s 			page 16


 601 01f3 7A000000 		.4byte	0x7a
 602 01f7 02       		.byte	0x2
 603 01f8 91       		.byte	0x91
 604 01f9 76       		.sleb128 -10
 605 01fa 00       		.byte	0
 606 01fb 0D       		.uleb128 0xd
 607 01fc 01       		.byte	0x1
 608 01fd 23000000 		.4byte	.LASF32
 609 0201 01       		.byte	0x1
 610 0202 F4       		.byte	0xf4
 611 0203 01       		.byte	0x1
 612 0204 00000000 		.4byte	.LFB6
 613 0208 14000000 		.4byte	.LFE6
 614 020c 38010000 		.4byte	.LLST6
 615 0210 01       		.byte	0x1
 616 0211 0E       		.uleb128 0xe
 617 0212 51000000 		.4byte	.LASF33
 618 0216 01       		.byte	0x1
 619 0217 12       		.byte	0x12
 620 0218 85000000 		.4byte	0x85
 621 021c 01       		.byte	0x1
 622 021d 05       		.byte	0x5
 623 021e 03       		.byte	0x3
 624 021f 00000000 		.4byte	SW_Tx_UART_1_pinNumber
 625 0223 0E       		.uleb128 0xe
 626 0224 00000000 		.4byte	.LASF34
 627 0228 01       		.byte	0x1
 628 0229 13       		.byte	0x13
 629 022a 85000000 		.4byte	0x85
 630 022e 01       		.byte	0x1
 631 022f 05       		.byte	0x5
 632 0230 03       		.byte	0x3
 633 0231 00000000 		.4byte	SW_Tx_UART_1_pinPortNumber
 634 0235 0E       		.uleb128 0xe
 635 0236 F4000000 		.4byte	.LASF35
 636 023a 01       		.byte	0x1
 637 023b 17       		.byte	0x17
 638 023c 85000000 		.4byte	0x85
 639 0240 01       		.byte	0x1
 640 0241 05       		.byte	0x5
 641 0242 03       		.byte	0x3
 642 0243 00000000 		.4byte	SW_Tx_UART_1_pinDrAdress
 643 0247 00       		.byte	0
 644              		.section	.debug_abbrev,"",%progbits
 645              	.Ldebug_abbrev0:
 646 0000 01       		.uleb128 0x1
 647 0001 11       		.uleb128 0x11
 648 0002 01       		.byte	0x1
 649 0003 25       		.uleb128 0x25
 650 0004 0E       		.uleb128 0xe
 651 0005 13       		.uleb128 0x13
 652 0006 0B       		.uleb128 0xb
 653 0007 03       		.uleb128 0x3
 654 0008 0E       		.uleb128 0xe
 655 0009 1B       		.uleb128 0x1b
 656 000a 0E       		.uleb128 0xe
 657 000b 55       		.uleb128 0x55
ARM GAS  C:\Users\ALEXAN~1\AppData\Local\Temp\ccox2OIc.s 			page 17


 658 000c 06       		.uleb128 0x6
 659 000d 11       		.uleb128 0x11
 660 000e 01       		.uleb128 0x1
 661 000f 52       		.uleb128 0x52
 662 0010 01       		.uleb128 0x1
 663 0011 10       		.uleb128 0x10
 664 0012 06       		.uleb128 0x6
 665 0013 00       		.byte	0
 666 0014 00       		.byte	0
 667 0015 02       		.uleb128 0x2
 668 0016 24       		.uleb128 0x24
 669 0017 00       		.byte	0
 670 0018 0B       		.uleb128 0xb
 671 0019 0B       		.uleb128 0xb
 672 001a 3E       		.uleb128 0x3e
 673 001b 0B       		.uleb128 0xb
 674 001c 03       		.uleb128 0x3
 675 001d 0E       		.uleb128 0xe
 676 001e 00       		.byte	0
 677 001f 00       		.byte	0
 678 0020 03       		.uleb128 0x3
 679 0021 24       		.uleb128 0x24
 680 0022 00       		.byte	0
 681 0023 0B       		.uleb128 0xb
 682 0024 0B       		.uleb128 0xb
 683 0025 3E       		.uleb128 0x3e
 684 0026 0B       		.uleb128 0xb
 685 0027 03       		.uleb128 0x3
 686 0028 08       		.uleb128 0x8
 687 0029 00       		.byte	0
 688 002a 00       		.byte	0
 689 002b 04       		.uleb128 0x4
 690 002c 16       		.uleb128 0x16
 691 002d 00       		.byte	0
 692 002e 03       		.uleb128 0x3
 693 002f 0E       		.uleb128 0xe
 694 0030 3A       		.uleb128 0x3a
 695 0031 0B       		.uleb128 0xb
 696 0032 3B       		.uleb128 0x3b
 697 0033 0B       		.uleb128 0xb
 698 0034 49       		.uleb128 0x49
 699 0035 13       		.uleb128 0x13
 700 0036 00       		.byte	0
 701 0037 00       		.byte	0
 702 0038 05       		.uleb128 0x5
 703 0039 2E       		.uleb128 0x2e
 704 003a 00       		.byte	0
 705 003b 3F       		.uleb128 0x3f
 706 003c 0C       		.uleb128 0xc
 707 003d 03       		.uleb128 0x3
 708 003e 0E       		.uleb128 0xe
 709 003f 3A       		.uleb128 0x3a
 710 0040 0B       		.uleb128 0xb
 711 0041 3B       		.uleb128 0x3b
 712 0042 0B       		.uleb128 0xb
 713 0043 27       		.uleb128 0x27
 714 0044 0C       		.uleb128 0xc
ARM GAS  C:\Users\ALEXAN~1\AppData\Local\Temp\ccox2OIc.s 			page 18


 715 0045 11       		.uleb128 0x11
 716 0046 01       		.uleb128 0x1
 717 0047 12       		.uleb128 0x12
 718 0048 01       		.uleb128 0x1
 719 0049 40       		.uleb128 0x40
 720 004a 06       		.uleb128 0x6
 721 004b 9742     		.uleb128 0x2117
 722 004d 0C       		.uleb128 0xc
 723 004e 00       		.byte	0
 724 004f 00       		.byte	0
 725 0050 06       		.uleb128 0x6
 726 0051 2E       		.uleb128 0x2e
 727 0052 01       		.byte	0x1
 728 0053 3F       		.uleb128 0x3f
 729 0054 0C       		.uleb128 0xc
 730 0055 03       		.uleb128 0x3
 731 0056 0E       		.uleb128 0xe
 732 0057 3A       		.uleb128 0x3a
 733 0058 0B       		.uleb128 0xb
 734 0059 3B       		.uleb128 0x3b
 735 005a 0B       		.uleb128 0xb
 736 005b 27       		.uleb128 0x27
 737 005c 0C       		.uleb128 0xc
 738 005d 11       		.uleb128 0x11
 739 005e 01       		.uleb128 0x1
 740 005f 12       		.uleb128 0x12
 741 0060 01       		.uleb128 0x1
 742 0061 40       		.uleb128 0x40
 743 0062 06       		.uleb128 0x6
 744 0063 9642     		.uleb128 0x2116
 745 0065 0C       		.uleb128 0xc
 746 0066 01       		.uleb128 0x1
 747 0067 13       		.uleb128 0x13
 748 0068 00       		.byte	0
 749 0069 00       		.byte	0
 750 006a 07       		.uleb128 0x7
 751 006b 05       		.uleb128 0x5
 752 006c 00       		.byte	0
 753 006d 03       		.uleb128 0x3
 754 006e 0E       		.uleb128 0xe
 755 006f 3A       		.uleb128 0x3a
 756 0070 0B       		.uleb128 0xb
 757 0071 3B       		.uleb128 0x3b
 758 0072 0B       		.uleb128 0xb
 759 0073 49       		.uleb128 0x49
 760 0074 13       		.uleb128 0x13
 761 0075 02       		.uleb128 0x2
 762 0076 0A       		.uleb128 0xa
 763 0077 00       		.byte	0
 764 0078 00       		.byte	0
 765 0079 08       		.uleb128 0x8
 766 007a 34       		.uleb128 0x34
 767 007b 00       		.byte	0
 768 007c 03       		.uleb128 0x3
 769 007d 0E       		.uleb128 0xe
 770 007e 3A       		.uleb128 0x3a
 771 007f 0B       		.uleb128 0xb
ARM GAS  C:\Users\ALEXAN~1\AppData\Local\Temp\ccox2OIc.s 			page 19


 772 0080 3B       		.uleb128 0x3b
 773 0081 0B       		.uleb128 0xb
 774 0082 49       		.uleb128 0x49
 775 0083 13       		.uleb128 0x13
 776 0084 02       		.uleb128 0x2
 777 0085 0A       		.uleb128 0xa
 778 0086 00       		.byte	0
 779 0087 00       		.byte	0
 780 0088 09       		.uleb128 0x9
 781 0089 0F       		.uleb128 0xf
 782 008a 00       		.byte	0
 783 008b 0B       		.uleb128 0xb
 784 008c 0B       		.uleb128 0xb
 785 008d 49       		.uleb128 0x49
 786 008e 13       		.uleb128 0x13
 787 008f 00       		.byte	0
 788 0090 00       		.byte	0
 789 0091 0A       		.uleb128 0xa
 790 0092 26       		.uleb128 0x26
 791 0093 00       		.byte	0
 792 0094 49       		.uleb128 0x49
 793 0095 13       		.uleb128 0x13
 794 0096 00       		.byte	0
 795 0097 00       		.byte	0
 796 0098 0B       		.uleb128 0xb
 797 0099 01       		.uleb128 0x1
 798 009a 01       		.byte	0x1
 799 009b 49       		.uleb128 0x49
 800 009c 13       		.uleb128 0x13
 801 009d 01       		.uleb128 0x1
 802 009e 13       		.uleb128 0x13
 803 009f 00       		.byte	0
 804 00a0 00       		.byte	0
 805 00a1 0C       		.uleb128 0xc
 806 00a2 21       		.uleb128 0x21
 807 00a3 00       		.byte	0
 808 00a4 49       		.uleb128 0x49
 809 00a5 13       		.uleb128 0x13
 810 00a6 2F       		.uleb128 0x2f
 811 00a7 0B       		.uleb128 0xb
 812 00a8 00       		.byte	0
 813 00a9 00       		.byte	0
 814 00aa 0D       		.uleb128 0xd
 815 00ab 2E       		.uleb128 0x2e
 816 00ac 00       		.byte	0
 817 00ad 3F       		.uleb128 0x3f
 818 00ae 0C       		.uleb128 0xc
 819 00af 03       		.uleb128 0x3
 820 00b0 0E       		.uleb128 0xe
 821 00b1 3A       		.uleb128 0x3a
 822 00b2 0B       		.uleb128 0xb
 823 00b3 3B       		.uleb128 0x3b
 824 00b4 0B       		.uleb128 0xb
 825 00b5 27       		.uleb128 0x27
 826 00b6 0C       		.uleb128 0xc
 827 00b7 11       		.uleb128 0x11
 828 00b8 01       		.uleb128 0x1
ARM GAS  C:\Users\ALEXAN~1\AppData\Local\Temp\ccox2OIc.s 			page 20


 829 00b9 12       		.uleb128 0x12
 830 00ba 01       		.uleb128 0x1
 831 00bb 40       		.uleb128 0x40
 832 00bc 06       		.uleb128 0x6
 833 00bd 9642     		.uleb128 0x2116
 834 00bf 0C       		.uleb128 0xc
 835 00c0 00       		.byte	0
 836 00c1 00       		.byte	0
 837 00c2 0E       		.uleb128 0xe
 838 00c3 34       		.uleb128 0x34
 839 00c4 00       		.byte	0
 840 00c5 03       		.uleb128 0x3
 841 00c6 0E       		.uleb128 0xe
 842 00c7 3A       		.uleb128 0x3a
 843 00c8 0B       		.uleb128 0xb
 844 00c9 3B       		.uleb128 0x3b
 845 00ca 0B       		.uleb128 0xb
 846 00cb 49       		.uleb128 0x49
 847 00cc 13       		.uleb128 0x13
 848 00cd 3F       		.uleb128 0x3f
 849 00ce 0C       		.uleb128 0xc
 850 00cf 02       		.uleb128 0x2
 851 00d0 0A       		.uleb128 0xa
 852 00d1 00       		.byte	0
 853 00d2 00       		.byte	0
 854 00d3 00       		.byte	0
 855              		.section	.debug_loc,"",%progbits
 856              	.Ldebug_loc0:
 857              	.LLST0:
 858 0000 00000000 		.4byte	.LFB0
 859 0004 02000000 		.4byte	.LCFI0
 860 0008 0200     		.2byte	0x2
 861 000a 7D       		.byte	0x7d
 862 000b 00       		.sleb128 0
 863 000c 02000000 		.4byte	.LCFI0
 864 0010 04000000 		.4byte	.LCFI1
 865 0014 0200     		.2byte	0x2
 866 0016 7D       		.byte	0x7d
 867 0017 08       		.sleb128 8
 868 0018 04000000 		.4byte	.LCFI1
 869 001c 08000000 		.4byte	.LFE0
 870 0020 0200     		.2byte	0x2
 871 0022 77       		.byte	0x77
 872 0023 08       		.sleb128 8
 873 0024 00000000 		.4byte	0
 874 0028 00000000 		.4byte	0
 875              	.LLST1:
 876 002c 00000000 		.4byte	.LFB1
 877 0030 02000000 		.4byte	.LCFI2
 878 0034 0200     		.2byte	0x2
 879 0036 7D       		.byte	0x7d
 880 0037 00       		.sleb128 0
 881 0038 02000000 		.4byte	.LCFI2
 882 003c 04000000 		.4byte	.LCFI3
 883 0040 0200     		.2byte	0x2
 884 0042 7D       		.byte	0x7d
 885 0043 08       		.sleb128 8
ARM GAS  C:\Users\ALEXAN~1\AppData\Local\Temp\ccox2OIc.s 			page 21


 886 0044 04000000 		.4byte	.LCFI3
 887 0048 08000000 		.4byte	.LFE1
 888 004c 0200     		.2byte	0x2
 889 004e 77       		.byte	0x77
 890 004f 08       		.sleb128 8
 891 0050 00000000 		.4byte	0
 892 0054 00000000 		.4byte	0
 893              	.LLST2:
 894 0058 00000000 		.4byte	.LFB2
 895 005c 02000000 		.4byte	.LCFI4
 896 0060 0200     		.2byte	0x2
 897 0062 7D       		.byte	0x7d
 898 0063 00       		.sleb128 0
 899 0064 02000000 		.4byte	.LCFI4
 900 0068 04000000 		.4byte	.LCFI5
 901 006c 0200     		.2byte	0x2
 902 006e 7D       		.byte	0x7d
 903 006f 08       		.sleb128 8
 904 0070 04000000 		.4byte	.LCFI5
 905 0074 06000000 		.4byte	.LCFI6
 906 0078 0200     		.2byte	0x2
 907 007a 7D       		.byte	0x7d
 908 007b 18       		.sleb128 24
 909 007c 06000000 		.4byte	.LCFI6
 910 0080 58000000 		.4byte	.LFE2
 911 0084 0200     		.2byte	0x2
 912 0086 77       		.byte	0x77
 913 0087 18       		.sleb128 24
 914 0088 00000000 		.4byte	0
 915 008c 00000000 		.4byte	0
 916              	.LLST3:
 917 0090 00000000 		.4byte	.LFB3
 918 0094 02000000 		.4byte	.LCFI7
 919 0098 0200     		.2byte	0x2
 920 009a 7D       		.byte	0x7d
 921 009b 00       		.sleb128 0
 922 009c 02000000 		.4byte	.LCFI7
 923 00a0 04000000 		.4byte	.LCFI8
 924 00a4 0200     		.2byte	0x2
 925 00a6 7D       		.byte	0x7d
 926 00a7 08       		.sleb128 8
 927 00a8 04000000 		.4byte	.LCFI8
 928 00ac 06000000 		.4byte	.LCFI9
 929 00b0 0200     		.2byte	0x2
 930 00b2 7D       		.byte	0x7d
 931 00b3 18       		.sleb128 24
 932 00b4 06000000 		.4byte	.LCFI9
 933 00b8 32000000 		.4byte	.LFE3
 934 00bc 0200     		.2byte	0x2
 935 00be 77       		.byte	0x77
 936 00bf 18       		.sleb128 24
 937 00c0 00000000 		.4byte	0
 938 00c4 00000000 		.4byte	0
 939              	.LLST4:
 940 00c8 00000000 		.4byte	.LFB4
 941 00cc 02000000 		.4byte	.LCFI10
 942 00d0 0200     		.2byte	0x2
ARM GAS  C:\Users\ALEXAN~1\AppData\Local\Temp\ccox2OIc.s 			page 22


 943 00d2 7D       		.byte	0x7d
 944 00d3 00       		.sleb128 0
 945 00d4 02000000 		.4byte	.LCFI10
 946 00d8 04000000 		.4byte	.LCFI11
 947 00dc 0200     		.2byte	0x2
 948 00de 7D       		.byte	0x7d
 949 00df 08       		.sleb128 8
 950 00e0 04000000 		.4byte	.LCFI11
 951 00e4 06000000 		.4byte	.LCFI12
 952 00e8 0200     		.2byte	0x2
 953 00ea 7D       		.byte	0x7d
 954 00eb 10       		.sleb128 16
 955 00ec 06000000 		.4byte	.LCFI12
 956 00f0 3C000000 		.4byte	.LFE4
 957 00f4 0200     		.2byte	0x2
 958 00f6 77       		.byte	0x77
 959 00f7 10       		.sleb128 16
 960 00f8 00000000 		.4byte	0
 961 00fc 00000000 		.4byte	0
 962              	.LLST5:
 963 0100 00000000 		.4byte	.LFB5
 964 0104 02000000 		.4byte	.LCFI13
 965 0108 0200     		.2byte	0x2
 966 010a 7D       		.byte	0x7d
 967 010b 00       		.sleb128 0
 968 010c 02000000 		.4byte	.LCFI13
 969 0110 04000000 		.4byte	.LCFI14
 970 0114 0200     		.2byte	0x2
 971 0116 7D       		.byte	0x7d
 972 0117 08       		.sleb128 8
 973 0118 04000000 		.4byte	.LCFI14
 974 011c 06000000 		.4byte	.LCFI15
 975 0120 0200     		.2byte	0x2
 976 0122 7D       		.byte	0x7d
 977 0123 10       		.sleb128 16
 978 0124 06000000 		.4byte	.LCFI15
 979 0128 2E000000 		.4byte	.LFE5
 980 012c 0200     		.2byte	0x2
 981 012e 77       		.byte	0x77
 982 012f 10       		.sleb128 16
 983 0130 00000000 		.4byte	0
 984 0134 00000000 		.4byte	0
 985              	.LLST6:
 986 0138 00000000 		.4byte	.LFB6
 987 013c 02000000 		.4byte	.LCFI16
 988 0140 0200     		.2byte	0x2
 989 0142 7D       		.byte	0x7d
 990 0143 00       		.sleb128 0
 991 0144 02000000 		.4byte	.LCFI16
 992 0148 04000000 		.4byte	.LCFI17
 993 014c 0200     		.2byte	0x2
 994 014e 7D       		.byte	0x7d
 995 014f 08       		.sleb128 8
 996 0150 04000000 		.4byte	.LCFI17
 997 0154 14000000 		.4byte	.LFE6
 998 0158 0200     		.2byte	0x2
 999 015a 77       		.byte	0x77
ARM GAS  C:\Users\ALEXAN~1\AppData\Local\Temp\ccox2OIc.s 			page 23


 1000 015b 08       		.sleb128 8
 1001 015c 00000000 		.4byte	0
 1002 0160 00000000 		.4byte	0
 1003              		.section	.debug_aranges,"",%progbits
 1004 0000 4C000000 		.4byte	0x4c
 1005 0004 0200     		.2byte	0x2
 1006 0006 00000000 		.4byte	.Ldebug_info0
 1007 000a 04       		.byte	0x4
 1008 000b 00       		.byte	0
 1009 000c 0000     		.2byte	0
 1010 000e 0000     		.2byte	0
 1011 0010 00000000 		.4byte	.LFB0
 1012 0014 08000000 		.4byte	.LFE0-.LFB0
 1013 0018 00000000 		.4byte	.LFB1
 1014 001c 08000000 		.4byte	.LFE1-.LFB1
 1015 0020 00000000 		.4byte	.LFB2
 1016 0024 58000000 		.4byte	.LFE2-.LFB2
 1017 0028 00000000 		.4byte	.LFB3
 1018 002c 32000000 		.4byte	.LFE3-.LFB3
 1019 0030 00000000 		.4byte	.LFB4
 1020 0034 3C000000 		.4byte	.LFE4-.LFB4
 1021 0038 00000000 		.4byte	.LFB5
 1022 003c 2E000000 		.4byte	.LFE5-.LFB5
 1023 0040 00000000 		.4byte	.LFB6
 1024 0044 14000000 		.4byte	.LFE6-.LFB6
 1025 0048 00000000 		.4byte	0
 1026 004c 00000000 		.4byte	0
 1027              		.section	.debug_ranges,"",%progbits
 1028              	.Ldebug_ranges0:
 1029 0000 00000000 		.4byte	.LFB0
 1030 0004 08000000 		.4byte	.LFE0
 1031 0008 00000000 		.4byte	.LFB1
 1032 000c 08000000 		.4byte	.LFE1
 1033 0010 00000000 		.4byte	.LFB2
 1034 0014 58000000 		.4byte	.LFE2
 1035 0018 00000000 		.4byte	.LFB3
 1036 001c 32000000 		.4byte	.LFE3
 1037 0020 00000000 		.4byte	.LFB4
 1038 0024 3C000000 		.4byte	.LFE4
 1039 0028 00000000 		.4byte	.LFB5
 1040 002c 2E000000 		.4byte	.LFE5
 1041 0030 00000000 		.4byte	.LFB6
 1042 0034 14000000 		.4byte	.LFE6
 1043 0038 00000000 		.4byte	0
 1044 003c 00000000 		.4byte	0
 1045              		.section	.debug_line,"",%progbits
 1046              	.Ldebug_line0:
 1047 0000 EA000000 		.section	.debug_str,"MS",%progbits,1
 1047      02004B00 
 1047      00000201 
 1047      FB0E0D00 
 1047      01010101 
 1048              	.LASF34:
 1049 0000 53575F54 		.ascii	"SW_Tx_UART_1_pinPortNumber\000"
 1049      785F5541 
 1049      52545F31 
 1049      5F70696E 
ARM GAS  C:\Users\ALEXAN~1\AppData\Local\Temp\ccox2OIc.s 			page 24


 1049      506F7274 
 1050              	.LASF19:
 1051 001b 63757272 		.ascii	"current\000"
 1051      656E7400 
 1052              	.LASF32:
 1053 0023 53575F54 		.ascii	"SW_Tx_UART_1_PutCRLF\000"
 1053      785F5541 
 1053      52545F31 
 1053      5F507574 
 1053      43524C46 
 1054              	.LASF17:
 1055 0038 53575F54 		.ascii	"SW_Tx_UART_1_Stop\000"
 1055      785F5541 
 1055      52545F31 
 1055      5F53746F 
 1055      7000
 1056              	.LASF22:
 1057 004a 73747269 		.ascii	"string\000"
 1057      6E6700
 1058              	.LASF33:
 1059 0051 53575F54 		.ascii	"SW_Tx_UART_1_pinNumber\000"
 1059      785F5541 
 1059      52545F31 
 1059      5F70696E 
 1059      4E756D62 
 1060              	.LASF12:
 1061 0068 666C6F61 		.ascii	"float\000"
 1061      7400
 1062              	.LASF16:
 1063 006e 53575F54 		.ascii	"SW_Tx_UART_1_Start\000"
 1063      785F5541 
 1063      52545F31 
 1063      5F537461 
 1063      727400
 1064              	.LASF1:
 1065 0081 756E7369 		.ascii	"unsigned char\000"
 1065      676E6564 
 1065      20636861 
 1065      7200
 1066              	.LASF14:
 1067 008f 63686172 		.ascii	"char8\000"
 1067      3800
 1068              	.LASF5:
 1069 0095 6C6F6E67 		.ascii	"long unsigned int\000"
 1069      20756E73 
 1069      69676E65 
 1069      6420696E 
 1069      7400
 1070              	.LASF3:
 1071 00a7 73686F72 		.ascii	"short unsigned int\000"
 1071      7420756E 
 1071      7369676E 
 1071      65642069 
 1071      6E7400
 1072              	.LASF31:
 1073 00ba 74784865 		.ascii	"txHexInt\000"
 1073      78496E74 
ARM GAS  C:\Users\ALEXAN~1\AppData\Local\Temp\ccox2OIc.s 			page 25


 1073      00
 1074              	.LASF23:
 1075 00c3 61727261 		.ascii	"array\000"
 1075      7900
 1076              	.LASF18:
 1077 00c9 73747269 		.ascii	"stringIndex\000"
 1077      6E67496E 
 1077      64657800 
 1078              	.LASF38:
 1079 00d5 433A5C70 		.ascii	"C:\\psoc\\i2c_test\\i2ctest.cydsn\000"
 1079      736F635C 
 1079      6932635F 
 1079      74657374 
 1079      5C693263 
 1080              	.LASF35:
 1081 00f4 53575F54 		.ascii	"SW_Tx_UART_1_pinDrAdress\000"
 1081      785F5541 
 1081      52545F31 
 1081      5F70696E 
 1081      44724164 
 1082              	.LASF37:
 1083 010d 2E5C4765 		.ascii	".\\Generated_Source\\PSoC4\\SW_Tx_UART_1.c\000"
 1083      6E657261 
 1083      7465645F 
 1083      536F7572 
 1083      63655C50 
 1084              	.LASF13:
 1085 0135 646F7562 		.ascii	"double\000"
 1085      6C6500
 1086              	.LASF28:
 1087 013c 53575F54 		.ascii	"SW_Tx_UART_1_hex\000"
 1087      785F5541 
 1087      52545F31 
 1087      5F686578 
 1087      00
 1088              	.LASF25:
 1089 014d 61727261 		.ascii	"arrayIndex\000"
 1089      79496E64 
 1089      657800
 1090              	.LASF21:
 1091 0158 53575F54 		.ascii	"SW_Tx_UART_1_PutArray\000"
 1091      785F5541 
 1091      52545F31 
 1091      5F507574 
 1091      41727261 
 1092              	.LASF10:
 1093 016e 75696E74 		.ascii	"uint16\000"
 1093      313600
 1094              	.LASF11:
 1095 0175 75696E74 		.ascii	"uint32\000"
 1095      333200
 1096              	.LASF27:
 1097 017c 74784865 		.ascii	"txHexByte\000"
 1097      78427974 
 1097      6500
 1098              	.LASF8:
 1099 0186 756E7369 		.ascii	"unsigned int\000"
ARM GAS  C:\Users\ALEXAN~1\AppData\Local\Temp\ccox2OIc.s 			page 26


 1099      676E6564 
 1099      20696E74 
 1099      00
 1100              	.LASF20:
 1101 0193 53575F54 		.ascii	"SW_Tx_UART_1_PutString\000"
 1101      785F5541 
 1101      52545F31 
 1101      5F507574 
 1101      53747269 
 1102              	.LASF7:
 1103 01aa 6C6F6E67 		.ascii	"long long unsigned int\000"
 1103      206C6F6E 
 1103      6720756E 
 1103      7369676E 
 1103      65642069 
 1104              	.LASF24:
 1105 01c1 62797465 		.ascii	"byteCount\000"
 1105      436F756E 
 1105      7400
 1106              	.LASF29:
 1107 01cb 73697A65 		.ascii	"sizetype\000"
 1107      74797065 
 1107      00
 1108              	.LASF26:
 1109 01d4 53575F54 		.ascii	"SW_Tx_UART_1_PutHexByte\000"
 1109      785F5541 
 1109      52545F31 
 1109      5F507574 
 1109      48657842 
 1110              	.LASF6:
 1111 01ec 6C6F6E67 		.ascii	"long long int\000"
 1111      206C6F6E 
 1111      6720696E 
 1111      7400
 1112              	.LASF15:
 1113 01fa 63686172 		.ascii	"char\000"
 1113      00
 1114              	.LASF2:
 1115 01ff 73686F72 		.ascii	"short int\000"
 1115      7420696E 
 1115      7400
 1116              	.LASF30:
 1117 0209 53575F54 		.ascii	"SW_Tx_UART_1_PutHexInt\000"
 1117      785F5541 
 1117      52545F31 
 1117      5F507574 
 1117      48657849 
 1118              	.LASF9:
 1119 0220 75696E74 		.ascii	"uint8\000"
 1119      3800
 1120              	.LASF36:
 1121 0226 474E5520 		.ascii	"GNU C 4.7.3 20130312 (release) [ARM/embedded-4_7-br"
 1121      4320342E 
 1121      372E3320 
 1121      32303133 
 1121      30333132 
 1122 0259 616E6368 		.ascii	"anch revision 196615]\000"
ARM GAS  C:\Users\ALEXAN~1\AppData\Local\Temp\ccox2OIc.s 			page 27


 1122      20726576 
 1122      6973696F 
 1122      6E203139 
 1122      36363135 
 1123              	.LASF4:
 1124 026f 6C6F6E67 		.ascii	"long int\000"
 1124      20696E74 
 1124      00
 1125              	.LASF0:
 1126 0278 7369676E 		.ascii	"signed char\000"
 1126      65642063 
 1126      68617200 
 1127              		.ident	"GCC: (GNU Tools for ARM Embedded Processors) 4.7.3 20130312 (release) [ARM/embedded-4_7-br
